Godot Engine v4.6.3.stable.official.7d41c59c4 - https://godotengine.org
Vulkan 1.4.351 - Forward+ - Using Device #0: NVIDIA - NVIDIA GeForce RTX 3070 Ti

[runtime-check] PASS frozen 68a9430 complete helper hash matches
[runtime-check] PASS counted actual Unit compiles reference=true
[runtime-check] PASS counted actual Unit compiles reference=false
[runtime-check] PASS song_jiang walk  at 15 FPS cap identical actual RGBA every rendered frame
[runtime-check] PASS song_jiang walk  at 15 FPS cap current physics state reaches the same rendered frame
[runtime-check] PASS song_jiang walk  at 15 FPS cap same draw cadence and at most one draw per rendered frame
[runtime-check] PASS paired current-baseline attack pixels saved
[runtime-check] PASS song_jiang attack  at 15 FPS cap identical actual RGBA every rendered frame
[runtime-check] PASS song_jiang attack  at 15 FPS cap current physics state reaches the same rendered frame
[runtime-check] PASS song_jiang attack  at 15 FPS cap same draw cadence and at most one draw per rendered frame
[runtime-check] PASS song_jiang death  at 15 FPS cap identical actual RGBA every rendered frame
[runtime-check] PASS song_jiang death  at 15 FPS cap current physics state reaches the same rendered frame
[runtime-check] PASS song_jiang death  at 15 FPS cap same draw cadence and at most one draw per rendered frame
[runtime-check] PASS song_jiang idle song_jiang_bound at 15 FPS cap identical actual RGBA every rendered frame
[runtime-check] PASS song_jiang idle song_jiang_bound at 15 FPS cap current physics state reaches the same rendered frame
[runtime-check] PASS song_jiang idle song_jiang_bound at 15 FPS cap same draw cadence and at most one draw per rendered frame
[runtime-check] PASS guan_dao walk  at 15 FPS cap identical actual RGBA every rendered frame
[runtime-check] PASS guan_dao walk  at 15 FPS cap current physics state reaches the same rendered frame
[runtime-check] PASS guan_dao walk  at 15 FPS cap same draw cadence and at most one draw per rendered frame
[runtime-check] PASS hua_rong attack  at 15 FPS cap identical actual RGBA every rendered frame
[runtime-check] PASS hua_rong attack  at 15 FPS cap current physics state reaches the same rendered frame
[runtime-check] PASS hua_rong attack  at 15 FPS cap same draw cadence and at most one draw per rendered frame
[runtime-check] PASS arrow_tower burn  at 15 FPS cap identical actual RGBA every rendered frame
[runtime-check] PASS arrow_tower burn  at 15 FPS cap current physics state reaches the same rendered frame
[runtime-check] PASS arrow_tower burn  at 15 FPS cap same draw cadence and at most one draw per rendered frame
[runtime-check] PASS tree harvest  at 15 FPS cap identical actual RGBA every rendered frame
[runtime-check] PASS tree harvest  at 15 FPS cap current physics state reaches the same rendered frame
[runtime-check] PASS tree harvest  at 15 FPS cap same draw cadence and at most one draw per rendered frame
[runtime-check] PASS song_jiang walk  at 60 FPS cap identical actual RGBA every rendered frame
[runtime-check] PASS song_jiang walk  at 60 FPS cap current physics state reaches the same rendered frame
[runtime-check] PASS song_jiang walk  at 60 FPS cap same draw cadence and at most one draw per rendered frame
[runtime-check] PASS song_jiang attack  at 60 FPS cap identical actual RGBA every rendered frame
[runtime-check] PASS song_jiang attack  at 60 FPS cap current physics state reaches the same rendered frame
[runtime-check] PASS song_jiang attack  at 60 FPS cap same draw cadence and at most one draw per rendered frame
[runtime-check] PASS song_jiang death  at 60 FPS cap identical actual RGBA every rendered frame
[runtime-check] PASS song_jiang death  at 60 FPS cap current physics state reaches the same rendered frame
[runtime-check] PASS song_jiang death  at 60 FPS cap same draw cadence and at most one draw per rendered frame
[runtime-check] PASS song_jiang idle song_jiang_bound at 60 FPS cap identical actual RGBA every rendered frame
[runtime-check] PASS song_jiang idle song_jiang_bound at 60 FPS cap current physics state reaches the same rendered frame
[runtime-check] PASS song_jiang idle song_jiang_bound at 60 FPS cap same draw cadence and at most one draw per rendered frame
[runtime-check] PASS guan_dao walk  at 60 FPS cap identical actual RGBA every rendered frame
[runtime-check] PASS guan_dao walk  at 60 FPS cap current physics state reaches the same rendered frame
[runtime-check] PASS guan_dao walk  at 60 FPS cap same draw cadence and at most one draw per rendered frame
[runtime-check] PASS hua_rong attack  at 60 FPS cap identical actual RGBA every rendered frame
[runtime-check] PASS hua_rong attack  at 60 FPS cap current physics state reaches the same rendered frame
[runtime-check] PASS hua_rong attack  at 60 FPS cap same draw cadence and at most one draw per rendered frame
[runtime-check] PASS arrow_tower burn  at 60 FPS cap identical actual RGBA every rendered frame
[runtime-check] PASS arrow_tower burn  at 60 FPS cap current physics state reaches the same rendered frame
[runtime-check] PASS arrow_tower burn  at 60 FPS cap same draw cadence and at most one draw per rendered frame
[runtime-check] PASS tree harvest  at 60 FPS cap identical actual RGBA every rendered frame
[runtime-check] PASS tree harvest  at 60 FPS cap current physics state reaches the same rendered frame
[runtime-check] PASS tree harvest  at 60 FPS cap same draw cadence and at most one draw per rendered frame
[runtime-check] PASS paused non-physics selection redraws
[runtime-check] PASS queued physics state still draws when immediately paused
[runtime-check] PASS hidden then revealed unit has current state
[runtime-check] PASS detached and reattached unit redraws current state
[runtime-check] PASS unit freed with queued redraw has no retained signal target
[runtime-check] PASS out-of-tree invalidation and immediate free complete
[runtime-check] PASS actual physics requests share the expected process frame and one-shot signal
[runtime-check] PASS every 15 FPS case exercises catch-up physics
[runtime-check] PASS previous scene, map and units actually freed
[runtime-check] PASS player campaign save bytes unchanged
[redraw-stamp-qa] {"checks":62,"failures":[],"passed":true}

