Godot Engine v4.6.3.stable.official.7d41c59c4 - https://godotengine.org
Vulkan 1.4.351 - Forward+ - Using Device #0: NVIDIA - NVIDIA GeForce RTX 3070 Ti

[rts] PASS 祝家庄正门 loads its native texture
[rts] PASS actual gate shadow selector retains the displayed native texture
[rts] PASS bounded standard texture import
[rts] PASS north foot on world wall endpoint
[rts] PASS south foot on world wall endpoint
[rts] PASS native face is not mirrored
[rts] PASS posts and door jambs remain upright
[rts] PASS residual axis correction stays below 12 percent
[rts] PASS shadow shares both real stone feet
[rts] PASS only bitmap receives color calibration; labels keep their colors
[rts] PASS closed gate still blocks its passage
[rts] PASS 祝家庄偏门 loads its native texture
[rts] PASS actual gate shadow selector retains the displayed native texture
[rts] PASS bounded standard texture import
[rts] PASS north foot on world wall endpoint
[rts] PASS south foot on world wall endpoint
[rts] PASS native face is not mirrored
[rts] PASS posts and door jambs remain upright
[rts] PASS residual axis correction stays below 12 percent
[rts] PASS shadow shares both real stone feet
[rts] PASS only bitmap receives color calibration; labels keep their colors
[rts] PASS closed gate still blocks its passage
[rts] PASS unscoped legacy gate keeps its original atlas
[rts] PASS visual capture uses a real rendering device
[rts] PASS saved main_close
[rts] PASS saved side_close
[rts] PASS saved both_wide
[rts] PASS Daming retains its distinct gate art
[rts] PASS Daming shadow also uses its displayed variant
[rts] PASS Daming tint remains identical including opacity
[gate-art] 30 checks, failures=0

