Godot Engine v4.6.3.stable.official.7d41c59c4 - https://godotengine.org

[rts] PASS wine starts current player-controlled short chapter
[rts] PASS wine retains authored duel stats and vulnerable noncombat companion
[rts] PASS all preparation choices are available at the start
[rts] PASS player walks to tavern and drinks 0
[rts] PASS player walks to tavern and drinks 1
[rts] PASS second drink does not force practice
[rts] PASS player explicitly chooses practice on the road
[rts] PASS practice completes only after actual movement out of the circle
[rts] PASS optional practice deals no damage
[rts] PASS player walks to tavern and drinks 2
[rts] PASS player walks to tavern and drinks 3
[rts] PASS four-tavern route explicitly provokes Menshen
[rts] PASS Shi En actually walks to the safe waiting area
[rts] PASS wine keeps chosen drink count
[rts] PASS wine reaches a real combat outcome (standing control may lose)
[rts] PASS wine actually avoids both distinct specials
[rts] PASS wine boss visibly travels through an actual charge
[rts] PASS wine actual moving W and current-window E earns signature
[rts] PASS wine player chooses and speaks the three terms
[rts] PASS wine Shi En actually returns and takes over the shop
[rts] PASS wine explicitly ends without a timeout or fabricated result
[rts] PASS wine route earns all four optional story goals
[kh-live] {"casts":{"0":5,"1":4,"2":3,"3":1},"charge_travel":168.000297546387,"counter_hits":3,"drinks":4,"events":["action:road_choice:drink_0","drink_0","action:road_choice:drink_1","drink_1","action:road_choice:practice_step","mengzhou_step_used","road_step_practiced","action:road_choice:drink_2","drink_2","action:road_choice:drink_3","drink_3","action:road_choice:provoke","provoke","dodge_heavy","counter_hit","mengzhou_signature","dodge_rush","menshen_subdued","action:return_shop:terms","terms","action:return_shop:restore_shop","restore_shop"],"final_hp":339.820512820516,"game_seconds":68.1499999999974,"heavy_dodges":2,"min_hp":334.153846153846,"orders":45,"result":{"contract_version":2,"core_cleared":true,"core_goal":"以拳脚制服蒋门神，让施恩活着收回酒店。","done_ids":["three_bowls","drunken_provocation","signature_fists","spare_and_restore"],"goals":[{"id":"three_bowls","label":"依约无三不过望，沿路四处各饮三碗","note":"","reason":"","state":"done"},{"id":"drunken_provocation","label":"到挂着“河阳风月”酒望的店前佯醉换酒，惊动酒保，引蒋门神赶来","note":"","reason":"","state":"done"},{"id":"signature_fists","label":"趁失势以玉环步接鸳鸯脚","note":"","reason":"","state":"done"},{"id":"spare_and_restore","label":"留蒋门神性命，说清三项条件后交还酒店","note":"","reason":"","state":"done"}],"missed_ids":[],"pending_ids":[],"story_complete":true,"story_done":4,"story_total":4},"route":"wine","rush_dodges":1,"victory":true}
[rts] PASS direct starts current player-controlled short chapter
[rts] PASS direct retains authored duel stats and vulnerable noncombat companion
[rts] PASS all preparation choices are available at the start
[rts] PASS direct walks to the shop
[rts] PASS proximity alone does not steal the player's preparation choice
[rts] PASS direct actual attack opens the duel
[rts] PASS Shi En actually walks to the safe waiting area
[rts] PASS direct keeps chosen drink count
[rts] PASS direct reaches a real combat outcome (standing control may lose)
[rts] PASS direct actually avoids both distinct specials
[rts] PASS direct boss visibly travels through an actual charge
[rts] PASS direct actual moving W and current-window E earns signature
[rts] PASS direct player chooses and speaks the three terms
[rts] PASS direct Shi En actually returns and takes over the shop
[rts] PASS direct explicitly ends without a timeout or fabricated result
[rts] PASS direct route does not invent optional wine/provocation credit
[kh-live] {"casts":{"0":6,"1":4,"2":4,"3":2},"charge_travel":326.66658782959,"counter_hits":4,"drinks":0,"events":["kuaihuolin_early_showdown","mengzhou_step_used","dodge_heavy","counter_hit","mengzhou_signature","dodge_rush","menshen_subdued","action:return_shop:terms","terms","action:return_shop:restore_shop","restore_shop"],"final_hp":281.673076923083,"game_seconds":64.9999999999976,"heavy_dodges":2,"min_hp":268.923076923077,"orders":51,"result":{"contract_version":2,"core_cleared":true,"core_goal":"以拳脚制服蒋门神，让施恩活着收回酒店。","done_ids":["signature_fists","spare_and_restore"],"goals":[{"id":"three_bowls","label":"依约无三不过望，沿路四处各饮三碗","note":"","reason":"没有走完无三不过望的四处酒路。","state":"missed"},{"id":"drunken_provocation","label":"到挂着“河阳风月”酒望的店前佯醉换酒，惊动酒保，引蒋门神赶来","note":"","reason":"本局已偏离“到挂着“河阳风月”酒望的店前佯醉换酒，惊动酒保，引蒋门神赶来”的原著条件","state":"missed"},{"id":"signature_fists","label":"趁失势以玉环步接鸳鸯脚","note":"","reason":"","state":"done"},{"id":"spare_and_restore","label":"留蒋门神性命，说清三项条件后交还酒店","note":"","reason":"","state":"done"}],"missed_ids":["three_bowls","drunken_provocation"],"pending_ids":[],"story_complete":false,"story_done":2,"story_total":4},"route":"direct","rush_dodges":2,"victory":true}
[rts] PASS standing starts current player-controlled short chapter
[rts] PASS standing retains authored duel stats and vulnerable noncombat companion
[rts] PASS all preparation choices are available at the start
[rts] PASS standing walks to the shop
[rts] PASS proximity alone does not steal the player's preparation choice
[rts] PASS standing actual attack opens the duel
[rts] PASS Shi En actually walks to the safe waiting area
[rts] PASS standing keeps chosen drink count
[rts] PASS standing reaches a real combat outcome (standing control may lose)
[rts] PASS standing attacks cannot counterfeit footwork credit
[rts] PASS standing player chooses and speaks the three terms
[rts] PASS standing Shi En actually returns and takes over the shop
[rts] PASS standing explicitly ends without a timeout or fabricated result
[rts] PASS direct route does not invent optional wine/provocation credit
[kh-live] {"casts":{"0":8,"2":5,"3":2},"charge_travel":296.65185546875,"counter_hits":0,"drinks":0,"events":["kuaihuolin_early_showdown","menshen_subdued","action:return_shop:terms","terms","action:return_shop:restore_shop","restore_shop"],"final_hp":43.8621794871793,"game_seconds":69.1499999999974,"heavy_dodges":0,"min_hp":38.1538461538463,"orders":55,"result":{"contract_version":2,"core_cleared":true,"core_goal":"以拳脚制服蒋门神，让施恩活着收回酒店。","done_ids":["spare_and_restore"],"goals":[{"id":"three_bowls","label":"依约无三不过望，沿路四处各饮三碗","note":"","reason":"没有走完无三不过望的四处酒路。","state":"missed"},{"id":"drunken_provocation","label":"到挂着“河阳风月”酒望的店前佯醉换酒，惊动酒保，引蒋门神赶来","note":"","reason":"本局已偏离“到挂着“河阳风月”酒望的店前佯醉换酒，惊动酒保，引蒋门神赶来”的原著条件","state":"missed"},{"id":"signature_fists","label":"趁失势以玉环步接鸳鸯脚","note":"","reason":"本局未完成","state":"missed"},{"id":"spare_and_restore","label":"留蒋门神性命，说清三项条件后交还酒店","note":"","reason":"","state":"done"}],"missed_ids":["three_bowls","drunken_provocation","signature_fists"],"pending_ids":[],"story_complete":false,"story_done":1,"story_total":4},"route":"standing","rush_dodges":0,"victory":true}
[kuaihuolin-short] 52 checks; failures=[]
