Godot Engine v4.6.3.stable.official.7d41c59c4 - https://godotengine.org
OpenGL API 3.3.0 NVIDIA 616.56 - Compatibility - Using Device: NVIDIA - NVIDIA GeForce RTX 3070 Ti

WARNING: 2D MSAA is not yet supported for GLES3.
   at: render_target_set_msaa (drivers/gles3/storage/texture_storage.cpp:2934)
[rts] PASS supported selected character
[rts] PASS explicit candidate manifest exists
[rts] PASS manifest JSON is a dictionary
[rts] PASS manifest belongs to selected character
[rts] PASS manifest has authored idle
[rts] PASS manifest has authored walk
[rts] PASS manifest has authored attack
[rts] PASS manifest has authored hurt
[rts] PASS manifest has authored death
[rts] PASS hurt manifest has the single recoil frame consumed by Unit
[rts] PASS native source SHA: res://assets/characters/hu_sanniang_direction4_20260913/se.png
[rts] PASS source imports as Texture2D: res://assets/characters/hu_sanniang_direction4_20260913/se.png
[rts] PASS actual imported dimensions: res://assets/characters/hu_sanniang_direction4_20260913/se.png
[rts] PASS native source SHA: res://assets/characters/hu_sanniang_direction4_20260913/sw.png
[rts] PASS source imports as Texture2D: res://assets/characters/hu_sanniang_direction4_20260913/sw.png
[rts] PASS actual imported dimensions: res://assets/characters/hu_sanniang_direction4_20260913/sw.png
[rts] PASS native source SHA: res://assets/characters/hu_sanniang_direction4_20260913/ne.png
[rts] PASS source imports as Texture2D: res://assets/characters/hu_sanniang_direction4_20260913/ne.png
[rts] PASS actual imported dimensions: res://assets/characters/hu_sanniang_direction4_20260913/ne.png
[rts] PASS native source SHA: res://assets/characters/hu_sanniang_direction4_20260913/nw.png
[rts] PASS source imports as Texture2D: res://assets/characters/hu_sanniang_direction4_20260913/nw.png
[rts] PASS actual imported dimensions: res://assets/characters/hu_sanniang_direction4_20260913/nw.png
[rts] PASS native source SHA: res://assets/characters/hu_sanniang_direction4_20260913/se_walk_b.png
[rts] PASS source imports as Texture2D: res://assets/characters/hu_sanniang_direction4_20260913/se_walk_b.png
[rts] PASS actual imported dimensions: res://assets/characters/hu_sanniang_direction4_20260913/se_walk_b.png
[rts] PASS native source SHA: res://assets/characters/hu_sanniang_direction4_20260913/sw_walk_b.png
[rts] PASS source imports as Texture2D: res://assets/characters/hu_sanniang_direction4_20260913/sw_walk_b.png
[rts] PASS actual imported dimensions: res://assets/characters/hu_sanniang_direction4_20260913/sw_walk_b.png
[rts] PASS native source SHA: res://assets/characters/hu_sanniang_direction4_20260913/sw_spacing.png
[rts] PASS source imports as Texture2D: res://assets/characters/hu_sanniang_direction4_20260913/sw_spacing.png
[rts] PASS actual imported dimensions: res://assets/characters/hu_sanniang_direction4_20260913/sw_spacing.png
[rts] PASS native source SHA: res://assets/characters/hu_sanniang_direction4_20260913/ne_spacing.png
[rts] PASS source imports as Texture2D: res://assets/characters/hu_sanniang_direction4_20260913/ne_spacing.png
[rts] PASS actual imported dimensions: res://assets/characters/hu_sanniang_direction4_20260913/ne_spacing.png
[rts] PASS native source SHA: res://assets/characters/hu_sanniang_direction4_20260913/nw_spacing.png
[rts] PASS source imports as Texture2D: res://assets/characters/hu_sanniang_direction4_20260913/nw_spacing.png
[rts] PASS actual imported dimensions: res://assets/characters/hu_sanniang_direction4_20260913/nw_spacing.png
[rts] PASS exact TRES routing: idle se
[rts] PASS manifest frame count: idle se
[rts] PASS authored direction is not mirrored: idle se
[rts] PASS pose present: idle_se
[rts] PASS square AtlasTexture: idle_se
[rts] PASS exact source: idle_se
[rts] PASS exact crop/padding and clipping: idle_se
[rts] PASS authored ground metadata within 0.00002 texture pixels: idle_se
[rts] PASS pose body scale: idle_se
[rts] PASS exact TRES routing: walk se
[rts] PASS manifest frame count: walk se
[rts] PASS authored direction is not mirrored: walk se
[rts] PASS pose present: walk_a_se
[rts] PASS square AtlasTexture: walk_a_se
[rts] PASS exact source: walk_a_se
[rts] PASS exact crop/padding and clipping: walk_a_se
[rts] PASS authored ground metadata within 0.00002 texture pixels: walk_a_se
[rts] PASS pose body scale: walk_a_se
[rts] PASS pose present: walk_b_se
[rts] PASS square AtlasTexture: walk_b_se
[rts] PASS exact source: walk_b_se
[rts] PASS exact crop/padding and clipping: walk_b_se
[rts] PASS authored ground metadata within 0.00002 texture pixels: walk_b_se
[rts] PASS pose body scale: walk_b_se
[rts] PASS pose present: walk_a_se
[rts] PASS square AtlasTexture: walk_a_se
[rts] PASS exact source: walk_a_se
[rts] PASS exact crop/padding and clipping: walk_a_se
[rts] PASS authored ground metadata within 0.00002 texture pixels: walk_a_se
[rts] PASS pose body scale: walk_a_se
[rts] PASS pose present: walk_b_se
[rts] PASS square AtlasTexture: walk_b_se
[rts] PASS exact source: walk_b_se
[rts] PASS exact crop/padding and clipping: walk_b_se
[rts] PASS authored ground metadata within 0.00002 texture pixels: walk_b_se
[rts] PASS pose body scale: walk_b_se
[rts] PASS exact TRES routing: attack se
[rts] PASS manifest frame count: attack se
[rts] PASS authored direction is not mirrored: attack se
[rts] PASS pose present: windup_se
[rts] PASS square AtlasTexture: windup_se
[rts] PASS exact source: windup_se
[rts] PASS exact crop/padding and clipping: windup_se
[rts] PASS authored ground metadata within 0.00002 texture pixels: windup_se
[rts] PASS pose body scale: windup_se
[rts] PASS pose present: windup_se
[rts] PASS square AtlasTexture: windup_se
[rts] PASS exact source: windup_se
[rts] PASS exact crop/padding and clipping: windup_se
[rts] PASS authored ground metadata within 0.00002 texture pixels: windup_se
[rts] PASS pose body scale: windup_se
[rts] PASS pose present: strike_se
[rts] PASS square AtlasTexture: strike_se
[rts] PASS exact source: strike_se
[rts] PASS exact crop/padding and clipping: strike_se
[rts] PASS authored ground metadata within 0.00002 texture pixels: strike_se
[rts] PASS pose body scale: strike_se
[rts] PASS pose present: strike_se
[rts] PASS square AtlasTexture: strike_se
[rts] PASS exact source: strike_se
[rts] PASS exact crop/padding and clipping: strike_se
[rts] PASS authored ground metadata within 0.00002 texture pixels: strike_se
[rts] PASS pose body scale: strike_se
[rts] PASS pose present: idle_se
[rts] PASS square AtlasTexture: idle_se
[rts] PASS exact source: idle_se
[rts] PASS exact crop/padding and clipping: idle_se
[rts] PASS authored ground metadata within 0.00002 texture pixels: idle_se
[rts] PASS pose body scale: idle_se
[rts] PASS exact TRES routing: hurt se
[rts] PASS manifest frame count: hurt se
[rts] PASS authored direction is not mirrored: hurt se
[rts] PASS pose present: hurt_se
[rts] PASS square AtlasTexture: hurt_se
[rts] PASS exact source: hurt_se
[rts] PASS exact crop/padding and clipping: hurt_se
[rts] PASS authored ground metadata within 0.00002 texture pixels: hurt_se
[rts] PASS pose body scale: hurt_se
[rts] PASS exact TRES routing: death se
[rts] PASS manifest frame count: death se
[rts] PASS authored direction is not mirrored: death se
[rts] PASS pose present: hurt_se
[rts] PASS square AtlasTexture: hurt_se
[rts] PASS exact source: hurt_se
[rts] PASS exact crop/padding and clipping: hurt_se
[rts] PASS authored ground metadata within 0.00002 texture pixels: hurt_se
[rts] PASS pose body scale: hurt_se
[rts] PASS pose present: fall_se
[rts] PASS square AtlasTexture: fall_se
[rts] PASS exact source: fall_se
[rts] PASS exact crop/padding and clipping: fall_se
[rts] PASS authored ground metadata within 0.00002 texture pixels: fall_se
[rts] PASS pose body scale: fall_se
[rts] PASS pose present: ground_se
[rts] PASS square AtlasTexture: ground_se
[rts] PASS exact source: ground_se
[rts] PASS exact crop/padding and clipping: ground_se
[rts] PASS authored ground metadata within 0.00002 texture pixels: ground_se
[rts] PASS pose body scale: ground_se
[rts] PASS pose present: ground_se
[rts] PASS square AtlasTexture: ground_se
[rts] PASS exact source: ground_se
[rts] PASS exact crop/padding and clipping: ground_se
[rts] PASS authored ground metadata within 0.00002 texture pixels: ground_se
[rts] PASS pose body scale: ground_se
[rts] PASS living down cannot borrow death: se
[rts] PASS exact TRES routing: idle sw
[rts] PASS manifest frame count: idle sw
[rts] PASS authored direction is not mirrored: idle sw
[rts] PASS pose present: idle_sw
[rts] PASS square AtlasTexture: idle_sw
[rts] PASS exact source: idle_sw
[rts] PASS exact crop/padding and clipping: idle_sw
[rts] PASS authored ground metadata within 0.00002 texture pixels: idle_sw
[rts] PASS pose body scale: idle_sw
[rts] PASS exact TRES routing: walk sw
[rts] PASS manifest frame count: walk sw
[rts] PASS authored direction is not mirrored: walk sw
[rts] PASS pose present: walk_a_sw
[rts] PASS square AtlasTexture: walk_a_sw
[rts] PASS exact source: walk_a_sw
[rts] PASS exact crop/padding and clipping: walk_a_sw
[rts] PASS authored ground metadata within 0.00002 texture pixels: walk_a_sw
[rts] PASS pose body scale: walk_a_sw
[rts] PASS pose present: walk_b_sw
[rts] PASS square AtlasTexture: walk_b_sw
[rts] PASS exact source: walk_b_sw
[rts] PASS exact crop/padding and clipping: walk_b_sw
[rts] PASS authored ground metadata within 0.00002 texture pixels: walk_b_sw
[rts] PASS pose body scale: walk_b_sw
[rts] PASS pose present: walk_a_sw
[rts] PASS square AtlasTexture: walk_a_sw
[rts] PASS exact source: walk_a_sw
[rts] PASS exact crop/padding and clipping: walk_a_sw
[rts] PASS authored ground metadata within 0.00002 texture pixels: walk_a_sw
[rts] PASS pose body scale: walk_a_sw
[rts] PASS pose present: walk_b_sw
[rts] PASS square AtlasTexture: walk_b_sw
[rts] PASS exact source: walk_b_sw
[rts] PASS exact crop/padding and clipping: walk_b_sw
[rts] PASS authored ground metadata within 0.00002 texture pixels: walk_b_sw
[rts] PASS pose body scale: walk_b_sw
[rts] PASS exact TRES routing: attack sw
[rts] PASS manifest frame count: attack sw
[rts] PASS authored direction is not mirrored: attack sw
[rts] PASS pose present: windup_sw
[rts] PASS square AtlasTexture: windup_sw
[rts] PASS exact source: windup_sw
[rts] PASS exact crop/padding and clipping: windup_sw
[rts] PASS authored ground metadata within 0.00002 texture pixels: windup_sw
[rts] PASS pose body scale: windup_sw
[rts] PASS pose present: windup_sw
[rts] PASS square AtlasTexture: windup_sw
[rts] PASS exact source: windup_sw
[rts] PASS exact crop/padding and clipping: windup_sw
[rts] PASS authored ground metadata within 0.00002 texture pixels: windup_sw
[rts] PASS pose body scale: windup_sw
[rts] PASS pose present: strike_sw
[rts] PASS square AtlasTexture: strike_sw
[rts] PASS exact source: strike_sw
[rts] PASS exact crop/padding and clipping: strike_sw
[rts] PASS authored ground metadata within 0.00002 texture pixels: strike_sw
[rts] PASS pose body scale: strike_sw
[rts] PASS pose present: strike_sw
[rts] PASS square AtlasTexture: strike_sw
[rts] PASS exact source: strike_sw
[rts] PASS exact crop/padding and clipping: strike_sw
[rts] PASS authored ground metadata within 0.00002 texture pixels: strike_sw
[rts] PASS pose body scale: strike_sw
[rts] PASS pose present: idle_sw
[rts] PASS square AtlasTexture: idle_sw
[rts] PASS exact source: idle_sw
[rts] PASS exact crop/padding and clipping: idle_sw
[rts] PASS authored ground metadata within 0.00002 texture pixels: idle_sw
[rts] PASS pose body scale: idle_sw
[rts] PASS exact TRES routing: hurt sw
[rts] PASS manifest frame count: hurt sw
[rts] PASS authored direction is not mirrored: hurt sw
[rts] PASS pose present: hurt_sw
[rts] PASS square AtlasTexture: hurt_sw
[rts] PASS exact source: hurt_sw
[rts] PASS exact crop/padding and clipping: hurt_sw
[rts] PASS authored ground metadata within 0.00002 texture pixels: hurt_sw
[rts] PASS pose body scale: hurt_sw
[rts] PASS exact TRES routing: death sw
[rts] PASS manifest frame count: death sw
[rts] PASS authored direction is not mirrored: death sw
[rts] PASS pose present: hurt_sw
[rts] PASS square AtlasTexture: hurt_sw
[rts] PASS exact source: hurt_sw
[rts] PASS exact crop/padding and clipping: hurt_sw
[rts] PASS authored ground metadata within 0.00002 texture pixels: hurt_sw
[rts] PASS pose body scale: hurt_sw
[rts] PASS pose present: fall_sw
[rts] PASS square AtlasTexture: fall_sw
[rts] PASS exact source: fall_sw
[rts] PASS exact crop/padding and clipping: fall_sw
[rts] PASS authored ground metadata within 0.00002 texture pixels: fall_sw
[rts] PASS pose body scale: fall_sw
[rts] PASS pose present: ground_sw
[rts] PASS square AtlasTexture: ground_sw
[rts] PASS exact source: ground_sw
[rts] PASS exact crop/padding and clipping: ground_sw
[rts] PASS authored ground metadata within 0.00002 texture pixels: ground_sw
[rts] PASS pose body scale: ground_sw
[rts] PASS pose present: ground_sw
[rts] PASS square AtlasTexture: ground_sw
[rts] PASS exact source: ground_sw
[rts] PASS exact crop/padding and clipping: ground_sw
[rts] PASS authored ground metadata within 0.00002 texture pixels: ground_sw
[rts] PASS pose body scale: ground_sw
[rts] PASS living down cannot borrow death: sw
[rts] PASS exact TRES routing: idle ne
[rts] PASS manifest frame count: idle ne
[rts] PASS authored direction is not mirrored: idle ne
[rts] PASS pose present: idle_ne
[rts] PASS square AtlasTexture: idle_ne
[rts] PASS exact source: idle_ne
[rts] PASS exact crop/padding and clipping: idle_ne
[rts] PASS authored ground metadata within 0.00002 texture pixels: idle_ne
[rts] PASS pose body scale: idle_ne
[rts] PASS exact TRES routing: walk ne
[rts] PASS manifest frame count: walk ne
[rts] PASS authored direction is not mirrored: walk ne
[rts] PASS pose present: walk_a_ne
[rts] PASS square AtlasTexture: walk_a_ne
[rts] PASS exact source: walk_a_ne
[rts] PASS exact crop/padding and clipping: walk_a_ne
[rts] PASS authored ground metadata within 0.00002 texture pixels: walk_a_ne
[rts] PASS pose body scale: walk_a_ne
[rts] PASS pose present: walk_b_ne
[rts] PASS square AtlasTexture: walk_b_ne
[rts] PASS exact source: walk_b_ne
[rts] PASS exact crop/padding and clipping: walk_b_ne
[rts] PASS authored ground metadata within 0.00002 texture pixels: walk_b_ne
[rts] PASS pose body scale: walk_b_ne
[rts] PASS pose present: walk_a_ne
[rts] PASS square AtlasTexture: walk_a_ne
[rts] PASS exact source: walk_a_ne
[rts] PASS exact crop/padding and clipping: walk_a_ne
[rts] PASS authored ground metadata within 0.00002 texture pixels: walk_a_ne
[rts] PASS pose body scale: walk_a_ne
[rts] PASS pose present: walk_b_ne
[rts] PASS square AtlasTexture: walk_b_ne
[rts] PASS exact source: walk_b_ne
[rts] PASS exact crop/padding and clipping: walk_b_ne
[rts] PASS authored ground metadata within 0.00002 texture pixels: walk_b_ne
[rts] PASS pose body scale: walk_b_ne
[rts] PASS exact TRES routing: attack ne
[rts] PASS manifest frame count: attack ne
[rts] PASS authored direction is not mirrored: attack ne
[rts] PASS pose present: windup_ne
[rts] PASS square AtlasTexture: windup_ne
[rts] PASS exact source: windup_ne
[rts] PASS exact crop/padding and clipping: windup_ne
[rts] PASS authored ground metadata within 0.00002 texture pixels: windup_ne
[rts] PASS pose body scale: windup_ne
[rts] PASS pose present: windup_ne
[rts] PASS square AtlasTexture: windup_ne
[rts] PASS exact source: windup_ne
[rts] PASS exact crop/padding and clipping: windup_ne
[rts] PASS authored ground metadata within 0.00002 texture pixels: windup_ne
[rts] PASS pose body scale: windup_ne
[rts] PASS pose present: strike_ne
[rts] PASS square AtlasTexture: strike_ne
[rts] PASS exact source: strike_ne
[rts] PASS exact crop/padding and clipping: strike_ne
[rts] PASS authored ground metadata within 0.00002 texture pixels: strike_ne
[rts] PASS pose body scale: strike_ne
[rts] PASS pose present: strike_ne
[rts] PASS square AtlasTexture: strike_ne
[rts] PASS exact source: strike_ne
[rts] PASS exact crop/padding and clipping: strike_ne
[rts] PASS authored ground metadata within 0.00002 texture pixels: strike_ne
[rts] PASS pose body scale: strike_ne
[rts] PASS pose present: idle_ne
[rts] PASS square AtlasTexture: idle_ne
[rts] PASS exact source: idle_ne
[rts] PASS exact crop/padding and clipping: idle_ne
[rts] PASS authored ground metadata within 0.00002 texture pixels: idle_ne
[rts] PASS pose body scale: idle_ne
[rts] PASS exact TRES routing: hurt ne
[rts] PASS manifest frame count: hurt ne
[rts] PASS authored direction is not mirrored: hurt ne
[rts] PASS pose present: hurt_ne
[rts] PASS square AtlasTexture: hurt_ne
[rts] PASS exact source: hurt_ne
[rts] PASS exact crop/padding and clipping: hurt_ne
[rts] PASS authored ground metadata within 0.00002 texture pixels: hurt_ne
[rts] PASS pose body scale: hurt_ne
[rts] PASS exact TRES routing: death ne
[rts] PASS manifest frame count: death ne
[rts] PASS authored direction is not mirrored: death ne
[rts] PASS pose present: hurt_ne
[rts] PASS square AtlasTexture: hurt_ne
[rts] PASS exact source: hurt_ne
[rts] PASS exact crop/padding and clipping: hurt_ne
[rts] PASS authored ground metadata within 0.00002 texture pixels: hurt_ne
[rts] PASS pose body scale: hurt_ne
[rts] PASS pose present: fall_ne
[rts] PASS square AtlasTexture: fall_ne
[rts] PASS exact source: fall_ne
[rts] PASS exact crop/padding and clipping: fall_ne
[rts] PASS authored ground metadata within 0.00002 texture pixels: fall_ne
[rts] PASS pose body scale: fall_ne
[rts] PASS pose present: ground_ne
[rts] PASS square AtlasTexture: ground_ne
[rts] PASS exact source: ground_ne
[rts] PASS exact crop/padding and clipping: ground_ne
[rts] PASS authored ground metadata within 0.00002 texture pixels: ground_ne
[rts] PASS pose body scale: ground_ne
[rts] PASS pose present: ground_ne
[rts] PASS square AtlasTexture: ground_ne
[rts] PASS exact source: ground_ne
[rts] PASS exact crop/padding and clipping: ground_ne
[rts] PASS authored ground metadata within 0.00002 texture pixels: ground_ne
[rts] PASS pose body scale: ground_ne
[rts] PASS living down cannot borrow death: ne
[rts] PASS exact TRES routing: idle nw
[rts] PASS manifest frame count: idle nw
[rts] PASS authored direction is not mirrored: idle nw
[rts] PASS pose present: idle_nw
[rts] PASS square AtlasTexture: idle_nw
[rts] PASS exact source: idle_nw
[rts] PASS exact crop/padding and clipping: idle_nw
[rts] PASS authored ground metadata within 0.00002 texture pixels: idle_nw
[rts] PASS pose body scale: idle_nw
[rts] PASS exact TRES routing: walk nw
[rts] PASS manifest frame count: walk nw
[rts] PASS authored direction is not mirrored: walk nw
[rts] PASS pose present: walk_a_nw
[rts] PASS square AtlasTexture: walk_a_nw
[rts] PASS exact source: walk_a_nw
[rts] PASS exact crop/padding and clipping: walk_a_nw
[rts] PASS authored ground metadata within 0.00002 texture pixels: walk_a_nw
[rts] PASS pose body scale: walk_a_nw
[rts] PASS pose present: walk_b_nw
[rts] PASS square AtlasTexture: walk_b_nw
[rts] PASS exact source: walk_b_nw
[rts] PASS exact crop/padding and clipping: walk_b_nw
[rts] PASS authored ground metadata within 0.00002 texture pixels: walk_b_nw
[rts] PASS pose body scale: walk_b_nw
[rts] PASS pose present: walk_a_nw
[rts] PASS square AtlasTexture: walk_a_nw
[rts] PASS exact source: walk_a_nw
[rts] PASS exact crop/padding and clipping: walk_a_nw
[rts] PASS authored ground metadata within 0.00002 texture pixels: walk_a_nw
[rts] PASS pose body scale: walk_a_nw
[rts] PASS pose present: walk_b_nw
[rts] PASS square AtlasTexture: walk_b_nw
[rts] PASS exact source: walk_b_nw
[rts] PASS exact crop/padding and clipping: walk_b_nw
[rts] PASS authored ground metadata within 0.00002 texture pixels: walk_b_nw
[rts] PASS pose body scale: walk_b_nw
[rts] PASS exact TRES routing: attack nw
[rts] PASS manifest frame count: attack nw
[rts] PASS authored direction is not mirrored: attack nw
[rts] PASS pose present: windup_nw
[rts] PASS square AtlasTexture: windup_nw
[rts] PASS exact source: windup_nw
[rts] PASS exact crop/padding and clipping: windup_nw
[rts] PASS authored ground metadata within 0.00002 texture pixels: windup_nw
[rts] PASS pose body scale: windup_nw
[rts] PASS pose present: windup_nw
[rts] PASS square AtlasTexture: windup_nw
[rts] PASS exact source: windup_nw
[rts] PASS exact crop/padding and clipping: windup_nw
[rts] PASS authored ground metadata within 0.00002 texture pixels: windup_nw
[rts] PASS pose body scale: windup_nw
[rts] PASS pose present: strike_nw
[rts] PASS square AtlasTexture: strike_nw
[rts] PASS exact source: strike_nw
[rts] PASS exact crop/padding and clipping: strike_nw
[rts] PASS authored ground metadata within 0.00002 texture pixels: strike_nw
[rts] PASS pose body scale: strike_nw
[rts] PASS pose present: strike_nw
[rts] PASS square AtlasTexture: strike_nw
[rts] PASS exact source: strike_nw
[rts] PASS exact crop/padding and clipping: strike_nw
[rts] PASS authored ground metadata within 0.00002 texture pixels: strike_nw
[rts] PASS pose body scale: strike_nw
[rts] PASS pose present: idle_nw
[rts] PASS square AtlasTexture: idle_nw
[rts] PASS exact source: idle_nw
[rts] PASS exact crop/padding and clipping: idle_nw
[rts] PASS authored ground metadata within 0.00002 texture pixels: idle_nw
[rts] PASS pose body scale: idle_nw
[rts] PASS exact TRES routing: hurt nw
[rts] PASS manifest frame count: hurt nw
[rts] PASS authored direction is not mirrored: hurt nw
[rts] PASS pose present: hurt_nw
[rts] PASS square AtlasTexture: hurt_nw
[rts] PASS exact source: hurt_nw
[rts] PASS exact crop/padding and clipping: hurt_nw
[rts] PASS authored ground metadata within 0.00002 texture pixels: hurt_nw
[rts] PASS pose body scale: hurt_nw
[rts] PASS exact TRES routing: death nw
[rts] PASS manifest frame count: death nw
[rts] PASS authored direction is not mirrored: death nw
[rts] PASS pose present: hurt_nw
[rts] PASS square AtlasTexture: hurt_nw
[rts] PASS exact source: hurt_nw
[rts] PASS exact crop/padding and clipping: hurt_nw
[rts] PASS authored ground metadata within 0.00002 texture pixels: hurt_nw
[rts] PASS pose body scale: hurt_nw
[rts] PASS pose present: fall_nw
[rts] PASS square AtlasTexture: fall_nw
[rts] PASS exact source: fall_nw
[rts] PASS exact crop/padding and clipping: fall_nw
[rts] PASS authored ground metadata within 0.00002 texture pixels: fall_nw
[rts] PASS pose body scale: fall_nw
[rts] PASS pose present: ground_nw
[rts] PASS square AtlasTexture: ground_nw
[rts] PASS exact source: ground_nw
[rts] PASS exact crop/padding and clipping: ground_nw
[rts] PASS authored ground metadata within 0.00002 texture pixels: ground_nw
[rts] PASS pose body scale: ground_nw
[rts] PASS pose present: ground_nw
[rts] PASS square AtlasTexture: ground_nw
[rts] PASS exact source: ground_nw
[rts] PASS exact crop/padding and clipping: ground_nw
[rts] PASS authored ground metadata within 0.00002 texture pixels: ground_nw
[rts] PASS pose body scale: ground_nw
[rts] PASS living down cannot borrow death: nw
[rts] PASS invalid direction rejected
[rts] PASS existing campaign costume priority: lin_chong_prisoner
[rts] PASS existing missing campaign death does not borrow generic: lin_chong_prisoner
[rts] PASS existing campaign costume priority: song_jiang_bound
[rts] PASS existing missing campaign death does not borrow generic: song_jiang_bound
[rts] PASS installed content identity resolves
[rts] PASS new character file included in installed identity: assets/anim/hu_sanniang_idle_se.tres
[rts] PASS new character file included in installed identity: assets/anim/hu_sanniang_walk_se.tres
[rts] PASS new character file included in installed identity: assets/anim/hu_sanniang_attack_se.tres
[rts] PASS new character file included in installed identity: assets/anim/hu_sanniang_hurt_se.tres
[rts] PASS new character file included in installed identity: assets/anim/hu_sanniang_death_se.tres
[rts] PASS new character file included in installed identity: assets/anim/hu_sanniang_idle_sw.tres
[rts] PASS new character file included in installed identity: assets/anim/hu_sanniang_walk_sw.tres
[rts] PASS new character file included in installed identity: assets/anim/hu_sanniang_attack_sw.tres
[rts] PASS new character file included in installed identity: assets/anim/hu_sanniang_hurt_sw.tres
[rts] PASS new character file included in installed identity: assets/anim/hu_sanniang_death_sw.tres
[rts] PASS new character file included in installed identity: assets/anim/hu_sanniang_idle_ne.tres
[rts] PASS new character file included in installed identity: assets/anim/hu_sanniang_walk_ne.tres
[rts] PASS new character file included in installed identity: assets/anim/hu_sanniang_attack_ne.tres
[rts] PASS new character file included in installed identity: assets/anim/hu_sanniang_hurt_ne.tres
[rts] PASS new character file included in installed identity: assets/anim/hu_sanniang_death_ne.tres
[rts] PASS new character file included in installed identity: assets/anim/hu_sanniang_idle_nw.tres
[rts] PASS new character file included in installed identity: assets/anim/hu_sanniang_walk_nw.tres
[rts] PASS new character file included in installed identity: assets/anim/hu_sanniang_attack_nw.tres
[rts] PASS new character file included in installed identity: assets/anim/hu_sanniang_hurt_nw.tres
[rts] PASS new character file included in installed identity: assets/anim/hu_sanniang_death_nw.tres
[rts] PASS new character file included in installed identity: assets/characters/hu_sanniang_direction4_20260913/se.png
[rts] PASS new character file included in installed identity: assets/characters/hu_sanniang_direction4_20260913/sw.png
[rts] PASS new character file included in installed identity: assets/characters/hu_sanniang_direction4_20260913/ne.png
[rts] PASS new character file included in installed identity: assets/characters/hu_sanniang_direction4_20260913/nw.png
[rts] PASS new character file included in installed identity: assets/characters/hu_sanniang_direction4_20260913/se_walk_b.png
[rts] PASS new character file included in installed identity: assets/characters/hu_sanniang_direction4_20260913/sw_walk_b.png
[rts] PASS new character file included in installed identity: assets/characters/hu_sanniang_direction4_20260913/sw_spacing.png
[rts] PASS new character file included in installed identity: assets/characters/hu_sanniang_direction4_20260913/ne_spacing.png
[rts] PASS new character file included in installed identity: assets/characters/hu_sanniang_direction4_20260913/nw_spacing.png
[rts] PASS clear live movement patch exists
[rts] PASS mounted character spawned: se
[rts] PASS real movement and facing: se
[rts] PASS real moving frame uses authored direction: se
[rts] PASS real rendered screenshot: walk_se
[rts] PASS normal melee command deals damage: se
[rts] PASS melee locks real facing: se
[rts] PASS actual hit lands in manifest strike phase: se
[rts] PASS no duplicate full-body swing or weapon trail: se
[rts] PASS real rendered screenshot: melee_se
[rts] PASS incoming damage selects authored recoil: se
[rts] PASS real rendered screenshot: hurt_se
[rts] PASS lethal hit removes original combat actor: se
[rts] PASS death retains last facing: se
[rts] PASS real rendered screenshot: fall_se
[rts] PASS real rendered screenshot: terminal_se
[rts] PASS death releases after terminal fade: se
[rts] PASS mounted character spawned: sw
[rts] PASS real movement and facing: sw
[rts] PASS real moving frame uses authored direction: sw
[rts] PASS real rendered screenshot: walk_sw
[rts] PASS normal melee command deals damage: sw
[rts] PASS melee locks real facing: sw
[rts] PASS actual hit lands in manifest strike phase: sw
[rts] PASS no duplicate full-body swing or weapon trail: sw
[rts] PASS real rendered screenshot: melee_sw
[rts] PASS incoming damage selects authored recoil: sw
[rts] PASS real rendered screenshot: hurt_sw
[rts] PASS lethal hit removes original combat actor: sw
[rts] PASS death retains last facing: sw
[rts] PASS real rendered screenshot: fall_sw
[rts] PASS real rendered screenshot: terminal_sw
[rts] PASS death releases after terminal fade: sw
[rts] PASS mounted character spawned: ne
[rts] PASS real movement and facing: ne
[rts] PASS real moving frame uses authored direction: ne
[rts] PASS real rendered screenshot: walk_ne
[rts] PASS normal melee command deals damage: ne
[rts] PASS melee locks real facing: ne
[rts] PASS actual hit lands in manifest strike phase: ne
[rts] PASS no duplicate full-body swing or weapon trail: ne
[rts] PASS real rendered screenshot: melee_ne
[rts] PASS incoming damage selects authored recoil: ne
[rts] PASS real rendered screenshot: hurt_ne
[rts] PASS lethal hit removes original combat actor: ne
[rts] PASS death retains last facing: ne
[rts] PASS real rendered screenshot: fall_ne
[rts] PASS real rendered screenshot: terminal_ne
[rts] PASS death releases after terminal fade: ne
[rts] PASS mounted character spawned: nw
[rts] PASS real movement and facing: nw
[rts] PASS real moving frame uses authored direction: nw
[rts] PASS real rendered screenshot: walk_nw
[rts] PASS normal melee command deals damage: nw
[rts] PASS melee locks real facing: nw
[rts] PASS actual hit lands in manifest strike phase: nw
[rts] PASS no duplicate full-body swing or weapon trail: nw
[rts] PASS real rendered screenshot: melee_nw
[rts] PASS incoming damage selects authored recoil: nw
[rts] PASS real rendered screenshot: hurt_nw
[rts] PASS lethal hit removes original combat actor: nw
[rts] PASS death retains last facing: nw
[rts] PASS real rendered screenshot: fall_nw
[rts] PASS real rendered screenshot: terminal_nw
[rts] PASS death releases after terminal fade: nw
[rts] PASS real rendered screenshot: unit_pose_matrix_1
[rts] PASS real rendered screenshot: unit_pose_matrix_2
[rts] PASS real rendered screenshot: unit_pose_matrix_3
[rts] PASS actual chapter Hu uses generic art and nonlethal capture
[rts] PASS normal melee damage actually captures living Hu
[rts] PASS capture retains the same enemy actor without recruitment
[rts] PASS normal chapter callback records Hu capture
[rts] PASS capture cancels pending combat animation
[rts] PASS captured branch cannot select death as down: se
[rts] PASS real rendered screenshot: hu_captured_se
[rts] PASS captured branch cannot select death as down: sw
[rts] PASS real rendered screenshot: hu_captured_sw
[rts] PASS captured branch cannot select death as down: ne
[rts] PASS real rendered screenshot: hu_captured_ne
[rts] PASS captured branch cannot select death as down: nw
[rts] PASS real rendered screenshot: hu_captured_nw
[rts] PASS captured Hu remains present after normal death duration
[rts] PASS installed content identity resolves
[rts] PASS new character file included in installed identity: assets/anim/hu_sanniang_idle_se.tres
[rts] PASS new character file included in installed identity: assets/anim/hu_sanniang_walk_se.tres
[rts] PASS new character file included in installed identity: assets/anim/hu_sanniang_attack_se.tres
[rts] PASS new character file included in installed identity: assets/anim/hu_sanniang_hurt_se.tres
[rts] PASS new character file included in installed identity: assets/anim/hu_sanniang_death_se.tres
[rts] PASS new character file included in installed identity: assets/anim/hu_sanniang_idle_sw.tres
[rts] PASS new character file included in installed identity: assets/anim/hu_sanniang_walk_sw.tres
[rts] PASS new character file included in installed identity: assets/anim/hu_sanniang_attack_sw.tres
[rts] PASS new character file included in installed identity: assets/anim/hu_sanniang_hurt_sw.tres
[rts] PASS new character file included in installed identity: assets/anim/hu_sanniang_death_sw.tres
[rts] PASS new character file included in installed identity: assets/anim/hu_sanniang_idle_ne.tres
[rts] PASS new character file included in installed identity: assets/anim/hu_sanniang_walk_ne.tres
[rts] PASS new character file included in installed identity: assets/anim/hu_sanniang_attack_ne.tres
[rts] PASS new character file included in installed identity: assets/anim/hu_sanniang_hurt_ne.tres
[rts] PASS new character file included in installed identity: assets/anim/hu_sanniang_death_ne.tres
[rts] PASS new character file included in installed identity: assets/anim/hu_sanniang_idle_nw.tres
[rts] PASS new character file included in installed identity: assets/anim/hu_sanniang_walk_nw.tres
[rts] PASS new character file included in installed identity: assets/anim/hu_sanniang_attack_nw.tres
[rts] PASS new character file included in installed identity: assets/anim/hu_sanniang_hurt_nw.tres
[rts] PASS new character file included in installed identity: assets/anim/hu_sanniang_death_nw.tres
[rts] PASS new character file included in installed identity: assets/characters/hu_sanniang_direction4_20260913/se.png
[rts] PASS new character file included in installed identity: assets/characters/hu_sanniang_direction4_20260913/sw.png
[rts] PASS new character file included in installed identity: assets/characters/hu_sanniang_direction4_20260913/ne.png
[rts] PASS new character file included in installed identity: assets/characters/hu_sanniang_direction4_20260913/nw.png
[rts] PASS new character file included in installed identity: assets/characters/hu_sanniang_direction4_20260913/se_walk_b.png
[rts] PASS new character file included in installed identity: assets/characters/hu_sanniang_direction4_20260913/sw_walk_b.png
[rts] PASS new character file included in installed identity: assets/characters/hu_sanniang_direction4_20260913/sw_spacing.png
[rts] PASS new character file included in installed identity: assets/characters/hu_sanniang_direction4_20260913/ne_spacing.png
[rts] PASS new character file included in installed identity: assets/characters/hu_sanniang_direction4_20260913/nw_spacing.png
[rts] PASS installed content identity unchanged during character QA
[art-character] hu_sanniang 609 checks; failures=[]
