Godot Engine v4.6.3.stable.official.7d41c59c4 - https://godotengine.org

[runtime-check] PASS frozen old mesh builder hash matches
[runtime-check] PASS frozen old mesh builder compiles
[runtime-check] PASS level1 authored fog exact mesh arrays and fog signature
[runtime-check] PASS level1 authored fog preserves geometry inputs and live fog bytes
[runtime-check] PASS level1 authored fog retains line primitive
[runtime-check] PASS level1 disabled exact mesh arrays and fog signature
[runtime-check] PASS level1 disabled preserves geometry inputs and live fog bytes
[runtime-check] PASS level1 disabled retains line primitive
[runtime-check] PASS level1 uninitialized exact mesh arrays and fog signature
[runtime-check] PASS level1 uninitialized preserves geometry inputs and live fog bytes
[runtime-check] PASS level1 uninitialized retains line primitive
[runtime-check] PASS level1 hidden exact mesh arrays and fog signature
[runtime-check] PASS level1 hidden preserves geometry inputs and live fog bytes
[runtime-check] PASS level1 hidden retains line primitive
[runtime-check] PASS level1 explored exact mesh arrays and fog signature
[runtime-check] PASS level1 explored preserves geometry inputs and live fog bytes
[runtime-check] PASS level1 explored retains line primitive
[runtime-check] PASS level1 lit exact mesh arrays and fog signature
[runtime-check] PASS level1 lit preserves geometry inputs and live fog bytes
[runtime-check] PASS level1 lit retains line primitive
[runtime-check] PASS level1 checker exact mesh arrays and fog signature
[runtime-check] PASS level1 checker preserves geometry inputs and live fog bytes
[runtime-check] PASS level1 checker retains line primitive
[runtime-check] PASS level1 changed exact mesh arrays and fog signature
[runtime-check] PASS level1 changed preserves geometry inputs and live fog bytes
[runtime-check] PASS level1 changed retains line primitive
[runtime-check] PASS previous scene, map and units actually freed
[runtime-check] PASS level2 authored fog exact mesh arrays and fog signature
[runtime-check] PASS level2 authored fog preserves geometry inputs and live fog bytes
[runtime-check] PASS level2 disabled exact mesh arrays and fog signature
[runtime-check] PASS level2 disabled preserves geometry inputs and live fog bytes
[runtime-check] PASS level2 uninitialized exact mesh arrays and fog signature
[runtime-check] PASS level2 uninitialized preserves geometry inputs and live fog bytes
[runtime-check] PASS level2 hidden exact mesh arrays and fog signature
[runtime-check] PASS level2 hidden preserves geometry inputs and live fog bytes
[runtime-check] PASS level2 explored exact mesh arrays and fog signature
[runtime-check] PASS level2 explored preserves geometry inputs and live fog bytes
[runtime-check] PASS level2 lit exact mesh arrays and fog signature
[runtime-check] PASS level2 lit preserves geometry inputs and live fog bytes
[runtime-check] PASS level2 checker exact mesh arrays and fog signature
[runtime-check] PASS level2 checker preserves geometry inputs and live fog bytes
[runtime-check] PASS level2 changed exact mesh arrays and fog signature
[runtime-check] PASS level2 changed preserves geometry inputs and live fog bytes
[runtime-check] PASS previous scene, map and units actually freed
[runtime-check] PASS level3 authored fog exact mesh arrays and fog signature
[runtime-check] PASS level3 authored fog preserves geometry inputs and live fog bytes
[runtime-check] PASS level3 disabled exact mesh arrays and fog signature
[runtime-check] PASS level3 disabled preserves geometry inputs and live fog bytes
[runtime-check] PASS level3 uninitialized exact mesh arrays and fog signature
[runtime-check] PASS level3 uninitialized preserves geometry inputs and live fog bytes
[runtime-check] PASS level3 hidden exact mesh arrays and fog signature
[runtime-check] PASS level3 hidden preserves geometry inputs and live fog bytes
[runtime-check] PASS level3 explored exact mesh arrays and fog signature
[runtime-check] PASS level3 explored preserves geometry inputs and live fog bytes
[runtime-check] PASS level3 lit exact mesh arrays and fog signature
[runtime-check] PASS level3 lit preserves geometry inputs and live fog bytes
[runtime-check] PASS level3 checker exact mesh arrays and fog signature
[runtime-check] PASS level3 checker preserves geometry inputs and live fog bytes
[runtime-check] PASS level3 changed exact mesh arrays and fog signature
[runtime-check] PASS level3 changed preserves geometry inputs and live fog bytes
[runtime-check] PASS previous scene, map and units actually freed
[runtime-check] PASS level4 authored fog exact mesh arrays and fog signature
[runtime-check] PASS level4 authored fog preserves geometry inputs and live fog bytes
[runtime-check] PASS level4 authored fog retains line primitive
[runtime-check] PASS level4 disabled exact mesh arrays and fog signature
[runtime-check] PASS level4 disabled preserves geometry inputs and live fog bytes
[runtime-check] PASS level4 disabled retains line primitive
[runtime-check] PASS level4 uninitialized exact mesh arrays and fog signature
[runtime-check] PASS level4 uninitialized preserves geometry inputs and live fog bytes
[runtime-check] PASS level4 uninitialized retains line primitive
[runtime-check] PASS level4 hidden exact mesh arrays and fog signature
[runtime-check] PASS level4 hidden preserves geometry inputs and live fog bytes
[runtime-check] PASS level4 hidden retains line primitive
[runtime-check] PASS level4 explored exact mesh arrays and fog signature
[runtime-check] PASS level4 explored preserves geometry inputs and live fog bytes
[runtime-check] PASS level4 explored retains line primitive
[runtime-check] PASS level4 lit exact mesh arrays and fog signature
[runtime-check] PASS level4 lit preserves geometry inputs and live fog bytes
[runtime-check] PASS level4 lit retains line primitive
[runtime-check] PASS level4 checker exact mesh arrays and fog signature
[runtime-check] PASS level4 checker preserves geometry inputs and live fog bytes
[runtime-check] PASS level4 checker retains line primitive
[runtime-check] PASS level4 changed exact mesh arrays and fog signature
[runtime-check] PASS level4 changed preserves geometry inputs and live fog bytes
[runtime-check] PASS level4 changed retains line primitive
[runtime-check] PASS previous scene, map and units actually freed
[runtime-check] PASS level5 authored fog exact mesh arrays and fog signature
[runtime-check] PASS level5 authored fog preserves geometry inputs and live fog bytes
[runtime-check] PASS level5 authored fog retains line primitive
[runtime-check] PASS level5 disabled exact mesh arrays and fog signature
[runtime-check] PASS level5 disabled preserves geometry inputs and live fog bytes
[runtime-check] PASS level5 disabled retains line primitive
[runtime-check] PASS level5 uninitialized exact mesh arrays and fog signature
[runtime-check] PASS level5 uninitialized preserves geometry inputs and live fog bytes
[runtime-check] PASS level5 uninitialized retains line primitive
[runtime-check] PASS level5 hidden exact mesh arrays and fog signature
[runtime-check] PASS level5 hidden preserves geometry inputs and live fog bytes
[runtime-check] PASS level5 hidden retains line primitive
[runtime-check] PASS level5 explored exact mesh arrays and fog signature
[runtime-check] PASS level5 explored preserves geometry inputs and live fog bytes
[runtime-check] PASS level5 explored retains line primitive
[runtime-check] PASS level5 lit exact mesh arrays and fog signature
[runtime-check] PASS level5 lit preserves geometry inputs and live fog bytes
[runtime-check] PASS level5 lit retains line primitive
[runtime-check] PASS level5 checker exact mesh arrays and fog signature
[runtime-check] PASS level5 checker preserves geometry inputs and live fog bytes
[runtime-check] PASS level5 checker retains line primitive
[runtime-check] PASS level5 changed exact mesh arrays and fog signature
[runtime-check] PASS level5 changed preserves geometry inputs and live fog bytes
[runtime-check] PASS level5 changed retains line primitive
[runtime-check] PASS level5 authored reeds query-count instruments compile
[runtime-check] PASS level5 authored reeds visibility queries are one per unique anchor plus unchanged signature
[runtime-check] PASS level5 authored reeds counting does not alter mesh result
[runtime-check] PASS level5_mixed_fog exact mesh arrays and fog signature
[runtime-check] PASS level5_mixed_fog preserves geometry inputs and live fog bytes
[runtime-check] PASS level5_mixed_fog retains line primitive
[runtime-check] PASS level5_all_explored exact mesh arrays and fog signature
[runtime-check] PASS level5_all_explored preserves geometry inputs and live fog bytes
[runtime-check] PASS level5_all_explored retains line primitive
[runtime-check] PASS level5_fog_disabled exact mesh arrays and fog signature
[runtime-check] PASS level5_fog_disabled preserves geometry inputs and live fog bytes
[runtime-check] PASS level5_fog_disabled retains line primitive
[runtime-check] PASS mixed clumps across all three line groups exact mesh arrays and fog signature
[runtime-check] PASS mixed clumps across all three line groups preserves geometry inputs and live fog bytes
[runtime-check] PASS mixed clumps across all three line groups retains line primitive
[runtime-check] PASS synthetic shared anchors query-count instruments compile
[runtime-check] PASS synthetic shared anchors visibility queries are one per unique anchor plus unchanged signature
[runtime-check] PASS synthetic shared anchors counting does not alter mesh result
[runtime-check] PASS one explored and one hidden clump retain per-group colors
[runtime-check] PASS reveal on the next rebuild exact mesh arrays and fog signature
[runtime-check] PASS reveal on the next rebuild preserves geometry inputs and live fog bytes
[runtime-check] PASS reveal on the next rebuild retains line primitive
[runtime-check] PASS previously hidden head becomes visible
[runtime-check] PASS hide again on the next rebuild exact mesh arrays and fog signature
[runtime-check] PASS hide again on the next rebuild preserves geometry inputs and live fog bytes
[runtime-check] PASS hide again on the next rebuild retains line primitive
[runtime-check] PASS previously revealed stem becomes hidden
[runtime-check] PASS vertex anchors absent from cell list and duplicate signature entries exact mesh arrays and fog signature
[runtime-check] PASS vertex anchors absent from cell list and duplicate signature entries preserves geometry inputs and live fog bytes
[runtime-check] PASS vertex anchors absent from cell list and duplicate signature entries retains line primitive
[runtime-check] PASS empty geometry preserves the previous mesh exact mesh arrays and fog signature
[runtime-check] PASS empty geometry preserves the previous mesh preserves geometry inputs and live fog bytes
[runtime-check] PASS empty geometry preserves the previous mesh retains line primitive
[runtime-check] PASS empty rebuild retains mesh identity and signature
[runtime-check] PASS previous scene, map and units actually freed
[runtime-check] PASS level6 authored fog exact mesh arrays and fog signature
[runtime-check] PASS level6 authored fog preserves geometry inputs and live fog bytes
[runtime-check] PASS level6 disabled exact mesh arrays and fog signature
[runtime-check] PASS level6 disabled preserves geometry inputs and live fog bytes
[runtime-check] PASS level6 uninitialized exact mesh arrays and fog signature
[runtime-check] PASS level6 uninitialized preserves geometry inputs and live fog bytes
[runtime-check] PASS level6 hidden exact mesh arrays and fog signature
[runtime-check] PASS level6 hidden preserves geometry inputs and live fog bytes
[runtime-check] PASS level6 explored exact mesh arrays and fog signature
[runtime-check] PASS level6 explored preserves geometry inputs and live fog bytes
[runtime-check] PASS level6 lit exact mesh arrays and fog signature
[runtime-check] PASS level6 lit preserves geometry inputs and live fog bytes
[runtime-check] PASS level6 checker exact mesh arrays and fog signature
[runtime-check] PASS level6 checker preserves geometry inputs and live fog bytes
[runtime-check] PASS level6 changed exact mesh arrays and fog signature
[runtime-check] PASS level6 changed preserves geometry inputs and live fog bytes
[runtime-check] PASS previous scene, map and units actually freed
[runtime-check] PASS level7 authored fog exact mesh arrays and fog signature
[runtime-check] PASS level7 authored fog preserves geometry inputs and live fog bytes
[runtime-check] PASS level7 disabled exact mesh arrays and fog signature
[runtime-check] PASS level7 disabled preserves geometry inputs and live fog bytes
[runtime-check] PASS level7 uninitialized exact mesh arrays and fog signature
[runtime-check] PASS level7 uninitialized preserves geometry inputs and live fog bytes
[runtime-check] PASS level7 hidden exact mesh arrays and fog signature
[runtime-check] PASS level7 hidden preserves geometry inputs and live fog bytes
[runtime-check] PASS level7 explored exact mesh arrays and fog signature
[runtime-check] PASS level7 explored preserves geometry inputs and live fog bytes
[runtime-check] PASS level7 lit exact mesh arrays and fog signature
[runtime-check] PASS level7 lit preserves geometry inputs and live fog bytes
[runtime-check] PASS level7 checker exact mesh arrays and fog signature
[runtime-check] PASS level7 checker preserves geometry inputs and live fog bytes
[runtime-check] PASS level7 changed exact mesh arrays and fog signature
[runtime-check] PASS level7 changed preserves geometry inputs and live fog bytes
[runtime-check] PASS previous scene, map and units actually freed
[runtime-check] PASS level8 authored fog exact mesh arrays and fog signature
[runtime-check] PASS level8 authored fog preserves geometry inputs and live fog bytes
[runtime-check] PASS level8 disabled exact mesh arrays and fog signature
[runtime-check] PASS level8 disabled preserves geometry inputs and live fog bytes
[runtime-check] PASS level8 uninitialized exact mesh arrays and fog signature
[runtime-check] PASS level8 uninitialized preserves geometry inputs and live fog bytes
[runtime-check] PASS level8 hidden exact mesh arrays and fog signature
[runtime-check] PASS level8 hidden preserves geometry inputs and live fog bytes
[runtime-check] PASS level8 explored exact mesh arrays and fog signature
[runtime-check] PASS level8 explored preserves geometry inputs and live fog bytes
[runtime-check] PASS level8 lit exact mesh arrays and fog signature
[runtime-check] PASS level8 lit preserves geometry inputs and live fog bytes
[runtime-check] PASS level8 checker exact mesh arrays and fog signature
[runtime-check] PASS level8 checker preserves geometry inputs and live fog bytes
[runtime-check] PASS level8 changed exact mesh arrays and fog signature
[runtime-check] PASS level8 changed preserves geometry inputs and live fog bytes
[runtime-check] PASS previous scene, map and units actually freed
[runtime-check] PASS player campaign save bytes unchanged
[runtime-check] PASS all three uninstrumented paired workloads completed
[reed-mesh-qa] {"checks":198,"failures":[],"passed":true,"vertex_comparisons":340418}
