Godot Engine v4.6.3.stable.official.7d41c59c4 - https://godotengine.org
OpenGL API 3.3.0 NVIDIA 616.56 - Compatibility - Using Device: NVIDIA - NVIDIA GeForce RTX 3070 Ti

WARNING: 2D MSAA is not yet supported for GLES3.
   at: render_target_set_msaa (drivers/gles3/storage/texture_storage.cpp:2934)
[rts] PASS external QA output
[rts] PASS installed content identity resolves for entire captive batch
[rts] PASS batch character file included in installed identity: assets/anim/bound_yang_lin_idle_se.tres
[rts] PASS batch character file included in installed identity: assets/anim/bound_yang_lin_idle_sw.tres
[rts] PASS batch character file included in installed identity: assets/anim/bound_yang_lin_idle_ne.tres
[rts] PASS batch character file included in installed identity: assets/anim/bound_yang_lin_idle_nw.tres
[rts] PASS batch character file included in installed identity: assets/characters/yang_lin_bound_20261005/bound.png
[rts] PASS batch character file included in installed identity: assets/anim/bound_huang_xin_idle_se.tres
[rts] PASS batch character file included in installed identity: assets/anim/bound_huang_xin_idle_sw.tres
[rts] PASS batch character file included in installed identity: assets/anim/bound_huang_xin_idle_ne.tres
[rts] PASS batch character file included in installed identity: assets/anim/bound_huang_xin_idle_nw.tres
[rts] PASS batch character file included in installed identity: assets/characters/huang_xin_bound_20261005/bound.png
[rts] PASS batch character file included in installed identity: assets/anim/bound_wang_ying_idle_se.tres
[rts] PASS batch character file included in installed identity: assets/anim/bound_wang_ying_idle_sw.tres
[rts] PASS batch character file included in installed identity: assets/anim/bound_wang_ying_idle_ne.tres
[rts] PASS batch character file included in installed identity: assets/anim/bound_wang_ying_idle_nw.tres
[rts] PASS batch character file included in installed identity: assets/characters/wang_ying_bound_20261005/bound.png
[rts] PASS batch character file included in installed identity: assets/anim/bound_deng_fei_idle_se.tres
[rts] PASS batch character file included in installed identity: assets/anim/bound_deng_fei_idle_sw.tres
[rts] PASS batch character file included in installed identity: assets/anim/bound_deng_fei_idle_ne.tres
[rts] PASS batch character file included in installed identity: assets/anim/bound_deng_fei_idle_nw.tres
[rts] PASS batch character file included in installed identity: assets/characters/deng_fei_bound_20261005/bound.png
[rts] PASS exact native captive idle yang_lin se
[rts] PASS square authored atlas yang_lin se
[rts] PASS static and animated route agree yang_lin se
[rts] PASS standing fallback not authored yang_lin walk se
[rts] PASS standing fallback not authored yang_lin hurt se
[rts] PASS no weapon or terminal borrowing yang_lin attack se
[rts] PASS no weapon or terminal borrowing yang_lin gather se
[rts] PASS no weapon or terminal borrowing yang_lin death se
[rts] PASS no weapon or terminal borrowing yang_lin down se
[rts] PASS variant queries agree yang_lin se
[rts] PASS wrong owner rejected yang_lin se
[rts] PASS native frames retained across queries yang_lin se
[rts] PASS exact native captive idle yang_lin sw
[rts] PASS square authored atlas yang_lin sw
[rts] PASS static and animated route agree yang_lin sw
[rts] PASS standing fallback not authored yang_lin walk sw
[rts] PASS standing fallback not authored yang_lin hurt sw
[rts] PASS no weapon or terminal borrowing yang_lin attack sw
[rts] PASS no weapon or terminal borrowing yang_lin gather sw
[rts] PASS no weapon or terminal borrowing yang_lin death sw
[rts] PASS no weapon or terminal borrowing yang_lin down sw
[rts] PASS variant queries agree yang_lin sw
[rts] PASS wrong owner rejected yang_lin sw
[rts] PASS native frames retained across queries yang_lin sw
[rts] PASS exact native captive idle yang_lin ne
[rts] PASS square authored atlas yang_lin ne
[rts] PASS static and animated route agree yang_lin ne
[rts] PASS standing fallback not authored yang_lin walk ne
[rts] PASS standing fallback not authored yang_lin hurt ne
[rts] PASS no weapon or terminal borrowing yang_lin attack ne
[rts] PASS no weapon or terminal borrowing yang_lin gather ne
[rts] PASS no weapon or terminal borrowing yang_lin death ne
[rts] PASS no weapon or terminal borrowing yang_lin down ne
[rts] PASS variant queries agree yang_lin ne
[rts] PASS wrong owner rejected yang_lin ne
[rts] PASS native frames retained across queries yang_lin ne
[rts] PASS exact native captive idle yang_lin nw
[rts] PASS square authored atlas yang_lin nw
[rts] PASS static and animated route agree yang_lin nw
[rts] PASS standing fallback not authored yang_lin walk nw
[rts] PASS standing fallback not authored yang_lin hurt nw
[rts] PASS no weapon or terminal borrowing yang_lin attack nw
[rts] PASS no weapon or terminal borrowing yang_lin gather nw
[rts] PASS no weapon or terminal borrowing yang_lin death nw
[rts] PASS no weapon or terminal borrowing yang_lin down nw
[rts] PASS variant queries agree yang_lin nw
[rts] PASS wrong owner rejected yang_lin nw
[rts] PASS native frames retained across queries yang_lin nw
[rts] PASS four independent sampled native views yang_lin
[rts] PASS invalid animation direction rejected yang_lin 
[rts] PASS invalid animation direction rejected yang_lin bad
[rts] PASS native registry and portrait owner yang_lin
[rts] PASS exact native captive idle huang_xin se
[rts] PASS square authored atlas huang_xin se
[rts] PASS static and animated route agree huang_xin se
[rts] PASS standing fallback not authored huang_xin walk se
[rts] PASS standing fallback not authored huang_xin hurt se
[rts] PASS no weapon or terminal borrowing huang_xin attack se
[rts] PASS no weapon or terminal borrowing huang_xin gather se
[rts] PASS no weapon or terminal borrowing huang_xin death se
[rts] PASS no weapon or terminal borrowing huang_xin down se
[rts] PASS variant queries agree huang_xin se
[rts] PASS wrong owner rejected huang_xin se
[rts] PASS native frames retained across queries huang_xin se
[rts] PASS exact native captive idle huang_xin sw
[rts] PASS square authored atlas huang_xin sw
[rts] PASS static and animated route agree huang_xin sw
[rts] PASS standing fallback not authored huang_xin walk sw
[rts] PASS standing fallback not authored huang_xin hurt sw
[rts] PASS no weapon or terminal borrowing huang_xin attack sw
[rts] PASS no weapon or terminal borrowing huang_xin gather sw
[rts] PASS no weapon or terminal borrowing huang_xin death sw
[rts] PASS no weapon or terminal borrowing huang_xin down sw
[rts] PASS variant queries agree huang_xin sw
[rts] PASS wrong owner rejected huang_xin sw
[rts] PASS native frames retained across queries huang_xin sw
[rts] PASS exact native captive idle huang_xin ne
[rts] PASS square authored atlas huang_xin ne
[rts] PASS static and animated route agree huang_xin ne
[rts] PASS standing fallback not authored huang_xin walk ne
[rts] PASS standing fallback not authored huang_xin hurt ne
[rts] PASS no weapon or terminal borrowing huang_xin attack ne
[rts] PASS no weapon or terminal borrowing huang_xin gather ne
[rts] PASS no weapon or terminal borrowing huang_xin death ne
[rts] PASS no weapon or terminal borrowing huang_xin down ne
[rts] PASS variant queries agree huang_xin ne
[rts] PASS wrong owner rejected huang_xin ne
[rts] PASS native frames retained across queries huang_xin ne
[rts] PASS exact native captive idle huang_xin nw
[rts] PASS square authored atlas huang_xin nw
[rts] PASS static and animated route agree huang_xin nw
[rts] PASS standing fallback not authored huang_xin walk nw
[rts] PASS standing fallback not authored huang_xin hurt nw
[rts] PASS no weapon or terminal borrowing huang_xin attack nw
[rts] PASS no weapon or terminal borrowing huang_xin gather nw
[rts] PASS no weapon or terminal borrowing huang_xin death nw
[rts] PASS no weapon or terminal borrowing huang_xin down nw
[rts] PASS variant queries agree huang_xin nw
[rts] PASS wrong owner rejected huang_xin nw
[rts] PASS native frames retained across queries huang_xin nw
[rts] PASS four independent sampled native views huang_xin
[rts] PASS invalid animation direction rejected huang_xin 
[rts] PASS invalid animation direction rejected huang_xin bad
[rts] PASS native registry and portrait owner huang_xin
[rts] PASS exact native captive idle wang_ying se
[rts] PASS square authored atlas wang_ying se
[rts] PASS static and animated route agree wang_ying se
[rts] PASS standing fallback not authored wang_ying walk se
[rts] PASS standing fallback not authored wang_ying hurt se
[rts] PASS no weapon or terminal borrowing wang_ying attack se
[rts] PASS no weapon or terminal borrowing wang_ying gather se
[rts] PASS no weapon or terminal borrowing wang_ying death se
[rts] PASS no weapon or terminal borrowing wang_ying down se
[rts] PASS variant queries agree wang_ying se
[rts] PASS wrong owner rejected wang_ying se
[rts] PASS native frames retained across queries wang_ying se
[rts] PASS exact native captive idle wang_ying sw
[rts] PASS square authored atlas wang_ying sw
[rts] PASS static and animated route agree wang_ying sw
[rts] PASS standing fallback not authored wang_ying walk sw
[rts] PASS standing fallback not authored wang_ying hurt sw
[rts] PASS no weapon or terminal borrowing wang_ying attack sw
[rts] PASS no weapon or terminal borrowing wang_ying gather sw
[rts] PASS no weapon or terminal borrowing wang_ying death sw
[rts] PASS no weapon or terminal borrowing wang_ying down sw
[rts] PASS variant queries agree wang_ying sw
[rts] PASS wrong owner rejected wang_ying sw
[rts] PASS native frames retained across queries wang_ying sw
[rts] PASS exact native captive idle wang_ying ne
[rts] PASS square authored atlas wang_ying ne
[rts] PASS static and animated route agree wang_ying ne
[rts] PASS standing fallback not authored wang_ying walk ne
[rts] PASS standing fallback not authored wang_ying hurt ne
[rts] PASS no weapon or terminal borrowing wang_ying attack ne
[rts] PASS no weapon or terminal borrowing wang_ying gather ne
[rts] PASS no weapon or terminal borrowing wang_ying death ne
[rts] PASS no weapon or terminal borrowing wang_ying down ne
[rts] PASS variant queries agree wang_ying ne
[rts] PASS wrong owner rejected wang_ying ne
[rts] PASS native frames retained across queries wang_ying ne
[rts] PASS exact native captive idle wang_ying nw
[rts] PASS square authored atlas wang_ying nw
[rts] PASS static and animated route agree wang_ying nw
[rts] PASS standing fallback not authored wang_ying walk nw
[rts] PASS standing fallback not authored wang_ying hurt nw
[rts] PASS no weapon or terminal borrowing wang_ying attack nw
[rts] PASS no weapon or terminal borrowing wang_ying gather nw
[rts] PASS no weapon or terminal borrowing wang_ying death nw
[rts] PASS no weapon or terminal borrowing wang_ying down nw
[rts] PASS variant queries agree wang_ying nw
[rts] PASS wrong owner rejected wang_ying nw
[rts] PASS native frames retained across queries wang_ying nw
[rts] PASS four independent sampled native views wang_ying
[rts] PASS invalid animation direction rejected wang_ying 
[rts] PASS invalid animation direction rejected wang_ying bad
[rts] PASS native registry and portrait owner wang_ying
[rts] PASS exact native captive idle deng_fei se
[rts] PASS square authored atlas deng_fei se
[rts] PASS static and animated route agree deng_fei se
[rts] PASS standing fallback not authored deng_fei walk se
[rts] PASS standing fallback not authored deng_fei hurt se
[rts] PASS no weapon or terminal borrowing deng_fei attack se
[rts] PASS no weapon or terminal borrowing deng_fei gather se
[rts] PASS no weapon or terminal borrowing deng_fei death se
[rts] PASS no weapon or terminal borrowing deng_fei down se
[rts] PASS variant queries agree deng_fei se
[rts] PASS wrong owner rejected deng_fei se
[rts] PASS native frames retained across queries deng_fei se
[rts] PASS exact native captive idle deng_fei sw
[rts] PASS square authored atlas deng_fei sw
[rts] PASS static and animated route agree deng_fei sw
[rts] PASS standing fallback not authored deng_fei walk sw
[rts] PASS standing fallback not authored deng_fei hurt sw
[rts] PASS no weapon or terminal borrowing deng_fei attack sw
[rts] PASS no weapon or terminal borrowing deng_fei gather sw
[rts] PASS no weapon or terminal borrowing deng_fei death sw
[rts] PASS no weapon or terminal borrowing deng_fei down sw
[rts] PASS variant queries agree deng_fei sw
[rts] PASS wrong owner rejected deng_fei sw
[rts] PASS native frames retained across queries deng_fei sw
[rts] PASS exact native captive idle deng_fei ne
[rts] PASS square authored atlas deng_fei ne
[rts] PASS static and animated route agree deng_fei ne
[rts] PASS standing fallback not authored deng_fei walk ne
[rts] PASS standing fallback not authored deng_fei hurt ne
[rts] PASS no weapon or terminal borrowing deng_fei attack ne
[rts] PASS no weapon or terminal borrowing deng_fei gather ne
[rts] PASS no weapon or terminal borrowing deng_fei death ne
[rts] PASS no weapon or terminal borrowing deng_fei down ne
[rts] PASS variant queries agree deng_fei ne
[rts] PASS wrong owner rejected deng_fei ne
[rts] PASS native frames retained across queries deng_fei ne
[rts] PASS exact native captive idle deng_fei nw
[rts] PASS square authored atlas deng_fei nw
[rts] PASS static and animated route agree deng_fei nw
[rts] PASS standing fallback not authored deng_fei walk nw
[rts] PASS standing fallback not authored deng_fei hurt nw
[rts] PASS no weapon or terminal borrowing deng_fei attack nw
[rts] PASS no weapon or terminal borrowing deng_fei gather nw
[rts] PASS no weapon or terminal borrowing deng_fei death nw
[rts] PASS no weapon or terminal borrowing deng_fei down nw
[rts] PASS variant queries agree deng_fei nw
[rts] PASS wrong owner rejected deng_fei nw
[rts] PASS native frames retained across queries deng_fei nw
[rts] PASS four independent sampled native views deng_fei
[rts] PASS invalid animation direction rejected deng_fei 
[rts] PASS invalid animation direction rejected deng_fei bad
[rts] PASS native registry and portrait owner deng_fei
[rts] PASS actual current chapter original seven-prisoner deployment
[rts] PASS original neutral captive restrictions yang_lin
[rts] PASS bound current UI portrait cell yang_lin
[rts] PASS original renderer no mirror yang_lin se
[rts] PASS real rendered screenshot: yang_lin_bound_current_se
[rts] PASS original prisoner scene has no missing texture white block yang_lin_bound_current_se
[rts] PASS original renderer no mirror yang_lin sw
[rts] PASS real rendered screenshot: yang_lin_bound_current_sw
[rts] PASS original prisoner scene has no missing texture white block yang_lin_bound_current_sw
[rts] PASS original renderer no mirror yang_lin ne
[rts] PASS real rendered screenshot: yang_lin_bound_current_ne
[rts] PASS original prisoner scene has no missing texture white block yang_lin_bound_current_ne
[rts] PASS original renderer no mirror yang_lin nw
[rts] PASS real rendered screenshot: yang_lin_bound_current_nw
[rts] PASS original prisoner scene has no missing texture white block yang_lin_bound_current_nw
[rts] PASS original neutral captive restrictions huang_xin
[rts] PASS bound current UI portrait cell huang_xin
[rts] PASS original renderer no mirror huang_xin se
[rts] PASS real rendered screenshot: huang_xin_bound_current_se
[rts] PASS original prisoner scene has no missing texture white block huang_xin_bound_current_se
[rts] PASS original renderer no mirror huang_xin sw
[rts] PASS real rendered screenshot: huang_xin_bound_current_sw
[rts] PASS original prisoner scene has no missing texture white block huang_xin_bound_current_sw
[rts] PASS original renderer no mirror huang_xin ne
[rts] PASS real rendered screenshot: huang_xin_bound_current_ne
[rts] PASS original prisoner scene has no missing texture white block huang_xin_bound_current_ne
[rts] PASS original renderer no mirror huang_xin nw
[rts] PASS real rendered screenshot: huang_xin_bound_current_nw
[rts] PASS original prisoner scene has no missing texture white block huang_xin_bound_current_nw
[rts] PASS original neutral captive restrictions wang_ying
[rts] PASS bound current UI portrait cell wang_ying
[rts] PASS original renderer no mirror wang_ying se
[rts] PASS real rendered screenshot: wang_ying_bound_current_se
[rts] PASS original prisoner scene has no missing texture white block wang_ying_bound_current_se
[rts] PASS original renderer no mirror wang_ying sw
[rts] PASS real rendered screenshot: wang_ying_bound_current_sw
[rts] PASS original prisoner scene has no missing texture white block wang_ying_bound_current_sw
[rts] PASS original renderer no mirror wang_ying ne
[rts] PASS real rendered screenshot: wang_ying_bound_current_ne
[rts] PASS original prisoner scene has no missing texture white block wang_ying_bound_current_ne
[rts] PASS original renderer no mirror wang_ying nw
[rts] PASS real rendered screenshot: wang_ying_bound_current_nw
[rts] PASS original prisoner scene has no missing texture white block wang_ying_bound_current_nw
[rts] PASS original neutral captive restrictions deng_fei
[rts] PASS bound current UI portrait cell deng_fei
[rts] PASS original renderer no mirror deng_fei se
[rts] PASS real rendered screenshot: deng_fei_bound_current_se
[rts] PASS original prisoner scene has no missing texture white block deng_fei_bound_current_se
[rts] PASS original renderer no mirror deng_fei sw
[rts] PASS real rendered screenshot: deng_fei_bound_current_sw
[rts] PASS original prisoner scene has no missing texture white block deng_fei_bound_current_sw
[rts] PASS original renderer no mirror deng_fei ne
[rts] PASS real rendered screenshot: deng_fei_bound_current_ne
[rts] PASS original prisoner scene has no missing texture white block deng_fei_bound_current_ne
[rts] PASS original renderer no mirror deng_fei nw
[rts] PASS real rendered screenshot: deng_fei_bound_current_nw
[rts] PASS original prisoner scene has no missing texture white block deng_fei_bound_current_nw
[rts] PASS existing native captive route retained shi_qian se
[rts] PASS existing native captive route retained shi_qian sw
[rts] PASS existing native captive route retained shi_qian ne
[rts] PASS existing native captive route retained shi_qian nw
[rts] PASS existing captive portrait unchanged shi_qian
[rts] PASS existing native captive route retained shi_xiu se
[rts] PASS existing native captive route retained shi_xiu sw
[rts] PASS existing native captive route retained shi_xiu ne
[rts] PASS existing native captive route retained shi_xiu nw
[rts] PASS existing captive portrait unchanged shi_xiu
[rts] PASS existing native captive route retained qin_ming se
[rts] PASS existing native captive route retained qin_ming sw
[rts] PASS existing native captive route retained qin_ming ne
[rts] PASS existing native captive route retained qin_ming nw
[rts] PASS existing captive portrait unchanged qin_ming
[rts] PASS original ordinary three-second rescue pending
[rts] PASS normal player right-click and timed callback rescue originals
[rts] PASS rescue retains all original seven actors
[rts] PASS rescued wounded noncombat restrictions shi_qian
[rts] PASS original HP combat and portrait preserved shi_qian
[rts] PASS rescued wounded noncombat restrictions shi_xiu
[rts] PASS original HP combat and portrait preserved shi_xiu
[rts] PASS rescued wounded noncombat restrictions qin_ming
[rts] PASS original HP combat and portrait preserved qin_ming
[rts] PASS rescued wounded noncombat restrictions yang_lin
[rts] PASS original HP combat and portrait preserved yang_lin
[rts] PASS existing rescued walk and facing retained yang_lin se
[rts] PASS real rendered screenshot: yang_lin_rescued_current_se
[rts] PASS existing rescued walk and facing retained yang_lin sw
[rts] PASS real rendered screenshot: yang_lin_rescued_current_sw
[rts] PASS existing rescued walk and facing retained yang_lin ne
[rts] PASS real rendered screenshot: yang_lin_rescued_current_ne
[rts] PASS existing rescued walk and facing retained yang_lin nw
[rts] PASS real rendered screenshot: yang_lin_rescued_current_nw
[rts] PASS same wounded actor ordinary movement yang_lin
[rts] PASS rescued wounded noncombat restrictions huang_xin
[rts] PASS original HP combat and portrait preserved huang_xin
[rts] PASS existing rescued walk and facing retained huang_xin se
[rts] PASS real rendered screenshot: huang_xin_rescued_current_se
[rts] PASS existing rescued walk and facing retained huang_xin sw
[rts] PASS real rendered screenshot: huang_xin_rescued_current_sw
[rts] PASS existing rescued walk and facing retained huang_xin ne
[rts] PASS real rendered screenshot: huang_xin_rescued_current_ne
[rts] PASS existing rescued walk and facing retained huang_xin nw
[rts] PASS real rendered screenshot: huang_xin_rescued_current_nw
[rts] PASS same wounded actor ordinary movement huang_xin
[rts] PASS rescued wounded noncombat restrictions wang_ying
[rts] PASS original HP combat and portrait preserved wang_ying
[rts] PASS existing rescued walk and facing retained wang_ying se
[rts] PASS real rendered screenshot: wang_ying_rescued_current_se
[rts] PASS existing rescued walk and facing retained wang_ying sw
[rts] PASS real rendered screenshot: wang_ying_rescued_current_sw
[rts] PASS existing rescued walk and facing retained wang_ying ne
[rts] PASS real rendered screenshot: wang_ying_rescued_current_ne
[rts] PASS existing rescued walk and facing retained wang_ying nw
[rts] PASS real rendered screenshot: wang_ying_rescued_current_nw
[rts] PASS same wounded actor ordinary movement wang_ying
[rts] PASS rescued wounded noncombat restrictions deng_fei
[rts] PASS original HP combat and portrait preserved deng_fei
[rts] PASS existing rescued walk and facing retained deng_fei se
[rts] PASS real rendered screenshot: deng_fei_rescued_current_se
[rts] PASS existing rescued walk and facing retained deng_fei sw
[rts] PASS real rendered screenshot: deng_fei_rescued_current_sw
[rts] PASS existing rescued walk and facing retained deng_fei ne
[rts] PASS real rendered screenshot: deng_fei_rescued_current_ne
[rts] PASS existing rescued walk and facing retained deng_fei nw
[rts] PASS real rendered screenshot: deng_fei_rescued_current_nw
[rts] PASS same wounded actor ordinary movement deng_fei
[rts] PASS no full chapter victory claimed
[rts] PASS installed content identity resolves for entire captive batch
[rts] PASS batch character file included in installed identity: assets/anim/bound_yang_lin_idle_se.tres
[rts] PASS batch character file included in installed identity: assets/anim/bound_yang_lin_idle_sw.tres
[rts] PASS batch character file included in installed identity: assets/anim/bound_yang_lin_idle_ne.tres
[rts] PASS batch character file included in installed identity: assets/anim/bound_yang_lin_idle_nw.tres
[rts] PASS batch character file included in installed identity: assets/characters/yang_lin_bound_20261005/bound.png
[rts] PASS batch character file included in installed identity: assets/anim/bound_huang_xin_idle_se.tres
[rts] PASS batch character file included in installed identity: assets/anim/bound_huang_xin_idle_sw.tres
[rts] PASS batch character file included in installed identity: assets/anim/bound_huang_xin_idle_ne.tres
[rts] PASS batch character file included in installed identity: assets/anim/bound_huang_xin_idle_nw.tres
[rts] PASS batch character file included in installed identity: assets/characters/huang_xin_bound_20261005/bound.png
[rts] PASS batch character file included in installed identity: assets/anim/bound_wang_ying_idle_se.tres
[rts] PASS batch character file included in installed identity: assets/anim/bound_wang_ying_idle_sw.tres
[rts] PASS batch character file included in installed identity: assets/anim/bound_wang_ying_idle_ne.tres
[rts] PASS batch character file included in installed identity: assets/anim/bound_wang_ying_idle_nw.tres
[rts] PASS batch character file included in installed identity: assets/characters/wang_ying_bound_20261005/bound.png
[rts] PASS batch character file included in installed identity: assets/anim/bound_deng_fei_idle_se.tres
[rts] PASS batch character file included in installed identity: assets/anim/bound_deng_fei_idle_sw.tres
[rts] PASS batch character file included in installed identity: assets/anim/bound_deng_fei_idle_ne.tres
[rts] PASS batch character file included in installed identity: assets/anim/bound_deng_fei_idle_nw.tres
[rts] PASS batch character file included in installed identity: assets/characters/deng_fei_bound_20261005/bound.png
[rts] PASS installed identity unchanged across current rescue
[art-character] zhu_captives_bound 378 checks; failures=[]
