Godot Engine v4.6.3.stable.official.7d41c59c4 - https://godotengine.org
OpenGL API 3.3.0 NVIDIA 616.56 - Compatibility - Using Device: NVIDIA - NVIDIA GeForce RTX 3070 Ti

WARNING: 2D MSAA is not yet supported for GLES3.
   at: render_target_set_msaa (drivers/gles3/storage/texture_storage.cpp:2934)
[rts] PASS explicit external QA output
[rts] PASS captured manifest loaded
[rts] PASS one exact captured frame: se
[rts] PASS exact native sample: se
[rts] PASS square clipped authored frame: se
[rts] PASS captured body scale metadata: se
[rts] PASS native import dimensions retained: se
[rts] PASS native source bytes retained: se
[rts] PASS captured resource stays separate from generic down/death: se
[rts] PASS story costume cannot borrow captured armor: se
[rts] PASS captured art rejects another character: peng_qise
[rts] PASS captured art rejects another character: hu_sanniangse
[rts] PASS captured art rejects another character: hu_yanzhuose
[rts] PASS captured art rejects another character: xu_ningse
[rts] PASS one exact captured frame: sw
[rts] PASS exact native sample: sw
[rts] PASS square clipped authored frame: sw
[rts] PASS captured body scale metadata: sw
[rts] PASS native import dimensions retained: sw
[rts] PASS native source bytes retained: sw
[rts] PASS captured resource stays separate from generic down/death: sw
[rts] PASS story costume cannot borrow captured armor: sw
[rts] PASS captured art rejects another character: peng_qisw
[rts] PASS captured art rejects another character: hu_sanniangsw
[rts] PASS captured art rejects another character: hu_yanzhuosw
[rts] PASS captured art rejects another character: xu_ningsw
[rts] PASS one exact captured frame: ne
[rts] PASS exact native sample: ne
[rts] PASS square clipped authored frame: ne
[rts] PASS captured body scale metadata: ne
[rts] PASS native import dimensions retained: ne
[rts] PASS native source bytes retained: ne
[rts] PASS captured resource stays separate from generic down/death: ne
[rts] PASS story costume cannot borrow captured armor: ne
[rts] PASS captured art rejects another character: peng_qine
[rts] PASS captured art rejects another character: hu_sanniangne
[rts] PASS captured art rejects another character: hu_yanzhuone
[rts] PASS captured art rejects another character: xu_ningne
[rts] PASS one exact captured frame: nw
[rts] PASS exact native sample: nw
[rts] PASS square clipped authored frame: nw
[rts] PASS captured body scale metadata: nw
[rts] PASS native import dimensions retained: nw
[rts] PASS native source bytes retained: nw
[rts] PASS captured resource stays separate from generic down/death: nw
[rts] PASS story costume cannot borrow captured armor: nw
[rts] PASS captured art rejects another character: peng_qinw
[rts] PASS captured art rejects another character: hu_sanniangnw
[rts] PASS captured art rejects another character: hu_yanzhuonw
[rts] PASS captured art rejects another character: xu_ningnw
[rts] PASS invalid captured direction rejected: 
[rts] PASS invalid captured direction rejected: bad
[rts] PASS invalid captured direction rejected: SE
[rts] PASS current Han Tao identity portrait retained
[rts] PASS installed content identity resolves
[rts] PASS new character file included in installed identity: assets/anim/han_tao_captured_se.tres
[rts] PASS new character file included in installed identity: assets/anim/han_tao_captured_sw.tres
[rts] PASS new character file included in installed identity: assets/anim/han_tao_captured_ne.tres
[rts] PASS new character file included in installed identity: assets/anim/han_tao_captured_nw.tres
[rts] PASS new character file included in installed identity: assets/characters/han_tao_captured_20261005/captured.png
[rts] PASS actual current linked-cavalry RTS chapter
[rts] PASS original living full-HP Han has nonlethal chapter outcome
[rts] PASS original Xu, twelve riders and Hu retreat outcome retained
[rts] PASS normally learned level-one Q is ready before capture
[rts] PASS real rendered screenshot: han_opening
[rts] PASS empty chapter patch for explicit normal-damage contact fixture
[rts] PASS normal repeated original-Xu attacks capture living Han from full HP
[rts] PASS capture keeps original enemy actor without recruitment or conversion
[rts] PASS normal chapter callback records capture once without death signal
[rts] PASS existing cavalry combat stats remain unchanged
[rts] PASS capture cancels pending combat and enters passive story state
[rts] PASS real captured draw uses exact authored pose without mirroring: se
[rts] PASS captured HUD identity retained: se
[rts] PASS real rendered screenshot: han_captured_se
[rts] PASS real captured draw uses exact authored pose without mirroring: sw
[rts] PASS captured HUD identity retained: sw
[rts] PASS real rendered screenshot: han_captured_sw
[rts] PASS real captured draw uses exact authored pose without mirroring: ne
[rts] PASS captured HUD identity retained: ne
[rts] PASS real rendered screenshot: han_captured_ne
[rts] PASS real captured draw uses exact authored pose without mirroring: nw
[rts] PASS captured HUD identity retained: nw
[rts] PASS real rendered screenshot: han_captured_nw
[rts] PASS further damage cannot kill or alter captured Han
[rts] PASS resolved captive cannot change outcome or duplicate signal
[rts] PASS captured Han cannot use skill slot: 0
[rts] PASS captured Han cannot use skill slot: 1
[rts] PASS captured Han cannot use skill slot: 2
[rts] PASS captured Han cannot use skill slot: 3
[rts] PASS living prisoner persists beyond corpse lifetime
[rts] PASS captured movement/attack orders stay inert
[rts] PASS real rendered screenshot: han_capture_persistent
[rts] PASS original-Hu display fixture is visible before retreat
[rts] PASS explicit original-Hu retreat fixture resolves
[rts] PASS retreated original Hu stays alive, hidden and records existing callback
[rts] PASS real rendered screenshot: hu_retreated
[rts] PASS real rendered screenshot: han_captured_matrix
[rts] PASS subdued Han does not borrow wrist-bound capture pose
[rts] PASS installed content identity resolves
[rts] PASS new character file included in installed identity: assets/anim/han_tao_captured_se.tres
[rts] PASS new character file included in installed identity: assets/anim/han_tao_captured_sw.tres
[rts] PASS new character file included in installed identity: assets/anim/han_tao_captured_ne.tres
[rts] PASS new character file included in installed identity: assets/anim/han_tao_captured_nw.tres
[rts] PASS new character file included in installed identity: assets/characters/han_tao_captured_20261005/captured.png
[rts] PASS installed source identity unchanged across captured QA
[art-character] han_tao 105 checks; failures=[]
