Godot Engine v4.6.3.stable.official.7d41c59c4 - https://godotengine.org

[rts] PASS feedback patch is applied before behavior verification
[rts] PASS fixture reaches actual rescue checkpoint and action
[rts] PASS production intercept retains 0.8-second duration
[rts] PASS actual wrong-person order explains who and what to click
[rts] PASS wrong-person explanation survives repeated help refreshes for 2 seconds
[rts] PASS readability window does not pause the rescue deadline
[rts] PASS wrong-person feedback does not select, dispatch or rescue with Lu
[rts] PASS ordinary help returns after the bounded feedback interval
[rts] PASS fixture reaches actual rescue checkpoint and action
[rts] PASS production intercept retains 0.8-second duration
[rts] PASS correct new player order immediately supersedes held explanation
[rts] PASS real task progress immediately supersedes guidance
[rts] PASS intercept has not completed at 0.78 seconds
[rts] PASS one player order completes the original 0.8-second intercept
[rts] PASS fixture reaches actual rescue checkpoint and action
[rts] PASS production intercept retains 0.8-second duration
[rts] PASS stop begins from an actual player-initiated action
[rts] PASS stop reports its actual interruption reason
[rts] PASS stop explanation survives repeated help for 2 seconds
[rts] PASS stop cancels progress and does not silently restart the consumed command
[rts] PASS stop leaves the live deadline running
[rts] PASS fixture reaches actual rescue checkpoint and action
[rts] PASS production intercept retains 0.8-second duration
[rts] PASS left_range begins from an actual player-initiated action
[rts] PASS left_range reports its actual interruption reason
[rts] PASS left_range explanation survives repeated help for 2 seconds
[rts] PASS left_range cancels progress and does not silently restart the consumed command
[rts] PASS left_range leaves the live deadline running
[rts] PASS fixture reaches actual rescue checkpoint and action
[rts] PASS production intercept retains 0.8-second duration
[rts] PASS invalid_actor begins from an actual player-initiated action
[rts] PASS invalid_actor reports its actual interruption reason
[rts] PASS invalid_actor explanation survives repeated help for 2 seconds
[rts] PASS invalid_actor cancels progress and does not silently restart the consumed command
[rts] PASS invalid_actor leaves the live deadline running
[rts] PASS fixture reaches actual rescue checkpoint and action
[rts] PASS production intercept retains 0.8-second duration
[rts] PASS explicit blocked-action fixture keeps its reason and rejects a real player task order
[rts] PASS stage transition clears a pending old diagnostic
[rts] PASS controlled care fixture reaches the actual four-person escort
[rts] PASS rescued party waits before any new player order
[rts] PASS current escort stage exposes one real selection shortcut
[rts] PASS selection shortcut and help select the party without inventing escort movement
[rts] PASS default stop hint names S after an actual player route
[rts] PASS player route retains group movement authorization
[rts] PASS default S input stops the entire escort
[rts] PASS existing settings API accepts in-memory stop rebinding
[rts] PASS route hint follows the rebound stop key
[rts] PASS former S key no longer cancels the authorized escort route
[rts] PASS rebound J input stops all four companions
[rts] PASS touch hint names the existing stop button
[rts] FAIL hint label matches the real touch control
SCRIPT ERROR: Invalid access to property or key 'pressed' on a base object of type 'Nil'.
   at: _dynamic_stop_hint (res://tools/yezhulin_feedback_qa.gd:206)
   GDScript backtrace (most recent call first):
       [0] _dynamic_stop_hint (res://tools/yezhulin_feedback_qa.gd:206)
       [1] _start (res://tools/zhujiazhuang_rts_test.gd:35)
[rts] PASS behavior QA leaves campaign and settings save bytes unchanged
[rts] FAIL all seven behavior fixtures completed without an aborted case
[yezhulin-feedback-result] 54 checks; completed_cases=6; failures=["hint label matches the real touch control", "all seven behavior fixtures completed without an aborted case"]
