Godot Engine v4.6.3.stable.official.7d41c59c4 - https://godotengine.org
Vulkan 1.4.351 - Forward+ - Using Device #0: NVIDIA - NVIDIA GeForce RTX 3070 Ti

[rts] PASS lin_chong_bound death se keeps its own costume or uses procedural fallback
[rts] PASS direction flag agrees lin_chong_bound death se
[rts] PASS lin_chong_bound down se keeps its own costume or uses procedural fallback
[rts] PASS direction flag agrees lin_chong_bound down se
[rts] PASS fallback base keeps period costume lin_chong_bound se
[rts] PASS campaign negative lookup preserves generic death cache lin_chong_bound se
[rts] PASS lin_chong_bound death sw keeps its own costume or uses procedural fallback
[rts] PASS direction flag agrees lin_chong_bound death sw
[rts] PASS lin_chong_bound down sw keeps its own costume or uses procedural fallback
[rts] PASS direction flag agrees lin_chong_bound down sw
[rts] PASS fallback base keeps period costume lin_chong_bound sw
[rts] PASS campaign negative lookup preserves generic death cache lin_chong_bound sw
[rts] PASS lin_chong_bound death ne keeps its own costume or uses procedural fallback
[rts] PASS direction flag agrees lin_chong_bound death ne
[rts] PASS lin_chong_bound down ne keeps its own costume or uses procedural fallback
[rts] PASS direction flag agrees lin_chong_bound down ne
[rts] PASS fallback base keeps period costume lin_chong_bound ne
[rts] PASS campaign negative lookup preserves generic death cache lin_chong_bound ne
[rts] PASS lin_chong_bound death nw keeps its own costume or uses procedural fallback
[rts] PASS direction flag agrees lin_chong_bound death nw
[rts] PASS lin_chong_bound down nw keeps its own costume or uses procedural fallback
[rts] PASS direction flag agrees lin_chong_bound down nw
[rts] PASS fallback base keeps period costume lin_chong_bound nw
[rts] PASS campaign negative lookup preserves generic death cache lin_chong_bound nw
[rts] PASS lin_chong_prisoner death se keeps its own costume or uses procedural fallback
[rts] PASS direction flag agrees lin_chong_prisoner death se
[rts] PASS lin_chong_prisoner down se keeps its own costume or uses procedural fallback
[rts] PASS direction flag agrees lin_chong_prisoner down se
[rts] PASS fallback base keeps period costume lin_chong_prisoner se
[rts] PASS campaign negative lookup preserves generic death cache lin_chong_prisoner se
[rts] PASS lin_chong_prisoner death sw keeps its own costume or uses procedural fallback
[rts] PASS direction flag agrees lin_chong_prisoner death sw
[rts] PASS lin_chong_prisoner down sw keeps its own costume or uses procedural fallback
[rts] PASS direction flag agrees lin_chong_prisoner down sw
[rts] PASS fallback base keeps period costume lin_chong_prisoner sw
[rts] PASS campaign negative lookup preserves generic death cache lin_chong_prisoner sw
[rts] PASS lin_chong_prisoner death ne keeps its own costume or uses procedural fallback
[rts] PASS direction flag agrees lin_chong_prisoner death ne
[rts] PASS lin_chong_prisoner down ne keeps its own costume or uses procedural fallback
[rts] PASS direction flag agrees lin_chong_prisoner down ne
[rts] PASS fallback base keeps period costume lin_chong_prisoner ne
[rts] PASS campaign negative lookup preserves generic death cache lin_chong_prisoner ne
[rts] PASS lin_chong_prisoner death nw keeps its own costume or uses procedural fallback
[rts] PASS direction flag agrees lin_chong_prisoner death nw
[rts] PASS lin_chong_prisoner down nw keeps its own costume or uses procedural fallback
[rts] PASS direction flag agrees lin_chong_prisoner down nw
[rts] PASS fallback base keeps period costume lin_chong_prisoner nw
[rts] PASS campaign negative lookup preserves generic death cache lin_chong_prisoner nw
[rts] PASS lin_chong_escort death se keeps its own costume or uses procedural fallback
[rts] PASS direction flag agrees lin_chong_escort death se
[rts] PASS lin_chong_escort down se keeps its own costume or uses procedural fallback
[rts] PASS direction flag agrees lin_chong_escort down se
[rts] PASS fallback base keeps period costume lin_chong_escort se
[rts] PASS campaign negative lookup preserves generic death cache lin_chong_escort se
[rts] PASS lin_chong_escort death sw keeps its own costume or uses procedural fallback
[rts] PASS direction flag agrees lin_chong_escort death sw
[rts] PASS lin_chong_escort down sw keeps its own costume or uses procedural fallback
[rts] PASS direction flag agrees lin_chong_escort down sw
[rts] PASS fallback base keeps period costume lin_chong_escort sw
[rts] PASS campaign negative lookup preserves generic death cache lin_chong_escort sw
[rts] PASS lin_chong_escort death ne keeps its own costume or uses procedural fallback
[rts] PASS direction flag agrees lin_chong_escort death ne
[rts] PASS lin_chong_escort down ne keeps its own costume or uses procedural fallback
[rts] PASS direction flag agrees lin_chong_escort down ne
[rts] PASS fallback base keeps period costume lin_chong_escort ne
[rts] PASS campaign negative lookup preserves generic death cache lin_chong_escort ne
[rts] PASS lin_chong_escort death nw keeps its own costume or uses procedural fallback
[rts] PASS direction flag agrees lin_chong_escort death nw
[rts] PASS lin_chong_escort down nw keeps its own costume or uses procedural fallback
[rts] PASS direction flag agrees lin_chong_escort down nw
[rts] PASS fallback base keeps period costume lin_chong_escort nw
[rts] PASS campaign negative lookup preserves generic death cache lin_chong_escort nw
[rts] PASS wu_song_mengzhou death se keeps its own costume or uses procedural fallback
[rts] PASS direction flag agrees wu_song_mengzhou death se
[rts] PASS wu_song_mengzhou down se keeps its own costume or uses procedural fallback
[rts] PASS direction flag agrees wu_song_mengzhou down se
[rts] PASS fallback base keeps period costume wu_song_mengzhou se
[rts] PASS campaign negative lookup preserves generic death cache wu_song_mengzhou se
[rts] PASS wu_song_mengzhou death sw keeps its own costume or uses procedural fallback
[rts] PASS direction flag agrees wu_song_mengzhou death sw
[rts] PASS wu_song_mengzhou down sw keeps its own costume or uses procedural fallback
[rts] PASS direction flag agrees wu_song_mengzhou down sw
[rts] PASS fallback base keeps period costume wu_song_mengzhou sw
[rts] PASS campaign negative lookup preserves generic death cache wu_song_mengzhou sw
[rts] PASS wu_song_mengzhou death ne keeps its own costume or uses procedural fallback
[rts] PASS direction flag agrees wu_song_mengzhou death ne
[rts] PASS wu_song_mengzhou down ne keeps its own costume or uses procedural fallback
[rts] PASS direction flag agrees wu_song_mengzhou down ne
[rts] PASS fallback base keeps period costume wu_song_mengzhou ne
[rts] PASS campaign negative lookup preserves generic death cache wu_song_mengzhou ne
[rts] PASS wu_song_mengzhou death nw keeps its own costume or uses procedural fallback
[rts] PASS direction flag agrees wu_song_mengzhou death nw
[rts] PASS wu_song_mengzhou down nw keeps its own costume or uses procedural fallback
[rts] PASS direction flag agrees wu_song_mengzhou down nw
[rts] PASS fallback base keeps period costume wu_song_mengzhou nw
[rts] PASS campaign negative lookup preserves generic death cache wu_song_mengzhou nw
[rts] PASS jiang_menshen_fists death se keeps its own costume or uses procedural fallback
[rts] PASS direction flag agrees jiang_menshen_fists death se
[rts] PASS jiang_menshen_fists down se keeps its own costume or uses procedural fallback
[rts] PASS direction flag agrees jiang_menshen_fists down se
[rts] PASS fallback base keeps period costume jiang_menshen_fists se
[rts] PASS campaign negative lookup preserves generic death cache jiang_menshen_fists se
[rts] PASS jiang_menshen_fists death sw keeps its own costume or uses procedural fallback
[rts] PASS direction flag agrees jiang_menshen_fists death sw
[rts] PASS jiang_menshen_fists down sw keeps its own costume or uses procedural fallback
[rts] PASS direction flag agrees jiang_menshen_fists down sw
[rts] PASS fallback base keeps period costume jiang_menshen_fists sw
[rts] PASS campaign negative lookup preserves generic death cache jiang_menshen_fists sw
[rts] PASS jiang_menshen_fists death ne keeps its own costume or uses procedural fallback
[rts] PASS direction flag agrees jiang_menshen_fists death ne
[rts] PASS jiang_menshen_fists down ne keeps its own costume or uses procedural fallback
[rts] PASS direction flag agrees jiang_menshen_fists down ne
[rts] PASS fallback base keeps period costume jiang_menshen_fists ne
[rts] PASS campaign negative lookup preserves generic death cache jiang_menshen_fists ne
[rts] PASS jiang_menshen_fists death nw keeps its own costume or uses procedural fallback
[rts] PASS direction flag agrees jiang_menshen_fists death nw
[rts] PASS jiang_menshen_fists down nw keeps its own costume or uses procedural fallback
[rts] PASS direction flag agrees jiang_menshen_fists down nw
[rts] PASS fallback base keeps period costume jiang_menshen_fists nw
[rts] PASS campaign negative lookup preserves generic death cache jiang_menshen_fists nw
[rts] PASS lu_zhishen_rescue death se keeps its own costume or uses procedural fallback
[rts] PASS direction flag agrees lu_zhishen_rescue death se
[rts] PASS lu_zhishen_rescue down se keeps its own costume or uses procedural fallback
[rts] PASS direction flag agrees lu_zhishen_rescue down se
[rts] PASS fallback base keeps period costume lu_zhishen_rescue se
[rts] PASS campaign negative lookup preserves generic death cache lu_zhishen_rescue se
[rts] PASS lu_zhishen_rescue death sw keeps its own costume or uses procedural fallback
[rts] PASS direction flag agrees lu_zhishen_rescue death sw
[rts] PASS lu_zhishen_rescue down sw keeps its own costume or uses procedural fallback
[rts] PASS direction flag agrees lu_zhishen_rescue down sw
[rts] PASS fallback base keeps period costume lu_zhishen_rescue sw
[rts] PASS campaign negative lookup preserves generic death cache lu_zhishen_rescue sw
[rts] PASS lu_zhishen_rescue death ne keeps its own costume or uses procedural fallback
[rts] PASS direction flag agrees lu_zhishen_rescue death ne
[rts] PASS lu_zhishen_rescue down ne keeps its own costume or uses procedural fallback
[rts] PASS direction flag agrees lu_zhishen_rescue down ne
[rts] PASS fallback base keeps period costume lu_zhishen_rescue ne
[rts] PASS campaign negative lookup preserves generic death cache lu_zhishen_rescue ne
[rts] PASS lu_zhishen_rescue death nw keeps its own costume or uses procedural fallback
[rts] PASS direction flag agrees lu_zhishen_rescue death nw
[rts] PASS lu_zhishen_rescue down nw keeps its own costume or uses procedural fallback
[rts] PASS direction flag agrees lu_zhishen_rescue down nw
[rts] PASS fallback base keeps period costume lu_zhishen_rescue nw
[rts] PASS campaign negative lookup preserves generic death cache lu_zhishen_rescue nw
[rts] PASS song_jiang_bound death se keeps its own costume or uses procedural fallback
[rts] PASS direction flag agrees song_jiang_bound death se
[rts] PASS song_jiang_bound down se keeps its own costume or uses procedural fallback
[rts] PASS direction flag agrees song_jiang_bound down se
[rts] PASS fallback base keeps period costume song_jiang_bound se
[rts] PASS campaign negative lookup preserves generic death cache song_jiang_bound se
[rts] PASS song_jiang_bound death sw keeps its own costume or uses procedural fallback
[rts] PASS direction flag agrees song_jiang_bound death sw
[rts] PASS song_jiang_bound down sw keeps its own costume or uses procedural fallback
[rts] PASS direction flag agrees song_jiang_bound down sw
[rts] PASS fallback base keeps period costume song_jiang_bound sw
[rts] PASS campaign negative lookup preserves generic death cache song_jiang_bound sw
[rts] PASS song_jiang_bound death ne keeps its own costume or uses procedural fallback
[rts] PASS direction flag agrees song_jiang_bound death ne
[rts] PASS song_jiang_bound down ne keeps its own costume or uses procedural fallback
[rts] PASS direction flag agrees song_jiang_bound down ne
[rts] PASS fallback base keeps period costume song_jiang_bound ne
[rts] PASS campaign negative lookup preserves generic death cache song_jiang_bound ne
[rts] PASS song_jiang_bound death nw keeps its own costume or uses procedural fallback
[rts] PASS direction flag agrees song_jiang_bound death nw
[rts] PASS song_jiang_bound down nw keeps its own costume or uses procedural fallback
[rts] PASS direction flag agrees song_jiang_bound down nw
[rts] PASS fallback base keeps period costume song_jiang_bound nw
[rts] PASS campaign negative lookup preserves generic death cache song_jiang_bound nw
[rts] PASS song_jiang_rescued death se keeps its own costume or uses procedural fallback
[rts] PASS direction flag agrees song_jiang_rescued death se
[rts] PASS song_jiang_rescued down se keeps its own costume or uses procedural fallback
[rts] PASS direction flag agrees song_jiang_rescued down se
[rts] PASS fallback base keeps period costume song_jiang_rescued se
[rts] PASS campaign negative lookup preserves generic death cache song_jiang_rescued se
[rts] PASS song_jiang_rescued death sw keeps its own costume or uses procedural fallback
[rts] PASS direction flag agrees song_jiang_rescued death sw
[rts] PASS song_jiang_rescued down sw keeps its own costume or uses procedural fallback
[rts] PASS direction flag agrees song_jiang_rescued down sw
[rts] PASS fallback base keeps period costume song_jiang_rescued sw
[rts] PASS campaign negative lookup preserves generic death cache song_jiang_rescued sw
[rts] PASS song_jiang_rescued death ne keeps its own costume or uses procedural fallback
[rts] PASS direction flag agrees song_jiang_rescued death ne
[rts] PASS song_jiang_rescued down ne keeps its own costume or uses procedural fallback
[rts] PASS direction flag agrees song_jiang_rescued down ne
[rts] PASS fallback base keeps period costume song_jiang_rescued ne
[rts] PASS campaign negative lookup preserves generic death cache song_jiang_rescued ne
[rts] PASS song_jiang_rescued death nw keeps its own costume or uses procedural fallback
[rts] PASS direction flag agrees song_jiang_rescued death nw
[rts] PASS song_jiang_rescued down nw keeps its own costume or uses procedural fallback
[rts] PASS direction flag agrees song_jiang_rescued down nw
[rts] PASS fallback base keeps period costume song_jiang_rescued nw
[rts] PASS campaign negative lookup preserves generic death cache song_jiang_rescued nw
[rts] PASS dong_chao_escort death se keeps its own costume or uses procedural fallback
[rts] PASS direction flag agrees dong_chao_escort death se
[rts] PASS dong_chao_escort down se keeps its own costume or uses procedural fallback
[rts] PASS direction flag agrees dong_chao_escort down se
[rts] PASS fallback base keeps period costume dong_chao_escort se
[rts] PASS campaign negative lookup preserves generic death cache dong_chao_escort se
[rts] PASS dong_chao_escort death sw keeps its own costume or uses procedural fallback
[rts] PASS direction flag agrees dong_chao_escort death sw
[rts] PASS dong_chao_escort down sw keeps its own costume or uses procedural fallback
[rts] PASS direction flag agrees dong_chao_escort down sw
[rts] PASS fallback base keeps period costume dong_chao_escort sw
[rts] PASS campaign negative lookup preserves generic death cache dong_chao_escort sw
[rts] PASS dong_chao_escort death ne keeps its own costume or uses procedural fallback
[rts] PASS direction flag agrees dong_chao_escort death ne
[rts] PASS dong_chao_escort down ne keeps its own costume or uses procedural fallback
[rts] PASS direction flag agrees dong_chao_escort down ne
[rts] PASS fallback base keeps period costume dong_chao_escort ne
[rts] PASS campaign negative lookup preserves generic death cache dong_chao_escort ne
[rts] PASS dong_chao_escort death nw keeps its own costume or uses procedural fallback
[rts] PASS direction flag agrees dong_chao_escort death nw
[rts] PASS dong_chao_escort down nw keeps its own costume or uses procedural fallback
[rts] PASS direction flag agrees dong_chao_escort down nw
[rts] PASS fallback base keeps period costume dong_chao_escort nw
[rts] PASS campaign negative lookup preserves generic death cache dong_chao_escort nw
[rts] PASS xue_ba_escort death se keeps its own costume or uses procedural fallback
[rts] PASS direction flag agrees xue_ba_escort death se
[rts] PASS xue_ba_escort down se keeps its own costume or uses procedural fallback
[rts] PASS direction flag agrees xue_ba_escort down se
[rts] PASS fallback base keeps period costume xue_ba_escort se
[rts] PASS campaign negative lookup preserves generic death cache xue_ba_escort se
[rts] PASS xue_ba_escort death sw keeps its own costume or uses procedural fallback
[rts] PASS direction flag agrees xue_ba_escort death sw
[rts] PASS xue_ba_escort down sw keeps its own costume or uses procedural fallback
[rts] PASS direction flag agrees xue_ba_escort down sw
[rts] PASS fallback base keeps period costume xue_ba_escort sw
[rts] PASS campaign negative lookup preserves generic death cache xue_ba_escort sw
[rts] PASS xue_ba_escort death ne keeps its own costume or uses procedural fallback
[rts] PASS direction flag agrees xue_ba_escort death ne
[rts] PASS xue_ba_escort down ne keeps its own costume or uses procedural fallback
[rts] PASS direction flag agrees xue_ba_escort down ne
[rts] PASS fallback base keeps period costume xue_ba_escort ne
[rts] PASS campaign negative lookup preserves generic death cache xue_ba_escort ne
[rts] PASS xue_ba_escort death nw keeps its own costume or uses procedural fallback
[rts] PASS direction flag agrees xue_ba_escort death nw
[rts] PASS xue_ba_escort down nw keeps its own costume or uses procedural fallback
[rts] PASS direction flag agrees xue_ba_escort down nw
[rts] PASS fallback base keeps period costume xue_ba_escort nw
[rts] PASS campaign negative lookup preserves generic death cache xue_ba_escort nw
[rts] PASS new generic directional death fixture resolves
[rts] PASS new generic four-direction pack cannot replace lin_chong_bound
[rts] PASS new generic pack cannot change variant mirror flag lin_chong_bound
[rts] PASS new generic four-direction pack cannot replace lin_chong_prisoner
[rts] PASS new generic pack cannot change variant mirror flag lin_chong_prisoner
[rts] PASS new generic four-direction pack cannot replace lin_chong_escort
[rts] PASS new generic pack cannot change variant mirror flag lin_chong_escort
[rts] PASS variant lookups do not overwrite new generic frames
[rts] PASS invalid direction rejected
[rts] PASS unknown variants retain existing compatibility
[rts] PASS programmatic bindings retain their own generic body
[rts] PASS programmatic binding rejects wrong owner
[rts] PASS real rendering device
[rts] PASS real fatal hit starts death lin_chong_prisoner se
[rts] PASS real fatal hit starts death lin_chong_prisoner sw
[rts] PASS real fatal hit starts death lin_chong_prisoner ne
[rts] PASS real fatal hit starts death lin_chong_prisoner nw
[rts] PASS real fatal hit starts death wu_song_mengzhou se
[rts] PASS real fatal hit starts death wu_song_mengzhou sw
[rts] PASS real fatal hit starts death wu_song_mengzhou ne
[rts] PASS real fatal hit starts death wu_song_mengzhou nw
[rts] PASS real fatal hit starts death jiang_menshen_fists se
[rts] PASS real fatal hit starts death jiang_menshen_fists sw
[rts] PASS real fatal hit starts death jiang_menshen_fists ne
[rts] PASS real fatal hit starts death jiang_menshen_fists nw
[rts] PASS real fatal hit starts death song_jiang_bound se
[rts] PASS real fatal hit starts death song_jiang_bound sw
[rts] PASS real fatal hit starts death song_jiang_bound ne
[rts] PASS real fatal hit starts death song_jiang_bound nw
[rts] PASS real death drawing retains lin_chong_prisoner se
[rts] PASS real death drawing retains lin_chong_prisoner sw
[rts] PASS real death drawing retains lin_chong_prisoner ne
[rts] PASS real death drawing retains lin_chong_prisoner nw
[rts] PASS real death drawing retains wu_song_mengzhou se
[rts] PASS real death drawing retains wu_song_mengzhou sw
[rts] PASS real death drawing retains wu_song_mengzhou ne
[rts] PASS real death drawing retains wu_song_mengzhou nw
[rts] PASS real death drawing retains jiang_menshen_fists se
[rts] PASS real death drawing retains jiang_menshen_fists sw
[rts] PASS real death drawing retains jiang_menshen_fists ne
[rts] PASS real death drawing retains jiang_menshen_fists nw
[rts] PASS real death drawing retains song_jiang_bound se
[rts] PASS real death drawing retains song_jiang_bound sw
[rts] PASS real death drawing retains song_jiang_bound ne
[rts] PASS real death drawing retains song_jiang_bound nw
[rts] PASS actual Unit matrix saved
[terminal-costume] 286 checks, failures=0
