Godot Engine v4.6.3.stable.official.7d41c59c4 - https://godotengine.org

[rts] PASS nearby live enemy prevents seal and leaves action retryable
[rts] PASS real manual order seals cleared port
[rts] PASS Zhang actually sails to disabled flagship and loads prisoner
[rts] PASS same moving boat carries prisoner as cargo
[rts] PASS water rescue creates no prisoner on distant shore
[rts] PASS same cargo boat sails back and transfers at main dock
[rts] PASS landing clears exactly the original boat cargo
[rts] PASS prisoner is created once at real land-side dock
[rts] PASS captured Gao cannot fight, cast or give army buffs
[rts] PASS prisoner population override does not mutate shared chapter definition
[rts] PASS landing alone cannot complete escort objective or win
[rts] PASS unescorted prisoner stops near dock instead of walking home alone
[rts] PASS player brings a real land escort to dock
[rts] PASS prisoner and guard actually walk to hall
[rts] PASS only completed land escort triggers captured ending
[rts] PASS lost required boat marks capture unavailable without granting story credit
[rts] PASS lost capture route preserves basic victory
[rts] PASS commander death cannot be overwritten by stale victory button
[gao-capture] 18 checks, failures=0
