Godot Engine v4.6.3.stable.official.7d41c59c4 - https://godotengine.org
Vulkan 1.4.351 - Forward+ - Using Device #0: NVIDIA - NVIDIA GeForce RTX 3070 Ti

[gao-play] t=0 story=lure army=7 fleet=0 land=[4, 6, 8] sea=[3, 5, 6] flagship=2100.0 g=206 w=146 pop=36/44 hall=1500.0
[gao-story] active= fire=false smallboat=[760.0, (22, 52)] escorts=[["ruan_xiaoer_boat", 950.0, (38, 47)], ["ruan_xiaowu_boat", 950.0, (40, 50)]]
[gao-play] t=60 story=lure army=10 fleet=0 land=[4, 6, 8] sea=[3, 5, 6] flagship=2100.0 g=273 w=315 pop=42/44 hall=1500.0
[gao-story] active= fire=false smallboat=[760.0, (22, 52)] escorts=[["ruan_xiaoer_boat", 950.0, (32, 50)], ["ruan_xiaowu_boat", 950.0, (33, 51)]]
[gao-play] t=120 story=lure army=9 fleet=2 land=[0, 1, 8] sea=[3, 5, 6] flagship=2100.0 g=101 w=270 pop=47/64 hall=1500.0
[gao-story] active= fire=false smallboat=[760.0, (22, 52)] escorts=[["ruan_xiaoer_boat", 950.0, (33, 51)], ["ruan_xiaowu_boat", 950.0, (32, 50)]]
[gao-play] t=180 story=fire army=11 fleet=3 land=[0, 0, 8] sea=[0, 5, 6] flagship=2100.0 g=231 w=206 pop=48/64 hall=1500.0
[gao-story] active= fire=false smallboat=[760.0, (22, 52)] escorts=[["ruan_xiaoer_boat", 950.0, (32, 51)], ["ruan_xiaowu_boat", 950.0, (32, 49)]]
[gao-play] t=240 story=fire army=9 fleet=4 land=[0, 0, 0] sea=[0, 5, 6] flagship=2100.0 g=387 w=250 pop=47/64 hall=1500.0
[gao-story] active= fire=false smallboat=[760.0, (22, 52)] escorts=[["ruan_xiaoer_boat", 950.0, (32, 51)], ["ruan_xiaowu_boat", 950.0, (32, 49)]]
[gao-play] t=300 story=fire army=13 fleet=6 land=[0, 0, 0] sea=[0, 5, 6] flagship=2100.0 g=347 w=239 pop=57/64 hall=1500.0
[gao-story] active=gao_fire_1 fire=false smallboat=[760.0, (37, 41)] escorts=[["ruan_xiaoer_boat", 950.0, (37, 42)], ["ruan_xiaowu_boat", 950.0, (39, 42)]]
[gao-play] t=360 story=battle army=20 fleet=9 land=[0, 0, 0] sea=[0, 4, 6] flagship=2100.0 g=393 w=346 pop=67/74 hall=1500.0
[gao-story] active= fire=true smallboat=[] escorts=[["ruan_xiaoer_boat", 950.0, (36, 43)], ["ruan_xiaowu_boat", 795.285714285712, (36, 42)]]
[gao-play] t=420 story=battle army=20 fleet=10 land=[0, 0, 0] sea=[0, 0, 1] flagship=2100.0 g=805 w=466 pop=70/74 hall=1500.0
[gao-story] active= fire=true smallboat=[] escorts=[["ruan_xiaoer_boat", 950.0, (50, 21)], ["ruan_xiaowu_boat", 767.142857142848, (47, 21)]]
[gao-play] t=480 story=land army=20 fleet=11 land=[0, 0, 0] sea=[0, 0, 0] flagship=1.0 g=1183 w=766 pop=73/74 hall=1500.0
[gao-story] active= fire=true smallboat=[] escorts=[["ruan_xiaoer_boat", 950.0, (39, 43)], ["ruan_xiaowu_boat", 875.30952380949, (38, 45)]]
[rts] PASS story wins through actual construction, production and combat
[rts] PASS story builds economy and pays for at least three replacement warships
[rts] PASS story preserves original camp across three expeditions
[rts] PASS story defeats all core land/water forces and disables flagship
[rts] PASS live story route performs fire attack and extracts both escort ships
[rts] PASS live story route carries prisoner by water then escorts him to hall
[rts] PASS live story route completes all four story goals
[gao-play-result] {"checks":7,"failures":[],"metrics":{"buildings_started":5,"camp_hp":1500.0,"enemy_paid_produced":[10,4],"enemy_spent_gold":607,"enemy_spent_wood":358,"events":["action:gao_rts:gao_lure_side","action:gao_rts:gao_wind","gongsun_wind","fleet_in_ambush","action:gao_rts:gao_prepare","liu_tang_fire_leader","fireboat_prepared","gao_land_cleared","gao_land_post_destroyed","action:gao_rts:gao_fire_1","gao_fire_lit","action:gao_rts:gao_fire_withdraw","fire_escort_safe","gao_sea_post_destroyed","flagship_disabled","action:gao_rts:gao_seal","port_sealed","action:gao_rts:gao_scuttle","flagship_scuttled","action:gao_rts:gao_land","gao_landed","gao_captured"],"game_seconds":528.0,"orders":826,"result":{"contract_version":3,"core_cleared":true,"core_goal":"守住忠义堂和宋江，击退三批水陆主力，打停高俅座船。可直接收兵通关；生擒并押回堂前是可选演义目标。","done_ids":["gao_lure","gao_fire","gao_land","gao_capture"],"goals":[{"id":"gao_lure","label":"阮小七引活官船进入港汊伏区","note":"","reason":"","state":"done"},{"id":"gao_fire","label":"公孙胜祭风、刘唐登船举火，护两艘接应船撤离","note":"","reason":"","state":"done"},{"id":"gao_land","label":"击退岸军并拔除山前补给营","note":"","reason":"","state":"done"},{"id":"gao_capture","label":"封港凿船、水上接俘、返航后实际押至忠义堂","note":"","reason":"","state":"done"}],"missed_ids":[],"pending_ids":[],"story_complete":true,"story_done":4,"story_total":4},"skill_orders":17,"story_phase":"escort","units_queued":51,"units_queued_by_key":{"liang_dao":12,"liang_gong":10,"liang_qiang":12,"liangshan_warship":14,"lou_luo":3}},"passed":true,"route":"story","scope":"actual economy and combat controlled through player commands; automated, not human fun acceptance"}
