Godot Engine v4.6.3.stable.official.7d41c59c4 - https://godotengine.org

[runtime-check] PASS frozen old canopy loop hash matches
[runtime-check] PASS frozen old canopy loop compiles
[runtime-check] PASS projection-count fixture compiles
[runtime-check] PASS inside exact tree/post RGBA
[runtime-check] PASS inside expected opacity
[runtime-check] PASS left touches exact tree/post RGBA
[runtime-check] PASS left touches expected opacity
[runtime-check] PASS left overlaps exact tree/post RGBA
[runtime-check] PASS left overlaps expected opacity
[runtime-check] PASS right touches exact tree/post RGBA
[runtime-check] PASS right touches expected opacity
[runtime-check] PASS right overlaps exact tree/post RGBA
[runtime-check] PASS right overlaps expected opacity
[runtime-check] PASS top touches exact tree/post RGBA
[runtime-check] PASS top touches expected opacity
[runtime-check] PASS top overlaps exact tree/post RGBA
[runtime-check] PASS top overlaps expected opacity
[runtime-check] PASS bottom touches exact tree/post RGBA
[runtime-check] PASS bottom touches expected opacity
[runtime-check] PASS bottom overlaps exact tree/post RGBA
[runtime-check] PASS bottom overlaps expected opacity
[runtime-check] PASS outside exact tree/post RGBA
[runtime-check] PASS outside expected opacity
[runtime-check] PASS same depth exact tree/post RGBA
[runtime-check] PASS same depth expected opacity
[runtime-check] PASS in front exact tree/post RGBA
[runtime-check] PASS in front expected opacity
[runtime-check] PASS hidden exact tree/post RGBA
[runtime-check] PASS hidden expected opacity
[runtime-check] PASS dead exact tree/post RGBA
[runtime-check] PASS dead expected opacity
[runtime-check] PASS building exact tree/post RGBA
[runtime-check] PASS building expected opacity
[runtime-check] PASS negative depth exact tree/post RGBA
[runtime-check] PASS negative depth expected opacity
[runtime-check] PASS duplicate, null and freed unit references exact tree/post RGBA
[runtime-check] PASS same sprite appears in trees and posts exact tree/post RGBA
[runtime-check] PASS guard posts alone exact tree/post RGBA
[runtime-check] PASS no scenery exact tree/post RGBA
[runtime-check] PASS no canopies skips unit projection work
[runtime-check] PASS no units restores opacity exact tree/post RGBA
[runtime-check] PASS 206 units and 100 unobstructed canopies exact tree/post RGBA
[runtime-check] PASS projections reduced from pairs to units plus canopies
[runtime-check] PASS synthetic_206_outside_100_canopies exact tree/post RGBA
[runtime-check] PASS level1 constructs production scenery
[runtime-check] PASS level1 authored scene exact tree/post RGBA
[runtime-check] PASS level1 retains sub-tick cadence
[runtime-check] PASS level1 refreshes on 0.1 second boundary
[runtime-check] PASS level1 after full scenery update exact tree/post RGBA
[runtime-check] PASS previous scene, map and units actually freed
[runtime-check] PASS level2 constructs production scenery
[runtime-check] PASS level2 authored scene exact tree/post RGBA
[runtime-check] PASS level2 retains sub-tick cadence
[runtime-check] PASS level2 refreshes on 0.1 second boundary
[runtime-check] PASS level2 after full scenery update exact tree/post RGBA
[runtime-check] PASS previous scene, map and units actually freed
[runtime-check] PASS level3 constructs production scenery
[runtime-check] PASS level3 authored scene exact tree/post RGBA
[runtime-check] PASS level3 retains sub-tick cadence
[runtime-check] PASS level3 refreshes on 0.1 second boundary
[runtime-check] PASS level3 after full scenery update exact tree/post RGBA
[runtime-check] PASS previous scene, map and units actually freed
[runtime-check] PASS level4 constructs production scenery
[runtime-check] PASS level4 authored scene exact tree/post RGBA
[runtime-check] PASS level4 retains sub-tick cadence
[runtime-check] PASS level4 refreshes on 0.1 second boundary
[runtime-check] PASS level4 after full scenery update exact tree/post RGBA
[runtime-check] PASS previous scene, map and units actually freed
[runtime-check] PASS level5 constructs production scenery
[runtime-check] PASS level5 authored scene exact tree/post RGBA
[runtime-check] PASS level5 retains sub-tick cadence
[runtime-check] PASS level5 refreshes on 0.1 second boundary
[runtime-check] PASS level5 after full scenery update exact tree/post RGBA
[runtime-check] PASS level5_authored exact tree/post RGBA
[prof] bench(def): 200 敌 vs 6 英雄
[runtime-check] PASS level5 200-enemy bench on elevated map exact tree/post RGBA
[runtime-check] PASS level5_200_enemy_bench exact tree/post RGBA
[runtime-check] PASS level5_bench_all_units_shown exact tree/post RGBA
[runtime-check] PASS previous scene, map and units actually freed
[runtime-check] PASS level6 constructs production scenery
[runtime-check] PASS level6 authored scene exact tree/post RGBA
[runtime-check] PASS level6 retains sub-tick cadence
[runtime-check] PASS level6 refreshes on 0.1 second boundary
[runtime-check] PASS level6 after full scenery update exact tree/post RGBA
[runtime-check] PASS previous scene, map and units actually freed
[runtime-check] PASS level7 constructs production scenery
[runtime-check] PASS level7 authored scene exact tree/post RGBA
[runtime-check] PASS level7 retains sub-tick cadence
[runtime-check] PASS level7 refreshes on 0.1 second boundary
[runtime-check] PASS level7 after full scenery update exact tree/post RGBA
[runtime-check] PASS previous scene, map and units actually freed
[runtime-check] PASS level8 constructs production scenery
[runtime-check] PASS level8 authored scene exact tree/post RGBA
[runtime-check] PASS level8 retains sub-tick cadence
[runtime-check] PASS level8 refreshes on 0.1 second boundary
[runtime-check] PASS level8 after full scenery update exact tree/post RGBA
[runtime-check] PASS previous scene, map and units actually freed
[runtime-check] PASS player campaign save bytes unchanged
[runtime-check] PASS all four paired timing workloads completed
[canopy-qa] {"alpha_comparisons":1965,"checks":98,"failures":[],"passed":true}
