Godot Engine v4.6.3.stable.official.7d41c59c4 - https://godotengine.org

[   0% ] [90m[1mfirst_scan_filesystem[22m | Started 项目初始化 (5 steps)[39m[0m
[   0% ] [90m[1mfirst_scan_filesystem[22m | 正在扫描文件结构……[39m[0m
[  16% ] [90m[1mfirst_scan_filesystem[22m | 正在加载全局类名……[39m[0m
[  33% ] [90m[1mfirst_scan_filesystem[22m | 正在校验 GDExtension……[39m[0m
[  50% ] [90m[1mfirst_scan_filesystem[22m | 正在创建自动加载脚本……[39m[0m
[  66% ] [90m[1mfirst_scan_filesystem[22m | 正在初始化插件……[39m[0m
[  83% ] [90m[1mfirst_scan_filesystem[22m | 正在启动文件扫描……[39m[0m
[92m[ DONE ][39m [1mfirst_scan_filesystem[22m
[0m
[   0% ] [90m[1m_update_scan_actions[22m | Started 正在扫描动作…… (15 steps)[39m[0m
[   0% ] [90m[1m_update_scan_actions[22m | attack_ne.png[39m[0m
[   6% ] [90m[1m_update_scan_actions[22m | attack_nw.png[39m[0m
[  12% ] [90m[1m_update_scan_actions[22m | attack_se.png[39m[0m
[  18% ] [90m[1m_update_scan_actions[22m | attack_sw.png[39m[0m
[  25% ] [90m[1m_update_scan_actions[22m | down_atlas.png[39m[0m
[  31% ] [90m[1m_update_scan_actions[22m | fall_ne.png[39m[0m
[  37% ] [90m[1m_update_scan_actions[22m | fall_nw.png[39m[0m
[  43% ] [90m[1m_update_scan_actions[22m | fall_se.png[39m[0m
[  50% ] [90m[1m_update_scan_actions[22m | fall_sw.png[39m[0m
[  56% ] [90m[1m_update_scan_actions[22m | idle_ne.png[39m[0m
[  62% ] [90m[1m_update_scan_actions[22m | idle_nw.png[39m[0m
[  68% ] [90m[1m_update_scan_actions[22m | idle_se.png[39m[0m
[  75% ] [90m[1m_update_scan_actions[22m | idle_sw.png[39m[0m
[  81% ] [90m[1m_update_scan_actions[22m | walk_atlas.png[39m[0m
[  87% ] [90m[1m_update_scan_actions[22m | walk_sw.png[39m[0m
[92m[ DONE ][39m [1m_update_scan_actions[22m
[0m
[   0% ] [90m[1mreimport[22m | Started 正在导入或重新导入资产 (15 steps)[39m[0m
[   0% ] [90m[1mreimport[22m | 正在准备重新导入文件……[39m[0m
[   6% ] [90m[1mreimport[22m | 正在准备重新导入文件……[39m[0m
[  12% ] [90m[1mreimport[22m | 正在准备重新导入文件……[39m[0m
[  18% ] [90m[1mreimport[22m | 正在准备重新导入文件……[39m[0m
[  25% ] [90m[1mreimport[22m | 正在准备重新导入文件……[39m[0m
[  31% ] [90m[1mreimport[22m | 正在准备重新导入文件……[39m[0m
[  37% ] [90m[1mreimport[22m | 正在准备重新导入文件……[39m[0m
[  43% ] [90m[1mreimport[22m | 正在准备重新导入文件……[39m[0m
[  50% ] [90m[1mreimport[22m | 正在准备重新导入文件……[39m[0m
[  56% ] [90m[1mreimport[22m | 正在准备重新导入文件……[39m[0m
[  62% ] [90m[1mreimport[22m | 正在准备重新导入文件……[39m[0m
[  68% ] [90m[1mreimport[22m | 正在准备重新导入文件……[39m[0m
[  75% ] [90m[1mreimport[22m | 正在准备重新导入文件……[39m[0m
[  81% ] [90m[1mreimport[22m | 正在准备重新导入文件……[39m[0m
[  87% ] [90m[1mreimport[22m | 正在准备重新导入文件……[39m[0m
[   0% ] [90m[1mreimport[22m | 正在执行重新导入的前置操作……[39m[0m
[   0% ] [90m[1mreimport[22m | attack_ne.png[39m[0m
[   6% ] [90m[1mreimport[22m | attack_nw.png[39m[0m
[  12% ] [90m[1mreimport[22m | attack_se.png[39m[0m
[  18% ] [90m[1mreimport[22m | attack_sw.png[39m[0m
[  25% ] [90m[1mreimport[22m | down_atlas.png[39m[0m
[  31% ] [90m[1mreimport[22m | fall_ne.png[39m[0m
[  37% ] [90m[1mreimport[22m | fall_nw.png[39m[0m
[  43% ] [90m[1mreimport[22m | fall_se.png[39m[0m
[  50% ] [90m[1mreimport[22m | fall_sw.png[39m[0m
[  56% ] [90m[1mreimport[22m | idle_ne.png[39m[0m
[  62% ] [90m[1mreimport[22m | idle_nw.png[39m[0m
[  68% ] [90m[1mreimport[22m | idle_se.png[39m[0m
[  75% ] [90m[1mreimport[22m | idle_sw.png[39m[0m
[  81% ] [90m[1mreimport[22m | walk_atlas.png[39m[0m
[  87% ] [90m[1mreimport[22m | walk_sw.png[39m[0m
[  93% ] [90m[1mreimport[22m | 正在结束资产导入……[39m[0m
[92m[ DONE ][39m [1mreimport[22m
[0m
[   0% ] [90m[1mreimport[22m | Started 正在导入或重新导入资产 (15 steps)[39m[0m
[   0% ] [90m[1mreimport[22m | 正在执行重新导入的后置操作……[39m[0m
[92m[ DONE ][39m [1mreimport[22m
[0m
[   0% ] [90m[1mloading_editor_layout[22m | Started 正在加载编辑器 (5 steps)[39m[0m
[   0% ] [90m[1mloading_editor_layout[22m | 正在加载编辑器布局……[39m[0m
[  16% ] [90m[1mloading_editor_layout[22m | 正在加载停靠面板……[39m[0m
[92m[ DONE ][39m [1mloading_editor_layout[22m
[0m

