Godot Engine v4.6.3.stable.official.7d41c59c4 - https://godotengine.org

[runtime-check] PASS production dispatch probe compiles after autoload startup
[runtime-check] PASS phase order is a permutation of the unchanged 16-tick period
[runtime-check] PASS mobile spawn phase 0 decoration=0 weak=false
[runtime-check] PASS mobile spawn phase 1 decoration=0 weak=false
[runtime-check] PASS mobile spawn phase 2 decoration=0 weak=false
[runtime-check] PASS mobile spawn phase 3 decoration=0 weak=false
[runtime-check] PASS mobile spawn phase 4 decoration=0 weak=false
[runtime-check] PASS mobile spawn phase 5 decoration=0 weak=false
[runtime-check] PASS mobile spawn phase 6 decoration=0 weak=false
[runtime-check] PASS mobile spawn phase 7 decoration=0 weak=false
[runtime-check] PASS mobile spawn phase 8 decoration=0 weak=false
[runtime-check] PASS mobile spawn phase 9 decoration=0 weak=false
[runtime-check] PASS mobile spawn phase 10 decoration=0 weak=false
[runtime-check] PASS mobile spawn phase 11 decoration=0 weak=false
[runtime-check] PASS mobile spawn phase 12 decoration=0 weak=false
[runtime-check] PASS mobile spawn phase 13 decoration=0 weak=false
[runtime-check] PASS mobile spawn phase 14 decoration=0 weak=false
[runtime-check] PASS mobile spawn phase 15 decoration=0 weak=false
[runtime-check] PASS mobile spawn phase 16 decoration=0 weak=false
[runtime-check] PASS mobile spawn phase 17 decoration=0 weak=false
[runtime-check] PASS mobile spawn phase 18 decoration=0 weak=false
[runtime-check] PASS mobile spawn phase 19 decoration=0 weak=false
[runtime-check] PASS mobile spawn phase 20 decoration=0 weak=false
[runtime-check] PASS mobile spawn phase 21 decoration=0 weak=false
[runtime-check] PASS mobile spawn phase 22 decoration=0 weak=false
[runtime-check] PASS mobile spawn phase 23 decoration=0 weak=false
[runtime-check] PASS mobile spawn phase 24 decoration=0 weak=false
[runtime-check] PASS mobile spawn phase 25 decoration=0 weak=false
[runtime-check] PASS mobile spawn phase 26 decoration=0 weak=false
[runtime-check] PASS mobile spawn phase 27 decoration=0 weak=false
[runtime-check] PASS mobile spawn phase 28 decoration=0 weak=false
[runtime-check] PASS mobile spawn phase 29 decoration=0 weak=false
[runtime-check] PASS mobile spawn phase 30 decoration=0 weak=false
[runtime-check] PASS mobile spawn phase 31 decoration=0 weak=false
[runtime-check] PASS buildings/resources do not consume mobile phases
[runtime-check] PASS all 32 heroes decide exactly every 16 battle ticks
[runtime-check] PASS 32 heroes evenly occupy all 16 phases
[runtime-check] PASS death/spawn does not renumber survivors
[runtime-check] PASS mobile spawn phase 0 decoration=13 weak=false
[runtime-check] PASS mobile spawn phase 1 decoration=13 weak=false
[runtime-check] PASS mobile spawn phase 2 decoration=13 weak=false
[runtime-check] PASS mobile spawn phase 3 decoration=13 weak=false
[runtime-check] PASS mobile spawn phase 4 decoration=13 weak=false
[runtime-check] PASS mobile spawn phase 5 decoration=13 weak=false
[runtime-check] PASS mobile spawn phase 6 decoration=13 weak=false
[runtime-check] PASS mobile spawn phase 7 decoration=13 weak=false
[runtime-check] PASS mobile spawn phase 8 decoration=13 weak=false
[runtime-check] PASS mobile spawn phase 9 decoration=13 weak=false
[runtime-check] PASS mobile spawn phase 10 decoration=13 weak=false
[runtime-check] PASS mobile spawn phase 11 decoration=13 weak=false
[runtime-check] PASS mobile spawn phase 12 decoration=13 weak=false
[runtime-check] PASS mobile spawn phase 13 decoration=13 weak=false
[runtime-check] PASS mobile spawn phase 14 decoration=13 weak=false
[runtime-check] PASS mobile spawn phase 15 decoration=13 weak=false
[runtime-check] PASS mobile spawn phase 16 decoration=13 weak=false
[runtime-check] PASS mobile spawn phase 17 decoration=13 weak=false
[runtime-check] PASS mobile spawn phase 18 decoration=13 weak=false
[runtime-check] PASS mobile spawn phase 19 decoration=13 weak=false
[runtime-check] PASS mobile spawn phase 20 decoration=13 weak=false
[runtime-check] PASS mobile spawn phase 21 decoration=13 weak=false
[runtime-check] PASS mobile spawn phase 22 decoration=13 weak=false
[runtime-check] PASS mobile spawn phase 23 decoration=13 weak=false
[runtime-check] PASS mobile spawn phase 24 decoration=13 weak=false
[runtime-check] PASS mobile spawn phase 25 decoration=13 weak=false
[runtime-check] PASS mobile spawn phase 26 decoration=13 weak=false
[runtime-check] PASS mobile spawn phase 27 decoration=13 weak=false
[runtime-check] PASS mobile spawn phase 28 decoration=13 weak=false
[runtime-check] PASS mobile spawn phase 29 decoration=13 weak=false
[runtime-check] PASS mobile spawn phase 30 decoration=13 weak=false
[runtime-check] PASS mobile spawn phase 31 decoration=13 weak=false
[runtime-check] PASS buildings/resources do not consume mobile phases
[runtime-check] PASS all 32 heroes decide exactly every 16 battle ticks
[runtime-check] PASS 32 heroes evenly occupy all 16 phases
[runtime-check] PASS death/spawn does not renumber survivors
[runtime-check] PASS complete decision trace independent of decoration and static-unit allocations; weak=false
[runtime-check] PASS mobile spawn phase 0 decoration=0 weak=true
[runtime-check] PASS mobile spawn phase 1 decoration=0 weak=true
[runtime-check] PASS mobile spawn phase 2 decoration=0 weak=true
[runtime-check] PASS mobile spawn phase 3 decoration=0 weak=true
[runtime-check] PASS mobile spawn phase 4 decoration=0 weak=true
[runtime-check] PASS mobile spawn phase 5 decoration=0 weak=true
[runtime-check] PASS mobile spawn phase 6 decoration=0 weak=true
[runtime-check] PASS mobile spawn phase 7 decoration=0 weak=true
[runtime-check] PASS mobile spawn phase 8 decoration=0 weak=true
[runtime-check] PASS mobile spawn phase 9 decoration=0 weak=true
[runtime-check] PASS mobile spawn phase 10 decoration=0 weak=true
[runtime-check] PASS mobile spawn phase 11 decoration=0 weak=true
[runtime-check] PASS mobile spawn phase 12 decoration=0 weak=true
[runtime-check] PASS mobile spawn phase 13 decoration=0 weak=true
[runtime-check] PASS mobile spawn phase 14 decoration=0 weak=true
[runtime-check] PASS mobile spawn phase 15 decoration=0 weak=true
[runtime-check] PASS mobile spawn phase 16 decoration=0 weak=true
[runtime-check] PASS mobile spawn phase 17 decoration=0 weak=true
[runtime-check] PASS mobile spawn phase 18 decoration=0 weak=true
[runtime-check] PASS mobile spawn phase 19 decoration=0 weak=true
[runtime-check] PASS mobile spawn phase 20 decoration=0 weak=true
[runtime-check] PASS mobile spawn phase 21 decoration=0 weak=true
[runtime-check] PASS mobile spawn phase 22 decoration=0 weak=true
[runtime-check] PASS mobile spawn phase 23 decoration=0 weak=true
[runtime-check] PASS mobile spawn phase 24 decoration=0 weak=true
[runtime-check] PASS mobile spawn phase 25 decoration=0 weak=true
[runtime-check] PASS mobile spawn phase 26 decoration=0 weak=true
[runtime-check] PASS mobile spawn phase 27 decoration=0 weak=true
[runtime-check] PASS mobile spawn phase 28 decoration=0 weak=true
[runtime-check] PASS mobile spawn phase 29 decoration=0 weak=true
[runtime-check] PASS mobile spawn phase 30 decoration=0 weak=true
[runtime-check] PASS mobile spawn phase 31 decoration=0 weak=true
[runtime-check] PASS buildings/resources do not consume mobile phases
[runtime-check] PASS all 32 heroes decide exactly every 16 battle ticks
[runtime-check] PASS 32 heroes evenly occupy all 16 phases
[runtime-check] PASS death/spawn does not renumber survivors
[runtime-check] PASS mobile spawn phase 0 decoration=13 weak=true
[runtime-check] PASS mobile spawn phase 1 decoration=13 weak=true
[runtime-check] PASS mobile spawn phase 2 decoration=13 weak=true
[runtime-check] PASS mobile spawn phase 3 decoration=13 weak=true
[runtime-check] PASS mobile spawn phase 4 decoration=13 weak=true
[runtime-check] PASS mobile spawn phase 5 decoration=13 weak=true
[runtime-check] PASS mobile spawn phase 6 decoration=13 weak=true
[runtime-check] PASS mobile spawn phase 7 decoration=13 weak=true
[runtime-check] PASS mobile spawn phase 8 decoration=13 weak=true
[runtime-check] PASS mobile spawn phase 9 decoration=13 weak=true
[runtime-check] PASS mobile spawn phase 10 decoration=13 weak=true
[runtime-check] PASS mobile spawn phase 11 decoration=13 weak=true
[runtime-check] PASS mobile spawn phase 12 decoration=13 weak=true
[runtime-check] PASS mobile spawn phase 13 decoration=13 weak=true
[runtime-check] PASS mobile spawn phase 14 decoration=13 weak=true
[runtime-check] PASS mobile spawn phase 15 decoration=13 weak=true
[runtime-check] PASS mobile spawn phase 16 decoration=13 weak=true
[runtime-check] PASS mobile spawn phase 17 decoration=13 weak=true
[runtime-check] PASS mobile spawn phase 18 decoration=13 weak=true
[runtime-check] PASS mobile spawn phase 19 decoration=13 weak=true
[runtime-check] PASS mobile spawn phase 20 decoration=13 weak=true
[runtime-check] PASS mobile spawn phase 21 decoration=13 weak=true
[runtime-check] PASS mobile spawn phase 22 decoration=13 weak=true
[runtime-check] PASS mobile spawn phase 23 decoration=13 weak=true
[runtime-check] PASS mobile spawn phase 24 decoration=13 weak=true
[runtime-check] PASS mobile spawn phase 25 decoration=13 weak=true
[runtime-check] PASS mobile spawn phase 26 decoration=13 weak=true
[runtime-check] PASS mobile spawn phase 27 decoration=13 weak=true
[runtime-check] PASS mobile spawn phase 28 decoration=13 weak=true
[runtime-check] PASS mobile spawn phase 29 decoration=13 weak=true
[runtime-check] PASS mobile spawn phase 30 decoration=13 weak=true
[runtime-check] PASS mobile spawn phase 31 decoration=13 weak=true
[runtime-check] PASS buildings/resources do not consume mobile phases
[runtime-check] PASS all 32 heroes decide exactly every 16 battle ticks
[runtime-check] PASS 32 heroes evenly occupy all 16 phases
[runtime-check] PASS death/spawn does not renumber survivors
[runtime-check] PASS complete decision trace independent of decoration and static-unit allocations; weak=true
[runtime-check] PASS hero guard retained: eligible
[runtime-check] PASS hero guard retained: manual order
[runtime-check] PASS hero guard retained: manual grace
[runtime-check] PASS hero guard retained: casting
[runtime-check] PASS hero guard retained: dead
[runtime-check] PASS hero guard retained: enemy hero
[runtime-check] PASS hero guard retained: not hero
[runtime-check] PASS hero guard retained: building
[runtime-check] PASS hero guard retained: disabled
[runtime-check] PASS hero guard retained: no slots
[runtime-check] PASS global off cancels hero micro
[runtime-check] PASS full auto enables eligible hero at assigned phase
[runtime-check] PASS summon hunting uses same stable cadence
[runtime-check] PASS summon guard retained: moving
[runtime-check] PASS summon guard retained: dead
[runtime-check] PASS summon guard retained: ordinary soldier
[runtime-check] PASS intro does not advance combat decision clock
[runtime-check] PASS one battle physics callback advances exactly one decision tick
[runtime-check] PASS rendered/global frames cannot advance a disabled battle clock
[runtime-check] PASS pause preserves battle cadence while global physics frames advance
[runtime-check] PASS real campaign section supports cleanup
[runtime-check] PASS campaign section cleanup resets scheduling state
[runtime-check] PASS next section begins with fresh phase allocation
[runtime-check] PASS previous scene, map and units actually freed
[runtime-check] PASS player campaign save bytes unchanged
[ai-schedule-qa] {"checks":173,"decisions_compared":256,"failures":[],"passed":true}
