Godot Engine v4.6.3.stable.official.7d41c59c4 - https://godotengine.org
OpenGL API 3.3.0 NVIDIA 610.88 - Compatibility - Using Device: NVIDIA - NVIDIA GeForce RTX 4060 Laptop GPU

WARNING: 2D MSAA is not yet supported for GLES3.
   at: render_target_set_msaa (drivers/gles3/storage/texture_storage.cpp:2934)
PARTITION_CHECK_FAILED component roundtrip Visual activation audits all external markers
PARTITION_RESULT component roundtrip Visual activation audits all external markers { "ok": false, "code": "PRESENTATION_EXTRA_SIGNAL", "field": "node:_panel ready -> PanelContainer.Control::_clear_size_warning flags=5 mission=false localize=false native=[]", "complete_world": false }
PARTITION_CHECK_FAILED wrong_adapter Visual activation audits all external markers
PARTITION_RESULT wrong_adapter Visual activation audits all external markers { "ok": false, "code": "PRESENTATION_EXTRA_SIGNAL", "field": "node:_panel ready -> PanelContainer.Control::_clear_size_warning flags=5 mission=false localize=false native=[]", "complete_world": false }
PARTITION_CHECK_FAILED bind_changed Visual activation audits all external markers
PARTITION_RESULT bind_changed Visual activation audits all external markers { "ok": false, "code": "PRESENTATION_EXTRA_SIGNAL", "field": "node:_panel ready -> PanelContainer.Control::_clear_size_warning flags=5 mission=false localize=false native=[]", "complete_world": false }
PARTITION_CHECK_FAILED bind_extra Visual activation audits all external markers
PARTITION_RESULT bind_extra Visual activation audits all external markers { "ok": false, "code": "PRESENTATION_EXTRA_SIGNAL", "field": "node:_panel ready -> PanelContainer.Control::_clear_size_warning flags=5 mission=false localize=false native=[]", "complete_world": false }
PARTITION_CHECK_FAILED order Visual activation audits all external markers
PARTITION_RESULT order Visual activation audits all external markers { "ok": false, "code": "PRESENTATION_EXTRA_SIGNAL", "field": "node:_panel ready -> PanelContainer.Control::_clear_size_warning flags=5 mission=false localize=false native=[]", "complete_world": false }
PARTITION_CHECK_FAILED parent Visual activation audits all external markers
PARTITION_RESULT parent Visual activation audits all external markers { "ok": false, "code": "PRESENTATION_EXTRA_SIGNAL", "field": "node:_panel ready -> PanelContainer.Control::_clear_size_warning flags=5 mission=false localize=false native=[]", "complete_world": false }
PARTITION_CHECK_FAILED state Visual activation audits all external markers
PARTITION_RESULT state Visual activation audits all external markers { "ok": false, "code": "PRESENTATION_EXTRA_SIGNAL", "field": "node:_panel ready -> PanelContainer.Control::_clear_size_warning flags=5 mission=false localize=false native=[]", "complete_world": false }
PARTITION_CHECK_FAILED metadata Visual activation audits all external markers
PARTITION_RESULT metadata Visual activation audits all external markers { "ok": false, "code": "PRESENTATION_EXTRA_SIGNAL", "field": "node:_panel ready -> PanelContainer.Control::_clear_size_warning flags=5 mission=false localize=false native=[]", "complete_world": false }
PARTITION_CHECK_FAILED metadata_missing Visual activation audits all external markers
PARTITION_RESULT metadata_missing Visual activation audits all external markers { "ok": false, "code": "PRESENTATION_EXTRA_SIGNAL", "field": "node:_panel ready -> PanelContainer.Control::_clear_size_warning flags=5 mission=false localize=false native=[]", "complete_world": false }
PARTITION_CHECK_FAILED alias Visual activation audits all external markers
PARTITION_RESULT alias Visual activation audits all external markers { "ok": false, "code": "PRESENTATION_EXTRA_SIGNAL", "field": "node:_panel ready -> PanelContainer.Control::_clear_size_warning flags=5 mission=false localize=false native=[]", "complete_world": false }
PARTITION_CHECK_FAILED token_missing Visual activation audits all external markers
PARTITION_RESULT token_missing Visual activation audits all external markers { "ok": false, "code": "PRESENTATION_EXTRA_SIGNAL", "field": "node:_panel ready -> PanelContainer.Control::_clear_size_warning flags=5 mission=false localize=false native=[]", "complete_world": false }
PARTITION_CHECK_FAILED ungated Visual activation audits all external markers
PARTITION_RESULT ungated Visual activation audits all external markers { "ok": false, "code": "PRESENTATION_EXTRA_SIGNAL", "field": "node:_panel ready -> PanelContainer.Control::_clear_size_warning flags=5 mission=false localize=false native=[]", "complete_world": false }
PARTITION_CHECK_FAILED extra Visual activation audits all external markers
PARTITION_RESULT extra Visual activation audits all external markers { "ok": false, "code": "PRESENTATION_EXTRA_SIGNAL", "field": "node:_panel ready -> PanelContainer.Control::_clear_size_warning flags=5 mission=false localize=false native=[]", "complete_world": false }
PARTITION_CHECK_FAILED plan Visual activation audits all external markers
PARTITION_RESULT plan Visual activation audits all external markers { "ok": false, "code": "PRESENTATION_EXTRA_SIGNAL", "field": "node:_panel ready -> PanelContainer.Control::_clear_size_warning flags=5 mission=false localize=false native=[]", "complete_world": false }
PARTITION_CHECK_FAILED mission Visual activation audits all external markers
PARTITION_RESULT mission Visual activation audits all external markers { "ok": false, "code": "PRESENTATION_EXTRA_SIGNAL", "field": "node:_panel ready -> PanelContainer.Control::_clear_size_warning flags=5 mission=false localize=false native=[]", "complete_world": false }
PARTITION_CHECK_FAILED clock Visual activation audits all external markers
PARTITION_RESULT clock Visual activation audits all external markers { "ok": false, "code": "PRESENTATION_EXTRA_SIGNAL", "field": "node:_panel ready -> PanelContainer.Control::_clear_size_warning flags=5 mission=false localize=false native=[]", "complete_world": false }
SCRIPT ERROR: Trying to assign invalid previously freed instance.
   at: cleanup (res://tools/campaign_fx_partition_qa.gd:391)
   GDScript backtrace (most recent call first):
       [0] cleanup (res://tools/campaign_fx_partition_qa.gd:391)
       [1] run (res://tools/campaign_fx_partition_qa.gd:419)
       [2] restore_case (res://tools/campaign_fx_partition_qa.gd:366)
CAMPAIGN_FX_PARTITION_QA component checks=371 passed=false
