Godot Engine v4.6.3.stable.official.7d41c59c4 - https://godotengine.org

ERROR: player input bypasses translation: zh_CN
   at: push_error (core/variant/variant_utility.cpp:1024)
   GDScript backtrace (most recent call first):
       [0] check (res://tools/localization_qa.gd:15)
       [1] _scenario_data (res://tools/localization_qa.gd:214)
ERROR: player input bypasses translation: zh_TW
   at: push_error (core/variant/variant_utility.cpp:1024)
   GDScript backtrace (most recent call first):
       [0] check (res://tools/localization_qa.gd:15)
       [1] _scenario_data (res://tools/localization_qa.gd:214)
ERROR: player input bypasses translation: en
   at: push_error (core/variant/variant_utility.cpp:1024)
   GDScript backtrace (most recent call first):
       [0] check (res://tools/localization_qa.gd:15)
       [1] _scenario_data (res://tools/localization_qa.gd:214)
ERROR: player input bypasses translation: ja
   at: push_error (core/variant/variant_utility.cpp:1024)
   GDScript backtrace (most recent call first):
       [0] check (res://tools/localization_qa.gd:15)
       [1] _scenario_data (res://tools/localization_qa.gd:214)
[localization QA] 320 checks; failures 4
