Godot Engine v4.6.3.stable.official.7d41c59c4 - https://godotengine.org
Vulkan 1.4.341 - Forward+ - Using Device #0: NVIDIA - NVIDIA GeForce RTX 4060 Laptop GPU

SCRIPT ERROR: Parse Error: Assigned value for constant "NATIVE" isn't a constant expression.
   at: GDScript::reload (res://scripts/run_death_remains_state.gd:4)
   GDScript backtrace (most recent call first):
       [0] _run (res://tools/death_remains/driver.gd:373)
       [1] _wait_barrier (res://tools/death_remains/driver.gd:46)
SCRIPT ERROR: Parse Error: Assigned value for constant "FIELDS" isn't a constant expression.
   at: GDScript::reload (res://scripts/run_death_remains_state.gd:5)
   GDScript backtrace (most recent call first):
       [0] _run (res://tools/death_remains/driver.gd:373)
       [1] _wait_barrier (res://tools/death_remains/driver.gd:46)
SCRIPT ERROR: Compile Error: Failed to compile depended scripts.
   at: GDScript::reload (res://scripts/run_visual_graph.gd:0)
   GDScript backtrace (most recent call first):
       [0] _run (res://tools/death_remains/driver.gd:373)
       [1] _wait_barrier (res://tools/death_remains/driver.gd:46)
SCRIPT ERROR: Compile Error: Failed to compile depended scripts.
   at: GDScript::reload (res://scripts/run_battle_world_core.gd:0)
   GDScript backtrace (most recent call first):
       [0] _run (res://tools/death_remains/driver.gd:373)
       [1] _wait_barrier (res://tools/death_remains/driver.gd:46)
ERROR: Failed to load script "res://scripts/run_battle_world_core.gd" with error "Compilation failed".
   at: load (modules/gdscript/gdscript.cpp:2907)
   GDScript backtrace (most recent call first):
       [0] _run (res://tools/death_remains/driver.gd:373)
       [1] _wait_barrier (res://tools/death_remains/driver.gd:46)
SCRIPT ERROR: Invalid call. Nonexistent function 'new' in base 'GDScript'.
   at: _init (res://scripts/run_visual_graph.gd:54)
   GDScript backtrace (most recent call first):
       [0] _init (res://scripts/run_visual_graph.gd:54)
       [1] _visuals (res://scripts/run_battle_world_core.gd:57)
       [2] capture (res://scripts/run_battle_world_core.gd:102)
       [3] _run (res://tools/death_remains/driver.gd:376)
       [4] _wait_barrier (res://tools/death_remains/driver.gd:46)
