Godot Engine v4.6.3.stable.official.7d41c59c4 - https://godotengine.org
OpenGL API 3.3.0 NVIDIA 616.64 - Compatibility - Using Device: NVIDIA - NVIDIA GeForce RTX 4060 Laptop GPU

WARNING: 2D MSAA is not yet supported for GLES3.
   at: render_target_set_msaa (drivers/gles3/storage/texture_storage.cpp:2934)
LEVEL4 PASS installed identity
LEVEL4 PASS installed runtime without deploy
LEVEL4 PASS unimplemented Gao still rejected
LEVEL4 PASS real level4 launch
LEVEL4 PASS initial capture request
LEVEL4 PASS initial held boundary
LEVEL4 PASS initial save whole world
LEVEL4 PASS initial closed slot readable
LEVEL4 PASS initial exact chapter context
LEVEL4 PASS initial wrong chapter refused before install
LEVEL4 PASS negative fixture level decoded
LEVEL4 PASS corrupt wrong_kill_count rejected
LEVEL4 PASS corrupt duplicate_rider rejected
LEVEL4 PASS negative fixture unit decoded
LEVEL4 PASS corrupt wrong_rider_lane rejected
LEVEL4 PASS initial prepare private world
LEVEL4 PASS initial install paused world
LEVEL4 PASS initial recapture capture request
LEVEL4 PASS initial recapture held boundary
LEVEL4 PASS initial recapture save whole world
LEVEL4 PASS initial recapture closed slot readable
LEVEL4 PASS initial recapture exact chapter context
LEVEL4 PASS initial exact units
LEVEL4 PASS initial exact level
LEVEL4 PASS initial exact map
LEVEL4 PASS initial exact rng
LEVEL4 PASS initial stage clock rebased within measured interval
LEVEL4 PASS initial exact remaining mission state
LEVEL4 PASS initial release snapshot barrier
LEVEL4 PASS initial reading leaves disk untouched
LEVEL4 PASS paid hook recruitment
LEVEL4 PASS paid_queue capture request
LEVEL4 PASS paid_queue held boundary
LEVEL4 PASS paid_queue save whole world
LEVEL4 PASS paid_queue closed slot readable
LEVEL4 PASS paid_queue exact chapter context
LEVEL4 PASS paid_queue wrong chapter refused before install
LEVEL4 PASS paid_queue prepare private world
LEVEL4 PASS paid_queue install paused world
LEVEL4 PASS paid_queue recapture capture request
LEVEL4 PASS paid_queue recapture held boundary
LEVEL4 PASS paid_queue recapture save whole world
LEVEL4 PASS paid_queue recapture closed slot readable
LEVEL4 PASS paid_queue recapture exact chapter context
LEVEL4 PASS paid_queue exact units
LEVEL4 PASS paid_queue exact level
LEVEL4 PASS paid_queue exact map
LEVEL4 PASS paid_queue exact rng
LEVEL4 PASS paid_queue stage clock rebased within measured interval
LEVEL4 PASS paid_queue exact remaining mission state
LEVEL4 PASS paid_queue release snapshot barrier
LEVEL4 PASS paid_queue reading leaves disk untouched
LEVEL4 PASS north six riders dispatched
LEVEL4 PASS charging capture request
LEVEL4 PASS charging held boundary
LEVEL4 PASS charging save whole world
LEVEL4 PASS charging closed slot readable
LEVEL4 PASS charging exact chapter context
LEVEL4 PASS charging wrong chapter refused before install
LEVEL4 PASS charging prepare private world
LEVEL4 PASS charging install paused world
LEVEL4 PASS charging recapture capture request
LEVEL4 PASS charging recapture held boundary
LEVEL4 PASS charging recapture save whole world
LEVEL4 PASS charging recapture closed slot readable
LEVEL4 PASS charging recapture exact chapter context
LEVEL4 PASS charging exact units
LEVEL4 PASS charging exact level
LEVEL4 PASS charging exact map
LEVEL4 PASS charging exact rng
LEVEL4 PASS charging stage clock rebased within measured interval
LEVEL4 PASS charging exact remaining mission state
LEVEL4 PASS charging release snapshot barrier
LEVEL4 PASS charging reading leaves disk untouched
LEVEL4 PASS actual coordinated break
LEVEL4 PASS broken capture request
LEVEL4 PASS broken held boundary
LEVEL4 PASS broken save whole world
LEVEL4 PASS broken closed slot readable
LEVEL4 PASS broken exact chapter context
LEVEL4 PASS broken wrong chapter refused before install
LEVEL4 PASS broken prepare private world
LEVEL4 PASS broken install paused world
LEVEL4 PASS broken recapture capture request
LEVEL4 PASS broken recapture held boundary
LEVEL4 PASS broken recapture save whole world
LEVEL4 PASS broken recapture closed slot readable
LEVEL4 PASS broken recapture exact chapter context
LEVEL4 PASS broken exact units
LEVEL4 PASS broken exact level
LEVEL4 PASS broken exact map
LEVEL4 PASS broken exact rng
LEVEL4 PASS broken stage clock rebased within measured interval
LEVEL4 PASS broken exact remaining mission state
LEVEL4 PASS broken release snapshot barrier
LEVEL4 PASS broken reading leaves disk untouched
LEVEL4 PASS real rider death callback counted once
LEVEL4 PASS dying_rider capture request
LEVEL4 PASS dying_rider held boundary
LEVEL4 PASS dying_rider save whole world
LEVEL4 PASS dying_rider closed slot readable
LEVEL4 PASS dying_rider exact chapter context
LEVEL4 PASS dying_rider wrong chapter refused before install
LEVEL4 PASS dying_rider prepare private world
LEVEL4 PASS dying_rider install paused world
LEVEL4 PASS dying_rider recapture capture request
LEVEL4 PASS dying_rider recapture held boundary
LEVEL4 PASS dying_rider recapture save whole world
LEVEL4 PASS dying_rider recapture closed slot readable
LEVEL4 PASS dying_rider recapture exact chapter context
LEVEL4 PASS dying_rider exact units
LEVEL4 PASS dying_rider exact level
LEVEL4 PASS dying_rider exact map
LEVEL4 PASS dying_rider exact rng
LEVEL4 PASS dying_rider stage clock rebased within measured interval
LEVEL4 PASS dying_rider exact remaining mission state
LEVEL4 PASS dying_rider release snapshot barrier
LEVEL4 PASS dying_rider reading leaves disk untouched
LEVEL4 PASS real capture and retreat
LEVEL4 PASS leaders_resolved capture request
LEVEL4 PASS leaders_resolved held boundary
LEVEL4 PASS leaders_resolved save whole world
LEVEL4 PASS leaders_resolved closed slot readable
LEVEL4 PASS leaders_resolved exact chapter context
LEVEL4 PASS leaders_resolved wrong chapter refused before install
LEVEL4 PASS leaders_resolved prepare private world
LEVEL4 PASS leaders_resolved install paused world
LEVEL4 PASS leaders_resolved recapture capture request
LEVEL4 PASS leaders_resolved recapture held boundary
LEVEL4 PASS leaders_resolved recapture save whole world
LEVEL4 PASS leaders_resolved recapture closed slot readable
LEVEL4 PASS leaders_resolved recapture exact chapter context
LEVEL4 PASS leaders_resolved exact units
LEVEL4 PASS leaders_resolved exact level
LEVEL4 PASS leaders_resolved exact map
LEVEL4 PASS leaders_resolved exact rng
LEVEL4 PASS leaders_resolved stage clock rebased within measured interval
LEVEL4 PASS leaders_resolved exact remaining mission state
LEVEL4 PASS leaders_resolved release snapshot barrier
LEVEL4 PASS leaders_resolved reading leaves disk untouched
LEVEL4 PASS actual drill reset creates dummy
LEVEL4 PASS drill_ready capture request
LEVEL4 PASS drill_ready held boundary
LEVEL4 PASS drill_ready save whole world
LEVEL4 PASS drill_ready closed slot readable
LEVEL4 PASS drill_ready exact chapter context
LEVEL4 PASS drill_ready wrong chapter refused before install
LEVEL4 PASS drill_ready prepare private world
LEVEL4 PASS drill_ready install paused world
LEVEL4 PASS drill_ready recapture capture request
LEVEL4 PASS drill_ready recapture held boundary
LEVEL4 PASS drill_ready recapture save whole world
LEVEL4 PASS drill_ready recapture closed slot readable
LEVEL4 PASS drill_ready recapture exact chapter context
LEVEL4 PASS drill_ready exact units
LEVEL4 PASS drill_ready exact level
LEVEL4 PASS drill_ready exact map
LEVEL4 PASS drill_ready exact rng
LEVEL4 PASS drill_ready stage clock rebased within measured interval
LEVEL4 PASS drill_ready exact remaining mission state
LEVEL4 PASS drill_ready release snapshot barrier
LEVEL4 PASS drill_ready reading leaves disk untouched
LEVEL4 PASS restored world continues natural simulation
LEVEL4 PASS after_simulation capture request
LEVEL4 PASS after_simulation held boundary
LEVEL4 PASS after_simulation save whole world
LEVEL4 PASS after_simulation closed slot readable
LEVEL4 PASS after_simulation exact chapter context
LEVEL4 PASS after_simulation wrong chapter refused before install
LEVEL4 PASS after_simulation prepare private world
LEVEL4 PASS after_simulation install paused world
LEVEL4 PASS after_simulation recapture capture request
LEVEL4 PASS after_simulation recapture held boundary
LEVEL4 PASS after_simulation recapture save whole world
LEVEL4 PASS after_simulation recapture closed slot readable
LEVEL4 PASS after_simulation recapture exact chapter context
LEVEL4 PASS after_simulation exact units
LEVEL4 PASS after_simulation exact level
LEVEL4 PASS after_simulation exact map
LEVEL4 PASS after_simulation exact rng
LEVEL4 PASS after_simulation stage clock rebased within measured interval
LEVEL4 PASS after_simulation exact remaining mission state
LEVEL4 PASS after_simulation release snapshot barrier
LEVEL4 PASS after_simulation reading leaves disk untouched
LEVEL4 PASS restored toast layout fits text
LEVEL4 PASS restored toast layout fits text
LEVEL4 PASS restored toast layout fits text
LEVEL4 PASS actual restored viewport captured
