Godot Engine v4.6.3.stable.official.7d41c59c4 - https://godotengine.org
OpenGL API 3.3.0 NVIDIA 610.88 - Compatibility - Using Device: NVIDIA - NVIDIA GeForce RTX 4060 Laptop GPU

WARNING: 2D MSAA is not yet supported for GLES3.
   at: render_target_set_msaa (drivers/gles3/storage/texture_storage.cpp:2934)
[rts] PASS gate and defended arrow tower both inspected
[rts] PASS zh_CN displays effective fortification value
[rts] PASS zh_CN fortification text fits label
[rts] PASS zh_CN stats remain in viewport
[rts] PASS capture zh_CN zhu_gate
[rts] PASS zh_CN displays effective fortification value
[rts] PASS zh_CN fortification text fits label
[rts] PASS zh_CN stats remain in viewport
[rts] PASS capture zh_CN arrow_tower
[rts] PASS zh_TW displays effective fortification value
[rts] PASS zh_TW fortification text fits label
[rts] PASS zh_TW stats remain in viewport
[rts] PASS capture zh_TW zhu_gate
[rts] PASS zh_TW displays effective fortification value
[rts] PASS zh_TW fortification text fits label
[rts] PASS zh_TW stats remain in viewport
[rts] PASS capture zh_TW arrow_tower
[rts] PASS en displays effective fortification value
[rts] PASS en fortification text fits label
[rts] PASS en stats remain in viewport
[rts] PASS capture en zhu_gate
[rts] PASS en displays effective fortification value
[rts] PASS en fortification text fits label
[rts] PASS en stats remain in viewport
[rts] PASS capture en arrow_tower
[rts] PASS ja displays effective fortification value
[rts] PASS ja fortification text fits label
[rts] PASS ja stats remain in viewport
[rts] PASS capture ja zhu_gate
[rts] PASS ja displays effective fortification value
[rts] PASS ja fortification text fits label
[rts] PASS ja stats remain in viewport
[rts] PASS capture ja arrow_tower
