Godot Engine v4.6.3.stable.official.7d41c59c4 - https://godotengine.org

[rts] PASS fixture spawned: arrow_tower
[rts] PASS fixture spawned: siege_ram
[rts] PASS unarmored target emits expected ordinary arrows
[rts] PASS real projectile reached its target
[rts] PASS unarmored target damage=51.0
[rts] PASS five armor ram emits expected ordinary arrows
[rts] PASS real projectile reached its target
[rts] PASS five armor ram damage=40.8
[rts] PASS armor reduction uses effective defense emits expected ordinary arrows
[rts] PASS real projectile reached its target
[rts] PASS armor reduction uses effective defense damage=46.3636363636364
[rts] PASS fixture spawned: liang_gong
[rts] PASS tower and garrison arrows emits expected ordinary arrows
[rts] PASS real projectile reached its target
[rts] PASS real projectile reached its target
[rts] PASS tower and garrison arrows damage=47.6
[rts] PASS physical armor and temporary reduction apply once emits expected ordinary arrows
[rts] PASS real projectile reached its target
[rts] PASS physical armor and temporary reduction apply once damage=20.4
[rts] PASS skills continue to bypass physical armor
[rts] PASS mobile ordinary attack creates one real arrow
[rts] PASS real projectile reached its target
[rts] PASS mobile arrow keeps exactly one physical armor application
[rts] PASS fixture spawned: thunder_tower
[rts] PASS fixture spawned: siege_ram
[rts] PASS fixture spawned: siege_ram
[rts] PASS existing blast primary damage is unchanged emits expected ordinary arrows
[rts] PASS real projectile reached its target
[rts] PASS existing blast primary damage is unchanged damage=66.0
[rts] PASS primary armor does not contaminate separate blast victim
[rts] PASS fixture spawned: zhu_gate
[rts] PASS fixture spawned: liang_dao
[rts] PASS fixture spawned: siege_ram
[rts] PASS fixture spawned: siege_cata
[rts] PASS ordinary weapon observes fortification
[rts] PASS generic skill observes fortification
[rts] PASS piercing skill observes fortification
[rts] PASS unattributed ordinary damage observes fortification
[rts] PASS named DOT with expired source observes fortification
[rts] PASS ram ordinary hit observes fortification
[rts] PASS generic skill cannot borrow siege exemption observes fortification
[rts] PASS fortification applies before shield absorption
[rts] PASS existing fourteen-field projectile state carries siege provenance
[rts] PASS real projectile reached its target
[rts] PASS restored stone keeps siege damage after its shooter expires
[rts] PASS explicit source-free internal removal remains effective
[rts] PASS level3 has explicit enemy fortification: zhu_gate
[rts] PASS level3 preserves shared combat numbers: zhu_gate
[rts] PASS fixture spawned: zhu_gate
[rts] PASS fixture spawned: zhu_gate
[rts] PASS level3 fortification is enemy-only: zhu_gate
[rts] PASS level3 has explicit enemy fortification: arrow_tower
[rts] PASS level3 preserves shared combat numbers: arrow_tower
[rts] PASS fixture spawned: arrow_tower
[rts] PASS fixture spawned: arrow_tower
[rts] PASS level3 fortification is enemy-only: arrow_tower
[rts] PASS fixture spawned: barracks
[rts] PASS ordinary enemy production buildings gain no fortification
[rts] PASS level8 has explicit enemy fortification: zhu_gate
[rts] PASS level8 preserves shared combat numbers: zhu_gate
[rts] PASS fixture spawned: zhu_gate
[rts] PASS fixture spawned: zhu_gate
[rts] PASS level8 fortification is enemy-only: zhu_gate
[rts] PASS level8 has explicit enemy fortification: arrow_tower
[rts] PASS level8 preserves shared combat numbers: arrow_tower
[rts] PASS fixture spawned: arrow_tower
[rts] PASS fixture spawned: arrow_tower
[rts] PASS level8 fortification is enemy-only: arrow_tower
[rts] PASS fixture spawned: barracks
[rts] PASS ordinary enemy production buildings gain no fortification
[rts] PASS fortification definitions do not leak into defense mode
[campaign-siege-balance] {"checks":71,"failures":[],"metrics":{},"passed":true,"route":"contracts","scope":"isolated numerical and real-projectile fixtures"}
