Godot Engine v4.6.3.stable.official.7d41c59c4 - https://godotengine.org

[runtime-check] PASS frozen complete 69125b3 chase function hash matches
[runtime-check] PASS frozen complete chase method compiles with spy=true
[runtime-check] PASS frozen complete chase method compiles with spy=false
[runtime-check] PASS all time/speed IEEE64 boundaries and paths agree intent=0 blocker=false
[runtime-check] PASS all time/speed IEEE64 boundaries and paths agree intent=0 blocker=true
[runtime-check] PASS all time/speed IEEE64 boundaries and paths agree intent=1 blocker=false
[runtime-check] PASS all time/speed IEEE64 boundaries and paths agree intent=1 blocker=true
[runtime-check] PASS all time/speed IEEE64 boundaries and paths agree intent=2 blocker=false
[runtime-check] PASS all time/speed IEEE64 boundaries and paths agree intent=2 blocker=true
[runtime-check] PASS all time/speed IEEE64 boundaries and paths agree intent=3 blocker=false
[runtime-check] PASS all time/speed IEEE64 boundaries and paths agree intent=3 blocker=true
[runtime-check] PASS actual terrain/faction/profile and buffs agree land faction=0
[runtime-check] PASS actual terrain/faction/profile and buffs agree land faction=1
[runtime-check] PASS actual terrain/faction/profile and buffs agree water faction=0
[runtime-check] PASS actual terrain/faction/profile and buffs agree water faction=1
[runtime-check] PASS actual terrain/faction/profile and buffs agree unsupported faction=0
[runtime-check] PASS actual terrain/faction/profile and buffs agree unsupported faction=1
[runtime-check] PASS complete branch action sequence agrees: progress
[runtime-check] PASS complete branch action sequence agrees: new_target
[runtime-check] PASS complete branch action sequence agrees: explicit_missing
[runtime-check] PASS complete branch action sequence agrees: auto_missing
[runtime-check] PASS complete branch action sequence agrees: amove_missing
[runtime-check] PASS complete branch action sequence agrees: hold
[runtime-check] PASS complete branch action sequence agrees: leash
[runtime-check] PASS complete branch action sequence agrees: hero_leash_exempt
[runtime-check] PASS complete branch action sequence agrees: hua_locked
[runtime-check] PASS complete branch action sequence agrees: in_range
[runtime-check] PASS complete branch action sequence agrees: passive
[runtime-check] PASS complete branch action sequence agrees: worker
[runtime-check] PASS complete branch action sequence agrees: resume_amove
[runtime-check] PASS complete branch action sequence agrees: forced
[runtime-check] PASS complete branch action sequence agrees: path_blocker
[runtime-check] PASS unnecessary speed/terrain reads are actually removed
[runtime-check] PASS real movement/path/reacquisition state replay intent=0
[runtime-check] PASS real movement/path/reacquisition state replay intent=1
[runtime-check] PASS real movement/path/reacquisition state replay intent=2
[runtime-check] PASS real movement/path/reacquisition state replay intent=3
[runtime-check] PASS 720 actual Unit chase steps compared without action stubs
[runtime-check] PASS actual replay never changes shared target health between paired runs
[runtime-check] PASS timed full method includes actual legal movement: early_auto
[runtime-check] PASS timed full method includes actual legal movement: explicit
[runtime-check] PASS timed full method includes actual legal movement: window_slow
[runtime-check] PASS previous scene, map and units actually freed
[runtime-check] PASS player campaign save bytes unchanged
[chase-speed-qa] {"checks":44,"dispatch_comparisons":5829,"failures":[],"passed":true}
