Starting exclusive Vulkan soak. Output: D:\AI项目\水浒\开发工程\qa\continue_release_20260924\soak\20260924_134119_22955943
Godot Engine v4.6.3.stable.official.7d41c59c4 - https://godotengine.org
Vulkan 1.4.351 - Forward+ - Using Device #0: NVIDIA - NVIDIA GeForce RTX 4060 Laptop GPU

[soak-check] PASS soak refuses a headless display Windows
[soak-check] PASS soak uses Vulkan forward_plus vulkan 1.4.351 / forward_plus
[soak-check] PASS viewport is exactly 1280x720 (1280, 720)
[soak-check] PASS campaign constructs expected level and enters normal FIGHT {"actual":"level1","expected":"level1","nodes":true,"phase":2}
[soak-check] PASS campaign/level1 accepts a current authored activity {"action":"normal authored Huangnigang convoy march","passed":true}
[soak-check] PASS campaign/level1 executes live simulation activity {"damaged_units":0,"max_distance":342.657989501953,"moved_units":1,"passed":true,"physics_steps":361,"removed_units":0}
[soak-check] PASS campaign transition 1 releases scene and key nodes {"camera":true,"hud":true,"level":true,"map":true,"mission":true,"passed":true,"sample_unit":true,"scene":true,"units_root":true,"world":true}
[soak-transition] {"cycle":1,"index":1,"level":"level1","live_seconds":6.001015,"mode":"campaign","released":true}
[soak-check] PASS arena constructs expected level and enters normal FIGHT {"actual":"arena","expected":"arena","nodes":true,"phase":2}
[soak-check] PASS arena/arena accepts a current authored activity {"action":"authored arena troop button","passed":true,"spawned":50}
[soak-check] PASS arena/arena executes live simulation activity {"damaged_units":0,"max_distance":474.613464355469,"moved_units":50,"passed":true,"physics_steps":361,"removed_units":0}
[soak-check] PASS arena transition 2 releases scene and key nodes {"camera":true,"hud":true,"level":true,"map":true,"mission":true,"passed":true,"sample_unit":true,"scene":true,"units_root":true,"world":true}
[soak-transition] {"cycle":1,"index":2,"level":"arena","live_seconds":6.002443,"mode":"arena","released":true}
[soak-check] PASS skirmish constructs expected level and enters normal FIGHT {"actual":"skirmish","expected":"skirmish","nodes":true,"phase":2}
[soak-check] PASS skirmish/skirmish accepts a current authored activity {"action":"expire first defense timer; normal process spawns wave","passed":true}
[soak-check] PASS skirmish/skirmish executes live simulation activity {"damaged_units":0,"enemies_alive":10,"max_distance":273.390350341797,"moved_units":5,"passed":true,"physics_steps":360,"removed_units":0,"wave":1}
[soak-check] PASS skirmish transition 3 releases scene and key nodes {"camera":true,"hud":true,"level":true,"map":true,"mission":true,"passed":true,"sample_unit":true,"scene":true,"units_root":true,"world":true}
[soak-transition] {"cycle":1,"index":3,"level":"skirmish","live_seconds":6.002164,"mode":"skirmish","released":true}
[soak-check] PASS skirmish_ai constructs expected level and enters normal FIGHT {"actual":"skirmish_ai","expected":"skirmish_ai","nodes":true,"phase":2}
[soak-check] PASS skirmish_ai/skirmish_ai accepts a current authored activity {"action":"official opening soldiers attack-move; workers keep gathering","ordered":2,"passed":true}
[soak-check] PASS skirmish_ai/skirmish_ai executes live simulation activity {"damaged_units":0,"max_distance":275.104125976563,"moved_units":13,"passed":true,"physics_steps":360,"removed_units":0}
[soak-check] PASS skirmish_ai transition 4 releases scene and key nodes {"camera":true,"hud":true,"level":true,"map":true,"mission":true,"passed":true,"sample_unit":true,"scene":true,"units_root":true,"world":true}
[soak-transition] {"cycle":1,"index":4,"level":"skirmish_ai","live_seconds":6.003815,"mode":"skirmish_ai","released":true}
[soak-check] PASS custom_defense constructs expected level and enters normal FIGHT {"actual":"custom_defense","expected":"custom_defense","nodes":true,"phase":2}
[soak-check] PASS custom_defense/custom_defense accepts a current authored activity {"action":"expire first defense timer; normal process spawns wave","passed":true}
[soak-minute] {"minute":1,"mode":"custom_defense","nodes":368.0,"p95_ms":7.24,"p99_ms":9.727,"partial":false,"textures":286962176.0,"working_set":980611072.0}
[soak-check] PASS custom_defense/custom_defense executes live simulation activity {"damaged_units":0,"enemies_alive":10,"max_distance":274.3095703125,"moved_units":5,"passed":true,"physics_steps":359,"removed_units":0,"wave":1}
[soak-check] PASS custom_defense transition 5 releases scene and key nodes {"camera":true,"hud":true,"level":true,"map":true,"mission":true,"passed":true,"sample_unit":true,"scene":true,"units_root":true,"world":true}
[soak-transition] {"cycle":1,"index":5,"level":"custom_defense","live_seconds":6.002239,"mode":"custom_defense","released":true}
[soak-check] PASS campaign constructs expected level and enters normal FIGHT {"actual":"level5","expected":"level5","nodes":true,"phase":2}
[soak-check] PASS campaign/level5 accepts a current authored activity {"action":"select Ruan Xiaoqi and right-click gao_lure_side marker","actor":"ruan_xiaoqi_boat","passed":true,"task":"gao_lure_side"}
[soak-check] PASS campaign/level5 executes live simulation activity {"damaged_units":0,"first_wave_sent":true,"lure_started":true,"max_distance":262.742218017578,"moved_units":14,"passed":true,"physics_steps":362,"removed_units":0,"task_actor_distance":262.742218017578,"task_done":true}
[soak-check] PASS campaign transition 6 releases scene and key nodes {"camera":true,"hud":true,"level":true,"map":true,"mission":true,"passed":true,"sample_unit":true,"scene":true,"units_root":true,"world":true}
[soak-transition] {"cycle":1,"index":6,"level":"level5","live_seconds":6.006961,"mode":"campaign","released":true}
[soak-check] PASS campaign constructs expected level and enters normal FIGHT {"actual":"level1","expected":"level1","nodes":true,"phase":2}
[soak-check] PASS campaign/level1 accepts a current authored activity {"action":"normal authored Huangnigang convoy march","passed":true}
[soak-check] PASS campaign/level1 executes live simulation activity {"damaged_units":0,"max_distance":341.795471191406,"moved_units":1,"passed":true,"physics_steps":360,"removed_units":0}
[soak-check] PASS campaign transition 7 releases scene and key nodes {"camera":true,"hud":true,"level":true,"map":true,"mission":true,"passed":true,"sample_unit":true,"scene":true,"units_root":true,"world":true}
[soak-transition] {"cycle":2,"index":7,"level":"level1","live_seconds":6.002022,"mode":"campaign","released":true}
[soak-check] PASS arena constructs expected level and enters normal FIGHT {"actual":"arena","expected":"arena","nodes":true,"phase":2}
[soak-check] PASS arena/arena accepts a current authored activity {"action":"authored arena troop button","passed":true,"spawned":50}
[soak-check] PASS arena/arena executes live simulation activity {"damaged_units":0,"max_distance":485.799163818359,"moved_units":50,"passed":true,"physics_steps":361,"removed_units":0}
[soak-check] PASS arena transition 8 releases scene and key nodes {"camera":true,"hud":true,"level":true,"map":true,"mission":true,"passed":true,"sample_unit":true,"scene":true,"units_root":true,"world":true}
[soak-transition] {"cycle":2,"index":8,"level":"arena","live_seconds":6.004168,"mode":"arena","released":true}
[soak-check] PASS skirmish constructs expected level and enters normal FIGHT {"actual":"skirmish","expected":"skirmish","nodes":true,"phase":2}
[soak-check] PASS skirmish/skirmish accepts a current authored activity {"action":"expire first defense timer; normal process spawns wave","passed":true}
[soak-check] PASS skirmish/skirmish executes live simulation activity {"damaged_units":0,"enemies_alive":10,"max_distance":274.3095703125,"moved_units":5,"passed":true,"physics_steps":360,"removed_units":0,"wave":1}
[soak-check] PASS skirmish transition 9 releases scene and key nodes {"camera":true,"hud":true,"level":true,"map":true,"mission":true,"passed":true,"sample_unit":true,"scene":true,"units_root":true,"world":true}
[soak-transition] {"cycle":2,"index":9,"level":"skirmish","live_seconds":6.002205,"mode":"skirmish","released":true}
[soak-check] PASS skirmish_ai constructs expected level and enters normal FIGHT {"actual":"skirmish_ai","expected":"skirmish_ai","nodes":true,"phase":2}
[soak-check] PASS skirmish_ai/skirmish_ai accepts a current authored activity {"action":"official opening soldiers attack-move; workers keep gathering","ordered":2,"passed":true}
[soak-minute] {"minute":2,"mode":"skirmish_ai","nodes":205.0,"p95_ms":9.188,"p99_ms":11.673,"partial":false,"textures":247479296.0,"working_set":990060544.0}
[soak-check] PASS skirmish_ai/skirmish_ai executes live simulation activity {"damaged_units":0,"max_distance":274.595275878906,"moved_units":13,"passed":true,"physics_steps":359,"removed_units":0}
[soak-check] PASS skirmish_ai transition 10 releases scene and key nodes {"camera":true,"hud":true,"level":true,"map":true,"mission":true,"passed":true,"sample_unit":true,"scene":true,"units_root":true,"world":true}
[soak-transition] {"cycle":2,"index":10,"level":"skirmish_ai","live_seconds":6.003998,"mode":"skirmish_ai","released":true}
[soak-check] PASS custom_defense constructs expected level and enters normal FIGHT {"actual":"custom_defense","expected":"custom_defense","nodes":true,"phase":2}
[soak-check] PASS custom_defense/custom_defense accepts a current authored activity {"action":"expire first defense timer; normal process spawns wave","passed":true}
[soak-check] PASS custom_defense/custom_defense executes live simulation activity {"damaged_units":0,"enemies_alive":10,"max_distance":274.3095703125,"moved_units":5,"passed":true,"physics_steps":360,"removed_units":0,"wave":1}
[soak-check] PASS custom_defense transition 11 releases scene and key nodes {"camera":true,"hud":true,"level":true,"map":true,"mission":true,"passed":true,"sample_unit":true,"scene":true,"units_root":true,"world":true}
[soak-transition] {"cycle":2,"index":11,"level":"custom_defense","live_seconds":6.001281,"mode":"custom_defense","released":true}
[soak-check] PASS campaign constructs expected level and enters normal FIGHT {"actual":"level5","expected":"level5","nodes":true,"phase":2}
[soak-check] PASS campaign/level5 accepts a current authored activity {"action":"select Ruan Xiaoqi and right-click gao_lure_side marker","actor":"ruan_xiaoqi_boat","passed":true,"task":"gao_lure_side"}
[soak-check] PASS campaign/level5 executes live simulation activity {"damaged_units":0,"first_wave_sent":true,"lure_started":true,"max_distance":262.742218017578,"moved_units":14,"passed":true,"physics_steps":361,"removed_units":0,"task_actor_distance":262.742218017578,"task_done":true}
[soak-check] PASS campaign transition 12 releases scene and key nodes {"camera":true,"hud":true,"level":true,"map":true,"mission":true,"passed":true,"sample_unit":true,"scene":true,"units_root":true,"world":true}
[soak-transition] {"cycle":2,"index":12,"level":"level5","live_seconds":6.005803,"mode":"campaign","released":true}
[soak-check] PASS campaign constructs expected level and enters normal FIGHT {"actual":"level1","expected":"level1","nodes":true,"phase":2}
[soak-check] PASS campaign/level1 accepts a current authored activity {"action":"normal authored Huangnigang convoy march","passed":true}
[soak-check] PASS campaign/level1 executes live simulation activity {"damaged_units":0,"max_distance":341.795471191406,"moved_units":1,"passed":true,"physics_steps":360,"removed_units":0}
[soak-check] PASS campaign transition 13 releases scene and key nodes {"camera":true,"hud":true,"level":true,"map":true,"mission":true,"passed":true,"sample_unit":true,"scene":true,"units_root":true,"world":true}
[soak-transition] {"cycle":3,"index":13,"level":"level1","live_seconds":6.003656,"mode":"campaign","released":true}
[soak-check] PASS arena constructs expected level and enters normal FIGHT {"actual":"arena","expected":"arena","nodes":true,"phase":2}
[soak-check] PASS arena/arena accepts a current authored activity {"action":"authored arena troop button","passed":true,"spawned":50}
[soak-check] PASS arena/arena executes live simulation activity {"damaged_units":0,"max_distance":555.224365234375,"moved_units":50,"passed":true,"physics_steps":360,"removed_units":0}
[soak-check] PASS arena transition 14 releases scene and key nodes {"camera":true,"hud":true,"level":true,"map":true,"mission":true,"passed":true,"sample_unit":true,"scene":true,"units_root":true,"world":true}
[soak-transition] {"cycle":3,"index":14,"level":"arena","live_seconds":6.004496,"mode":"arena","released":true}
[soak-check] PASS skirmish constructs expected level and enters normal FIGHT {"actual":"skirmish","expected":"skirmish","nodes":true,"phase":2}
[soak-check] PASS skirmish/skirmish accepts a current authored activity {"action":"expire first defense timer; normal process spawns wave","passed":true}
[soak-minute] {"minute":3,"mode":"skirmish","nodes":374.0,"p95_ms":9.322,"p99_ms":11.879,"partial":false,"textures":314279424.0,"working_set":993021952.0}
[soak-check] PASS skirmish/skirmish executes live simulation activity {"damaged_units":0,"enemies_alive":10,"max_distance":274.3095703125,"moved_units":5,"passed":true,"physics_steps":359,"removed_units":0,"wave":1}
[soak-check] PASS skirmish transition 15 releases scene and key nodes {"camera":true,"hud":true,"level":true,"map":true,"mission":true,"passed":true,"sample_unit":true,"scene":true,"units_root":true,"world":true}
[soak-transition] {"cycle":3,"index":15,"level":"skirmish","live_seconds":6.003837,"mode":"skirmish","released":true}
[soak-check] PASS skirmish_ai constructs expected level and enters normal FIGHT {"actual":"skirmish_ai","expected":"skirmish_ai","nodes":true,"phase":2}
[soak-check] PASS skirmish_ai/skirmish_ai accepts a current authored activity {"action":"official opening soldiers attack-move; workers keep gathering","ordered":2,"passed":true}
[soak-check] PASS skirmish_ai/skirmish_ai executes live simulation activity {"damaged_units":0,"max_distance":275.263031005859,"moved_units":13,"passed":true,"physics_steps":360,"removed_units":0}
[soak-check] PASS skirmish_ai transition 16 releases scene and key nodes {"camera":true,"hud":true,"level":true,"map":true,"mission":true,"passed":true,"sample_unit":true,"scene":true,"units_root":true,"world":true}
[soak-transition] {"cycle":3,"index":16,"level":"skirmish_ai","live_seconds":6.001844,"mode":"skirmish_ai","released":true}
[soak-check] PASS custom_defense constructs expected level and enters normal FIGHT {"actual":"custom_defense","expected":"custom_defense","nodes":true,"phase":2}
[soak-check] PASS custom_defense/custom_defense accepts a current authored activity {"action":"expire first defense timer; normal process spawns wave","passed":true}
[soak-check] PASS custom_defense/custom_defense executes live simulation activity {"damaged_units":0,"enemies_alive":10,"max_distance":273.390350341797,"moved_units":5,"passed":true,"physics_steps":359,"removed_units":0,"wave":1}
[soak-check] PASS custom_defense transition 17 releases scene and key nodes {"camera":true,"hud":true,"level":true,"map":true,"mission":true,"passed":true,"sample_unit":true,"scene":true,"units_root":true,"world":true}
[soak-transition] {"cycle":3,"index":17,"level":"custom_defense","live_seconds":6.004039,"mode":"custom_defense","released":true}
[soak-check] PASS campaign constructs expected level and enters normal FIGHT {"actual":"level5","expected":"level5","nodes":true,"phase":2}
[soak-check] PASS campaign/level5 accepts a current authored activity {"action":"select Ruan Xiaoqi and right-click gao_lure_side marker","actor":"ruan_xiaoqi_boat","passed":true,"task":"gao_lure_side"}
[soak-check] PASS campaign/level5 executes live simulation activity {"damaged_units":0,"first_wave_sent":true,"lure_started":true,"max_distance":262.742218017578,"moved_units":14,"passed":true,"physics_steps":361,"removed_units":0,"task_actor_distance":262.742218017578,"task_done":true}
[soak-check] PASS campaign transition 18 releases scene and key nodes {"camera":true,"hud":true,"level":true,"map":true,"mission":true,"passed":true,"sample_unit":true,"scene":true,"units_root":true,"world":true}
[soak-transition] {"cycle":3,"index":18,"level":"level5","live_seconds":6.002426,"mode":"campaign","released":true}
[soak-check] PASS campaign constructs expected level and enters normal FIGHT {"actual":"level1","expected":"level1","nodes":true,"phase":2}
[soak-check] PASS campaign/level1 accepts a current authored activity {"action":"normal authored Huangnigang convoy march","passed":true}
[soak-check] PASS campaign/level1 executes live simulation activity {"damaged_units":0,"max_distance":341.795471191406,"moved_units":1,"passed":true,"physics_steps":360,"removed_units":0}
[soak-check] PASS campaign transition 19 releases scene and key nodes {"camera":true,"hud":true,"level":true,"map":true,"mission":true,"passed":true,"sample_unit":true,"scene":true,"units_root":true,"world":true}
[soak-transition] {"cycle":4,"index":19,"level":"level1","live_seconds":6.002973,"mode":"campaign","released":true}
[soak-check] PASS arena constructs expected level and enters normal FIGHT {"actual":"arena","expected":"arena","nodes":true,"phase":2}
[soak-check] PASS arena/arena accepts a current authored activity {"action":"authored arena troop button","passed":true,"spawned":50}
[soak-minute] {"minute":4,"mode":"arena","nodes":228.0,"p95_ms":9.388,"p99_ms":11.692,"partial":false,"textures":247462912.0,"working_set":995409920.0}
[soak-check] PASS arena/arena executes live simulation activity {"damaged_units":0,"max_distance":558.704528808594,"moved_units":50,"passed":true,"physics_steps":358,"removed_units":0}
[soak-check] PASS arena transition 20 releases scene and key nodes {"camera":true,"hud":true,"level":true,"map":true,"mission":true,"passed":true,"sample_unit":true,"scene":true,"units_root":true,"world":true}
[soak-transition] {"cycle":4,"index":20,"level":"arena","live_seconds":6.003938,"mode":"arena","released":true}
[soak-check] PASS skirmish constructs expected level and enters normal FIGHT {"actual":"skirmish","expected":"skirmish","nodes":true,"phase":2}
[soak-check] PASS skirmish/skirmish accepts a current authored activity {"action":"expire first defense timer; normal process spawns wave","passed":true}
[soak-check] PASS skirmish/skirmish executes live simulation activity {"damaged_units":0,"enemies_alive":10,"max_distance":274.3095703125,"moved_units":5,"passed":true,"physics_steps":361,"removed_units":0,"wave":1}
[soak-check] PASS skirmish transition 21 releases scene and key nodes {"camera":true,"hud":true,"level":true,"map":true,"mission":true,"passed":true,"sample_unit":true,"scene":true,"units_root":true,"world":true}
[soak-transition] {"cycle":4,"index":21,"level":"skirmish","live_seconds":6.005087,"mode":"skirmish","released":true}
[soak-check] PASS skirmish_ai constructs expected level and enters normal FIGHT {"actual":"skirmish_ai","expected":"skirmish_ai","nodes":true,"phase":2}
[soak-check] PASS skirmish_ai/skirmish_ai accepts a current authored activity {"action":"official opening soldiers attack-move; workers keep gathering","ordered":2,"passed":true}
[soak-check] PASS skirmish_ai/skirmish_ai executes live simulation activity {"damaged_units":0,"max_distance":275.263031005859,"moved_units":13,"passed":true,"physics_steps":360,"removed_units":0}
[soak-check] PASS skirmish_ai transition 22 releases scene and key nodes {"camera":true,"hud":true,"level":true,"map":true,"mission":true,"passed":true,"sample_unit":true,"scene":true,"units_root":true,"world":true}
[soak-transition] {"cycle":4,"index":22,"level":"skirmish_ai","live_seconds":6.002738,"mode":"skirmish_ai","released":true}
[soak-check] PASS custom_defense constructs expected level and enters normal FIGHT {"actual":"custom_defense","expected":"custom_defense","nodes":true,"phase":2}
[soak-check] PASS custom_defense/custom_defense accepts a current authored activity {"action":"expire first defense timer; normal process spawns wave","passed":true}
[soak-check] PASS custom_defense/custom_defense executes live simulation activity {"damaged_units":0,"enemies_alive":10,"max_distance":274.3095703125,"moved_units":5,"passed":true,"physics_steps":360,"removed_units":0,"wave":1}
[soak-check] PASS custom_defense transition 23 releases scene and key nodes {"camera":true,"hud":true,"level":true,"map":true,"mission":true,"passed":true,"sample_unit":true,"scene":true,"units_root":true,"world":true}
[soak-transition] {"cycle":4,"index":23,"level":"custom_defense","live_seconds":6.000718,"mode":"custom_defense","released":true}
[soak-check] PASS campaign constructs expected level and enters normal FIGHT {"actual":"level5","expected":"level5","nodes":true,"phase":2}
[soak-check] PASS campaign/level5 accepts a current authored activity {"action":"select Ruan Xiaoqi and right-click gao_lure_side marker","actor":"ruan_xiaoqi_boat","passed":true,"task":"gao_lure_side"}
[soak-check] PASS campaign/level5 executes live simulation activity {"damaged_units":0,"first_wave_sent":true,"lure_started":true,"max_distance":262.742218017578,"moved_units":14,"passed":true,"physics_steps":361,"removed_units":0,"task_actor_distance":262.742218017578,"task_done":true}
[soak-check] PASS campaign transition 24 releases scene and key nodes {"camera":true,"hud":true,"level":true,"map":true,"mission":true,"passed":true,"sample_unit":true,"scene":true,"units_root":true,"world":true}
[soak-transition] {"cycle":4,"index":24,"level":"level5","live_seconds":6.002299,"mode":"campaign","released":true}
[soak-check] PASS campaign constructs expected level and enters normal FIGHT {"actual":"level1","expected":"level1","nodes":true,"phase":2}
[soak-check] PASS campaign/level1 accepts a current authored activity {"action":"normal authored Huangnigang convoy march","passed":true}
[soak-minute] {"minute":5,"mode":"campaign","nodes":238.0,"p95_ms":9.273,"p99_ms":11.691,"partial":false,"textures":303846912.0,"working_set":998125568.0}
[soak-check] PASS campaign/level1 executes live simulation activity {"damaged_units":0,"max_distance":339.925354003906,"moved_units":1,"passed":true,"physics_steps":358,"removed_units":0}
[soak-check] PASS campaign transition 25 releases scene and key nodes {"camera":true,"hud":true,"level":true,"map":true,"mission":true,"passed":true,"sample_unit":true,"scene":true,"units_root":true,"world":true}
[soak-transition] {"cycle":5,"index":25,"level":"level1","live_seconds":6.000215,"mode":"campaign","released":true}
[soak-check] PASS arena constructs expected level and enters normal FIGHT {"actual":"arena","expected":"arena","nodes":true,"phase":2}
[soak-check] PASS arena/arena accepts a current authored activity {"action":"authored arena troop button","passed":true,"spawned":50}
[soak-check] PASS arena/arena executes live simulation activity {"damaged_units":0,"max_distance":537.075012207031,"moved_units":50,"passed":true,"physics_steps":359,"removed_units":0}
[soak-check] PASS arena transition 26 releases scene and key nodes {"camera":true,"hud":true,"level":true,"map":true,"mission":true,"passed":true,"sample_unit":true,"scene":true,"units_root":true,"world":true}
[soak-transition] {"cycle":5,"index":26,"level":"arena","live_seconds":6.000365,"mode":"arena","released":true}
[soak-check] PASS skirmish constructs expected level and enters normal FIGHT {"actual":"skirmish","expected":"skirmish","nodes":true,"phase":2}
[soak-check] PASS skirmish/skirmish accepts a current authored activity {"action":"expire first defense timer; normal process spawns wave","passed":true}
[soak-check] PASS skirmish/skirmish executes live simulation activity {"damaged_units":0,"enemies_alive":10,"max_distance":274.3095703125,"moved_units":5,"passed":true,"physics_steps":361,"removed_units":0,"wave":1}
[soak-check] PASS skirmish transition 27 releases scene and key nodes {"camera":true,"hud":true,"level":true,"map":true,"mission":true,"passed":true,"sample_unit":true,"scene":true,"units_root":true,"world":true}
[soak-transition] {"cycle":5,"index":27,"level":"skirmish","live_seconds":6.007278,"mode":"skirmish","released":true}
[soak-check] PASS skirmish_ai constructs expected level and enters normal FIGHT {"actual":"skirmish_ai","expected":"skirmish_ai","nodes":true,"phase":2}
[soak-check] PASS skirmish_ai/skirmish_ai accepts a current authored activity {"action":"official opening soldiers attack-move; workers keep gathering","ordered":2,"passed":true}
[soak-check] PASS skirmish_ai/skirmish_ai executes live simulation activity {"damaged_units":0,"max_distance":275.263031005859,"moved_units":13,"passed":true,"physics_steps":360,"removed_units":0}
[soak-check] PASS skirmish_ai transition 28 releases scene and key nodes {"camera":true,"hud":true,"level":true,"map":true,"mission":true,"passed":true,"sample_unit":true,"scene":true,"units_root":true,"world":true}
[soak-transition] {"cycle":5,"index":28,"level":"skirmish_ai","live_seconds":6.000542,"mode":"skirmish_ai","released":true}
[soak-check] PASS custom_defense constructs expected level and enters normal FIGHT {"actual":"custom_defense","expected":"custom_defense","nodes":true,"phase":2}
[soak-check] PASS custom_defense/custom_defense accepts a current authored activity {"action":"expire first defense timer; normal process spawns wave","passed":true}
[soak-check] PASS custom_defense/custom_defense executes live simulation activity {"damaged_units":0,"enemies_alive":10,"max_distance":274.3095703125,"moved_units":5,"passed":true,"physics_steps":360,"removed_units":0,"wave":1}
[soak-check] PASS custom_defense transition 29 releases scene and key nodes {"camera":true,"hud":true,"level":true,"map":true,"mission":true,"passed":true,"sample_unit":true,"scene":true,"units_root":true,"world":true}
[soak-transition] {"cycle":5,"index":29,"level":"custom_defense","live_seconds":6.000398,"mode":"custom_defense","released":true}
[soak-check] PASS campaign constructs expected level and enters normal FIGHT {"actual":"level5","expected":"level5","nodes":true,"phase":2}
[soak-check] PASS campaign/level5 accepts a current authored activity {"action":"select Ruan Xiaoqi and right-click gao_lure_side marker","actor":"ruan_xiaoqi_boat","passed":true,"task":"gao_lure_side"}
[soak-minute] {"minute":6,"mode":"campaign","nodes":425.0,"p95_ms":7.706,"p99_ms":10.529,"partial":false,"textures":314279424.0,"working_set":998649856.0}
[soak-check] PASS campaign/level5 executes live simulation activity {"damaged_units":0,"first_wave_sent":true,"lure_started":true,"max_distance":262.742218017578,"moved_units":14,"passed":true,"physics_steps":360,"removed_units":0,"task_actor_distance":262.742218017578,"task_done":true}
[soak-check] PASS campaign transition 30 releases scene and key nodes {"camera":true,"hud":true,"level":true,"map":true,"mission":true,"passed":true,"sample_unit":true,"scene":true,"units_root":true,"world":true}
[soak-transition] {"cycle":5,"index":30,"level":"level5","live_seconds":6.003379,"mode":"campaign","released":true}
[soak-check] PASS campaign constructs expected level and enters normal FIGHT {"actual":"level1","expected":"level1","nodes":true,"phase":2}
[soak-check] PASS campaign/level1 accepts a current authored activity {"action":"normal authored Huangnigang convoy march","passed":true}
[soak-check] PASS campaign/level1 executes live simulation activity {"damaged_units":0,"max_distance":341.781707763672,"moved_units":1,"passed":true,"physics_steps":360,"removed_units":0}
[soak-check] PASS campaign transition 31 releases scene and key nodes {"camera":true,"hud":true,"level":true,"map":true,"mission":true,"passed":true,"sample_unit":true,"scene":true,"units_root":true,"world":true}
[soak-transition] {"cycle":6,"index":31,"level":"level1","live_seconds":6.004443,"mode":"campaign","released":true}
[soak-check] PASS arena constructs expected level and enters normal FIGHT {"actual":"arena","expected":"arena","nodes":true,"phase":2}
[soak-check] PASS arena/arena accepts a current authored activity {"action":"authored arena troop button","passed":true,"spawned":50}
[soak-check] PASS arena/arena executes live simulation activity {"damaged_units":0,"max_distance":520.187316894531,"moved_units":50,"passed":true,"physics_steps":360,"removed_units":0}
[soak-check] PASS arena transition 32 releases scene and key nodes {"camera":true,"hud":true,"level":true,"map":true,"mission":true,"passed":true,"sample_unit":true,"scene":true,"units_root":true,"world":true}
[soak-transition] {"cycle":6,"index":32,"level":"arena","live_seconds":6.004684,"mode":"arena","released":true}
[soak-check] PASS skirmish constructs expected level and enters normal FIGHT {"actual":"skirmish","expected":"skirmish","nodes":true,"phase":2}
[soak-check] PASS skirmish/skirmish accepts a current authored activity {"action":"expire first defense timer; normal process spawns wave","passed":true}
[soak-check] PASS skirmish/skirmish executes live simulation activity {"damaged_units":0,"enemies_alive":10,"max_distance":274.3095703125,"moved_units":5,"passed":true,"physics_steps":360,"removed_units":0,"wave":1}
[soak-check] PASS skirmish transition 33 releases scene and key nodes {"camera":true,"hud":true,"level":true,"map":true,"mission":true,"passed":true,"sample_unit":true,"scene":true,"units_root":true,"world":true}
[soak-transition] {"cycle":6,"index":33,"level":"skirmish","live_seconds":6.003957,"mode":"skirmish","released":true}
[soak-check] PASS skirmish_ai constructs expected level and enters normal FIGHT {"actual":"skirmish_ai","expected":"skirmish_ai","nodes":true,"phase":2}
[soak-check] PASS skirmish_ai/skirmish_ai accepts a current authored activity {"action":"official opening soldiers attack-move; workers keep gathering","ordered":2,"passed":true}
[soak-check] PASS skirmish_ai/skirmish_ai executes live simulation activity {"damaged_units":0,"max_distance":274.435028076172,"moved_units":13,"passed":true,"physics_steps":359,"removed_units":0}
[soak-check] PASS skirmish_ai transition 34 releases scene and key nodes {"camera":true,"hud":true,"level":true,"map":true,"mission":true,"passed":true,"sample_unit":true,"scene":true,"units_root":true,"world":true}
[soak-transition] {"cycle":6,"index":34,"level":"skirmish_ai","live_seconds":6.000021,"mode":"skirmish_ai","released":true}
[soak-minute] {"minute":7,"mode":"building:custom_defense","nodes":362.0,"p95_ms":8.977,"p99_ms":11.034,"partial":false,"textures":314279424.0,"working_set":998854656.0}
[soak-check] PASS custom_defense constructs expected level and enters normal FIGHT {"actual":"custom_defense","expected":"custom_defense","nodes":true,"phase":2}
[soak-check] PASS custom_defense/custom_defense accepts a current authored activity {"action":"expire first defense timer; normal process spawns wave","passed":true}
[soak-check] PASS custom_defense/custom_defense executes live simulation activity {"damaged_units":0,"enemies_alive":10,"max_distance":274.3095703125,"moved_units":5,"passed":true,"physics_steps":368,"removed_units":0,"wave":1}
[soak-check] PASS custom_defense transition 35 releases scene and key nodes {"camera":true,"hud":true,"level":true,"map":true,"mission":true,"passed":true,"sample_unit":true,"scene":true,"units_root":true,"world":true}
[soak-transition] {"cycle":6,"index":35,"level":"custom_defense","live_seconds":6.00123,"mode":"custom_defense","released":true}
[soak-check] PASS campaign constructs expected level and enters normal FIGHT {"actual":"level5","expected":"level5","nodes":true,"phase":2}
[soak-check] PASS campaign/level5 accepts a current authored activity {"action":"select Ruan Xiaoqi and right-click gao_lure_side marker","actor":"ruan_xiaoqi_boat","passed":true,"task":"gao_lure_side"}
[soak-check] PASS campaign/level5 executes live simulation activity {"damaged_units":0,"first_wave_sent":true,"lure_started":true,"max_distance":262.742218017578,"moved_units":14,"passed":true,"physics_steps":360,"removed_units":0,"task_actor_distance":262.742218017578,"task_done":true}
[soak-check] PASS campaign transition 36 releases scene and key nodes {"camera":true,"hud":true,"level":true,"map":true,"mission":true,"passed":true,"sample_unit":true,"scene":true,"units_root":true,"world":true}
[soak-transition] {"cycle":6,"index":36,"level":"level5","live_seconds":6.003851,"mode":"campaign","released":true}
[soak-check] PASS campaign constructs expected level and enters normal FIGHT {"actual":"level1","expected":"level1","nodes":true,"phase":2}
[soak-check] PASS campaign/level1 accepts a current authored activity {"action":"normal authored Huangnigang convoy march","passed":true}
[soak-check] PASS campaign/level1 executes live simulation activity {"damaged_units":0,"max_distance":341.795471191406,"moved_units":1,"passed":true,"physics_steps":360,"removed_units":0}
[soak-check] PASS campaign transition 37 releases scene and key nodes {"camera":true,"hud":true,"level":true,"map":true,"mission":true,"passed":true,"sample_unit":true,"scene":true,"units_root":true,"world":true}
[soak-transition] {"cycle":7,"index":37,"level":"level1","live_seconds":6.005821,"mode":"campaign","released":true}
[soak-check] PASS arena constructs expected level and enters normal FIGHT {"actual":"arena","expected":"arena","nodes":true,"phase":2}
[soak-check] PASS arena/arena accepts a current authored activity {"action":"authored arena troop button","passed":true,"spawned":50}
[soak-check] PASS arena/arena executes live simulation activity {"damaged_units":0,"max_distance":504.742279052734,"moved_units":50,"passed":true,"physics_steps":360,"removed_units":0}
[soak-check] PASS arena transition 38 releases scene and key nodes {"camera":true,"hud":true,"level":true,"map":true,"mission":true,"passed":true,"sample_unit":true,"scene":true,"units_root":true,"world":true}
[soak-transition] {"cycle":7,"index":38,"level":"arena","live_seconds":6.004,"mode":"arena","released":true}
[soak-check] PASS skirmish constructs expected level and enters normal FIGHT {"actual":"skirmish","expected":"skirmish","nodes":true,"phase":2}
[soak-check] PASS skirmish/skirmish accepts a current authored activity {"action":"expire first defense timer; normal process spawns wave","passed":true}
[soak-check] PASS skirmish/skirmish executes live simulation activity {"damaged_units":0,"enemies_alive":10,"max_distance":274.3095703125,"moved_units":5,"passed":true,"physics_steps":360,"removed_units":0,"wave":1}
[soak-check] PASS skirmish transition 39 releases scene and key nodes {"camera":true,"hud":true,"level":true,"map":true,"mission":true,"passed":true,"sample_unit":true,"scene":true,"units_root":true,"world":true}
[soak-transition] {"cycle":7,"index":39,"level":"skirmish","live_seconds":6.002394,"mode":"skirmish","released":true}
[soak-minute] {"minute":8,"mode":"building:skirmish_ai","nodes":205.0,"p95_ms":9.262,"p99_ms":11.594,"partial":false,"textures":247462912.0,"working_set":998830080.0}
[soak-check] PASS skirmish_ai constructs expected level and enters normal FIGHT {"actual":"skirmish_ai","expected":"skirmish_ai","nodes":true,"phase":2}
[soak-check] PASS skirmish_ai/skirmish_ai accepts a current authored activity {"action":"official opening soldiers attack-move; workers keep gathering","ordered":2,"passed":true}
[soak-check] PASS skirmish_ai/skirmish_ai executes live simulation activity {"damaged_units":0,"max_distance":274.486267089844,"moved_units":13,"passed":true,"physics_steps":360,"removed_units":0}
[soak-check] PASS skirmish_ai transition 40 releases scene and key nodes {"camera":true,"hud":true,"level":true,"map":true,"mission":true,"passed":true,"sample_unit":true,"scene":true,"units_root":true,"world":true}
[soak-transition] {"cycle":7,"index":40,"level":"skirmish_ai","live_seconds":6.001424,"mode":"skirmish_ai","released":true}
[soak-check] PASS custom_defense constructs expected level and enters normal FIGHT {"actual":"custom_defense","expected":"custom_defense","nodes":true,"phase":2}
[soak-check] PASS custom_defense/custom_defense accepts a current authored activity {"action":"expire first defense timer; normal process spawns wave","passed":true}
[soak-check] PASS custom_defense/custom_defense executes live simulation activity {"damaged_units":0,"enemies_alive":10,"max_distance":274.3095703125,"moved_units":5,"passed":true,"physics_steps":360,"removed_units":0,"wave":1}
[soak-check] PASS custom_defense transition 41 releases scene and key nodes {"camera":true,"hud":true,"level":true,"map":true,"mission":true,"passed":true,"sample_unit":true,"scene":true,"units_root":true,"world":true}
[soak-transition] {"cycle":7,"index":41,"level":"custom_defense","live_seconds":6.000508,"mode":"custom_defense","released":true}
[soak-check] PASS campaign constructs expected level and enters normal FIGHT {"actual":"level5","expected":"level5","nodes":true,"phase":2}
[soak-check] PASS campaign/level5 accepts a current authored activity {"action":"select Ruan Xiaoqi and right-click gao_lure_side marker","actor":"ruan_xiaoqi_boat","passed":true,"task":"gao_lure_side"}
[soak-check] PASS campaign/level5 executes live simulation activity {"damaged_units":0,"first_wave_sent":true,"lure_started":true,"max_distance":262.742218017578,"moved_units":14,"passed":true,"physics_steps":361,"removed_units":0,"task_actor_distance":262.742218017578,"task_done":true}
[soak-check] PASS campaign transition 42 releases scene and key nodes {"camera":true,"hud":true,"level":true,"map":true,"mission":true,"passed":true,"sample_unit":true,"scene":true,"units_root":true,"world":true}
[soak-transition] {"cycle":7,"index":42,"level":"level5","live_seconds":6.002505,"mode":"campaign","released":true}
[soak-check] PASS campaign constructs expected level and enters normal FIGHT {"actual":"level1","expected":"level1","nodes":true,"phase":2}
[soak-check] PASS campaign/level1 accepts a current authored activity {"action":"normal authored Huangnigang convoy march","passed":true}
[soak-check] PASS campaign/level1 executes live simulation activity {"damaged_units":0,"max_distance":341.781707763672,"moved_units":1,"passed":true,"physics_steps":360,"removed_units":0}
[soak-check] PASS campaign transition 43 releases scene and key nodes {"camera":true,"hud":true,"level":true,"map":true,"mission":true,"passed":true,"sample_unit":true,"scene":true,"units_root":true,"world":true}
[soak-transition] {"cycle":8,"index":43,"level":"level1","live_seconds":6.002488,"mode":"campaign","released":true}
[soak-check] PASS arena constructs expected level and enters normal FIGHT {"actual":"arena","expected":"arena","nodes":true,"phase":2}
[soak-check] PASS arena/arena accepts a current authored activity {"action":"authored arena troop button","passed":true,"spawned":50}
[soak-check] PASS arena/arena executes live simulation activity {"damaged_units":0,"max_distance":530.113891601563,"moved_units":50,"passed":true,"physics_steps":360,"removed_units":0}
[soak-check] PASS arena transition 44 releases scene and key nodes {"camera":true,"hud":true,"level":true,"map":true,"mission":true,"passed":true,"sample_unit":true,"scene":true,"units_root":true,"world":true}
[soak-transition] {"cycle":8,"index":44,"level":"arena","live_seconds":6.004925,"mode":"arena","released":true}
[soak-minute] {"minute":9,"mode":"building:skirmish","nodes":358.0,"p95_ms":9.099,"p99_ms":11.697,"partial":false,"textures":314263040.0,"working_set":999624704.0}
[soak-check] PASS skirmish constructs expected level and enters normal FIGHT {"actual":"skirmish","expected":"skirmish","nodes":true,"phase":2}
[soak-check] PASS skirmish/skirmish accepts a current authored activity {"action":"expire first defense timer; normal process spawns wave","passed":true}
[soak-check] PASS skirmish/skirmish executes live simulation activity {"damaged_units":0,"enemies_alive":10,"max_distance":271.55224609375,"moved_units":5,"passed":true,"physics_steps":360,"removed_units":0,"wave":1}
[soak-check] PASS skirmish transition 45 releases scene and key nodes {"camera":true,"hud":true,"level":true,"map":true,"mission":true,"passed":true,"sample_unit":true,"scene":true,"units_root":true,"world":true}
[soak-transition] {"cycle":8,"index":45,"level":"skirmish","live_seconds":6.001114,"mode":"skirmish","released":true}
[soak-check] PASS skirmish_ai constructs expected level and enters normal FIGHT {"actual":"skirmish_ai","expected":"skirmish_ai","nodes":true,"phase":2}
[soak-check] PASS skirmish_ai/skirmish_ai accepts a current authored activity {"action":"official opening soldiers attack-move; workers keep gathering","ordered":2,"passed":true}
[soak-check] PASS skirmish_ai/skirmish_ai executes live simulation activity {"damaged_units":0,"max_distance":274.435028076172,"moved_units":13,"passed":true,"physics_steps":359,"removed_units":0}
[soak-check] PASS skirmish_ai transition 46 releases scene and key nodes {"camera":true,"hud":true,"level":true,"map":true,"mission":true,"passed":true,"sample_unit":true,"scene":true,"units_root":true,"world":true}
[soak-transition] {"cycle":8,"index":46,"level":"skirmish_ai","live_seconds":6.000584,"mode":"skirmish_ai","released":true}
[soak-check] PASS custom_defense constructs expected level and enters normal FIGHT {"actual":"custom_defense","expected":"custom_defense","nodes":true,"phase":2}
[soak-check] PASS custom_defense/custom_defense accepts a current authored activity {"action":"expire first defense timer; normal process spawns wave","passed":true}
[soak-check] PASS custom_defense/custom_defense executes live simulation activity {"damaged_units":0,"enemies_alive":10,"max_distance":274.3095703125,"moved_units":5,"passed":true,"physics_steps":360,"removed_units":0,"wave":1}
[soak-check] PASS custom_defense transition 47 releases scene and key nodes {"camera":true,"hud":true,"level":true,"map":true,"mission":true,"passed":true,"sample_unit":true,"scene":true,"units_root":true,"world":true}
[soak-transition] {"cycle":8,"index":47,"level":"custom_defense","live_seconds":6.000869,"mode":"custom_defense","released":true}
[soak-check] PASS campaign constructs expected level and enters normal FIGHT {"actual":"level5","expected":"level5","nodes":true,"phase":2}
[soak-check] PASS campaign/level5 accepts a current authored activity {"action":"select Ruan Xiaoqi and right-click gao_lure_side marker","actor":"ruan_xiaoqi_boat","passed":true,"task":"gao_lure_side"}
[soak-check] PASS campaign/level5 executes live simulation activity {"damaged_units":0,"first_wave_sent":true,"lure_started":true,"max_distance":262.742218017578,"moved_units":14,"passed":true,"physics_steps":361,"removed_units":0,"task_actor_distance":262.742218017578,"task_done":true}
[soak-check] PASS campaign transition 48 releases scene and key nodes {"camera":true,"hud":true,"level":true,"map":true,"mission":true,"passed":true,"sample_unit":true,"scene":true,"units_root":true,"world":true}
[soak-transition] {"cycle":8,"index":48,"level":"level5","live_seconds":6.007829,"mode":"campaign","released":true}
[soak-check] PASS campaign constructs expected level and enters normal FIGHT {"actual":"level1","expected":"level1","nodes":true,"phase":2}
[soak-check] PASS campaign/level1 accepts a current authored activity {"action":"normal authored Huangnigang convoy march","passed":true}
[soak-check] PASS campaign/level1 executes live simulation activity {"damaged_units":0,"max_distance":341.781707763672,"moved_units":1,"passed":true,"physics_steps":360,"removed_units":0}
[soak-check] PASS campaign transition 49 releases scene and key nodes {"camera":true,"hud":true,"level":true,"map":true,"mission":true,"passed":true,"sample_unit":true,"scene":true,"units_root":true,"world":true}
[soak-transition] {"cycle":9,"index":49,"level":"level1","live_seconds":6.00261,"mode":"campaign","released":true}
[soak-minute] {"minute":10,"mode":"building:arena","nodes":172.0,"p95_ms":9.121,"p99_ms":11.427,"partial":false,"textures":247446528.0,"working_set":999706624.0}
[soak-check] PASS arena constructs expected level and enters normal FIGHT {"actual":"arena","expected":"arena","nodes":true,"phase":2}
[soak-check] PASS arena/arena accepts a current authored activity {"action":"authored arena troop button","passed":true,"spawned":50}
[soak-check] PASS arena/arena executes live simulation activity {"damaged_units":0,"max_distance":506.350433349609,"moved_units":50,"passed":true,"physics_steps":360,"removed_units":0}
[soak-check] PASS arena transition 50 releases scene and key nodes {"camera":true,"hud":true,"level":true,"map":true,"mission":true,"passed":true,"sample_unit":true,"scene":true,"units_root":true,"world":true}
[soak-transition] {"cycle":9,"index":50,"level":"arena","live_seconds":6.002698,"mode":"arena","released":true}
[soak-check] PASS skirmish constructs expected level and enters normal FIGHT {"actual":"skirmish","expected":"skirmish","nodes":true,"phase":2}
[soak-check] PASS skirmish/skirmish accepts a current authored activity {"action":"expire first defense timer; normal process spawns wave","passed":true}
[soak-check] PASS skirmish/skirmish executes live simulation activity {"damaged_units":0,"enemies_alive":10,"max_distance":274.3095703125,"moved_units":5,"passed":true,"physics_steps":360,"removed_units":0,"wave":1}
[soak-check] PASS skirmish transition 51 releases scene and key nodes {"camera":true,"hud":true,"level":true,"map":true,"mission":true,"passed":true,"sample_unit":true,"scene":true,"units_root":true,"world":true}
[soak-transition] {"cycle":9,"index":51,"level":"skirmish","live_seconds":6.00241,"mode":"skirmish","released":true}
[soak-check] PASS skirmish_ai constructs expected level and enters normal FIGHT {"actual":"skirmish_ai","expected":"skirmish_ai","nodes":true,"phase":2}
[soak-check] PASS skirmish_ai/skirmish_ai accepts a current authored activity {"action":"official opening soldiers attack-move; workers keep gathering","ordered":2,"passed":true}
[soak-check] PASS skirmish_ai/skirmish_ai executes live simulation activity {"damaged_units":0,"max_distance":275.263031005859,"moved_units":13,"passed":true,"physics_steps":360,"removed_units":0}
[soak-check] PASS skirmish_ai transition 52 releases scene and key nodes {"camera":true,"hud":true,"level":true,"map":true,"mission":true,"passed":true,"sample_unit":true,"scene":true,"units_root":true,"world":true}
[soak-transition] {"cycle":9,"index":52,"level":"skirmish_ai","live_seconds":6.004866,"mode":"skirmish_ai","released":true}
[soak-check] PASS custom_defense constructs expected level and enters normal FIGHT {"actual":"custom_defense","expected":"custom_defense","nodes":true,"phase":2}
[soak-check] PASS custom_defense/custom_defense accepts a current authored activity {"action":"expire first defense timer; normal process spawns wave","passed":true}
[soak-check] PASS custom_defense/custom_defense executes live simulation activity {"damaged_units":0,"enemies_alive":10,"max_distance":274.3095703125,"moved_units":5,"passed":true,"physics_steps":361,"removed_units":0,"wave":1}
[soak-check] PASS custom_defense transition 53 releases scene and key nodes {"camera":true,"hud":true,"level":true,"map":true,"mission":true,"passed":true,"sample_unit":true,"scene":true,"units_root":true,"world":true}
[soak-transition] {"cycle":9,"index":53,"level":"custom_defense","live_seconds":6.00613,"mode":"custom_defense","released":true}
[soak-check] PASS campaign constructs expected level and enters normal FIGHT {"actual":"level5","expected":"level5","nodes":true,"phase":2}
[soak-check] PASS campaign/level5 accepts a current authored activity {"action":"select Ruan Xiaoqi and right-click gao_lure_side marker","actor":"ruan_xiaoqi_boat","passed":true,"task":"gao_lure_side"}
[soak-check] PASS campaign/level5 executes live simulation activity {"damaged_units":0,"first_wave_sent":true,"lure_started":true,"max_distance":262.742218017578,"moved_units":14,"passed":true,"physics_steps":360,"removed_units":0,"task_actor_distance":262.742218017578,"task_done":true}
[soak-check] PASS campaign transition 54 releases scene and key nodes {"camera":true,"hud":true,"level":true,"map":true,"mission":true,"passed":true,"sample_unit":true,"scene":true,"units_root":true,"world":true}
[soak-transition] {"cycle":9,"index":54,"level":"level5","live_seconds":6.000622,"mode":"campaign","released":true}
[soak-minute] {"minute":11,"mode":"building:campaign","nodes":222.0,"p95_ms":9.187,"p99_ms":11.745,"partial":false,"textures":303834624.0,"working_set":999718912.0}
[soak-check] PASS campaign constructs expected level and enters normal FIGHT {"actual":"level1","expected":"level1","nodes":true,"phase":2}
[soak-check] PASS campaign/level1 accepts a current authored activity {"action":"normal authored Huangnigang convoy march","passed":true}
[soak-check] PASS campaign/level1 executes live simulation activity {"damaged_units":0,"max_distance":341.720886230469,"moved_units":1,"passed":true,"physics_steps":360,"removed_units":0}
[soak-check] PASS campaign transition 55 releases scene and key nodes {"camera":true,"hud":true,"level":true,"map":true,"mission":true,"passed":true,"sample_unit":true,"scene":true,"units_root":true,"world":true}
[soak-transition] {"cycle":10,"index":55,"level":"level1","live_seconds":6.002015,"mode":"campaign","released":true}
[soak-check] PASS arena constructs expected level and enters normal FIGHT {"actual":"arena","expected":"arena","nodes":true,"phase":2}
[soak-check] PASS arena/arena accepts a current authored activity {"action":"authored arena troop button","passed":true,"spawned":50}
[soak-check] PASS arena/arena executes live simulation activity {"damaged_units":0,"max_distance":443.446899414063,"moved_units":50,"passed":true,"physics_steps":360,"removed_units":0}
[soak-check] PASS arena transition 56 releases scene and key nodes {"camera":true,"hud":true,"level":true,"map":true,"mission":true,"passed":true,"sample_unit":true,"scene":true,"units_root":true,"world":true}
[soak-transition] {"cycle":10,"index":56,"level":"arena","live_seconds":6.00248,"mode":"arena","released":true}
[soak-check] PASS skirmish constructs expected level and enters normal FIGHT {"actual":"skirmish","expected":"skirmish","nodes":true,"phase":2}
[soak-check] PASS skirmish/skirmish accepts a current authored activity {"action":"expire first defense timer; normal process spawns wave","passed":true}
[soak-check] PASS skirmish/skirmish executes live simulation activity {"damaged_units":0,"enemies_alive":10,"max_distance":274.3095703125,"moved_units":5,"passed":true,"physics_steps":360,"removed_units":0,"wave":1}
[soak-check] PASS skirmish transition 57 releases scene and key nodes {"camera":true,"hud":true,"level":true,"map":true,"mission":true,"passed":true,"sample_unit":true,"scene":true,"units_root":true,"world":true}
[soak-transition] {"cycle":10,"index":57,"level":"skirmish","live_seconds":6.004798,"mode":"skirmish","released":true}
[soak-check] PASS skirmish_ai constructs expected level and enters normal FIGHT {"actual":"skirmish_ai","expected":"skirmish_ai","nodes":true,"phase":2}
[soak-check] PASS skirmish_ai/skirmish_ai accepts a current authored activity {"action":"official opening soldiers attack-move; workers keep gathering","ordered":2,"passed":true}
[soak-check] PASS skirmish_ai/skirmish_ai executes live simulation activity {"damaged_units":0,"max_distance":275.263031005859,"moved_units":13,"passed":true,"physics_steps":360,"removed_units":0}
[soak-check] PASS skirmish_ai transition 58 releases scene and key nodes {"camera":true,"hud":true,"level":true,"map":true,"mission":true,"passed":true,"sample_unit":true,"scene":true,"units_root":true,"world":true}
[soak-transition] {"cycle":10,"index":58,"level":"skirmish_ai","live_seconds":6.002218,"mode":"skirmish_ai","released":true}
[soak-check] PASS custom_defense constructs expected level and enters normal FIGHT {"actual":"custom_defense","expected":"custom_defense","nodes":true,"phase":2}
[soak-check] PASS custom_defense/custom_defense accepts a current authored activity {"action":"expire first defense timer; normal process spawns wave","passed":true}
[soak-check] PASS custom_defense/custom_defense executes live simulation activity {"damaged_units":0,"enemies_alive":10,"max_distance":274.3095703125,"moved_units":5,"passed":true,"physics_steps":360,"removed_units":0,"wave":1}
[soak-check] PASS custom_defense transition 59 releases scene and key nodes {"camera":true,"hud":true,"level":true,"map":true,"mission":true,"passed":true,"sample_unit":true,"scene":true,"units_root":true,"world":true}
[soak-transition] {"cycle":10,"index":59,"level":"custom_defense","live_seconds":6.0037,"mode":"custom_defense","released":true}
[soak-minute] {"minute":12,"mode":"building:campaign","nodes":410.0,"p95_ms":8.083,"p99_ms":10.342,"partial":false,"textures":314263040.0,"working_set":999014400.0}
[soak-check] PASS campaign constructs expected level and enters normal FIGHT {"actual":"level5","expected":"level5","nodes":true,"phase":2}
[soak-check] PASS campaign/level5 accepts a current authored activity {"action":"select Ruan Xiaoqi and right-click gao_lure_side marker","actor":"ruan_xiaoqi_boat","passed":true,"task":"gao_lure_side"}
[soak-check] PASS campaign/level5 executes live simulation activity {"damaged_units":0,"first_wave_sent":true,"lure_started":true,"max_distance":262.742218017578,"moved_units":14,"passed":true,"physics_steps":361,"removed_units":0,"task_actor_distance":262.742218017578,"task_done":true}
[soak-check] PASS campaign transition 60 releases scene and key nodes {"camera":true,"hud":true,"level":true,"map":true,"mission":true,"passed":true,"sample_unit":true,"scene":true,"units_root":true,"world":true}
[soak-transition] {"cycle":10,"index":60,"level":"level5","live_seconds":6.001689,"mode":"campaign","released":true}
[soak-check] PASS campaign constructs expected level and enters normal FIGHT {"actual":"level1","expected":"level1","nodes":true,"phase":2}
[soak-check] PASS campaign/level1 accepts a current authored activity {"action":"normal authored Huangnigang convoy march","passed":true}
[soak-check] PASS campaign/level1 executes live simulation activity {"damaged_units":0,"max_distance":342.730773925781,"moved_units":1,"passed":true,"physics_steps":361,"removed_units":0}
[soak-check] PASS campaign transition 61 releases scene and key nodes {"camera":true,"hud":true,"level":true,"map":true,"mission":true,"passed":true,"sample_unit":true,"scene":true,"units_root":true,"world":true}
[soak-transition] {"cycle":11,"index":61,"level":"level1","live_seconds":6.003492,"mode":"campaign","released":true}
[soak-check] PASS arena constructs expected level and enters normal FIGHT {"actual":"arena","expected":"arena","nodes":true,"phase":2}
[soak-check] PASS arena/arena accepts a current authored activity {"action":"authored arena troop button","passed":true,"spawned":50}
[soak-check] PASS arena/arena executes live simulation activity {"damaged_units":0,"max_distance":510.333862304688,"moved_units":50,"passed":true,"physics_steps":360,"removed_units":0}
[soak-check] PASS arena transition 62 releases scene and key nodes {"camera":true,"hud":true,"level":true,"map":true,"mission":true,"passed":true,"sample_unit":true,"scene":true,"units_root":true,"world":true}
[soak-transition] {"cycle":11,"index":62,"level":"arena","live_seconds":6.001855,"mode":"arena","released":true}
[soak-check] PASS skirmish constructs expected level and enters normal FIGHT {"actual":"skirmish","expected":"skirmish","nodes":true,"phase":2}
[soak-check] PASS skirmish/skirmish accepts a current authored activity {"action":"expire first defense timer; normal process spawns wave","passed":true}
Godot_v4.6.3-stable_win64_console.exe : WARNING: ObjectDB instances leaked at exit (run with --verbose for details).
所在位置 D:\LHReleaseSoak\20260924_134119_22955943\project\tools\run_campaign_mode_soak.ps1:93 字符: 5
+     & $GodotPath @arguments 2>&1 | Tee-Object -FilePath $logPath
+     ~~~~~~~~~~~~~~~~~~~~~~~~~~~~
    + CategoryInfo          : NotSpecified: (WARNING: Object...e for details).:String) [], RemoteException
    + FullyQualifiedErrorId : NativeCommandError
 
