Godot Engine v4.6.3.stable.official.7d41c59c4 - https://godotengine.org
OpenGL API 3.3.0 NVIDIA 616.64 - Compatibility - Using Device: NVIDIA - NVIDIA GeForce RTX 4060 Laptop GPU

WARNING: 2D MSAA is not yet supported for GLES3.
   at: render_target_set_msaa (drivers/gles3/storage/texture_storage.cpp:2934)
PENDING_CHECK 4949 Steam disabled true
PENDING_CHECK 5022 isolated flow enabled true
PENDING_CHECK 5025 real menu continue button true
PENDING_CHECK 6560 button exists ContinueBattle true
PENDING_CHECK 6566 restore duplicate operation denied true
PENDING_CHECK 18794 menu continue installed actual world true
PENDING_CHECK 18799 restored world still classic true
PENDING_CHECK 18801 restored saved hero control mode true
PENDING_CHECK 18803 restored expired effect allocation history true
PENDING_CHECK 18804 cross-process identity true
PENDING_CHECK 18805 paused intent restored true
PENDING_CHECK 18806 restored economy true
PENDING_CHECK 18808 restored wave phase true
PENDING_CHECK 18809 restored training queue true
PENDING_CHECK 18810 restored entity allocation true
PENDING_CHECK 20295 read retains exact disk slot true
PENDING_CHECK 20297 restored HUD includes save true
PENDING_CHECK 20298 pending fixture requests real barrier true
PENDING_CHECK 20383 pending fixture barrier reaches held boundary true
PENDING_RESOLVE_IDENTITY 20385
PENDING_IDENTITY_READY 26604
PENDING_SAVE_RESULT 40172 { "ok": false, "code": "LOCK_RELEASE", "pending_save": true, "retryable": true, "unsafe": false, "restart_required": false }
PENDING_CHECK 40178 post-commit unlock failure retains transaction true
PENDING_CHECK 40182 pending failure keeps exact session and world held true
PENDING_CHECK 42094 new store cannot impersonate live owner true
PENDING_CHECK 42096 pending session refuses disposal true
PENDING_CHECK 42098 pending save cannot dismiss or resume world true
PENDING_CHECK 42141 pending_save controls visible zh_CN true
PENDING_CHECK 42168 pending_save screenshot saved zh_CN true
PENDING_CHECK 42254 pending_save controls visible zh_TW true
PENDING_CHECK 42285 pending_save screenshot saved zh_TW true
PENDING_CHECK 42389 pending_save controls visible en true
PENDING_CHECK 42416 pending_save screenshot saved en true
PENDING_CHECK 42497 pending_save controls visible ja true
PENDING_CHECK 42526 pending_save screenshot saved ja true
PENDING_CHECK 42534 button exists RetrySave true
PENDING_CHECK 47615 save operation succeeds true
PENDING_CHECK 47617 successful save holds current battle true
PENDING_CHECK 47618 capture synchronizes derived screen geometry true
PENDING_CHECK 49044 successful save matches closed disk true
PENDING_CHECK 49050 test cannot credit Steam true
PENDING_CHECK 49054 local receipt predates slot and is resumable true
PENDING_CHECK 49177 owned retry uses original generation true
PENDING_CHECK 49206 normal save-and-exit lifecycle requested true
CONTINUE_FLOW_QA pending_retry 41 true
