Godot Engine v4.6.3.stable.official.7d41c59c4 - https://godotengine.org
OpenGL API 3.3.0 NVIDIA 616.64 - Compatibility - Using Device: NVIDIA - NVIDIA GeForce RTX 4060 Laptop GPU

WARNING: 2D MSAA is not yet supported for GLES3.
   at: render_target_set_msaa (drivers/gles3/storage/texture_storage.cpp:2934)
PENDING_CHECK 5112 Steam disabled true
PENDING_CHECK 5188 isolated flow enabled true
PENDING_CHECK 5191 real menu continue button true
PENDING_CHECK 8359 button exists ContinueBattle true
PENDING_CHECK 8369 restore duplicate operation denied true
PENDING_CHECK 31678 menu continue installed actual world true
PENDING_CHECK 31680 restored world still classic true
PENDING_CHECK 31682 restored saved hero control mode true
PENDING_CHECK 31684 restored expired effect allocation history true
PENDING_CHECK 31685 cross-process identity true
PENDING_CHECK 31686 paused intent restored true
PENDING_CHECK 31689 restored economy true
PENDING_CHECK 31691 restored wave phase true
PENDING_CHECK 31693 restored training queue true
PENDING_CHECK 31695 restored entity allocation true
PENDING_CHECK 34342 read retains exact disk slot true
PENDING_CHECK 34349 restored HUD includes save true
PENDING_CHECK 34351 pending fixture requests real barrier true
PENDING_CHECK 34463 pending fixture barrier reaches held boundary true
PENDING_RESOLVE_IDENTITY 34467
PENDING_IDENTITY_READY 48029
PENDING_SAVE_RESULT 75261 { "ok": false, "code": "LOCK_RELEASE", "pending_save": true, "retryable": true, "unsafe": false, "restart_required": false }
PENDING_CHECK 75266 post-commit unlock failure retains transaction true
PENDING_CHECK 75272 pending failure keeps exact session and world held true
PENDING_CHECK 78574 new store cannot impersonate live owner true
PENDING_CHECK 78579 pending session refuses disposal true
PENDING_CHECK 78581 pending save cannot dismiss or resume world true
PENDING_CHECK 78608 pending_save controls visible zh_CN true
PENDING_CHECK 78637 pending_save screenshot saved zh_CN true
PENDING_CHECK 78716 pending_save controls visible zh_TW true
PENDING_CHECK 78744 pending_save screenshot saved zh_TW true
PENDING_CHECK 78830 pending_save controls visible en true
PENDING_CHECK 78858 pending_save screenshot saved en true
PENDING_CHECK 78927 pending_save controls visible ja true
PENDING_CHECK 78957 pending_save screenshot saved ja true
PENDING_CHECK 78965 button exists RetrySave true
PENDING_CHECK 89902 save operation succeeds true
PENDING_CHECK 89908 successful save holds current battle true
PENDING_CHECK 89910 capture synchronizes derived screen geometry true
PENDING_CHECK 92935 successful save matches closed disk true
PENDING_CHECK 92940 test cannot credit Steam true
PENDING_CHECK 92945 local receipt predates slot and is resumable true
PENDING_CHECK 93067 owned retry uses original generation true
PENDING_CHECK 93083 normal save-and-exit lifecycle requested true
CONTINUE_FLOW_QA pending_retry 41 true
