Godot Engine v4.6.3.stable.official.7d41c59c4 - https://godotengine.org
Vulkan 1.4.351 - Forward+ - Using Device #0: NVIDIA - NVIDIA GeForce RTX 3070 Ti

SCRIPT ERROR: Compile Error: Identifier not found: Art
   at: GDScript::reload (res://scripts/game_map.gd:581)
SCRIPT ERROR: Compile Error: Failed to compile depended scripts.
   at: GDScript::reload (res://scratchpad/redraw_reject_validation/generated/common.gd:0)
SCRIPT ERROR: Compile Error: Failed to compile depended scripts.
   at: GDScript::reload (res://scratchpad/redraw_reject_validation/generated/render_qa.gd:0)
ERROR: Failed to load script "res://scratchpad/redraw_reject_validation/generated/render_qa.gd" with error "Compilation failed".
   at: load (modules/gdscript/gdscript.cpp:2907)
[runtime-check] PASS normal audio synthesis completes before fixture
SCRIPT ERROR: Invalid call. Nonexistent function 'new' in base 'GDScript'.
   at: Battle._ready (res://scripts/battle.gd:292)
   GDScript backtrace (most recent call first):
       [0] _ready (res://scripts/battle.gd:292)
       [1] _start (res://tools/campaign_mode_performance_test.gd:31)
       [2] rr_setup (res://scratchpad/redraw_reject_validation/generated/common.gd:49)
SCRIPT ERROR: Invalid access to property or key '_intro_root' on a base object of type 'Nil'.
   at: _start (res://tools/campaign_mode_performance_test.gd:33)
   GDScript backtrace (most recent call first):
       [0] _start (res://tools/campaign_mode_performance_test.gd:33)
SCRIPT ERROR: Invalid assignment of property or key 'process_mode' with value of type 'int' on a base object of type 'Nil'.
   at: rr_setup (res://scratchpad/redraw_reject_validation/generated/common.gd:50)
   GDScript backtrace (most recent call first):
       [0] rr_setup (res://scratchpad/redraw_reject_validation/generated/common.gd:50)
       [1] _start (res://tools/campaign_mode_performance_test.gd:33)
