Godot Engine v4.6.3.stable.official.7d41c59c4 - https://godotengine.org
OpenGL API 3.3.0 NVIDIA 616.56 - Compatibility - Using Device: NVIDIA - NVIDIA GeForce RTX 3070 Ti

WARNING: 2D MSAA is not yet supported for GLES3.
   at: render_target_set_msaa (drivers/gles3/storage/texture_storage.cpp:2934)
[rts] PASS supported selected character
[rts] PASS explicit candidate manifest exists
[rts] PASS manifest JSON is a dictionary
[rts] PASS manifest belongs to selected character
[rts] PASS manifest has authored idle
[rts] PASS manifest has authored walk
[rts] PASS manifest has authored attack
[rts] PASS manifest has authored death
[rts] PASS native source SHA: res://assets/characters/siege_cata_direction4_20261004/idle.png
[rts] PASS source imports as Texture2D: res://assets/characters/siege_cata_direction4_20261004/idle.png
[rts] PASS actual imported dimensions: res://assets/characters/siege_cata_direction4_20261004/idle.png
[rts] PASS native source SHA: res://assets/characters/siege_cata_direction4_20261004/walk_a.png
[rts] PASS source imports as Texture2D: res://assets/characters/siege_cata_direction4_20261004/walk_a.png
[rts] PASS actual imported dimensions: res://assets/characters/siege_cata_direction4_20261004/walk_a.png
[rts] PASS native source SHA: res://assets/characters/siege_cata_direction4_20261004/walk_b_v2.png
[rts] PASS source imports as Texture2D: res://assets/characters/siege_cata_direction4_20261004/walk_b_v2.png
[rts] PASS actual imported dimensions: res://assets/characters/siege_cata_direction4_20261004/walk_b_v2.png
[rts] PASS native source SHA: res://assets/characters/siege_cata_direction4_20261004/raise.png
[rts] PASS source imports as Texture2D: res://assets/characters/siege_cata_direction4_20261004/raise.png
[rts] PASS actual imported dimensions: res://assets/characters/siege_cata_direction4_20261004/raise.png
[rts] PASS native source SHA: res://assets/characters/siege_cata_direction4_20261004/release.png
[rts] PASS source imports as Texture2D: res://assets/characters/siege_cata_direction4_20261004/release.png
[rts] PASS actual imported dimensions: res://assets/characters/siege_cata_direction4_20261004/release.png
[rts] PASS native source SHA: res://assets/characters/siege_cata_direction4_20261004/recover.png
[rts] PASS source imports as Texture2D: res://assets/characters/siege_cata_direction4_20261004/recover.png
[rts] PASS actual imported dimensions: res://assets/characters/siege_cata_direction4_20261004/recover.png
[rts] PASS native source SHA: res://assets/characters/siege_cata_direction4_20261004/collapse.png
[rts] PASS source imports as Texture2D: res://assets/characters/siege_cata_direction4_20261004/collapse.png
[rts] PASS actual imported dimensions: res://assets/characters/siege_cata_direction4_20261004/collapse.png
[rts] PASS native source SHA: res://assets/characters/siege_cata_direction4_20261004/wreck_v2.png
[rts] PASS source imports as Texture2D: res://assets/characters/siege_cata_direction4_20261004/wreck_v2.png
[rts] PASS actual imported dimensions: res://assets/characters/siege_cata_direction4_20261004/wreck_v2.png
[rts] PASS exact TRES routing: idle se
[rts] PASS manifest frame count: idle se
[rts] PASS authored direction is not mirrored: idle se
[rts] PASS pose present: idle_se
[rts] PASS square AtlasTexture: idle_se
[rts] PASS exact source: idle_se
[rts] PASS exact crop/padding and clipping: idle_se
[rts] PASS authored ground metadata within 0.00002 texture pixels: idle_se
[rts] PASS pose body scale: idle_se
[rts] PASS exact TRES routing: walk se
[rts] PASS manifest frame count: walk se
[rts] PASS authored direction is not mirrored: walk se
[rts] PASS pose present: walk_a_se
[rts] PASS square AtlasTexture: walk_a_se
[rts] PASS exact source: walk_a_se
[rts] PASS exact crop/padding and clipping: walk_a_se
[rts] PASS authored ground metadata within 0.00002 texture pixels: walk_a_se
[rts] PASS pose body scale: walk_a_se
[rts] PASS pose present: walk_b_se
[rts] PASS square AtlasTexture: walk_b_se
[rts] PASS exact source: walk_b_se
[rts] PASS exact crop/padding and clipping: walk_b_se
[rts] PASS authored ground metadata within 0.00002 texture pixels: walk_b_se
[rts] PASS pose body scale: walk_b_se
[rts] PASS exact TRES routing: attack se
[rts] PASS manifest frame count: attack se
[rts] PASS authored direction is not mirrored: attack se
[rts] PASS pose present: idle_se
[rts] PASS square AtlasTexture: idle_se
[rts] PASS exact source: idle_se
[rts] PASS exact crop/padding and clipping: idle_se
[rts] PASS authored ground metadata within 0.00002 texture pixels: idle_se
[rts] PASS pose body scale: idle_se
[rts] PASS pose present: raise_se
[rts] PASS square AtlasTexture: raise_se
[rts] PASS exact source: raise_se
[rts] PASS exact crop/padding and clipping: raise_se
[rts] PASS authored ground metadata within 0.00002 texture pixels: raise_se
[rts] PASS pose body scale: raise_se
[rts] PASS pose present: raise_se
[rts] PASS square AtlasTexture: raise_se
[rts] PASS exact source: raise_se
[rts] PASS exact crop/padding and clipping: raise_se
[rts] PASS authored ground metadata within 0.00002 texture pixels: raise_se
[rts] PASS pose body scale: raise_se
[rts] PASS pose present: raise_se
[rts] PASS square AtlasTexture: raise_se
[rts] PASS exact source: raise_se
[rts] PASS exact crop/padding and clipping: raise_se
[rts] PASS authored ground metadata within 0.00002 texture pixels: raise_se
[rts] PASS pose body scale: raise_se
[rts] PASS pose present: release_se
[rts] PASS square AtlasTexture: release_se
[rts] PASS exact source: release_se
[rts] PASS exact crop/padding and clipping: release_se
[rts] PASS authored ground metadata within 0.00002 texture pixels: release_se
[rts] PASS pose body scale: release_se
[rts] PASS pose present: release_se
[rts] PASS square AtlasTexture: release_se
[rts] PASS exact source: release_se
[rts] PASS exact crop/padding and clipping: release_se
[rts] PASS authored ground metadata within 0.00002 texture pixels: release_se
[rts] PASS pose body scale: release_se
[rts] PASS pose present: recover_se
[rts] PASS square AtlasTexture: recover_se
[rts] PASS exact source: recover_se
[rts] PASS exact crop/padding and clipping: recover_se
[rts] PASS authored ground metadata within 0.00002 texture pixels: recover_se
[rts] PASS pose body scale: recover_se
[rts] PASS pose present: idle_se
[rts] PASS square AtlasTexture: idle_se
[rts] PASS exact source: idle_se
[rts] PASS exact crop/padding and clipping: idle_se
[rts] PASS authored ground metadata within 0.00002 texture pixels: idle_se
[rts] PASS pose body scale: idle_se
[rts] PASS exact TRES routing: death se
[rts] PASS manifest frame count: death se
[rts] PASS authored direction is not mirrored: death se
[rts] PASS pose present: collapse_se
[rts] PASS square AtlasTexture: collapse_se
[rts] PASS exact source: collapse_se
[rts] PASS exact crop/padding and clipping: collapse_se
[rts] PASS authored ground metadata within 0.00002 texture pixels: collapse_se
[rts] PASS pose body scale: collapse_se
[rts] PASS pose present: wreck_se
[rts] PASS square AtlasTexture: wreck_se
[rts] PASS exact source: wreck_se
[rts] PASS exact crop/padding and clipping: wreck_se
[rts] PASS authored ground metadata within 0.00002 texture pixels: wreck_se
[rts] PASS pose body scale: wreck_se
[rts] PASS pose present: wreck_se
[rts] PASS square AtlasTexture: wreck_se
[rts] PASS exact source: wreck_se
[rts] PASS exact crop/padding and clipping: wreck_se
[rts] PASS authored ground metadata within 0.00002 texture pixels: wreck_se
[rts] PASS pose body scale: wreck_se
[rts] PASS living down cannot borrow death: se
[rts] PASS exact TRES routing: idle sw
[rts] PASS manifest frame count: idle sw
[rts] PASS authored direction is not mirrored: idle sw
[rts] PASS pose present: idle_sw
[rts] PASS square AtlasTexture: idle_sw
[rts] PASS exact source: idle_sw
[rts] PASS exact crop/padding and clipping: idle_sw
[rts] PASS authored ground metadata within 0.00002 texture pixels: idle_sw
[rts] PASS pose body scale: idle_sw
[rts] PASS exact TRES routing: walk sw
[rts] PASS manifest frame count: walk sw
[rts] PASS authored direction is not mirrored: walk sw
[rts] PASS pose present: walk_a_sw
[rts] PASS square AtlasTexture: walk_a_sw
[rts] PASS exact source: walk_a_sw
[rts] PASS exact crop/padding and clipping: walk_a_sw
[rts] PASS authored ground metadata within 0.00002 texture pixels: walk_a_sw
[rts] PASS pose body scale: walk_a_sw
[rts] PASS pose present: walk_b_sw
[rts] PASS square AtlasTexture: walk_b_sw
[rts] PASS exact source: walk_b_sw
[rts] PASS exact crop/padding and clipping: walk_b_sw
[rts] PASS authored ground metadata within 0.00002 texture pixels: walk_b_sw
[rts] PASS pose body scale: walk_b_sw
[rts] PASS exact TRES routing: attack sw
[rts] PASS manifest frame count: attack sw
[rts] PASS authored direction is not mirrored: attack sw
[rts] PASS pose present: idle_sw
[rts] PASS square AtlasTexture: idle_sw
[rts] PASS exact source: idle_sw
[rts] PASS exact crop/padding and clipping: idle_sw
[rts] PASS authored ground metadata within 0.00002 texture pixels: idle_sw
[rts] PASS pose body scale: idle_sw
[rts] PASS pose present: raise_sw
[rts] PASS square AtlasTexture: raise_sw
[rts] PASS exact source: raise_sw
[rts] PASS exact crop/padding and clipping: raise_sw
[rts] PASS authored ground metadata within 0.00002 texture pixels: raise_sw
[rts] PASS pose body scale: raise_sw
[rts] PASS pose present: raise_sw
[rts] PASS square AtlasTexture: raise_sw
[rts] PASS exact source: raise_sw
[rts] PASS exact crop/padding and clipping: raise_sw
[rts] PASS authored ground metadata within 0.00002 texture pixels: raise_sw
[rts] PASS pose body scale: raise_sw
[rts] PASS pose present: raise_sw
[rts] PASS square AtlasTexture: raise_sw
[rts] PASS exact source: raise_sw
[rts] PASS exact crop/padding and clipping: raise_sw
[rts] PASS authored ground metadata within 0.00002 texture pixels: raise_sw
[rts] PASS pose body scale: raise_sw
[rts] PASS pose present: release_sw
[rts] PASS square AtlasTexture: release_sw
[rts] PASS exact source: release_sw
[rts] PASS exact crop/padding and clipping: release_sw
[rts] PASS authored ground metadata within 0.00002 texture pixels: release_sw
[rts] PASS pose body scale: release_sw
[rts] PASS pose present: release_sw
[rts] PASS square AtlasTexture: release_sw
[rts] PASS exact source: release_sw
[rts] PASS exact crop/padding and clipping: release_sw
[rts] PASS authored ground metadata within 0.00002 texture pixels: release_sw
[rts] PASS pose body scale: release_sw
[rts] PASS pose present: recover_sw
[rts] PASS square AtlasTexture: recover_sw
[rts] PASS exact source: recover_sw
[rts] PASS exact crop/padding and clipping: recover_sw
[rts] PASS authored ground metadata within 0.00002 texture pixels: recover_sw
[rts] PASS pose body scale: recover_sw
[rts] PASS pose present: idle_sw
[rts] PASS square AtlasTexture: idle_sw
[rts] PASS exact source: idle_sw
[rts] PASS exact crop/padding and clipping: idle_sw
[rts] PASS authored ground metadata within 0.00002 texture pixels: idle_sw
[rts] PASS pose body scale: idle_sw
[rts] PASS exact TRES routing: death sw
[rts] PASS manifest frame count: death sw
[rts] PASS authored direction is not mirrored: death sw
[rts] PASS pose present: collapse_sw
[rts] PASS square AtlasTexture: collapse_sw
[rts] PASS exact source: collapse_sw
[rts] PASS exact crop/padding and clipping: collapse_sw
[rts] PASS authored ground metadata within 0.00002 texture pixels: collapse_sw
[rts] PASS pose body scale: collapse_sw
[rts] PASS pose present: wreck_sw
[rts] PASS square AtlasTexture: wreck_sw
[rts] PASS exact source: wreck_sw
[rts] PASS exact crop/padding and clipping: wreck_sw
[rts] PASS authored ground metadata within 0.00002 texture pixels: wreck_sw
[rts] PASS pose body scale: wreck_sw
[rts] PASS pose present: wreck_sw
[rts] PASS square AtlasTexture: wreck_sw
[rts] PASS exact source: wreck_sw
[rts] PASS exact crop/padding and clipping: wreck_sw
[rts] PASS authored ground metadata within 0.00002 texture pixels: wreck_sw
[rts] PASS pose body scale: wreck_sw
[rts] PASS living down cannot borrow death: sw
[rts] PASS exact TRES routing: idle ne
[rts] PASS manifest frame count: idle ne
[rts] PASS authored direction is not mirrored: idle ne
[rts] PASS pose present: idle_ne
[rts] PASS square AtlasTexture: idle_ne
[rts] PASS exact source: idle_ne
[rts] PASS exact crop/padding and clipping: idle_ne
[rts] PASS authored ground metadata within 0.00002 texture pixels: idle_ne
[rts] PASS pose body scale: idle_ne
[rts] PASS exact TRES routing: walk ne
[rts] PASS manifest frame count: walk ne
[rts] PASS authored direction is not mirrored: walk ne
[rts] PASS pose present: walk_a_ne
[rts] PASS square AtlasTexture: walk_a_ne
[rts] PASS exact source: walk_a_ne
[rts] PASS exact crop/padding and clipping: walk_a_ne
[rts] PASS authored ground metadata within 0.00002 texture pixels: walk_a_ne
[rts] PASS pose body scale: walk_a_ne
[rts] PASS pose present: walk_b_ne
[rts] PASS square AtlasTexture: walk_b_ne
[rts] PASS exact source: walk_b_ne
[rts] PASS exact crop/padding and clipping: walk_b_ne
[rts] PASS authored ground metadata within 0.00002 texture pixels: walk_b_ne
[rts] PASS pose body scale: walk_b_ne
[rts] PASS exact TRES routing: attack ne
[rts] PASS manifest frame count: attack ne
[rts] PASS authored direction is not mirrored: attack ne
[rts] PASS pose present: idle_ne
[rts] PASS square AtlasTexture: idle_ne
[rts] PASS exact source: idle_ne
[rts] PASS exact crop/padding and clipping: idle_ne
[rts] PASS authored ground metadata within 0.00002 texture pixels: idle_ne
[rts] PASS pose body scale: idle_ne
[rts] PASS pose present: raise_ne
[rts] PASS square AtlasTexture: raise_ne
[rts] PASS exact source: raise_ne
[rts] PASS exact crop/padding and clipping: raise_ne
[rts] PASS authored ground metadata within 0.00002 texture pixels: raise_ne
[rts] PASS pose body scale: raise_ne
[rts] PASS pose present: raise_ne
[rts] PASS square AtlasTexture: raise_ne
[rts] PASS exact source: raise_ne
[rts] PASS exact crop/padding and clipping: raise_ne
[rts] PASS authored ground metadata within 0.00002 texture pixels: raise_ne
[rts] PASS pose body scale: raise_ne
[rts] PASS pose present: raise_ne
[rts] PASS square AtlasTexture: raise_ne
[rts] PASS exact source: raise_ne
[rts] PASS exact crop/padding and clipping: raise_ne
[rts] PASS authored ground metadata within 0.00002 texture pixels: raise_ne
[rts] PASS pose body scale: raise_ne
[rts] PASS pose present: release_ne
[rts] PASS square AtlasTexture: release_ne
[rts] PASS exact source: release_ne
[rts] PASS exact crop/padding and clipping: release_ne
[rts] PASS authored ground metadata within 0.00002 texture pixels: release_ne
[rts] PASS pose body scale: release_ne
[rts] PASS pose present: release_ne
[rts] PASS square AtlasTexture: release_ne
[rts] PASS exact source: release_ne
[rts] PASS exact crop/padding and clipping: release_ne
[rts] PASS authored ground metadata within 0.00002 texture pixels: release_ne
[rts] PASS pose body scale: release_ne
[rts] PASS pose present: recover_ne
[rts] PASS square AtlasTexture: recover_ne
[rts] PASS exact source: recover_ne
[rts] PASS exact crop/padding and clipping: recover_ne
[rts] PASS authored ground metadata within 0.00002 texture pixels: recover_ne
[rts] PASS pose body scale: recover_ne
[rts] PASS pose present: idle_ne
[rts] PASS square AtlasTexture: idle_ne
[rts] PASS exact source: idle_ne
[rts] PASS exact crop/padding and clipping: idle_ne
[rts] PASS authored ground metadata within 0.00002 texture pixels: idle_ne
[rts] PASS pose body scale: idle_ne
[rts] PASS exact TRES routing: death ne
[rts] PASS manifest frame count: death ne
[rts] PASS authored direction is not mirrored: death ne
[rts] PASS pose present: collapse_ne
[rts] PASS square AtlasTexture: collapse_ne
[rts] PASS exact source: collapse_ne
[rts] PASS exact crop/padding and clipping: collapse_ne
[rts] PASS authored ground metadata within 0.00002 texture pixels: collapse_ne
[rts] PASS pose body scale: collapse_ne
[rts] PASS pose present: wreck_ne
[rts] PASS square AtlasTexture: wreck_ne
[rts] PASS exact source: wreck_ne
[rts] PASS exact crop/padding and clipping: wreck_ne
[rts] PASS authored ground metadata within 0.00002 texture pixels: wreck_ne
[rts] PASS pose body scale: wreck_ne
[rts] PASS pose present: wreck_ne
[rts] PASS square AtlasTexture: wreck_ne
[rts] PASS exact source: wreck_ne
[rts] PASS exact crop/padding and clipping: wreck_ne
[rts] PASS authored ground metadata within 0.00002 texture pixels: wreck_ne
[rts] PASS pose body scale: wreck_ne
[rts] PASS living down cannot borrow death: ne
[rts] PASS exact TRES routing: idle nw
[rts] PASS manifest frame count: idle nw
[rts] PASS authored direction is not mirrored: idle nw
[rts] PASS pose present: idle_nw
[rts] PASS square AtlasTexture: idle_nw
[rts] PASS exact source: idle_nw
[rts] PASS exact crop/padding and clipping: idle_nw
[rts] PASS authored ground metadata within 0.00002 texture pixels: idle_nw
[rts] PASS pose body scale: idle_nw
[rts] PASS exact TRES routing: walk nw
[rts] PASS manifest frame count: walk nw
[rts] PASS authored direction is not mirrored: walk nw
[rts] PASS pose present: walk_a_nw
[rts] PASS square AtlasTexture: walk_a_nw
[rts] PASS exact source: walk_a_nw
[rts] PASS exact crop/padding and clipping: walk_a_nw
[rts] PASS authored ground metadata within 0.00002 texture pixels: walk_a_nw
[rts] PASS pose body scale: walk_a_nw
[rts] PASS pose present: walk_b_nw
[rts] PASS square AtlasTexture: walk_b_nw
[rts] PASS exact source: walk_b_nw
[rts] PASS exact crop/padding and clipping: walk_b_nw
[rts] PASS authored ground metadata within 0.00002 texture pixels: walk_b_nw
[rts] PASS pose body scale: walk_b_nw
[rts] PASS exact TRES routing: attack nw
[rts] PASS manifest frame count: attack nw
[rts] PASS authored direction is not mirrored: attack nw
[rts] PASS pose present: idle_nw
[rts] PASS square AtlasTexture: idle_nw
[rts] PASS exact source: idle_nw
[rts] PASS exact crop/padding and clipping: idle_nw
[rts] PASS authored ground metadata within 0.00002 texture pixels: idle_nw
[rts] PASS pose body scale: idle_nw
[rts] PASS pose present: raise_nw
[rts] PASS square AtlasTexture: raise_nw
[rts] PASS exact source: raise_nw
[rts] PASS exact crop/padding and clipping: raise_nw
[rts] PASS authored ground metadata within 0.00002 texture pixels: raise_nw
[rts] PASS pose body scale: raise_nw
[rts] PASS pose present: raise_nw
[rts] PASS square AtlasTexture: raise_nw
[rts] PASS exact source: raise_nw
[rts] PASS exact crop/padding and clipping: raise_nw
[rts] PASS authored ground metadata within 0.00002 texture pixels: raise_nw
[rts] PASS pose body scale: raise_nw
[rts] PASS pose present: raise_nw
[rts] PASS square AtlasTexture: raise_nw
[rts] PASS exact source: raise_nw
[rts] PASS exact crop/padding and clipping: raise_nw
[rts] PASS authored ground metadata within 0.00002 texture pixels: raise_nw
[rts] PASS pose body scale: raise_nw
[rts] PASS pose present: release_nw
[rts] PASS square AtlasTexture: release_nw
[rts] PASS exact source: release_nw
[rts] PASS exact crop/padding and clipping: release_nw
[rts] PASS authored ground metadata within 0.00002 texture pixels: release_nw
[rts] PASS pose body scale: release_nw
[rts] PASS pose present: release_nw
[rts] PASS square AtlasTexture: release_nw
[rts] PASS exact source: release_nw
[rts] PASS exact crop/padding and clipping: release_nw
[rts] PASS authored ground metadata within 0.00002 texture pixels: release_nw
[rts] PASS pose body scale: release_nw
[rts] PASS pose present: recover_nw
[rts] PASS square AtlasTexture: recover_nw
[rts] PASS exact source: recover_nw
[rts] PASS exact crop/padding and clipping: recover_nw
[rts] PASS authored ground metadata within 0.00002 texture pixels: recover_nw
[rts] PASS pose body scale: recover_nw
[rts] PASS pose present: idle_nw
[rts] PASS square AtlasTexture: idle_nw
[rts] PASS exact source: idle_nw
[rts] PASS exact crop/padding and clipping: idle_nw
[rts] PASS authored ground metadata within 0.00002 texture pixels: idle_nw
[rts] PASS pose body scale: idle_nw
[rts] PASS exact TRES routing: death nw
[rts] PASS manifest frame count: death nw
[rts] PASS authored direction is not mirrored: death nw
[rts] PASS pose present: collapse_nw
[rts] PASS square AtlasTexture: collapse_nw
[rts] PASS exact source: collapse_nw
[rts] PASS exact crop/padding and clipping: collapse_nw
[rts] PASS authored ground metadata within 0.00002 texture pixels: collapse_nw
[rts] PASS pose body scale: collapse_nw
[rts] PASS pose present: wreck_nw
[rts] PASS square AtlasTexture: wreck_nw
[rts] PASS exact source: wreck_nw
[rts] PASS exact crop/padding and clipping: wreck_nw
[rts] PASS authored ground metadata within 0.00002 texture pixels: wreck_nw
[rts] PASS pose body scale: wreck_nw
[rts] PASS pose present: wreck_nw
[rts] PASS square AtlasTexture: wreck_nw
[rts] PASS exact source: wreck_nw
[rts] PASS exact crop/padding and clipping: wreck_nw
[rts] PASS authored ground metadata within 0.00002 texture pixels: wreck_nw
[rts] PASS pose body scale: wreck_nw
[rts] PASS living down cannot borrow death: nw
[rts] PASS invalid direction rejected
[rts] PASS existing campaign costume priority: lin_chong_prisoner
[rts] PASS existing missing campaign death does not borrow generic: lin_chong_prisoner
[rts] PASS existing campaign costume priority: song_jiang_bound
[rts] PASS existing missing campaign death does not borrow generic: song_jiang_bound
[rts] PASS installed content identity resolves
[rts] PASS new character file included in installed identity: assets/anim/siege_cata_idle_se.tres
[rts] PASS new character file included in installed identity: assets/anim/siege_cata_walk_se.tres
[rts] PASS new character file included in installed identity: assets/anim/siege_cata_attack_se.tres
[rts] PASS new character file included in installed identity: assets/anim/siege_cata_death_se.tres
[rts] PASS new character file included in installed identity: assets/anim/siege_cata_idle_sw.tres
[rts] PASS new character file included in installed identity: assets/anim/siege_cata_walk_sw.tres
[rts] PASS new character file included in installed identity: assets/anim/siege_cata_attack_sw.tres
[rts] PASS new character file included in installed identity: assets/anim/siege_cata_death_sw.tres
[rts] PASS new character file included in installed identity: assets/anim/siege_cata_idle_ne.tres
[rts] PASS new character file included in installed identity: assets/anim/siege_cata_walk_ne.tres
[rts] PASS new character file included in installed identity: assets/anim/siege_cata_attack_ne.tres
[rts] PASS new character file included in installed identity: assets/anim/siege_cata_death_ne.tres
[rts] PASS new character file included in installed identity: assets/anim/siege_cata_idle_nw.tres
[rts] PASS new character file included in installed identity: assets/anim/siege_cata_walk_nw.tres
[rts] PASS new character file included in installed identity: assets/anim/siege_cata_attack_nw.tres
[rts] PASS new character file included in installed identity: assets/anim/siege_cata_death_nw.tres
[rts] PASS new character file included in installed identity: assets/characters/siege_cata_direction4_20261004/idle.png
[rts] PASS new character file included in installed identity: assets/characters/siege_cata_direction4_20261004/walk_a.png
[rts] PASS new character file included in installed identity: assets/characters/siege_cata_direction4_20261004/walk_b_v2.png
[rts] PASS new character file included in installed identity: assets/characters/siege_cata_direction4_20261004/raise.png
[rts] PASS new character file included in installed identity: assets/characters/siege_cata_direction4_20261004/release.png
[rts] PASS new character file included in installed identity: assets/characters/siege_cata_direction4_20261004/recover.png
[rts] PASS new character file included in installed identity: assets/characters/siege_cata_direction4_20261004/collapse.png
[rts] PASS new character file included in installed identity: assets/characters/siege_cata_direction4_20261004/wreck_v2.png
[rts] PASS clear mechanical movement patch exists
[rts] PASS existing mechanical ranged class: se
[rts] PASS existing catapult stats retained: se
[rts] PASS existing production and damage multipliers: se
[rts] PASS selected catapult HUD identity retained: se
[rts] PASS real catapult rolling command and facing: se
[rts] PASS real transport selects reviewed wheel phase: se
[rts] PASS authored rigid chassis excludes infantry gait: se
[rts] PASS real rendered screenshot: walk_se
[rts] PASS normal attack releases real boulder: se
[rts] PASS physics release tick selects empty upright spoon: se
[rts] PASS real release keeps facing and excludes bow swing: se
[rts] PASS real rendered screenshot: release_se
[rts] PASS real boulder lands and damages target: se
[rts] PASS real rendered screenshot: ranged_se
[rts] PASS mechanical lethal fixture removes combat actor and keeps facing: se
[rts] PASS real rendered screenshot: fall_se
[rts] PASS real rendered screenshot: terminal_se
[rts] PASS mechanical wreck fade releases original actor: se
[rts] PASS existing mechanical ranged class: sw
[rts] PASS existing catapult stats retained: sw
[rts] PASS existing production and damage multipliers: sw
[rts] PASS selected catapult HUD identity retained: sw
[rts] PASS real catapult rolling command and facing: sw
[rts] PASS real transport selects reviewed wheel phase: sw
[rts] PASS authored rigid chassis excludes infantry gait: sw
[rts] PASS real rendered screenshot: walk_sw
[rts] PASS normal attack releases real boulder: sw
[rts] PASS physics release tick selects empty upright spoon: sw
[rts] PASS real release keeps facing and excludes bow swing: sw
[rts] PASS real rendered screenshot: release_sw
[rts] PASS real boulder lands and damages target: sw
[rts] PASS real rendered screenshot: ranged_sw
[rts] PASS mechanical lethal fixture removes combat actor and keeps facing: sw
[rts] PASS real rendered screenshot: fall_sw
[rts] PASS real rendered screenshot: terminal_sw
[rts] PASS mechanical wreck fade releases original actor: sw
[rts] PASS existing mechanical ranged class: ne
[rts] PASS existing catapult stats retained: ne
[rts] PASS existing production and damage multipliers: ne
[rts] PASS selected catapult HUD identity retained: ne
[rts] PASS real catapult rolling command and facing: ne
[rts] PASS real transport selects reviewed wheel phase: ne
[rts] PASS authored rigid chassis excludes infantry gait: ne
[rts] PASS real rendered screenshot: walk_ne
[rts] PASS normal attack releases real boulder: ne
[rts] PASS physics release tick selects empty upright spoon: ne
[rts] PASS real release keeps facing and excludes bow swing: ne
[rts] PASS real rendered screenshot: release_ne
[rts] PASS real boulder lands and damages target: ne
[rts] PASS real rendered screenshot: ranged_ne
[rts] PASS mechanical lethal fixture removes combat actor and keeps facing: ne
[rts] PASS real rendered screenshot: fall_ne
[rts] PASS real rendered screenshot: terminal_ne
[rts] PASS mechanical wreck fade releases original actor: ne
[rts] PASS existing mechanical ranged class: nw
[rts] PASS existing catapult stats retained: nw
[rts] PASS existing production and damage multipliers: nw
[rts] PASS selected catapult HUD identity retained: nw
[rts] PASS real catapult rolling command and facing: nw
[rts] PASS real transport selects reviewed wheel phase: nw
[rts] PASS authored rigid chassis excludes infantry gait: nw
[rts] PASS real rendered screenshot: walk_nw
[rts] PASS normal attack releases real boulder: nw
[rts] PASS physics release tick selects empty upright spoon: nw
[rts] PASS real release keeps facing and excludes bow swing: nw
[rts] PASS real rendered screenshot: release_nw
[rts] PASS real boulder lands and damages target: nw
[rts] PASS real rendered screenshot: ranged_nw
[rts] PASS mechanical lethal fixture removes combat actor and keeps facing: nw
[rts] PASS real rendered screenshot: fall_nw
[rts] PASS real rendered screenshot: terminal_nw
[rts] PASS mechanical wreck fade releases original actor: nw
[rts] PASS real rendered screenshot: unit_pose_matrix_1
[rts] PASS real rendered screenshot: unit_pose_matrix_2
[rts] PASS real rendered screenshot: unit_pose_matrix_3
[rts] PASS installed content identity resolves
[rts] PASS new character file included in installed identity: assets/anim/siege_cata_idle_se.tres
[rts] PASS new character file included in installed identity: assets/anim/siege_cata_walk_se.tres
[rts] PASS new character file included in installed identity: assets/anim/siege_cata_attack_se.tres
[rts] PASS new character file included in installed identity: assets/anim/siege_cata_death_se.tres
[rts] PASS new character file included in installed identity: assets/anim/siege_cata_idle_sw.tres
[rts] PASS new character file included in installed identity: assets/anim/siege_cata_walk_sw.tres
[rts] PASS new character file included in installed identity: assets/anim/siege_cata_attack_sw.tres
[rts] PASS new character file included in installed identity: assets/anim/siege_cata_death_sw.tres
[rts] PASS new character file included in installed identity: assets/anim/siege_cata_idle_ne.tres
[rts] PASS new character file included in installed identity: assets/anim/siege_cata_walk_ne.tres
[rts] PASS new character file included in installed identity: assets/anim/siege_cata_attack_ne.tres
[rts] PASS new character file included in installed identity: assets/anim/siege_cata_death_ne.tres
[rts] PASS new character file included in installed identity: assets/anim/siege_cata_idle_nw.tres
[rts] PASS new character file included in installed identity: assets/anim/siege_cata_walk_nw.tres
[rts] PASS new character file included in installed identity: assets/anim/siege_cata_attack_nw.tres
[rts] PASS new character file included in installed identity: assets/anim/siege_cata_death_nw.tres
[rts] PASS new character file included in installed identity: assets/characters/siege_cata_direction4_20261004/idle.png
[rts] PASS new character file included in installed identity: assets/characters/siege_cata_direction4_20261004/walk_a.png
[rts] PASS new character file included in installed identity: assets/characters/siege_cata_direction4_20261004/walk_b_v2.png
[rts] PASS new character file included in installed identity: assets/characters/siege_cata_direction4_20261004/raise.png
[rts] PASS new character file included in installed identity: assets/characters/siege_cata_direction4_20261004/release.png
[rts] PASS new character file included in installed identity: assets/characters/siege_cata_direction4_20261004/recover.png
[rts] PASS new character file included in installed identity: assets/characters/siege_cata_direction4_20261004/collapse.png
[rts] PASS new character file included in installed identity: assets/characters/siege_cata_direction4_20261004/wreck_v2.png
[rts] PASS installed content identity unchanged during character QA
[art-character] siege_cata 552 checks; failures=[]
