Godot Engine v4.6.3.stable.official.7d41c59c4 - https://godotengine.org
Vulkan 1.4.351 - Forward+ - Using Device #0: NVIDIA - NVIDIA GeForce RTX 3070 Ti

[runtime-check] PASS Zhu fixture enters current persistent RTS chapter
[runtime-check] PASS Zhu current starting army reaches actual gate combat before sample
[render-sample] {"active_min":34,"active_peak":35,"average_frame_ms":6.45008704061896,"ended_during_sample":true,"final":{"active_units":34,"in_camera_activity_region":17,"scene_units":61,"visible_nodes":17},"frames":1551,"headless":false,"historical_confirmed_p95_frame_ms":-1.0,"initial":{"active_units":35,"in_camera_activity_region":21,"scene_units":62,"visible_nodes":21},"kills_at_end":1,"label":"zhu_rts_gate_contact","mean_draw_calls":1046.28626692456,"mean_fps":155.036667521318,"minimum_instantaneous_fps":6.37730699080392,"p95_delta_from_confirmed_ms":null,"p95_frame_ms":12.148,"p95_gate_ms":16.7,"p95_regression_limit_ratio":1.1,"p95_shadow_off_ratio":null,"p99_frame_ms":15.685,"p99_gate_ms":33.3,"phase_at_end":3,"shadow_off_p95_frame_ms":-1.0,"viewport":"(1280, 720)","wall_seconds":10.004085,"world_shadow_batch":{"capacity":128,"cast_instances":17,"contact_instances":17,"draw_submissions":1,"exists":true,"retained_dying_units":0,"retained_dying_visible":0,"shapes_per_instance":2},"world_shadow_routes":{"duplicate_routes":0,"local_outline_units":27,"local_outline_visible":19,"mobile_units":34,"mobile_visible":17,"scenery_duplicate_routes":0,"scenery_local_outline_anchors":0,"scenery_outline_anchors":76,"scenery_static_batch_anchors":76,"scenery_static_draw_submissions":4,"unrouted_units":0},"worst_frame_ms":156.806}
[runtime-check] FAIL zhu_rts_gate_contact measured ten seconds of live rendered battle
[runtime-check] PASS zhu_rts_gate_contact P95 frame time <= 16.7 ms
[runtime-check] PASS zhu_rts_gate_contact P99 frame time <= 33.3 ms
[runtime-check] FAIL zhu_rts_gate_contact has confirmed P95 baseline
[runtime-check] FAIL zhu_rts_gate_contact has shadow-off P95 baseline
[runtime-check] PASS Gao fixture enters current persistent RTS chapter
[runtime-check] PASS Gao current land and water forces both reach actual combat before sample
[render-sample] {"active_min":47,"active_peak":49,"average_frame_ms":16.093884244373,"ended_during_sample":false,"final":{"active_units":47,"in_camera_activity_region":21,"scene_units":62,"visible_nodes":21},"frames":622,"headless":false,"historical_confirmed_p95_frame_ms":-1.0,"initial":{"active_units":49,"in_camera_activity_region":22,"scene_units":64,"visible_nodes":22},"kills_at_end":4,"label":"gao_rts_land_water_contact","mean_draw_calls":3158.99196141479,"mean_fps":62.1354040339663,"minimum_instantaneous_fps":22.2588256243601,"p95_delta_from_confirmed_ms":null,"p95_frame_ms":21.534,"p95_gate_ms":16.7,"p95_regression_limit_ratio":1.1,"p95_shadow_off_ratio":null,"p99_frame_ms":26.462,"p99_gate_ms":33.3,"phase_at_end":2,"shadow_off_p95_frame_ms":-1.0,"viewport":"(1280, 720)","wall_seconds":10.010396,"world_shadow_batch":{"capacity":128,"cast_instances":21,"contact_instances":21,"draw_submissions":1,"exists":true,"retained_dying_units":0,"retained_dying_visible":0,"shapes_per_instance":2},"world_shadow_routes":{"duplicate_routes":0,"local_outline_units":15,"local_outline_visible":11,"mobile_units":47,"mobile_visible":21,"scenery_duplicate_routes":0,"scenery_local_outline_anchors":0,"scenery_outline_anchors":122,"scenery_static_batch_anchors":122,"scenery_static_draw_submissions":14,"unrouted_units":0},"worst_frame_ms":44.926}
[runtime-check] PASS gao_rts_land_water_contact measured ten seconds of live rendered battle
[runtime-check] FAIL gao_rts_land_water_contact P95 frame time <= 16.7 ms
[runtime-check] PASS gao_rts_land_water_contact P99 frame time <= 33.3 ms
[runtime-check] FAIL gao_rts_land_water_contact has confirmed P95 baseline
[runtime-check] FAIL gao_rts_land_water_contact has shadow-off P95 baseline
[runtime-check] PASS CAMPAIGN_QA leaves campaign progress bytes unchanged
[runtime-result] {"failures":["zhu_rts_gate_contact measured ten seconds of live rendered battle","zhu_rts_gate_contact has confirmed P95 baseline","zhu_rts_gate_contact has shadow-off P95 baseline","gao_rts_land_water_contact P95 frame time <= 16.7 ms","gao_rts_land_water_contact has confirmed P95 baseline","gao_rts_land_water_contact has shadow-off P95 baseline"],"output":"res://.godot/polish_runtime_adapter/performance_final","passed":false}
