Godot Engine v4.6.3.stable.official.7d41c59c4 - https://godotengine.org
Vulkan 1.4.351 - Forward+ - Using Device #0: NVIDIA - NVIDIA GeForce RTX 3070 Ti

[rts] PASS evacuation controls absent before rescue
[rts] PASS start_1280 has mission scroll container
[rts] PASS start_1280 final button can scroll fully into view
[rts] PASS start_1280 objective panel stays above command cards
[rts] PASS start_1280 actual screenshot saved
[rts] PASS sun_1280 has mission scroll container
[rts] PASS sun_1280 final button can scroll fully into view
[rts] PASS sun_1280 objective panel stays above command cards
[rts] PASS sun_1280 actual screenshot saved
[rts] PASS side_gate_destroyed_1280 has mission scroll container
[rts] PASS side_gate_destroyed_1280 final button can scroll fully into view
[rts] PASS side_gate_destroyed_1280 objective panel stays above command cards
[rts] PASS side_gate_destroyed_1280 actual screenshot saved
[rts] PASS destroyed side gate remains an unsuccessful closed inside action
[rts] PASS actual mission-target player order completes isolated rescue
[rts] PASS rescue emits its normal event
[rts] PASS rescued_1280 has mission scroll container
[rts] PASS rescued_1280 final button can scroll fully into view
[rts] PASS rescued_1280 objective panel stays above command cards
[rts] PASS rescued_1280 actual screenshot saved
[rts] PASS duplicate rescue callback cannot add duplicate controls
[rts] PASS Shi Qian selection button exists
[rts] PASS Shi Qian selection button is visible before actual GUI click
[rts] PASS single selector uses actual rescued Shi Qian instance
[rts] PASS single selector cannot move/order/advance any unit or mission
[rts] PASS evacuee selection button exists
[rts] PASS evacuee selection button is visible before actual GUI click
[rts] PASS group selector selects only the seven wounded evacuees
[rts] PASS group selector cannot move/order/advance any unit or mission
[rts] PASS camp locator button exists
[rts] PASS camp locator button is visible before actual GUI click
[rts] PASS camp locator moves camera to actual camp
[rts] PASS camp locator preserves selection and all battle orders
[rts] PASS selection/locator controls do not register extra mission flags
[rts] PASS a separate real player ground order is required to start retreating
[rts] PASS optional evacuee death misses story goal without core defeat
[rts] PASS filtered evacuee selection button exists
[rts] PASS filtered evacuee selection button is visible before actual GUI click
[rts] PASS group selection filters dead/garrisoned/captive/enemy/resolved members live
[rts] PASS filtering selection does not change excluded members or orders
[rts] PASS empty evacuee selection button exists
[rts] PASS empty evacuee selection button is visible before actual GUI click
[rts] PASS empty live group explains unavailability without selecting outsiders or changing orders
[rts] PASS late fixture exposes ordinary finish action
[rts] PASS finish_ready_1280 has mission scroll container
[rts] PASS finish_ready_1280 final button can scroll fully into view
[rts] PASS finish_ready_1280 objective panel stays above command cards
[rts] PASS finish_ready_1280 actual screenshot saved
[rts] PASS finish locator button exists
[rts] PASS finish locator button is visible before actual GUI click
[rts] PASS viewing final task never orders Song Jiang or auto-finishes
[rts] PASS evacuation controls absent before rescue
[rts] PASS start_1440 has mission scroll container
[rts] PASS start_1440 final button can scroll fully into view
[rts] PASS start_1440 objective panel stays above command cards
[rts] PASS start_1440 actual screenshot saved
[rts] PASS sun_1440 has mission scroll container
[rts] PASS sun_1440 final button can scroll fully into view
[rts] PASS sun_1440 objective panel stays above command cards
[rts] PASS sun_1440 actual screenshot saved
[rts] PASS side_gate_destroyed_1440 has mission scroll container
[rts] PASS side_gate_destroyed_1440 final button can scroll fully into view
[rts] PASS side_gate_destroyed_1440 objective panel stays above command cards
[rts] PASS side_gate_destroyed_1440 actual screenshot saved
[rts] PASS destroyed side gate remains an unsuccessful closed inside action
[rts] PASS actual mission-target player order completes isolated rescue
[rts] PASS rescue emits its normal event
[rts] PASS rescued_1440 has mission scroll container
[rts] PASS rescued_1440 final button can scroll fully into view
[rts] PASS rescued_1440 objective panel stays above command cards
[rts] PASS rescued_1440 actual screenshot saved
[rts] PASS duplicate rescue callback cannot add duplicate controls
[rts] PASS Shi Qian selection button exists
[rts] PASS Shi Qian selection button is visible before actual GUI click
[rts] PASS single selector uses actual rescued Shi Qian instance
[rts] PASS single selector cannot move/order/advance any unit or mission
[rts] PASS evacuee selection button exists
[rts] PASS evacuee selection button is visible before actual GUI click
[rts] PASS group selector selects only the seven wounded evacuees
[rts] PASS group selector cannot move/order/advance any unit or mission
[rts] PASS camp locator button exists
[rts] PASS camp locator button is visible before actual GUI click
[rts] PASS camp locator moves camera to actual camp
[rts] PASS camp locator preserves selection and all battle orders
[rts] PASS selection/locator controls do not register extra mission flags
[rts] PASS a separate real player ground order is required to start retreating
[rts] PASS optional evacuee death misses story goal without core defeat
[rts] PASS filtered evacuee selection button exists
[rts] PASS filtered evacuee selection button is visible before actual GUI click
[rts] PASS group selection filters dead/garrisoned/captive/enemy/resolved members live
[rts] PASS filtering selection does not change excluded members or orders
[rts] PASS empty evacuee selection button exists
[rts] PASS empty evacuee selection button is visible before actual GUI click
[rts] PASS empty live group explains unavailability without selecting outsiders or changing orders
[rts] PASS late fixture exposes ordinary finish action
[rts] PASS finish_ready_1440 has mission scroll container
[rts] PASS finish_ready_1440 final button can scroll fully into view
[rts] PASS finish_ready_1440 objective panel stays above command cards
[rts] PASS finish_ready_1440 actual screenshot saved
[rts] PASS finish locator button exists
[rts] PASS finish locator button is visible before actual GUI click
[rts] PASS viewing final task never orders Song Jiang or auto-finishes
[rts] PASS hall real death reaches normal defeat panel
[rts] PASS hall failure explains defending and repair
[rts] PASS hall defeat never awards core success
[rts] PASS hall repeat failure callback does not duplicate settlement text
[rts] PASS hall restart and map entries remain present
[rts] PASS hall defeat advice fits the viewport
[rts] PASS defeat_hall actual screenshot saved
[rts] PASS song real death reaches normal defeat panel
[rts] PASS Song Jiang failure explains safer support
[rts] PASS song defeat never awards core success
[rts] PASS song repeat failure callback does not duplicate settlement text
[rts] PASS song restart and map entries remain present
[rts] PASS song defeat advice fits the viewport
[rts] PASS defeat_song actual screenshot saved
[rts] PASS defeat restart button exists
[rts] PASS defeat restart button is visible before actual GUI click
[rts] PASS real restart button opens a new instance of the same chapter
[rts] PASS shi_captive real death reaches normal defeat panel
[rts] PASS captive death uses rescue-stage advice
[rts] PASS shi_captive defeat never awards core success
[rts] PASS shi_captive repeat failure callback does not duplicate settlement text
[rts] PASS shi_captive restart and map entries remain present
[rts] PASS shi_captive defeat advice fits the viewport
[rts] PASS defeat_shi_captive actual screenshot saved
[rts] PASS actual mission-target player order completes isolated rescue
[rts] PASS rescue emits its normal event
[rts] PASS shi_rescued real death reaches normal defeat panel
[rts] PASS rescued Shi Qian death explains escort and manual retreat
[rts] PASS shi_rescued defeat never awards core success
[rts] PASS shi_rescued repeat failure callback does not duplicate settlement text
[rts] PASS shi_rescued restart and map entries remain present
[rts] PASS shi_rescued defeat advice fits the viewport
[rts] PASS defeat_shi_rescued actual screenshot saved
[zhu-feedback] 135 checks; failures=[]
