Godot Engine v4.6.3.stable.official.7d41c59c4 - https://godotengine.org

[rts] PASS actor locator selects Sun Li
[rts] PASS locator does not move or dispatch the hero
[rts] PASS wrong heroes receive actor requirement immediately
[rts] PASS wrong hero click never recruits unselected Sun Li
[rts] PASS 33-unit group right-click on visible flag starts contact
[rts] PASS selected actor reaches task radius despite formation
[rts] PASS contact must hold for full five seconds
[rts] PASS new hold command cancels contact without auto-resuming
[rts] PASS attack-move cannot claim a mission action
[rts] PASS fresh player move completes contact and story event
[rts] PASS completed action hides marker and disables locator
[rts] PASS inside contact leaves main gate intact
[rts] PASS opened side gate is actually traversable
[rts] PASS gate source left foot matches north stockade end
[rts] PASS gate source right foot matches south stockade end
[rts] PASS gate roof and poles remain upright
[rts] PASS shadow retains both wall contact anchors
[rts] PASS destroyed gate closes obsolete action without false success
[rts] PASS destroyed gate explains alternate route
[rts] PASS blocked action cannot be dispatched by regression API
[rts] PASS dead Sun disables locator
[rts] PASS dead Sun explains siege alternative and campaign continues
[gate-contact] 22 checks, failures []
