Godot Engine v4.6.3.stable.official.7d41c59c4 - https://godotengine.org

[jiang-menshen-direction4] PASS Unit and Defs scripts instantiate
[jiang-menshen-direction4] PASS Jiang Menshen definition exists
[jiang-menshen-direction4] PASS exact source idle/se
[jiang-menshen-direction4] PASS directional source flag idle/se
[jiang-menshen-direction4] PASS cache stable idle/se
[jiang-menshen-direction4] PASS exact source idle/sw
[jiang-menshen-direction4] PASS directional source flag idle/sw
[jiang-menshen-direction4] PASS cache stable idle/sw
[jiang-menshen-direction4] PASS exact source idle/ne
[jiang-menshen-direction4] PASS directional source flag idle/ne
[jiang-menshen-direction4] PASS cache stable idle/ne
[jiang-menshen-direction4] PASS exact source idle/nw
[jiang-menshen-direction4] PASS directional source flag idle/nw
[jiang-menshen-direction4] PASS cache stable idle/nw
[jiang-menshen-direction4] PASS four real viewpoints idle :: 4
[jiang-menshen-direction4] PASS exact source walk/se
[jiang-menshen-direction4] PASS directional source flag walk/se
[jiang-menshen-direction4] PASS cache stable walk/se
[jiang-menshen-direction4] PASS exact source walk/sw
[jiang-menshen-direction4] PASS directional source flag walk/sw
[jiang-menshen-direction4] PASS cache stable walk/sw
[jiang-menshen-direction4] PASS exact source walk/ne
[jiang-menshen-direction4] PASS directional source flag walk/ne
[jiang-menshen-direction4] PASS cache stable walk/ne
[jiang-menshen-direction4] PASS exact source walk/nw
[jiang-menshen-direction4] PASS directional source flag walk/nw
[jiang-menshen-direction4] PASS cache stable walk/nw
[jiang-menshen-direction4] PASS four real viewpoints walk :: 4
[jiang-menshen-direction4] PASS exact source attack/se
[jiang-menshen-direction4] PASS directional source flag attack/se
[jiang-menshen-direction4] PASS cache stable attack/se
[jiang-menshen-direction4] PASS exact source attack/sw
[jiang-menshen-direction4] PASS directional source flag attack/sw
[jiang-menshen-direction4] PASS cache stable attack/sw
[jiang-menshen-direction4] PASS exact source attack/ne
[jiang-menshen-direction4] PASS directional source flag attack/ne
[jiang-menshen-direction4] PASS cache stable attack/ne
[jiang-menshen-direction4] PASS exact source attack/nw
[jiang-menshen-direction4] PASS directional source flag attack/nw
[jiang-menshen-direction4] PASS cache stable attack/nw
[jiang-menshen-direction4] PASS four real viewpoints attack :: 4
[jiang-menshen-direction4] PASS exact source hurt/se
[jiang-menshen-direction4] PASS directional source flag hurt/se
[jiang-menshen-direction4] PASS cache stable hurt/se
[jiang-menshen-direction4] PASS exact source hurt/sw
[jiang-menshen-direction4] PASS directional source flag hurt/sw
[jiang-menshen-direction4] PASS cache stable hurt/sw
[jiang-menshen-direction4] PASS exact source hurt/ne
[jiang-menshen-direction4] PASS directional source flag hurt/ne
[jiang-menshen-direction4] PASS cache stable hurt/ne
[jiang-menshen-direction4] PASS exact source hurt/nw
[jiang-menshen-direction4] PASS directional source flag hurt/nw
[jiang-menshen-direction4] PASS cache stable hurt/nw
[jiang-menshen-direction4] PASS four real viewpoints hurt :: 4
[jiang-menshen-direction4] PASS exact source down/se
[jiang-menshen-direction4] PASS directional source flag down/se
[jiang-menshen-direction4] PASS cache stable down/se
[jiang-menshen-direction4] PASS exact source down/sw
[jiang-menshen-direction4] PASS directional source flag down/sw
[jiang-menshen-direction4] PASS cache stable down/sw
[jiang-menshen-direction4] PASS exact source down/ne
[jiang-menshen-direction4] PASS directional source flag down/ne
[jiang-menshen-direction4] PASS cache stable down/ne
[jiang-menshen-direction4] PASS exact source down/nw
[jiang-menshen-direction4] PASS directional source flag down/nw
[jiang-menshen-direction4] PASS cache stable down/nw
[jiang-menshen-direction4] PASS four real viewpoints down :: 4
[jiang-menshen-direction4] PASS real Unit selects idle/se
[jiang-menshen-direction4] PASS real Unit selects walk/se
[jiang-menshen-direction4] PASS real Unit selects attack/se
[jiang-menshen-direction4] PASS real Unit selects hurt/se
[jiang-menshen-direction4] PASS real Unit down draw directional se
[jiang-menshen-direction4] PASS real Unit selects idle/sw
[jiang-menshen-direction4] PASS real Unit selects walk/sw
[jiang-menshen-direction4] PASS real Unit selects attack/sw
[jiang-menshen-direction4] PASS real Unit selects hurt/sw
[jiang-menshen-direction4] PASS real Unit down draw directional sw
[jiang-menshen-direction4] PASS real Unit selects idle/ne
[jiang-menshen-direction4] PASS real Unit selects walk/ne
[jiang-menshen-direction4] PASS real Unit selects attack/ne
[jiang-menshen-direction4] PASS real Unit selects hurt/ne
[jiang-menshen-direction4] PASS real Unit down draw directional ne
[jiang-menshen-direction4] PASS real Unit selects idle/nw
[jiang-menshen-direction4] PASS real Unit selects walk/nw
[jiang-menshen-direction4] PASS real Unit selects attack/nw
[jiang-menshen-direction4] PASS real Unit selects hurt/nw
[jiang-menshen-direction4] PASS real Unit down draw directional nw
[jiang-menshen-direction4] PASS down does not alias death se
[jiang-menshen-direction4] PASS free mode outside campaign idle/se :: "res://assets/anim/jiang_menshen_idle.png"
[jiang-menshen-direction4] PASS free mode outside campaign walk/se :: "res://assets/anim/jiang_menshen_walk.png"
[jiang-menshen-direction4] PASS free mode outside campaign attack/se :: "res://assets/anim/jiang_menshen_attack.png"
[jiang-menshen-direction4] PASS free mode outside campaign hurt/se :: ""
[jiang-menshen-direction4] PASS free mode outside campaign down/se :: ""
[jiang-menshen-direction4] PASS down does not alias death sw
[jiang-menshen-direction4] PASS free mode outside campaign idle/sw :: "res://assets/anim/jiang_menshen_idle.png"
[jiang-menshen-direction4] PASS free mode outside campaign walk/sw :: "res://assets/anim/jiang_menshen_walk.png"
[jiang-menshen-direction4] PASS free mode outside campaign attack/sw :: "res://assets/anim/jiang_menshen_attack.png"
[jiang-menshen-direction4] PASS free mode outside campaign hurt/sw :: ""
[jiang-menshen-direction4] PASS free mode outside campaign down/sw :: ""
[jiang-menshen-direction4] PASS down does not alias death ne
[jiang-menshen-direction4] PASS free mode outside campaign idle/ne :: "res://assets/anim/jiang_menshen_idle.png"
[jiang-menshen-direction4] PASS free mode outside campaign walk/ne :: "res://assets/anim/jiang_menshen_walk.png"
[jiang-menshen-direction4] PASS free mode outside campaign attack/ne :: "res://assets/anim/jiang_menshen_attack.png"
[jiang-menshen-direction4] PASS free mode outside campaign hurt/ne :: ""
[jiang-menshen-direction4] PASS free mode outside campaign down/ne :: ""
[jiang-menshen-direction4] PASS down does not alias death nw
[jiang-menshen-direction4] PASS free mode outside campaign idle/nw :: "res://assets/anim/jiang_menshen_idle.png"
[jiang-menshen-direction4] PASS free mode outside campaign walk/nw :: "res://assets/anim/jiang_menshen_walk.png"
[jiang-menshen-direction4] PASS free mode outside campaign attack/nw :: "res://assets/anim/jiang_menshen_attack.png"
[jiang-menshen-direction4] PASS free mode outside campaign hurt/nw :: ""
[jiang-menshen-direction4] PASS free mode outside campaign down/nw :: ""
[jiang-menshen-direction4] PASS campaign portrait exact route
[jiang-menshen-direction4] PASS free mode portrait isolated
[jiang-menshen-direction4] PASS real Level7 deploys original-result Jiang Menshen
[jiang-menshen-direction4] PASS subdued draw selects living down se :: "res://assets/campaign/anim/jiang_menshen_fists_down_se.png"
[jiang-menshen-direction4] PASS heavy windup selects coarse attack se :: "res://assets/campaign/anim/jiang_menshen_fists_attack_se.png"
[jiang-menshen-direction4] PASS abdomen hit selects living hurt se :: "res://assets/campaign/anim/jiang_menshen_fists_hurt_se.png"
[jiang-menshen-direction4] PASS subdued draw selects living down sw :: "res://assets/campaign/anim/jiang_menshen_fists_down_sw.png"
[jiang-menshen-direction4] PASS heavy windup selects coarse attack sw :: "res://assets/campaign/anim/jiang_menshen_fists_attack_sw.png"
[jiang-menshen-direction4] PASS abdomen hit selects living hurt sw :: "res://assets/campaign/anim/jiang_menshen_fists_hurt_sw.png"
[jiang-menshen-direction4] PASS subdued draw selects living down ne :: "res://assets/campaign/anim/jiang_menshen_fists_down_ne.png"
[jiang-menshen-direction4] PASS heavy windup selects coarse attack ne :: "res://assets/campaign/anim/jiang_menshen_fists_attack_ne.png"
[jiang-menshen-direction4] PASS abdomen hit selects living hurt ne :: "res://assets/campaign/anim/jiang_menshen_fists_hurt_ne.png"
[jiang-menshen-direction4] PASS subdued draw selects living down nw :: "res://assets/campaign/anim/jiang_menshen_fists_down_nw.png"
[jiang-menshen-direction4] PASS heavy windup selects coarse attack nw :: "res://assets/campaign/anim/jiang_menshen_fists_attack_nw.png"
[jiang-menshen-direction4] PASS abdomen hit selects living hurt nw :: "res://assets/campaign/anim/jiang_menshen_fists_hurt_nw.png"
JIANG_MENSHEN_DIRECTION4_RUNTIME_RESULT {"checks":126,"checks_detail":[{"detail":null,"name":"Unit and Defs scripts instantiate","passed":true},{"detail":null,"name":"Jiang Menshen definition exists","passed":true},{"detail":null,"name":"exact source idle/se","passed":true},{"detail":null,"name":"directional source flag idle/se","passed":true},{"detail":null,"name":"cache stable idle/se","passed":true},{"detail":null,"name":"exact source idle/sw","passed":true},{"detail":null,"name":"directional source flag idle/sw","passed":true},{"detail":null,"name":"cache stable idle/sw","passed":true},{"detail":null,"name":"exact source idle/ne","passed":true},{"detail":null,"name":"directional source flag idle/ne","passed":true},{"detail":null,"name":"cache stable idle/ne","passed":true},{"detail":null,"name":"exact source idle/nw","passed":true},{"detail":null,"name":"directional source flag idle/nw","passed":true},{"detail":null,"name":"cache stable idle/nw","passed":true},{"detail":4,"name":"four real viewpoints idle","passed":true},{"detail":null,"name":"exact source walk/se","passed":true},{"detail":null,"name":"directional source flag walk/se","passed":true},{"detail":null,"name":"cache stable walk/se","passed":true},{"detail":null,"name":"exact source walk/sw","passed":true},{"detail":null,"name":"directional source flag walk/sw","passed":true},{"detail":null,"name":"cache stable walk/sw","passed":true},{"detail":null,"name":"exact source walk/ne","passed":true},{"detail":null,"name":"directional source flag walk/ne","passed":true},{"detail":null,"name":"cache stable walk/ne","passed":true},{"detail":null,"name":"exact source walk/nw","passed":true},{"detail":null,"name":"directional source flag walk/nw","passed":true},{"detail":null,"name":"cache stable walk/nw","passed":true},{"detail":4,"name":"four real viewpoints walk","passed":true},{"detail":null,"name":"exact source attack/se","passed":true},{"detail":null,"name":"directional source flag attack/se","passed":true},{"detail":null,"name":"cache stable attack/se","passed":true},{"detail":null,"name":"exact source attack/sw","passed":true},{"detail":null,"name":"directional source flag attack/sw","passed":true},{"detail":null,"name":"cache stable attack/sw","passed":true},{"detail":null,"name":"exact source attack/ne","passed":true},{"detail":null,"name":"directional source flag attack/ne","passed":true},{"detail":null,"name":"cache stable attack/ne","passed":true},{"detail":null,"name":"exact source attack/nw","passed":true},{"detail":null,"name":"directional source flag attack/nw","passed":true},{"detail":null,"name":"cache stable attack/nw","passed":true},{"detail":4,"name":"four real viewpoints attack","passed":true},{"detail":null,"name":"exact source hurt/se","passed":true},{"detail":null,"name":"directional source flag hurt/se","passed":true},{"detail":null,"name":"cache stable hurt/se","passed":true},{"detail":null,"name":"exact source hurt/sw","passed":true},{"detail":null,"name":"directional source flag hurt/sw","passed":true},{"detail":null,"name":"cache stable hurt/sw","passed":true},{"detail":null,"name":"exact source hurt/ne","passed":true},{"detail":null,"name":"directional source flag hurt/ne","passed":true},{"detail":null,"name":"cache stable hurt/ne","passed":true},{"detail":null,"name":"exact source hurt/nw","passed":true},{"detail":null,"name":"directional source flag hurt/nw","passed":true},{"detail":null,"name":"cache stable hurt/nw","passed":true},{"detail":4,"name":"four real viewpoints hurt","passed":true},{"detail":null,"name":"exact source down/se","passed":true},{"detail":null,"name":"directional source flag down/se","passed":true},{"detail":null,"name":"cache stable down/se","passed":true},{"detail":null,"name":"exact source down/sw","passed":true},{"detail":null,"name":"directional source flag down/sw","passed":true},{"detail":null,"name":"cache stable down/sw","passed":true},{"detail":null,"name":"exact source down/ne","passed":true},{"detail":null,"name":"directional source flag down/ne","passed":true},{"detail":null,"name":"cache stable down/ne","passed":true},{"detail":null,"name":"exact source down/nw","passed":true},{"detail":null,"name":"directional source flag down/nw","passed":true},{"detail":null,"name":"cache stable down/nw","passed":true},{"detail":4,"name":"four real viewpoints down","passed":true},{"detail":null,"name":"real Unit selects idle/se","passed":true},{"detail":null,"name":"real Unit selects walk/se","passed":true},{"detail":null,"name":"real Unit selects attack/se","passed":true},{"detail":null,"name":"real Unit selects hurt/se","passed":true},{"detail":null,"name":"real Unit down draw directional se","passed":true},{"detail":null,"name":"real Unit selects idle/sw","passed":true},{"detail":null,"name":"real Unit selects walk/sw","passed":true},{"detail":null,"name":"real Unit selects attack/sw","passed":true},{"detail":null,"name":"real Unit selects hurt/sw","passed":true},{"detail":null,"name":"real Unit down draw directional sw","passed":true},{"detail":null,"name":"real Unit selects idle/ne","passed":true},{"detail":null,"name":"real Unit selects walk/ne","passed":true},{"detail":null,"name":"real Unit selects attack/ne","passed":true},{"detail":null,"name":"real Unit selects hurt/ne","passed":true},{"detail":null,"name":"real Unit down draw directional ne","passed":true},{"detail":null,"name":"real Unit selects idle/nw","passed":true},{"detail":null,"name":"real Unit selects walk/nw","passed":true},{"detail":null,"name":"real Unit selects attack/nw","passed":true},{"detail":null,"name":"real Unit selects hurt/nw","passed":true},{"detail":null,"name":"real Unit down draw directional nw","passed":true},{"detail":null,"name":"down does not alias death se","passed":true},{"detail":"res://assets/anim/jiang_menshen_idle.png","name":"free mode outside campaign idle/se","passed":true},{"detail":"res://assets/anim/jiang_menshen_walk.png","name":"free mode outside campaign walk/se","passed":true},{"detail":"res://assets/anim/jiang_menshen_attack.png","name":"free mode outside campaign attack/se","passed":true},{"detail":"","name":"free mode outside campaign hurt/se","passed":true},{"detail":"","name":"free mode outside campaign down/se","passed":true},{"detail":null,"name":"down does not alias death sw","passed":true},{"detail":"res://assets/anim/jiang_menshen_idle.png","name":"free mode outside campaign idle/sw","passed":true},{"detail":"res://assets/anim/jiang_menshen_walk.png","name":"free mode outside campaign walk/sw","passed":true},{"detail":"res://assets/anim/jiang_menshen_attack.png","name":"free mode outside campaign attack/sw","passed":true},{"detail":"","name":"free mode outside campaign hurt/sw","passed":true},{"detail":"","name":"free mode outside campaign down/sw","passed":true},{"detail":null,"name":"down does not alias death ne","passed":true},{"detail":"res://assets/anim/jiang_menshen_idle.png","name":"free mode outside campaign idle/ne","passed":true},{"detail":"res://assets/anim/jiang_menshen_walk.png","name":"free mode outside campaign walk/ne","passed":true},{"detail":"res://assets/anim/jiang_menshen_attack.png","name":"free mode outside campaign attack/ne","passed":true},{"detail":"","name":"free mode outside campaign hurt/ne","passed":true},{"detail":"","name":"free mode outside campaign down/ne","passed":true},{"detail":null,"name":"down does not alias death nw","passed":true},{"detail":"res://assets/anim/jiang_menshen_idle.png","name":"free mode outside campaign idle/nw","passed":true},{"detail":"res://assets/anim/jiang_menshen_walk.png","name":"free mode outside campaign walk/nw","passed":true},{"detail":"res://assets/anim/jiang_menshen_attack.png","name":"free mode outside campaign attack/nw","passed":true},{"detail":"","name":"free mode outside campaign hurt/nw","passed":true},{"detail":"","name":"free mode outside campaign down/nw","passed":true},{"detail":null,"name":"campaign portrait exact route","passed":true},{"detail":null,"name":"free mode portrait isolated","passed":true},{"detail":null,"name":"real Level7 deploys original-result Jiang Menshen","passed":true},{"detail":"res://assets/campaign/anim/jiang_menshen_fists_down_se.png","name":"subdued draw selects living down se","passed":true},{"detail":"res://assets/campaign/anim/jiang_menshen_fists_attack_se.png","name":"heavy windup selects coarse attack se","passed":true},{"detail":"res://assets/campaign/anim/jiang_menshen_fists_hurt_se.png","name":"abdomen hit selects living hurt se","passed":true},{"detail":"res://assets/campaign/anim/jiang_menshen_fists_down_sw.png","name":"subdued draw selects living down sw","passed":true},{"detail":"res://assets/campaign/anim/jiang_menshen_fists_attack_sw.png","name":"heavy windup selects coarse attack sw","passed":true},{"detail":"res://assets/campaign/anim/jiang_menshen_fists_hurt_sw.png","name":"abdomen hit selects living hurt sw","passed":true},{"detail":"res://assets/campaign/anim/jiang_menshen_fists_down_ne.png","name":"subdued draw selects living down ne","passed":true},{"detail":"res://assets/campaign/anim/jiang_menshen_fists_attack_ne.png","name":"heavy windup selects coarse attack ne","passed":true},{"detail":"res://assets/campaign/anim/jiang_menshen_fists_hurt_ne.png","name":"abdomen hit selects living hurt ne","passed":true},{"detail":"res://assets/campaign/anim/jiang_menshen_fists_down_nw.png","name":"subdued draw selects living down nw","passed":true},{"detail":"res://assets/campaign/anim/jiang_menshen_fists_attack_nw.png","name":"heavy windup selects coarse attack nw","passed":true},{"detail":"res://assets/campaign/anim/jiang_menshen_fists_hurt_nw.png","name":"abdomen hit selects living hurt nw","passed":true}],"death_route":"procedural death in current campaign costume; never living down","directions":["se","sw","ne","nw"],"failures":[],"free_mode_isolation_checked":true,"passed":true,"required_frames":20,"states":["idle","walk","attack","hurt","down"],"story_route":"Level7 hurt is a living abdomen hit; subdued is a living backward fall/yield; windup is same-direction attack","variant":"jiang_menshen_fists"}
