Godot Engine v4.6.3.stable.official.7d41c59c4 - https://godotengine.org

[rts] PASS exact SpriteFrames idle se
[rts] PASS frame count idle se
[rts] PASS no mirror idle se
[rts] PASS square atlas frame idle se
[rts] PASS consistent gold robe idle se
[rts] PASS authored ground alignment idle se
[rts] PASS exact SpriteFrames walk se
[rts] PASS frame count walk se
[rts] PASS no mirror walk se
[rts] PASS square atlas frame walk se
[rts] PASS consistent gold robe walk se
[rts] PASS authored ground alignment walk se
[rts] PASS square atlas frame walk se
[rts] PASS consistent gold robe walk se
[rts] PASS authored ground alignment walk se
[rts] PASS authored action differs from idle walk se
[rts] PASS exact SpriteFrames attack se
[rts] PASS frame count attack se
[rts] PASS no mirror attack se
[rts] PASS square atlas frame attack se
[rts] PASS consistent gold robe attack se
[rts] PASS authored ground alignment attack se
[rts] PASS square atlas frame attack se
[rts] PASS consistent gold robe attack se
[rts] PASS authored ground alignment attack se
[rts] PASS square atlas frame attack se
[rts] PASS consistent gold robe attack se
[rts] PASS authored ground alignment attack se
[rts] PASS authored action differs from idle attack se
[rts] PASS exact SpriteFrames death se
[rts] PASS frame count death se
[rts] PASS no mirror death se
[rts] PASS square atlas frame death se
[rts] PASS consistent gold robe death se
[rts] PASS authored ground alignment death se
[rts] PASS square atlas frame death se
[rts] PASS consistent gold robe death se
[rts] PASS authored ground alignment death se
[rts] PASS square atlas frame death se
[rts] PASS consistent gold robe death se
[rts] PASS authored ground alignment death se
[rts] PASS square atlas frame death se
[rts] PASS consistent gold robe death se
[rts] PASS authored ground alignment death se
[rts] PASS authored action differs from idle death se
[rts] PASS collapse then held prone terminal se
[rts] PASS down cannot borrow death or idle se
[rts] PASS hurt retains costume via idle fallback se
[rts] PASS campaign costume priority song_jiang_bound se
[rts] PASS campaign costume priority song_jiang_rescued se
[rts] PASS legacy PNG direction path retained se
[rts] PASS exact SpriteFrames idle sw
[rts] PASS frame count idle sw
[rts] PASS no mirror idle sw
[rts] PASS square atlas frame idle sw
[rts] PASS consistent gold robe idle sw
[rts] PASS authored ground alignment idle sw
[rts] PASS exact SpriteFrames walk sw
[rts] PASS frame count walk sw
[rts] PASS no mirror walk sw
[rts] PASS square atlas frame walk sw
[rts] PASS consistent gold robe walk sw
[rts] PASS authored ground alignment walk sw
[rts] PASS square atlas frame walk sw
[rts] PASS consistent gold robe walk sw
[rts] PASS authored ground alignment walk sw
[rts] PASS authored action differs from idle walk sw
[rts] PASS exact SpriteFrames attack sw
[rts] PASS frame count attack sw
[rts] PASS no mirror attack sw
[rts] PASS square atlas frame attack sw
[rts] PASS consistent gold robe attack sw
[rts] PASS authored ground alignment attack sw
[rts] PASS square atlas frame attack sw
[rts] PASS consistent gold robe attack sw
[rts] PASS authored ground alignment attack sw
[rts] PASS square atlas frame attack sw
[rts] PASS consistent gold robe attack sw
[rts] PASS authored ground alignment attack sw
[rts] PASS authored action differs from idle attack sw
[rts] PASS exact SpriteFrames death sw
[rts] PASS frame count death sw
[rts] PASS no mirror death sw
[rts] PASS square atlas frame death sw
[rts] PASS consistent gold robe death sw
[rts] PASS authored ground alignment death sw
[rts] PASS square atlas frame death sw
[rts] PASS consistent gold robe death sw
[rts] PASS authored ground alignment death sw
[rts] PASS square atlas frame death sw
[rts] PASS consistent gold robe death sw
[rts] PASS authored ground alignment death sw
[rts] PASS square atlas frame death sw
[rts] PASS consistent gold robe death sw
[rts] PASS authored ground alignment death sw
[rts] PASS authored action differs from idle death sw
[rts] PASS collapse then held prone terminal sw
[rts] PASS down cannot borrow death or idle sw
[rts] PASS hurt retains costume via idle fallback sw
[rts] PASS campaign costume priority song_jiang_bound sw
[rts] PASS campaign costume priority song_jiang_rescued sw
[rts] PASS legacy PNG direction path retained sw
[rts] PASS exact SpriteFrames idle ne
[rts] PASS frame count idle ne
[rts] PASS no mirror idle ne
[rts] PASS square atlas frame idle ne
[rts] PASS consistent gold robe idle ne
[rts] PASS authored ground alignment idle ne
[rts] PASS exact SpriteFrames walk ne
[rts] PASS frame count walk ne
[rts] PASS no mirror walk ne
[rts] PASS square atlas frame walk ne
[rts] PASS consistent gold robe walk ne
[rts] PASS authored ground alignment walk ne
[rts] PASS square atlas frame walk ne
[rts] PASS consistent gold robe walk ne
[rts] PASS authored ground alignment walk ne
[rts] PASS authored action differs from idle walk ne
[rts] PASS exact SpriteFrames attack ne
[rts] PASS frame count attack ne
[rts] PASS no mirror attack ne
[rts] PASS square atlas frame attack ne
[rts] PASS consistent gold robe attack ne
[rts] PASS authored ground alignment attack ne
[rts] PASS square atlas frame attack ne
[rts] PASS consistent gold robe attack ne
[rts] PASS authored ground alignment attack ne
[rts] PASS square atlas frame attack ne
[rts] PASS consistent gold robe attack ne
[rts] PASS authored ground alignment attack ne
[rts] PASS authored action differs from idle attack ne
[rts] PASS exact SpriteFrames death ne
[rts] PASS frame count death ne
[rts] PASS no mirror death ne
[rts] PASS square atlas frame death ne
[rts] PASS consistent gold robe death ne
[rts] PASS authored ground alignment death ne
[rts] PASS square atlas frame death ne
[rts] PASS consistent gold robe death ne
[rts] PASS authored ground alignment death ne
[rts] PASS square atlas frame death ne
[rts] PASS consistent gold robe death ne
[rts] PASS authored ground alignment death ne
[rts] PASS square atlas frame death ne
[rts] PASS consistent gold robe death ne
[rts] PASS authored ground alignment death ne
[rts] PASS authored action differs from idle death ne
[rts] PASS collapse then held prone terminal ne
[rts] PASS down cannot borrow death or idle ne
[rts] PASS hurt retains costume via idle fallback ne
[rts] PASS campaign costume priority song_jiang_bound ne
[rts] PASS campaign costume priority song_jiang_rescued ne
[rts] PASS legacy PNG direction path retained ne
[rts] PASS exact SpriteFrames idle nw
[rts] PASS frame count idle nw
[rts] PASS no mirror idle nw
[rts] PASS square atlas frame idle nw
[rts] PASS consistent gold robe idle nw
[rts] PASS authored ground alignment idle nw
[rts] PASS exact SpriteFrames walk nw
[rts] PASS frame count walk nw
[rts] PASS no mirror walk nw
[rts] PASS square atlas frame walk nw
[rts] PASS consistent gold robe walk nw
[rts] PASS authored ground alignment walk nw
[rts] PASS square atlas frame walk nw
[rts] PASS consistent gold robe walk nw
[rts] PASS authored ground alignment walk nw
[rts] PASS authored action differs from idle walk nw
[rts] PASS exact SpriteFrames attack nw
[rts] PASS frame count attack nw
[rts] PASS no mirror attack nw
[rts] PASS square atlas frame attack nw
[rts] PASS consistent gold robe attack nw
[rts] PASS authored ground alignment attack nw
[rts] PASS square atlas frame attack nw
[rts] PASS consistent gold robe attack nw
[rts] PASS authored ground alignment attack nw
[rts] PASS square atlas frame attack nw
[rts] PASS consistent gold robe attack nw
[rts] PASS authored ground alignment attack nw
[rts] PASS authored action differs from idle attack nw
[rts] PASS exact SpriteFrames death nw
[rts] PASS frame count death nw
[rts] PASS no mirror death nw
[rts] PASS square atlas frame death nw
[rts] PASS consistent gold robe death nw
[rts] PASS authored ground alignment death nw
[rts] PASS square atlas frame death nw
[rts] PASS consistent gold robe death nw
[rts] PASS authored ground alignment death nw
[rts] PASS square atlas frame death nw
[rts] PASS consistent gold robe death nw
[rts] PASS authored ground alignment death nw
[rts] PASS square atlas frame death nw
[rts] PASS consistent gold robe death nw
[rts] PASS authored ground alignment death nw
[rts] PASS authored action differs from idle death nw
[rts] PASS collapse then held prone terminal nw
[rts] PASS down cannot borrow death or idle nw
[rts] PASS hurt retains costume via idle fallback nw
[rts] PASS campaign costume priority song_jiang_bound nw
[rts] PASS campaign costume priority song_jiang_rescued nw
[rts] PASS legacy PNG direction path retained nw
[rts] PASS invalid direction rejected
[rts] PASS invalid direction cannot claim authored art
[rts] PASS empty SpriteFrames rejected
[rts] PASS non-square SpriteFrames rejected
[rts] PASS null SpriteFrames rejected
[rts] PASS wrong resource type rejected
[rts] PASS empty source path rejected
[rts] PASS clear live movement patch exists
[rts] PASS player move changes real position se
[rts] PASS move selects whole-body facing se
[rts] PASS moving Unit uses new costume se
[rts] PASS live melee order deals damage se
[rts] PASS attack locks correct facing se
[rts] PASS authored strike avoids second whole-sprite swing se
[rts] PASS death removes combat actor and starts authored animation se
[rts] PASS death preserves facing se
[rts] PASS death releases after terminal fade se
[rts] PASS player move changes real position sw
[rts] PASS move selects whole-body facing sw
[rts] PASS moving Unit uses new costume sw
[rts] PASS live melee order deals damage sw
[rts] PASS attack locks correct facing sw
[rts] PASS authored strike avoids second whole-sprite swing sw
[rts] PASS death removes combat actor and starts authored animation sw
[rts] PASS death preserves facing sw
[rts] PASS death releases after terminal fade sw
[rts] PASS player move changes real position ne
[rts] PASS move selects whole-body facing ne
[rts] PASS moving Unit uses new costume ne
[rts] PASS live melee order deals damage ne
[rts] PASS attack locks correct facing ne
[rts] PASS authored strike avoids second whole-sprite swing ne
[rts] PASS death removes combat actor and starts authored animation ne
[rts] PASS death preserves facing ne
[rts] PASS death releases after terminal fade ne
[rts] PASS player move changes real position nw
[rts] PASS move selects whole-body facing nw
[rts] PASS moving Unit uses new costume nw
[rts] PASS live melee order deals damage nw
[rts] PASS attack locks correct facing nw
[rts] PASS authored strike avoids second whole-sprite swing nw
[rts] PASS death removes combat actor and starts authored animation nw
[rts] PASS death preserves facing nw
[rts] PASS death releases after terminal fade nw
[song-jiang-direction4] 248 checks; failures=[]
