Godot Engine v4.6.3.stable.official.7d41c59c4 - https://godotengine.org

[wu-mengzhou-direction4] PASS Unit and Defs scripts instantiate
[wu-mengzhou-direction4] PASS Wu Song definition exists
[wu-mengzhou-direction4] PASS exact source idle/se
[wu-mengzhou-direction4] PASS directional source flag idle/se
[wu-mengzhou-direction4] PASS cache stable idle/se
[wu-mengzhou-direction4] PASS exact source idle/sw
[wu-mengzhou-direction4] PASS directional source flag idle/sw
[wu-mengzhou-direction4] PASS cache stable idle/sw
[wu-mengzhou-direction4] PASS exact source idle/ne
[wu-mengzhou-direction4] PASS directional source flag idle/ne
[wu-mengzhou-direction4] PASS cache stable idle/ne
[wu-mengzhou-direction4] PASS exact source idle/nw
[wu-mengzhou-direction4] PASS directional source flag idle/nw
[wu-mengzhou-direction4] PASS cache stable idle/nw
[wu-mengzhou-direction4] PASS four real viewpoints idle :: 4
[wu-mengzhou-direction4] PASS exact source walk/se
[wu-mengzhou-direction4] PASS directional source flag walk/se
[wu-mengzhou-direction4] PASS cache stable walk/se
[wu-mengzhou-direction4] PASS exact source walk/sw
[wu-mengzhou-direction4] PASS directional source flag walk/sw
[wu-mengzhou-direction4] PASS cache stable walk/sw
[wu-mengzhou-direction4] PASS exact source walk/ne
[wu-mengzhou-direction4] PASS directional source flag walk/ne
[wu-mengzhou-direction4] PASS cache stable walk/ne
[wu-mengzhou-direction4] PASS exact source walk/nw
[wu-mengzhou-direction4] PASS directional source flag walk/nw
[wu-mengzhou-direction4] PASS cache stable walk/nw
[wu-mengzhou-direction4] PASS four real viewpoints walk :: 4
[wu-mengzhou-direction4] PASS exact source attack/se
[wu-mengzhou-direction4] PASS directional source flag attack/se
[wu-mengzhou-direction4] PASS cache stable attack/se
[wu-mengzhou-direction4] PASS exact source attack/sw
[wu-mengzhou-direction4] PASS directional source flag attack/sw
[wu-mengzhou-direction4] PASS cache stable attack/sw
[wu-mengzhou-direction4] PASS exact source attack/ne
[wu-mengzhou-direction4] PASS directional source flag attack/ne
[wu-mengzhou-direction4] PASS cache stable attack/ne
[wu-mengzhou-direction4] PASS exact source attack/nw
[wu-mengzhou-direction4] PASS directional source flag attack/nw
[wu-mengzhou-direction4] PASS cache stable attack/nw
[wu-mengzhou-direction4] PASS four real viewpoints attack :: 4
[wu-mengzhou-direction4] PASS exact source hurt/se
[wu-mengzhou-direction4] PASS directional source flag hurt/se
[wu-mengzhou-direction4] PASS cache stable hurt/se
[wu-mengzhou-direction4] PASS exact source hurt/sw
[wu-mengzhou-direction4] PASS directional source flag hurt/sw
[wu-mengzhou-direction4] PASS cache stable hurt/sw
[wu-mengzhou-direction4] PASS exact source hurt/ne
[wu-mengzhou-direction4] PASS directional source flag hurt/ne
[wu-mengzhou-direction4] PASS cache stable hurt/ne
[wu-mengzhou-direction4] PASS exact source hurt/nw
[wu-mengzhou-direction4] PASS directional source flag hurt/nw
[wu-mengzhou-direction4] PASS cache stable hurt/nw
[wu-mengzhou-direction4] PASS four real viewpoints hurt :: 4
[wu-mengzhou-direction4] PASS exact source down/se
[wu-mengzhou-direction4] PASS directional source flag down/se
[wu-mengzhou-direction4] PASS cache stable down/se
[wu-mengzhou-direction4] PASS exact source down/sw
[wu-mengzhou-direction4] PASS directional source flag down/sw
[wu-mengzhou-direction4] PASS cache stable down/sw
[wu-mengzhou-direction4] PASS exact source down/ne
[wu-mengzhou-direction4] PASS directional source flag down/ne
[wu-mengzhou-direction4] PASS cache stable down/ne
[wu-mengzhou-direction4] PASS exact source down/nw
[wu-mengzhou-direction4] PASS directional source flag down/nw
[wu-mengzhou-direction4] PASS cache stable down/nw
[wu-mengzhou-direction4] PASS four real viewpoints down :: 4
[wu-mengzhou-direction4] PASS real Unit selects idle/se
[wu-mengzhou-direction4] PASS real Unit selects walk/se
[wu-mengzhou-direction4] PASS real Unit selects attack/se
[wu-mengzhou-direction4] PASS real Unit selects hurt/se
[wu-mengzhou-direction4] PASS real Unit down draw directional se
[wu-mengzhou-direction4] PASS real Unit selects idle/sw
[wu-mengzhou-direction4] PASS real Unit selects walk/sw
[wu-mengzhou-direction4] PASS real Unit selects attack/sw
[wu-mengzhou-direction4] PASS real Unit selects hurt/sw
[wu-mengzhou-direction4] PASS real Unit down draw directional sw
[wu-mengzhou-direction4] PASS real Unit selects idle/ne
[wu-mengzhou-direction4] PASS real Unit selects walk/ne
[wu-mengzhou-direction4] PASS real Unit selects attack/ne
[wu-mengzhou-direction4] PASS real Unit selects hurt/ne
[wu-mengzhou-direction4] PASS real Unit down draw directional ne
[wu-mengzhou-direction4] PASS real Unit selects idle/nw
[wu-mengzhou-direction4] PASS real Unit selects walk/nw
[wu-mengzhou-direction4] PASS real Unit selects attack/nw
[wu-mengzhou-direction4] PASS real Unit selects hurt/nw
[wu-mengzhou-direction4] PASS real Unit down draw directional nw
[wu-mengzhou-direction4] PASS down does not alias death se
[wu-mengzhou-direction4] PASS free mode outside campaign idle/se :: "res://assets/anim/wu_song_idle.png"
[wu-mengzhou-direction4] PASS free mode outside campaign walk/se :: "res://assets/anim/wu_song_walk.png"
[wu-mengzhou-direction4] PASS free mode outside campaign attack/se :: "res://assets/anim/wu_song_attack.png"
[wu-mengzhou-direction4] PASS free mode outside campaign hurt/se :: ""
[wu-mengzhou-direction4] PASS free mode outside campaign down/se :: ""
[wu-mengzhou-direction4] PASS down does not alias death sw
[wu-mengzhou-direction4] PASS free mode outside campaign idle/sw :: "res://assets/anim/wu_song_idle.png"
[wu-mengzhou-direction4] PASS free mode outside campaign walk/sw :: "res://assets/anim/wu_song_walk.png"
[wu-mengzhou-direction4] PASS free mode outside campaign attack/sw :: "res://assets/anim/wu_song_attack.png"
[wu-mengzhou-direction4] PASS free mode outside campaign hurt/sw :: ""
[wu-mengzhou-direction4] PASS free mode outside campaign down/sw :: ""
[wu-mengzhou-direction4] PASS down does not alias death ne
[wu-mengzhou-direction4] PASS free mode outside campaign idle/ne :: "res://assets/anim/wu_song_idle.png"
[wu-mengzhou-direction4] PASS free mode outside campaign walk/ne :: "res://assets/anim/wu_song_walk.png"
[wu-mengzhou-direction4] PASS free mode outside campaign attack/ne :: "res://assets/anim/wu_song_attack.png"
[wu-mengzhou-direction4] PASS free mode outside campaign hurt/ne :: ""
[wu-mengzhou-direction4] PASS free mode outside campaign down/ne :: ""
[wu-mengzhou-direction4] PASS down does not alias death nw
[wu-mengzhou-direction4] PASS free mode outside campaign idle/nw :: "res://assets/anim/wu_song_idle.png"
[wu-mengzhou-direction4] PASS free mode outside campaign walk/nw :: "res://assets/anim/wu_song_walk.png"
[wu-mengzhou-direction4] PASS free mode outside campaign attack/nw :: "res://assets/anim/wu_song_attack.png"
[wu-mengzhou-direction4] PASS free mode outside campaign hurt/nw :: ""
[wu-mengzhou-direction4] PASS free mode outside campaign down/nw :: ""
[wu-mengzhou-direction4] PASS campaign portrait exact route
[wu-mengzhou-direction4] PASS free mode portrait isolated
[wu-mengzhou-direction4] PASS real Level7 deploys Mengzhou Wu Song
[wu-mengzhou-direction4] PASS signature kick slot exists
[wu-mengzhou-direction4] PASS signature kick locks nearest foe se :: {"actual":"se","expected":"se"}
[wu-mengzhou-direction4] PASS signature kick windup selects exact attack se :: "res://assets/campaign/anim/wu_song_mengzhou_attack_se.png"
[wu-mengzhou-direction4] PASS facing route does not move foe se
[wu-mengzhou-direction4] PASS signature kick locks nearest foe sw :: {"actual":"sw","expected":"sw"}
[wu-mengzhou-direction4] PASS signature kick windup selects exact attack sw :: "res://assets/campaign/anim/wu_song_mengzhou_attack_sw.png"
[wu-mengzhou-direction4] PASS facing route does not move foe sw
[wu-mengzhou-direction4] PASS signature kick locks nearest foe ne :: {"actual":"ne","expected":"ne"}
[wu-mengzhou-direction4] PASS signature kick windup selects exact attack ne :: "res://assets/campaign/anim/wu_song_mengzhou_attack_ne.png"
[wu-mengzhou-direction4] PASS facing route does not move foe ne
[wu-mengzhou-direction4] PASS signature kick locks nearest foe nw :: {"actual":"nw","expected":"nw"}
[wu-mengzhou-direction4] PASS signature kick windup selects exact attack nw :: "res://assets/campaign/anim/wu_song_mengzhou_attack_nw.png"
[wu-mengzhou-direction4] PASS facing route does not move foe nw
WU_SONG_MENGZHOU_DIRECTION4_RUNTIME_RESULT {"checks":127,"checks_detail":[{"detail":null,"name":"Unit and Defs scripts instantiate","passed":true},{"detail":null,"name":"Wu Song definition exists","passed":true},{"detail":null,"name":"exact source idle/se","passed":true},{"detail":null,"name":"directional source flag idle/se","passed":true},{"detail":null,"name":"cache stable idle/se","passed":true},{"detail":null,"name":"exact source idle/sw","passed":true},{"detail":null,"name":"directional source flag idle/sw","passed":true},{"detail":null,"name":"cache stable idle/sw","passed":true},{"detail":null,"name":"exact source idle/ne","passed":true},{"detail":null,"name":"directional source flag idle/ne","passed":true},{"detail":null,"name":"cache stable idle/ne","passed":true},{"detail":null,"name":"exact source idle/nw","passed":true},{"detail":null,"name":"directional source flag idle/nw","passed":true},{"detail":null,"name":"cache stable idle/nw","passed":true},{"detail":4,"name":"four real viewpoints idle","passed":true},{"detail":null,"name":"exact source walk/se","passed":true},{"detail":null,"name":"directional source flag walk/se","passed":true},{"detail":null,"name":"cache stable walk/se","passed":true},{"detail":null,"name":"exact source walk/sw","passed":true},{"detail":null,"name":"directional source flag walk/sw","passed":true},{"detail":null,"name":"cache stable walk/sw","passed":true},{"detail":null,"name":"exact source walk/ne","passed":true},{"detail":null,"name":"directional source flag walk/ne","passed":true},{"detail":null,"name":"cache stable walk/ne","passed":true},{"detail":null,"name":"exact source walk/nw","passed":true},{"detail":null,"name":"directional source flag walk/nw","passed":true},{"detail":null,"name":"cache stable walk/nw","passed":true},{"detail":4,"name":"four real viewpoints walk","passed":true},{"detail":null,"name":"exact source attack/se","passed":true},{"detail":null,"name":"directional source flag attack/se","passed":true},{"detail":null,"name":"cache stable attack/se","passed":true},{"detail":null,"name":"exact source attack/sw","passed":true},{"detail":null,"name":"directional source flag attack/sw","passed":true},{"detail":null,"name":"cache stable attack/sw","passed":true},{"detail":null,"name":"exact source attack/ne","passed":true},{"detail":null,"name":"directional source flag attack/ne","passed":true},{"detail":null,"name":"cache stable attack/ne","passed":true},{"detail":null,"name":"exact source attack/nw","passed":true},{"detail":null,"name":"directional source flag attack/nw","passed":true},{"detail":null,"name":"cache stable attack/nw","passed":true},{"detail":4,"name":"four real viewpoints attack","passed":true},{"detail":null,"name":"exact source hurt/se","passed":true},{"detail":null,"name":"directional source flag hurt/se","passed":true},{"detail":null,"name":"cache stable hurt/se","passed":true},{"detail":null,"name":"exact source hurt/sw","passed":true},{"detail":null,"name":"directional source flag hurt/sw","passed":true},{"detail":null,"name":"cache stable hurt/sw","passed":true},{"detail":null,"name":"exact source hurt/ne","passed":true},{"detail":null,"name":"directional source flag hurt/ne","passed":true},{"detail":null,"name":"cache stable hurt/ne","passed":true},{"detail":null,"name":"exact source hurt/nw","passed":true},{"detail":null,"name":"directional source flag hurt/nw","passed":true},{"detail":null,"name":"cache stable hurt/nw","passed":true},{"detail":4,"name":"four real viewpoints hurt","passed":true},{"detail":null,"name":"exact source down/se","passed":true},{"detail":null,"name":"directional source flag down/se","passed":true},{"detail":null,"name":"cache stable down/se","passed":true},{"detail":null,"name":"exact source down/sw","passed":true},{"detail":null,"name":"directional source flag down/sw","passed":true},{"detail":null,"name":"cache stable down/sw","passed":true},{"detail":null,"name":"exact source down/ne","passed":true},{"detail":null,"name":"directional source flag down/ne","passed":true},{"detail":null,"name":"cache stable down/ne","passed":true},{"detail":null,"name":"exact source down/nw","passed":true},{"detail":null,"name":"directional source flag down/nw","passed":true},{"detail":null,"name":"cache stable down/nw","passed":true},{"detail":4,"name":"four real viewpoints down","passed":true},{"detail":null,"name":"real Unit selects idle/se","passed":true},{"detail":null,"name":"real Unit selects walk/se","passed":true},{"detail":null,"name":"real Unit selects attack/se","passed":true},{"detail":null,"name":"real Unit selects hurt/se","passed":true},{"detail":null,"name":"real Unit down draw directional se","passed":true},{"detail":null,"name":"real Unit selects idle/sw","passed":true},{"detail":null,"name":"real Unit selects walk/sw","passed":true},{"detail":null,"name":"real Unit selects attack/sw","passed":true},{"detail":null,"name":"real Unit selects hurt/sw","passed":true},{"detail":null,"name":"real Unit down draw directional sw","passed":true},{"detail":null,"name":"real Unit selects idle/ne","passed":true},{"detail":null,"name":"real Unit selects walk/ne","passed":true},{"detail":null,"name":"real Unit selects attack/ne","passed":true},{"detail":null,"name":"real Unit selects hurt/ne","passed":true},{"detail":null,"name":"real Unit down draw directional ne","passed":true},{"detail":null,"name":"real Unit selects idle/nw","passed":true},{"detail":null,"name":"real Unit selects walk/nw","passed":true},{"detail":null,"name":"real Unit selects attack/nw","passed":true},{"detail":null,"name":"real Unit selects hurt/nw","passed":true},{"detail":null,"name":"real Unit down draw directional nw","passed":true},{"detail":null,"name":"down does not alias death se","passed":true},{"detail":"res://assets/anim/wu_song_idle.png","name":"free mode outside campaign idle/se","passed":true},{"detail":"res://assets/anim/wu_song_walk.png","name":"free mode outside campaign walk/se","passed":true},{"detail":"res://assets/anim/wu_song_attack.png","name":"free mode outside campaign attack/se","passed":true},{"detail":"","name":"free mode outside campaign hurt/se","passed":true},{"detail":"","name":"free mode outside campaign down/se","passed":true},{"detail":null,"name":"down does not alias death sw","passed":true},{"detail":"res://assets/anim/wu_song_idle.png","name":"free mode outside campaign idle/sw","passed":true},{"detail":"res://assets/anim/wu_song_walk.png","name":"free mode outside campaign walk/sw","passed":true},{"detail":"res://assets/anim/wu_song_attack.png","name":"free mode outside campaign attack/sw","passed":true},{"detail":"","name":"free mode outside campaign hurt/sw","passed":true},{"detail":"","name":"free mode outside campaign down/sw","passed":true},{"detail":null,"name":"down does not alias death ne","passed":true},{"detail":"res://assets/anim/wu_song_idle.png","name":"free mode outside campaign idle/ne","passed":true},{"detail":"res://assets/anim/wu_song_walk.png","name":"free mode outside campaign walk/ne","passed":true},{"detail":"res://assets/anim/wu_song_attack.png","name":"free mode outside campaign attack/ne","passed":true},{"detail":"","name":"free mode outside campaign hurt/ne","passed":true},{"detail":"","name":"free mode outside campaign down/ne","passed":true},{"detail":null,"name":"down does not alias death nw","passed":true},{"detail":"res://assets/anim/wu_song_idle.png","name":"free mode outside campaign idle/nw","passed":true},{"detail":"res://assets/anim/wu_song_walk.png","name":"free mode outside campaign walk/nw","passed":true},{"detail":"res://assets/anim/wu_song_attack.png","name":"free mode outside campaign attack/nw","passed":true},{"detail":"","name":"free mode outside campaign hurt/nw","passed":true},{"detail":"","name":"free mode outside campaign down/nw","passed":true},{"detail":null,"name":"campaign portrait exact route","passed":true},{"detail":null,"name":"free mode portrait isolated","passed":true},{"detail":null,"name":"real Level7 deploys Mengzhou Wu Song","passed":true},{"detail":null,"name":"signature kick slot exists","passed":true},{"detail":{"actual":"se","expected":"se"},"name":"signature kick locks nearest foe se","passed":true},{"detail":"res://assets/campaign/anim/wu_song_mengzhou_attack_se.png","name":"signature kick windup selects exact attack se","passed":true},{"detail":null,"name":"facing route does not move foe se","passed":true},{"detail":{"actual":"sw","expected":"sw"},"name":"signature kick locks nearest foe sw","passed":true},{"detail":"res://assets/campaign/anim/wu_song_mengzhou_attack_sw.png","name":"signature kick windup selects exact attack sw","passed":true},{"detail":null,"name":"facing route does not move foe sw","passed":true},{"detail":{"actual":"ne","expected":"ne"},"name":"signature kick locks nearest foe ne","passed":true},{"detail":"res://assets/campaign/anim/wu_song_mengzhou_attack_ne.png","name":"signature kick windup selects exact attack ne","passed":true},{"detail":null,"name":"facing route does not move foe ne","passed":true},{"detail":{"actual":"nw","expected":"nw"},"name":"signature kick locks nearest foe nw","passed":true},{"detail":"res://assets/campaign/anim/wu_song_mengzhou_attack_nw.png","name":"signature kick windup selects exact attack nw","passed":true},{"detail":null,"name":"facing route does not move foe nw","passed":true}],"death_route":"procedural death in current campaign costume; never living down","directions":["se","sw","ne","nw"],"failures":[],"free_mode_isolation_checked":true,"passed":true,"required_frames":20,"signature_kick_route":"nearest in-range foe locks cast direction; same-direction attack image","states":["idle","walk","attack","hurt","down"],"variant":"wu_song_mengzhou"}
