Godot Engine v4.6.3.stable.official.7d41c59c4 - https://godotengine.org
Vulkan 1.4.351 - Forward+ - Using Device #0: NVIDIA - NVIDIA GeForce RTX 3070 Ti

[axes-boundary original] PASS production autoloads exist before compilation
[axes-boundary original] PASS exact extracted effect source digest
[axes-boundary original] PASS runtime extracted class compiles
[axes-boundary original] PASS valid_control: valid tail damage/immune branch
[axes-boundary original] PASS valid_control: valid tail impact occurs
[axes-boundary original] PASS valid_control: valid caster source retained
[axes-boundary original] PASS valid_control: second resolve does not duplicate damage/impact
[axes-boundary original] PASS valid_control: effect queued for real deletion
[axes-boundary original] PASS valid_control: real tree exit and object release
SCRIPT ERROR: Trying to assign invalid previously freed instance.
   at: resolve_hits (gdscript://-9223371974745520586.gd:24)
   GDScript backtrace (most recent call first):
       [0] resolve_hits (gdscript://-9223371974745520586.gd:24)
       [1] _resolve_case (res://scratchpad/axes_freed_boundary/qa.gd:79)
       [2] _run (res://scratchpad/axes_freed_boundary/qa.gd:209)
       [3] _resolve_case (res://scratchpad/axes_freed_boundary/qa.gd:103)
       [4] _settle (res://scratchpad/axes_freed_boundary/qa.gd:46)
[axes-boundary original] FAIL freed_head: valid tail damage/immune branch
[axes-boundary original] FAIL freed_head: valid tail impact occurs
[axes-boundary original] FAIL freed_head: valid caster source retained
[axes-boundary original] PASS freed_head: second resolve does not duplicate damage/impact
[axes-boundary original] FAIL freed_head: effect queued for real deletion
[axes-boundary original] FAIL freed_head: real tree exit and object release
[axes-boundary original] PASS freed_caster: valid tail damage/immune branch
[axes-boundary original] PASS freed_caster: valid tail impact occurs
[axes-boundary original] PASS freed_caster: invalid caster becomes null source
[axes-boundary original] PASS freed_caster: second resolve does not duplicate damage/impact
[axes-boundary original] PASS freed_caster: effect queued for real deletion
[axes-boundary original] PASS freed_caster: real tree exit and object release
[axes-boundary original] PASS death_garrison_story: valid tail damage/immune branch
[axes-boundary original] PASS death_garrison_story: valid tail impact occurs
[axes-boundary original] PASS death_garrison_story: skips dead
[axes-boundary original] PASS death_garrison_story: skips garrisoned
[axes-boundary original] PASS death_garrison_story: skips story
[axes-boundary original] PASS death_garrison_story: valid caster source retained
[axes-boundary original] PASS death_garrison_story: second resolve does not duplicate damage/impact
[axes-boundary original] PASS death_garrison_story: effect queued for real deletion
[axes-boundary original] PASS death_garrison_story: real tree exit and object release
[axes-boundary original] PASS physical_immunity: valid tail damage/immune branch
[axes-boundary original] PASS physical_immunity: valid tail impact occurs
[axes-boundary original] PASS physical_immunity: physical absorption recorded
[axes-boundary original] PASS physical_immunity: second resolve does not duplicate damage/impact
[axes-boundary original] PASS physical_immunity: effect queued for real deletion
[axes-boundary original] PASS physical_immunity: real tree exit and object release
[axes-boundary original] PASS automatic: production duration unchanged
SCRIPT ERROR: Trying to assign invalid previously freed instance.
   at: resolve_hits (gdscript://-9223371974745520586.gd:24)
   GDScript backtrace (most recent call first):
       [0] resolve_hits (gdscript://-9223371974745520586.gd:24)
       [1] _process (gdscript://-9223371974745520586.gd:13)
[axes-boundary original] FAIL automatic: native _process reaches valid tail after freed head
[axes-boundary original] FAIL automatic: native lifetime actually releases effect
[axes-boundary original] PASS draw: production axe atlas texture available
SCRIPT ERROR: Trying to assign invalid previously freed instance.
   at: _draw (gdscript://-9223371974745520586.gd:41)
   GDScript backtrace (most recent call first):
       [0] _draw (gdscript://-9223371974745520586.gd:41)
[axes-boundary original] PASS draw: real clean Canvas output is nonempty
[axes-boundary original] FAIL draw: valid tail still renders after freed head
[axes-boundary original] FAIL draw: freed-head output exactly matches clean valid-tail RGBA
[axes-boundary original] PASS draw: render-only fixture does not resolve damage
[axes-boundary original] PASS draw: reference PNG saved
[axes-boundary original] PASS draw: boundary PNG saved
[axes-boundary] mode=original checks=46 failures=9 passed=false
