Godot Engine v4.6.3.stable.official.7d41c59c4 - https://godotengine.org
OpenGL API 3.3.0 NVIDIA 616.56 - Compatibility - Using Device: NVIDIA - NVIDIA GeForce RTX 3070 Ti

WARNING: 2D MSAA is not yet supported for GLES3.
   at: render_target_set_msaa (drivers/gles3/storage/texture_storage.cpp:2934)
[rts] PASS external output
[rts] PASS installed content identity resolves
[rts] PASS new character file included in installed identity: assets/anim/bound_yang_lin_idle_se.tres
[rts] PASS new character file included in installed identity: assets/anim/bound_yang_lin_idle_sw.tres
[rts] PASS new character file included in installed identity: assets/anim/bound_yang_lin_idle_ne.tres
[rts] PASS new character file included in installed identity: assets/anim/bound_yang_lin_idle_nw.tres
[rts] PASS new character file included in installed identity: assets/characters/yang_lin_bound_20261005/bound.png
[rts] PASS prior eight-opening subcase passed with identical frozen inputs
[rts] PASS reused opening belongs to current registration 0
[rts] PASS reused opening belongs to current registration 1
[rts] PASS reused opening belongs to current registration 2
[rts] PASS reused opening belongs to current registration 3
[rts] PASS reused opening belongs to current registration 4
[rts] PASS reused opening belongs to current registration 5
[rts] PASS reused opening belongs to current registration 6
[rts] PASS reused opening belongs to current registration 7
[rts] PASS current original Shi Xiu bound deployment
[rts] PASS Shi Xiu existing dedicated bound direction se
[rts] PASS real rendered screenshot: shi_xiu_bound_current_se
[rts] PASS Shi Xiu existing dedicated bound direction sw
[rts] PASS real rendered screenshot: shi_xiu_bound_current_sw
[rts] PASS Shi Xiu existing dedicated bound direction ne
[rts] PASS real rendered screenshot: shi_xiu_bound_current_ne
[rts] PASS Shi Xiu existing dedicated bound direction nw
[rts] PASS real rendered screenshot: shi_xiu_bound_current_nw
[rts] PASS normal player command and timed callback zhu_rts_recon
[rts] PASS normal recon introduces original Sun Li
[rts] PASS normal player command and timed callback zhu_rts_inside
[rts] PASS normal inside callback opens actual gate navigation
[rts] PASS normal player command and timed callback zhu_rts_rescue
[rts] PASS normal rescue retains all seven original captives
[rts] PASS Shi Xiu rescued original HP portrait and generic body se
[rts] PASS real rendered screenshot: shi_xiu_rescued_current_se
[rts] PASS Shi Xiu rescued original HP portrait and generic body sw
[rts] PASS real rendered screenshot: shi_xiu_rescued_current_sw
[rts] PASS Shi Xiu rescued original HP portrait and generic body ne
[rts] PASS real rendered screenshot: shi_xiu_rescued_current_ne
[rts] PASS Shi Xiu rescued original HP portrait and generic body nw
[rts] PASS real rendered screenshot: shi_xiu_rescued_current_nw
[rts] PASS original Lin Chong available for actual route clearance
[rts] PASS original Lin ordinary attack clears inner defender zhu_keke 4346959890816
[rts] PASS original Lin ordinary attack clears inner defender zhu_keke 4346976668033
[rts] PASS original Lin ordinary attack clears inner defender zhu_keke 4346993445250
[rts] PASS original Lin ordinary attack clears inner defender zhu_keke 4347010222467
[rts] PASS original Lin ordinary attack clears inner defender zhu_gong 4347026999684
[rts] PASS original Lin ordinary attack clears inner defender zhu_gong 4347043776901
[rts] PASS original Lin ordinary attack clears inner defender zhu_gong 4347060554118
[rts] PASS original Lin ordinary attack clears inner defender zhu_hu 4347077331335
[rts] PASS original Lin ordinary attack clears inner defender zhu_keke 4346641123699
[rts] PASS original Lin ordinary attack clears inner defender zhu_keke 4346657900916
[rts] PASS original Lin ordinary attack clears inner defender zhu_gong 4346674678133
[rts] PASS inner clearance retains real manor core and no victory
[rts] PASS rescue alone does not award safe return
[rts] PASS evacuation ground click does not target an enemy (16, 23)
[rts] PASS all original seven normal player movement waypoint (16, 23)
[rts] PASS real rendered screenshot: seven_evac_16_23
[rts] PASS evacuation ground click does not target an enemy (25, 18)
[rts] PASS all original seven normal player movement waypoint (25, 18)
[rts] PASS real rendered screenshot: seven_evac_25_18
[rts] PASS evacuation ground click does not target an enemy (43, 18)
[rts] PASS all original seven normal player movement waypoint (43, 18)
[rts] PASS real rendered screenshot: seven_evac_43_18
[rts] PASS evacuation ground click does not target an enemy (52, 29)
[rts] PASS all original seven normal player movement waypoint (52, 29)
[rts] PASS real rendered screenshot: seven_evac_52_29
[rts] PASS same original wounded actor actually back near camp shi_qian
[rts] PASS same original wounded actor actually back near camp shi_xiu
[rts] PASS same original wounded actor actually back near camp qin_ming
[rts] PASS same original wounded actor actually back near camp yang_lin
[rts] PASS same original wounded actor actually back near camp huang_xin
[rts] PASS same original wounded actor actually back near camp wang_ying
[rts] PASS same original wounded actor actually back near camp deng_fei
[rts] PASS return before manor destruction still cannot settle
[rts] PASS installed content identity resolves
[rts] PASS new character file included in installed identity: assets/anim/bound_yang_lin_idle_se.tres
[rts] PASS new character file included in installed identity: assets/anim/bound_yang_lin_idle_sw.tres
[rts] PASS new character file included in installed identity: assets/anim/bound_yang_lin_idle_ne.tres
[rts] PASS new character file included in installed identity: assets/anim/bound_yang_lin_idle_nw.tres
[rts] PASS new character file included in installed identity: assets/characters/yang_lin_bound_20261005/bound.png
[rts] PASS identity stable across current eight openings and original evacuation
[art-character] current_campaign_art 80 checks; failures=[]
