Godot Engine v4.6.3.stable.official.7d41c59c4 - https://godotengine.org

[runtime-check] PASS frozen complete 877e713 grid rebuild hash matches
[runtime-check] PASS frozen full grid rebuild compiles
[runtime-check] PASS exact ordered grids, focus, visibility, depth and counters: level1 original deployment
[runtime-check] PASS neighbor order and enemy-body queries: level1 original deployment
[prof] bench(def): 200 敌 vs 6 英雄
[runtime-check] PASS exact ordered grids, focus, visibility, depth and counters: level1 moving stress tick 0
[runtime-check] PASS neighbor order and enemy-body queries: level1 moving stress tick 0
[runtime-check] PASS exact ordered grids, focus, visibility, depth and counters: level1 moving stress tick 1
[runtime-check] PASS neighbor order and enemy-body queries: level1 moving stress tick 1
[runtime-check] PASS exact ordered grids, focus, visibility, depth and counters: level1 moving stress tick 2
[runtime-check] PASS neighbor order and enemy-body queries: level1 moving stress tick 2
[runtime-check] PASS exact ordered grids, focus, visibility, depth and counters: level1 moving stress tick 3
[runtime-check] PASS neighbor order and enemy-body queries: level1 moving stress tick 3
[runtime-check] PASS previous scene, map and units actually freed
[runtime-check] PASS exact ordered grids, focus, visibility, depth and counters: level2 original deployment
[runtime-check] PASS neighbor order and enemy-body queries: level2 original deployment
[prof] bench(def): 200 敌 vs 6 英雄
[runtime-check] PASS exact ordered grids, focus, visibility, depth and counters: level2 moving stress tick 0
[runtime-check] PASS neighbor order and enemy-body queries: level2 moving stress tick 0
[runtime-check] PASS exact ordered grids, focus, visibility, depth and counters: level2 moving stress tick 1
[runtime-check] PASS neighbor order and enemy-body queries: level2 moving stress tick 1
[runtime-check] PASS exact ordered grids, focus, visibility, depth and counters: level2 moving stress tick 2
[runtime-check] PASS neighbor order and enemy-body queries: level2 moving stress tick 2
[runtime-check] PASS exact ordered grids, focus, visibility, depth and counters: level2 moving stress tick 3
[runtime-check] PASS neighbor order and enemy-body queries: level2 moving stress tick 3
[runtime-check] PASS previous scene, map and units actually freed
[runtime-check] PASS exact ordered grids, focus, visibility, depth and counters: level3 original deployment
[runtime-check] PASS neighbor order and enemy-body queries: level3 original deployment
[prof] bench(def): 200 敌 vs 6 英雄
[runtime-check] PASS exact ordered grids, focus, visibility, depth and counters: level3 moving stress tick 0
[runtime-check] PASS neighbor order and enemy-body queries: level3 moving stress tick 0
[runtime-check] PASS exact ordered grids, focus, visibility, depth and counters: level3 moving stress tick 1
[runtime-check] PASS neighbor order and enemy-body queries: level3 moving stress tick 1
[runtime-check] PASS exact ordered grids, focus, visibility, depth and counters: level3 moving stress tick 2
[runtime-check] PASS neighbor order and enemy-body queries: level3 moving stress tick 2
[runtime-check] PASS exact ordered grids, focus, visibility, depth and counters: level3 moving stress tick 3
[runtime-check] PASS neighbor order and enemy-body queries: level3 moving stress tick 3
[runtime-check] PASS previous scene, map and units actually freed
[runtime-check] PASS exact ordered grids, focus, visibility, depth and counters: level4 original deployment
[runtime-check] PASS neighbor order and enemy-body queries: level4 original deployment
[prof] bench(def): 200 敌 vs 6 英雄
[runtime-check] PASS exact ordered grids, focus, visibility, depth and counters: level4 moving stress tick 0
[runtime-check] PASS neighbor order and enemy-body queries: level4 moving stress tick 0
[runtime-check] PASS exact ordered grids, focus, visibility, depth and counters: level4 moving stress tick 1
[runtime-check] PASS neighbor order and enemy-body queries: level4 moving stress tick 1
[runtime-check] PASS exact ordered grids, focus, visibility, depth and counters: level4 moving stress tick 2
[runtime-check] PASS neighbor order and enemy-body queries: level4 moving stress tick 2
[runtime-check] PASS exact ordered grids, focus, visibility, depth and counters: level4 moving stress tick 3
[runtime-check] PASS neighbor order and enemy-body queries: level4 moving stress tick 3
[runtime-check] PASS previous scene, map and units actually freed
[runtime-check] PASS exact ordered grids, focus, visibility, depth and counters: level5 original deployment
[runtime-check] PASS neighbor order and enemy-body queries: level5 original deployment
[prof] bench(def): 200 敌 vs 6 英雄
[runtime-check] PASS exact ordered grids, focus, visibility, depth and counters: level5 moving stress tick 0
[runtime-check] PASS neighbor order and enemy-body queries: level5 moving stress tick 0
[runtime-check] PASS exact ordered grids, focus, visibility, depth and counters: level5 moving stress tick 1
[runtime-check] PASS neighbor order and enemy-body queries: level5 moving stress tick 1
[runtime-check] PASS exact ordered grids, focus, visibility, depth and counters: level5 moving stress tick 2
[runtime-check] PASS neighbor order and enemy-body queries: level5 moving stress tick 2
[runtime-check] PASS exact ordered grids, focus, visibility, depth and counters: level5 moving stress tick 3
[runtime-check] PASS neighbor order and enemy-body queries: level5 moving stress tick 3
[runtime-check] PASS projection counter compiles reference=true
[runtime-check] PASS projection counter compiles reference=false
[runtime-check] PASS same full rebuild output with fewer actual map projections
[runtime-check] PASS exact ordered grids, focus, visibility, depth and counters: mixed states, negative/boundary cells, duplicate/null/freed entries lite=false
[runtime-check] PASS neighbor order and enemy-body queries: mixed states, negative/boundary cells, duplicate/null/freed entries lite=false
[runtime-check] PASS exact ordered grids, focus, visibility, depth and counters: mixed states, negative/boundary cells, duplicate/null/freed entries lite=true
[runtime-check] PASS neighbor order and enemy-body queries: mixed states, negative/boundary cells, duplicate/null/freed entries lite=true
[runtime-check] PASS exact ordered grids, focus, visibility, depth and counters: visibility callback moves unit before final depth and bucket
[runtime-check] PASS neighbor order and enemy-body queries: visibility callback moves unit before final depth and bucket
[runtime-check] PASS exact ordered grids, focus, visibility, depth and counters: no camera retains previous clipping rectangle
[runtime-check] PASS neighbor order and enemy-body queries: no camera retains previous clipping rectangle
[runtime-check] PASS exact ordered grids, focus, visibility, depth and counters: first threshold tick count=89 full=false
[runtime-check] PASS neighbor order and enemy-body queries: first threshold tick count=89 full=false
[runtime-check] PASS strict population threshold retained
[runtime-check] PASS exact ordered grids, focus, visibility, depth and counters: next threshold tick count=89 full=false
[runtime-check] PASS neighbor order and enemy-body queries: next threshold tick count=89 full=false
[runtime-check] PASS exact ordered grids, focus, visibility, depth and counters: first threshold tick count=90 full=false
[runtime-check] PASS neighbor order and enemy-body queries: first threshold tick count=90 full=false
[runtime-check] PASS strict population threshold retained
[runtime-check] PASS exact ordered grids, focus, visibility, depth and counters: next threshold tick count=90 full=false
[runtime-check] PASS neighbor order and enemy-body queries: next threshold tick count=90 full=false
[runtime-check] PASS exact ordered grids, focus, visibility, depth and counters: first threshold tick count=91 full=false
[runtime-check] PASS neighbor order and enemy-body queries: first threshold tick count=91 full=false
[runtime-check] PASS strict population threshold retained
[runtime-check] PASS exact ordered grids, focus, visibility, depth and counters: next threshold tick count=91 full=false
[runtime-check] PASS neighbor order and enemy-body queries: next threshold tick count=91 full=false
[runtime-check] PASS exact ordered grids, focus, visibility, depth and counters: first threshold tick count=35 full=true
[runtime-check] PASS neighbor order and enemy-body queries: first threshold tick count=35 full=true
[runtime-check] PASS strict population threshold retained
[runtime-check] PASS exact ordered grids, focus, visibility, depth and counters: next threshold tick count=35 full=true
[runtime-check] PASS neighbor order and enemy-body queries: next threshold tick count=35 full=true
[runtime-check] PASS exact ordered grids, focus, visibility, depth and counters: first threshold tick count=36 full=true
[runtime-check] PASS neighbor order and enemy-body queries: first threshold tick count=36 full=true
[runtime-check] PASS strict population threshold retained
[runtime-check] PASS exact ordered grids, focus, visibility, depth and counters: next threshold tick count=36 full=true
[runtime-check] PASS neighbor order and enemy-body queries: next threshold tick count=36 full=true
[runtime-check] PASS exact ordered grids, focus, visibility, depth and counters: first threshold tick count=37 full=true
[runtime-check] PASS neighbor order and enemy-body queries: first threshold tick count=37 full=true
[runtime-check] PASS strict population threshold retained
[runtime-check] PASS exact ordered grids, focus, visibility, depth and counters: next threshold tick count=37 full=true
[runtime-check] PASS neighbor order and enemy-body queries: next threshold tick count=37 full=true
[runtime-check] PASS previous scene, map and units actually freed
[runtime-check] PASS exact ordered grids, focus, visibility, depth and counters: level6 original deployment
[runtime-check] PASS neighbor order and enemy-body queries: level6 original deployment
[prof] bench(def): 200 敌 vs 6 英雄
[runtime-check] PASS exact ordered grids, focus, visibility, depth and counters: level6 moving stress tick 0
[runtime-check] PASS neighbor order and enemy-body queries: level6 moving stress tick 0
[runtime-check] PASS exact ordered grids, focus, visibility, depth and counters: level6 moving stress tick 1
[runtime-check] PASS neighbor order and enemy-body queries: level6 moving stress tick 1
[runtime-check] PASS exact ordered grids, focus, visibility, depth and counters: level6 moving stress tick 2
[runtime-check] PASS neighbor order and enemy-body queries: level6 moving stress tick 2
[runtime-check] PASS exact ordered grids, focus, visibility, depth and counters: level6 moving stress tick 3
[runtime-check] PASS neighbor order and enemy-body queries: level6 moving stress tick 3
[runtime-check] PASS previous scene, map and units actually freed
[runtime-check] PASS exact ordered grids, focus, visibility, depth and counters: level7 original deployment
[runtime-check] PASS neighbor order and enemy-body queries: level7 original deployment
[prof] bench(def): 200 敌 vs 6 英雄
[runtime-check] PASS exact ordered grids, focus, visibility, depth and counters: level7 moving stress tick 0
[runtime-check] PASS neighbor order and enemy-body queries: level7 moving stress tick 0
[runtime-check] PASS exact ordered grids, focus, visibility, depth and counters: level7 moving stress tick 1
[runtime-check] PASS neighbor order and enemy-body queries: level7 moving stress tick 1
[runtime-check] PASS exact ordered grids, focus, visibility, depth and counters: level7 moving stress tick 2
[runtime-check] PASS neighbor order and enemy-body queries: level7 moving stress tick 2
[runtime-check] PASS exact ordered grids, focus, visibility, depth and counters: level7 moving stress tick 3
[runtime-check] PASS neighbor order and enemy-body queries: level7 moving stress tick 3
[runtime-check] PASS previous scene, map and units actually freed
[runtime-check] PASS exact ordered grids, focus, visibility, depth and counters: level8 original deployment
[runtime-check] PASS neighbor order and enemy-body queries: level8 original deployment
[prof] bench(def): 200 敌 vs 6 英雄
[runtime-check] PASS exact ordered grids, focus, visibility, depth and counters: level8 moving stress tick 0
[runtime-check] PASS neighbor order and enemy-body queries: level8 moving stress tick 0
[runtime-check] PASS exact ordered grids, focus, visibility, depth and counters: level8 moving stress tick 1
[runtime-check] PASS neighbor order and enemy-body queries: level8 moving stress tick 1
[runtime-check] PASS exact ordered grids, focus, visibility, depth and counters: level8 moving stress tick 2
[runtime-check] PASS neighbor order and enemy-body queries: level8 moving stress tick 2
[runtime-check] PASS exact ordered grids, focus, visibility, depth and counters: level8 moving stress tick 3
[runtime-check] PASS neighbor order and enemy-body queries: level8 moving stress tick 3
[runtime-check] PASS previous scene, map and units actually freed
[runtime-check] PASS exact ordered grids, focus, visibility, depth and counters: real defense deployment
[runtime-check] PASS neighbor order and enemy-body queries: real defense deployment
[prof] bench(def): 200 敌 vs 6 英雄
[runtime-check] PASS exact ordered grids, focus, visibility, depth and counters: real defense 200 enemy fixture
[runtime-check] PASS neighbor order and enemy-body queries: real defense 200 enemy fixture
[runtime-check] PASS exact ordered grids, focus, visibility, depth and counters: defense stress with all units revealed
[runtime-check] PASS neighbor order and enemy-body queries: defense stress with all units revealed
[runtime-check] PASS projection counter compiles reference=true
[runtime-check] PASS projection counter compiles reference=false
[runtime-check] PASS same full rebuild output with fewer actual map projections
[runtime-check] PASS previous scene, map and units actually freed
[runtime-check] PASS player campaign save bytes unchanged
[grid-build-qa] {"checks":142,"failures":[],"passed":true,"queries":4018,"unit_states":9438}
