Godot Engine v4.6.3.stable.official.7d41c59c4 - https://godotengine.org

[rts] PASS Xu Ning ground move and one-second hold sets up practice rider
[rts] PASS practice can retry until completed
[rts] PASS premature practice defeat does not grant story goal
[rts] PASS new manual setup replaces defeated rider and resets practice state
[rts] PASS non-hook infantry actually enters lure radius
[rts] PASS practice rider moving away cannot impersonate a player retreat
[rts] PASS real retreat west behind hook line is recorded
[drill-retreat] lure=(390.8064, 1490.28) origin=(642.2952, 1520.0) dummy=(528.0, 1456.0) state=1 target=<null> status=教场：先让一名非钩镰单位靠近演练骑，再退到两名枪手身后；让徐宁与钩镰手近身击倒它。可随时重摆。
[rts] PASS idle Xu Ning and hook soldier do not complete coordinated attack
[rts] PASS two actual melee attackers complete the drill after lure and retreat
[rts] PASS completed optional drill closes its action cleanly
[rts] PASS practice completion preserves ongoing camp and real cavalry battle
[rts] PASS headquarters and twelve-rider outcome fixture closes core objective
[rts] PASS actual drill plus outcome fixtures satisfy all four story goals
[rts] PASS victory preserves nonlethal outcomes for both historical generals
[rts] PASS instructor death is not a mandatory campaign defeat
[rts] PASS hall accepts paid instructor revival
[rts] PASS instructor returns after normal training timer
[rts] PASS revived instructor can dispatch the same optional practice action
[rts] PASS all expected drill assertions executed
[lhm-drill] 19 checks, failures []
