Godot Engine v4.6.3.stable.official.7d41c59c4 - https://godotengine.org
Vulkan 1.4.351 - Forward+ - Using Device #0: NVIDIA - NVIDIA GeForce RTX 3070 Ti

[rts] PASS wine starts current player-controlled short chapter
[rts] PASS wine retains authored duel stats and vulnerable noncombat companion
[rts] PASS all preparation choices are available at the start
[rts] PASS player walks to tavern and drinks 0
[rts] PASS player walks to tavern and drinks 1
[rts] PASS second drink does not force practice
[rts] PASS player explicitly chooses practice on the road
[rts] PASS practice completes only after actual movement out of the circle
[rts] PASS optional practice deals no damage
[rts] PASS player walks to tavern and drinks 2
[rts] PASS player walks to tavern and drinks 3
[rts] PASS saved live wine_road
[rts] PASS four-tavern route explicitly provokes Menshen
[rts] PASS Shi En actually walks to the safe waiting area
[rts] PASS wine keeps chosen drink count
[rts] PASS saved live wine_heavy_tell
[rts] PASS saved live wine_counter
[rts] PASS saved live wine_rush_tell
[rts] PASS wine actual combat subdues Menshen alive
[rts] PASS wine actually avoids both distinct specials
[rts] PASS wine boss visibly travels through an actual charge
[rts] PASS wine actual moving W and current-window E earns signature
[rts] PASS saved live wine_subdued
[rts] PASS wine player chooses and speaks the three terms
[rts] PASS wine Shi En actually returns and takes over the shop
[rts] PASS wine actual chapter ends in victory
[rts] PASS wine route earns all four optional story goals
[kh-live] {"casts":{"0":5,"1":4,"2":3,"3":1},"charge_travel":186.667026519775,"counter_hits":3,"drinks":4,"events":["action:road_choice:drink_0","drink_0","action:road_choice:drink_1","drink_1","action:road_choice:practice_step","mengzhou_step_used","road_step_practiced","action:road_choice:drink_2","drink_2","action:road_choice:drink_3","drink_3","action:road_choice:provoke","provoke","dodge_heavy","counter_hit","mengzhou_signature","dodge_rush","menshen_subdued","action:return_shop:terms","terms","action:return_shop:restore_shop","restore_shop"],"final_hp":248.477564102563,"game_seconds":68.5666666666641,"heavy_dodges":2,"min_hp":242.769230769231,"orders":43,"result":{"contract_version":2,"core_cleared":true,"core_goal":"以拳脚制服蒋门神，让施恩活着收回酒店。","done_ids":["three_bowls","drunken_provocation","signature_fists","spare_and_restore"],"goals":[{"id":"three_bowls","label":"依约无三不过望，沿路四处各饮三碗","note":"","reason":"","state":"done"},{"id":"drunken_provocation","label":"到挂着“河阳风月”酒望的店前佯醉换酒，惊动酒保，引蒋门神赶来","note":"","reason":"","state":"done"},{"id":"signature_fists","label":"趁失势以玉环步接鸳鸯脚","note":"","reason":"","state":"done"},{"id":"spare_and_restore","label":"留蒋门神性命，说清三项条件后交还酒店","note":"","reason":"","state":"done"}],"missed_ids":[],"pending_ids":[],"story_complete":true,"story_done":4,"story_total":4},"route":"wine","rush_dodges":1,"victory":true}
[kuaihuolin-short] 27 checks; failures=[]
