Godot Engine v4.6.3.stable.official.7d41c59c4 - https://godotengine.org
Vulkan 1.4.351 - Forward+ - Using Device #0: NVIDIA - NVIDIA GeForce RTX 3070 Ti

[rts] PASS north starts the actual short chapter without smoke driver
[rts] PASS selection shortcut selects without walking
[rts] PASS objective panel avoids command cards at (1440, 900)
[rts] PASS last short-chapter control is visible at (1440, 900)
[rts] PASS saved live north_start
[rts] PASS north follows its route through actual movement
[rts] PASS north intercepts using an actual right-click action
[rts] PASS north reaches player-controlled escort
[rts] PASS wounded Lin cannot fight or grant combat auras
[rts] PASS rest and direct group exit are available together
[rts] PASS rescued party waits without invented movement
[rts] PASS objective panel avoids command cards at (1440, 900)
[rts] PASS last short-chapter control is visible at (1440, 900)
[rts] PASS saved live north_choice
[rts] PASS stopping one selected companion stops the whole escort
[yf-spacing] rest_stop 95.1247177124023 [0.0, "dong_chao", (836.7938, 626.3746), (927.1876, 656.0)]
[rts] PASS escort assembles within 3 seconds and maintains 96-unit spacing during rest_stop
[rts] PASS north gives one real order for four-person rest
[rts] PASS rest counts only when the real party arrives
[rts] PASS objective panel avoids command cards at (1440, 900)
[rts] PASS last short-chapter control is visible at (1440, 900)
[rts] PASS saved live north_rest
[yf-spacing] leave_forest 87.5917739868164 [0.0, "lu_zhishen", (488.0001, 656.0001), (575.5758, 654.3244)]
[rts] PASS escort assembles within 3 seconds and maintains 96-unit spacing during leave_forest
[rts] PASS north gives a separate real exit order
[rts] PASS north escorts the living party to victory
[yf-party] north [["lu_zhishen", (2, 20), 0, 5], ["lin_chong", (4, 20), 0, 6], ["dong_chao", (4, 21), 0, 4], ["xue_ba", (4, 19), 0, 4]]
[rts] PASS north completes all three optional story goals
[rts] PASS saved live north_result
[rts] PASS south starts the actual short chapter without smoke driver
[rts] PASS selection shortcut selects without walking
[rts] PASS objective panel avoids command cards at (1440, 900)
[rts] PASS last short-chapter control is visible at (1440, 900)
[rts] PASS saved live south_start
[rts] PASS south follows its route through actual movement
[rts] PASS south intercepts using an actual right-click action
[rts] PASS south reaches player-controlled escort
[rts] PASS wounded Lin cannot fight or grant combat auras
[rts] PASS rest and direct group exit are available together
[rts] PASS rescued party waits without invented movement
[rts] PASS objective panel avoids command cards at (1440, 900)
[rts] PASS last short-chapter control is visible at (1440, 900)
[rts] PASS saved live south_choice
[yf-spacing] rest_stop 100.54573059082 [0.0, "dong_chao", (848.0, 624.0), (938.1905, 668.4423)]
[rts] PASS escort assembles within 3 seconds and maintains 96-unit spacing during rest_stop
[rts] PASS south gives one real order for four-person rest
[rts] PASS rest counts only when the real party arrives
[rts] PASS objective panel avoids command cards at (1440, 900)
[rts] PASS last short-chapter control is visible at (1440, 900)
[rts] PASS saved live south_rest
[yf-spacing] leave_forest 87.9614868164063 [0.0, "lu_zhishen", (488.0185, 654.7873), (575.952, 657.0059)]
[rts] PASS escort assembles within 3 seconds and maintains 96-unit spacing during leave_forest
[rts] PASS south gives a separate real exit order
[rts] PASS south escorts the living party to victory
[yf-party] south [["lu_zhishen", (2, 20), 0, 4], ["lin_chong", (4, 20), 0, 4], ["dong_chao", (4, 21), 0, 3], ["xue_ba", (4, 19), 0, 3]]
[rts] PASS south completes all three optional story goals
[rts] PASS saved live south_result
[rts] PASS late starts the actual short chapter without smoke driver
[rts] PASS selection shortcut selects without walking
[rts] PASS objective panel avoids command cards at (1440, 900)
[rts] PASS last short-chapter control is visible at (1440, 900)
[rts] PASS saved live late_start
[rts] PASS falling behind leaves a real final rescue window
[rts] PASS late intercepts using an actual right-click action
[rts] PASS late reaches player-controlled escort
[rts] PASS wounded Lin cannot fight or grant combat auras
[rts] PASS rest and direct group exit are available together
[rts] PASS rescued party waits without invented movement
[rts] PASS objective panel avoids command cards at (1440, 900)
[rts] PASS last short-chapter control is visible at (1440, 900)
[rts] PASS saved live late_choice
[yf-spacing] leave_forest 97.0504150390625 [0.0, "dong_chao", (848.0, 624.0), (939.623, 656.0)]
[rts] PASS escort assembles within 3 seconds and maintains 96-unit spacing during leave_forest
[rts] PASS late gives a separate real exit order
[rts] PASS late escorts the living party to victory
[yf-party] late [["lu_zhishen", (2, 20), 0, 2], ["lin_chong", (4, 20), 0, 2], ["dong_chao", (4, 21), 0, 2], ["xue_ba", (4, 19), 0, 2]]
[rts] PASS late direct exit does not fabricate rest credit
[rts] PASS saved live late_result
[rts] PASS force starts the actual short chapter without smoke driver
[rts] PASS selection shortcut selects without walking
[rts] PASS objective panel avoids command cards at (1440, 900)
[rts] PASS last short-chapter control is visible at (1440, 900)
[rts] PASS saved live force_start
[rts] PASS early force subdues both actual guards, returns to prisoner and frees him locally
[rts] PASS force reaches player-controlled escort
[rts] PASS wounded Lin cannot fight or grant combat auras
[rts] PASS rest and direct group exit are available together
[rts] PASS rescued party waits without invented movement
[rts] PASS objective panel avoids command cards at (1440, 900)
[rts] PASS last short-chapter control is visible at (1440, 900)
[rts] PASS saved live force_choice
[yf-spacing] leave_forest 83.5928955078125 [78.8999999999998, "lu_zhishen", (72.00005, 656.0001), (148.558, 689.5657)]
[rts] PASS escort assembles within 3 seconds and maintains 96-unit spacing during leave_forest
[rts] PASS force gives a separate real exit order
[rts] PASS force escorts the living party to victory
[yf-party] force [["lu_zhishen", (2, 20), 0, 5], ["lin_chong", (4, 21), 0, 2], ["dong_chao", (4, 20), 1, 3], ["xue_ba", (4, 19), 1, 3]]
[rts] PASS force direct exit does not fabricate rest credit
[rts] PASS saved live force_result
[rts] PASS no input eventually fails after the visible rescue deadline
[rts] PASS defeat offers one actual restart button
[rts] PASS actual restart reloads fresh chapter state
[rts] PASS falling behind is an actionable warning, not instant failure
[rts] PASS returning before the pine checkpoint restores a real shadow route
[rts] PASS first close approach warns before full exposure
[rts] PASS retreat from first warning sheds suspicion
[rts] PASS defeating guards remotely cannot free a distant prisoner
[rts] PASS untying preserves the actual prisoner location
[rts] PASS finishing care does not teleport people into formation
[rts] PASS unrequested script movement is still rejected after the route authorization fix
[rts] PASS incomplete rest is retryable and gives no premature healing
[rts] PASS settle margin cannot start a task outside its 48-unit arrival range
[rts] PASS small companion collision drift preserves an already-started escort action
[rts] PASS actual player stop still cancels an action within the settle margin
[rts] PASS survivors can leave without pretending a dead guard survived
[rts] PASS Lu death after rescue clearly fails instead of leaving impossible escort
[rts] PASS skirmish retains its normal combat Lin Chong
[rts] PASS skirmish_ai retains its normal combat Lin Chong
[yezhulin-short-result] 107 checks; failures=[]
