Godot Engine v4.6.3.stable.official.7d41c59c4 - https://godotengine.org
Vulkan 1.4.351 - Forward+ - Using Device #0: NVIDIA - NVIDIA GeForce RTX 3070 Ti

[rts] PASS exact SpriteFrames idle se
[rts] PASS frame count idle se
[rts] PASS no mirror idle se
[rts] PASS square atlas frame idle se
[rts] PASS consistent dark spear armor idle se
[rts] PASS authored ground alignment idle se
[rts] PASS exact SpriteFrames walk se
[rts] PASS frame count walk se
[rts] PASS no mirror walk se
[rts] PASS square atlas frame walk se
[rts] PASS consistent dark spear armor walk se
[rts] PASS authored ground alignment walk se
[rts] PASS square atlas frame walk se
[rts] PASS consistent dark spear armor walk se
[rts] PASS authored ground alignment walk se
[rts] PASS square atlas frame walk se
[rts] PASS consistent dark spear armor walk se
[rts] PASS authored ground alignment walk se
[rts] PASS square atlas frame walk se
[rts] PASS consistent dark spear armor walk se
[rts] PASS authored ground alignment walk se
[rts] PASS distinct alternate steps around the neutral pose se
[rts] PASS exact SpriteFrames attack se
[rts] PASS frame count attack se
[rts] PASS no mirror attack se
[rts] PASS square atlas frame attack se
[rts] PASS consistent dark spear armor attack se
[rts] PASS authored ground alignment attack se
[rts] PASS square atlas frame attack se
[rts] PASS consistent dark spear armor attack se
[rts] PASS authored ground alignment attack se
[rts] PASS square atlas frame attack se
[rts] PASS consistent dark spear armor attack se
[rts] PASS authored ground alignment attack se
[rts] PASS square atlas frame attack se
[rts] PASS consistent dark spear armor attack se
[rts] PASS authored ground alignment attack se
[rts] PASS square atlas frame attack se
[rts] PASS consistent dark spear armor attack se
[rts] PASS authored ground alignment attack se
[rts] PASS windup then thrust aligned with spear damage phase se
[rts] PASS exact SpriteFrames hurt se
[rts] PASS frame count hurt se
[rts] PASS no mirror hurt se
[rts] PASS square atlas frame hurt se
[rts] PASS consistent dark spear armor hurt se
[rts] PASS authored ground alignment hurt se
[rts] PASS exact SpriteFrames death se
[rts] PASS frame count death se
[rts] PASS no mirror death se
[rts] PASS square atlas frame death se
[rts] PASS consistent dark spear armor death se
[rts] PASS authored ground alignment death se
[rts] PASS square atlas frame death se
[rts] PASS consistent dark spear armor death se
[rts] PASS authored ground alignment death se
[rts] PASS square atlas frame death se
[rts] PASS consistent dark spear armor death se
[rts] PASS authored ground alignment death se
[rts] PASS square atlas frame death se
[rts] PASS consistent dark spear armor death se
[rts] PASS authored ground alignment death se
[rts] PASS collapse then held prone terminal se
[rts] PASS down cannot borrow death or idle se
[rts] PASS hurt uses an independent recoiling pose se
[rts] PASS campaign costume priority lin_chong_bound se
[rts] PASS new armored death cannot replace campaign costume lin_chong_bound se
[rts] PASS campaign missing death retains procedural direction lin_chong_bound se
[rts] PASS campaign costume priority lin_chong_prisoner se
[rts] PASS new armored death cannot replace campaign costume lin_chong_prisoner se
[rts] PASS campaign missing death retains procedural direction lin_chong_prisoner se
[rts] PASS campaign costume priority lin_chong_escort se
[rts] PASS new armored death cannot replace campaign costume lin_chong_escort se
[rts] PASS campaign missing death retains procedural direction lin_chong_escort se
[rts] PASS legacy PNG direction path retained se
[rts] PASS exact SpriteFrames idle sw
[rts] PASS frame count idle sw
[rts] PASS no mirror idle sw
[rts] PASS square atlas frame idle sw
[rts] PASS consistent dark spear armor idle sw
[rts] PASS authored ground alignment idle sw
[rts] PASS exact SpriteFrames walk sw
[rts] PASS frame count walk sw
[rts] PASS no mirror walk sw
[rts] PASS square atlas frame walk sw
[rts] PASS consistent dark spear armor walk sw
[rts] PASS authored ground alignment walk sw
[rts] PASS square atlas frame walk sw
[rts] PASS consistent dark spear armor walk sw
[rts] PASS authored ground alignment walk sw
[rts] PASS square atlas frame walk sw
[rts] PASS consistent dark spear armor walk sw
[rts] PASS authored ground alignment walk sw
[rts] PASS square atlas frame walk sw
[rts] PASS consistent dark spear armor walk sw
[rts] PASS authored ground alignment walk sw
[rts] PASS distinct alternate steps around the neutral pose sw
[rts] PASS exact SpriteFrames attack sw
[rts] PASS frame count attack sw
[rts] PASS no mirror attack sw
[rts] PASS square atlas frame attack sw
[rts] PASS consistent dark spear armor attack sw
[rts] PASS authored ground alignment attack sw
[rts] PASS square atlas frame attack sw
[rts] PASS consistent dark spear armor attack sw
[rts] PASS authored ground alignment attack sw
[rts] PASS square atlas frame attack sw
[rts] PASS consistent dark spear armor attack sw
[rts] PASS authored ground alignment attack sw
[rts] PASS square atlas frame attack sw
[rts] PASS consistent dark spear armor attack sw
[rts] PASS authored ground alignment attack sw
[rts] PASS square atlas frame attack sw
[rts] PASS consistent dark spear armor attack sw
[rts] PASS authored ground alignment attack sw
[rts] PASS windup then thrust aligned with spear damage phase sw
[rts] PASS exact SpriteFrames hurt sw
[rts] PASS frame count hurt sw
[rts] PASS no mirror hurt sw
[rts] PASS square atlas frame hurt sw
[rts] PASS consistent dark spear armor hurt sw
[rts] PASS authored ground alignment hurt sw
[rts] PASS exact SpriteFrames death sw
[rts] PASS frame count death sw
[rts] PASS no mirror death sw
[rts] PASS square atlas frame death sw
[rts] PASS consistent dark spear armor death sw
[rts] PASS authored ground alignment death sw
[rts] PASS square atlas frame death sw
[rts] PASS consistent dark spear armor death sw
[rts] PASS authored ground alignment death sw
[rts] PASS square atlas frame death sw
[rts] PASS consistent dark spear armor death sw
[rts] PASS authored ground alignment death sw
[rts] PASS square atlas frame death sw
[rts] PASS consistent dark spear armor death sw
[rts] PASS authored ground alignment death sw
[rts] PASS collapse then held prone terminal sw
[rts] PASS down cannot borrow death or idle sw
[rts] PASS hurt uses an independent recoiling pose sw
[rts] PASS campaign costume priority lin_chong_bound sw
[rts] PASS new armored death cannot replace campaign costume lin_chong_bound sw
[rts] PASS campaign missing death retains procedural direction lin_chong_bound sw
[rts] PASS campaign costume priority lin_chong_prisoner sw
[rts] PASS new armored death cannot replace campaign costume lin_chong_prisoner sw
[rts] PASS campaign missing death retains procedural direction lin_chong_prisoner sw
[rts] PASS campaign costume priority lin_chong_escort sw
[rts] PASS new armored death cannot replace campaign costume lin_chong_escort sw
[rts] PASS campaign missing death retains procedural direction lin_chong_escort sw
[rts] PASS legacy PNG direction path retained sw
[rts] PASS exact SpriteFrames idle ne
[rts] PASS frame count idle ne
[rts] PASS no mirror idle ne
[rts] PASS square atlas frame idle ne
[rts] PASS consistent dark spear armor idle ne
[rts] PASS authored ground alignment idle ne
[rts] PASS exact SpriteFrames walk ne
[rts] PASS frame count walk ne
[rts] PASS no mirror walk ne
[rts] PASS square atlas frame walk ne
[rts] PASS consistent dark spear armor walk ne
[rts] PASS authored ground alignment walk ne
[rts] PASS square atlas frame walk ne
[rts] PASS consistent dark spear armor walk ne
[rts] PASS authored ground alignment walk ne
[rts] PASS square atlas frame walk ne
[rts] PASS consistent dark spear armor walk ne
[rts] PASS authored ground alignment walk ne
[rts] PASS square atlas frame walk ne
[rts] PASS consistent dark spear armor walk ne
[rts] PASS authored ground alignment walk ne
[rts] PASS distinct alternate steps around the neutral pose ne
[rts] PASS exact SpriteFrames attack ne
[rts] PASS frame count attack ne
[rts] PASS no mirror attack ne
[rts] PASS square atlas frame attack ne
[rts] PASS consistent dark spear armor attack ne
[rts] PASS authored ground alignment attack ne
[rts] PASS square atlas frame attack ne
[rts] PASS consistent dark spear armor attack ne
[rts] PASS authored ground alignment attack ne
[rts] PASS square atlas frame attack ne
[rts] PASS consistent dark spear armor attack ne
[rts] PASS authored ground alignment attack ne
[rts] PASS square atlas frame attack ne
[rts] PASS consistent dark spear armor attack ne
[rts] PASS authored ground alignment attack ne
[rts] PASS square atlas frame attack ne
[rts] PASS consistent dark spear armor attack ne
[rts] PASS authored ground alignment attack ne
[rts] PASS windup then thrust aligned with spear damage phase ne
[rts] PASS exact SpriteFrames hurt ne
[rts] PASS frame count hurt ne
[rts] PASS no mirror hurt ne
[rts] PASS square atlas frame hurt ne
[rts] PASS consistent dark spear armor hurt ne
[rts] PASS authored ground alignment hurt ne
[rts] PASS exact SpriteFrames death ne
[rts] PASS frame count death ne
[rts] PASS no mirror death ne
[rts] PASS square atlas frame death ne
[rts] PASS consistent dark spear armor death ne
[rts] PASS authored ground alignment death ne
[rts] PASS square atlas frame death ne
[rts] PASS consistent dark spear armor death ne
[rts] PASS authored ground alignment death ne
[rts] PASS square atlas frame death ne
[rts] PASS consistent dark spear armor death ne
[rts] PASS authored ground alignment death ne
[rts] PASS square atlas frame death ne
[rts] PASS consistent dark spear armor death ne
[rts] PASS authored ground alignment death ne
[rts] PASS collapse then held prone terminal ne
[rts] PASS down cannot borrow death or idle ne
[rts] PASS hurt uses an independent recoiling pose ne
[rts] PASS campaign costume priority lin_chong_bound ne
[rts] PASS new armored death cannot replace campaign costume lin_chong_bound ne
[rts] PASS campaign missing death retains procedural direction lin_chong_bound ne
[rts] PASS campaign costume priority lin_chong_prisoner ne
[rts] PASS new armored death cannot replace campaign costume lin_chong_prisoner ne
[rts] PASS campaign missing death retains procedural direction lin_chong_prisoner ne
[rts] PASS campaign costume priority lin_chong_escort ne
[rts] PASS new armored death cannot replace campaign costume lin_chong_escort ne
[rts] PASS campaign missing death retains procedural direction lin_chong_escort ne
[rts] PASS legacy PNG direction path retained ne
[rts] PASS exact SpriteFrames idle nw
[rts] PASS frame count idle nw
[rts] PASS no mirror idle nw
[rts] PASS square atlas frame idle nw
[rts] PASS consistent dark spear armor idle nw
[rts] PASS authored ground alignment idle nw
[rts] PASS exact SpriteFrames walk nw
[rts] PASS frame count walk nw
[rts] PASS no mirror walk nw
[rts] PASS square atlas frame walk nw
[rts] PASS consistent dark spear armor walk nw
[rts] PASS authored ground alignment walk nw
[rts] PASS square atlas frame walk nw
[rts] PASS consistent dark spear armor walk nw
[rts] PASS authored ground alignment walk nw
[rts] PASS square atlas frame walk nw
[rts] PASS consistent dark spear armor walk nw
[rts] PASS authored ground alignment walk nw
[rts] PASS square atlas frame walk nw
[rts] PASS consistent dark spear armor walk nw
[rts] PASS authored ground alignment walk nw
[rts] PASS distinct alternate steps around the neutral pose nw
[rts] PASS exact SpriteFrames attack nw
[rts] PASS frame count attack nw
[rts] PASS no mirror attack nw
[rts] PASS square atlas frame attack nw
[rts] PASS consistent dark spear armor attack nw
[rts] PASS authored ground alignment attack nw
[rts] PASS square atlas frame attack nw
[rts] PASS consistent dark spear armor attack nw
[rts] PASS authored ground alignment attack nw
[rts] PASS square atlas frame attack nw
[rts] PASS consistent dark spear armor attack nw
[rts] PASS authored ground alignment attack nw
[rts] PASS square atlas frame attack nw
[rts] PASS consistent dark spear armor attack nw
[rts] PASS authored ground alignment attack nw
[rts] PASS square atlas frame attack nw
[rts] PASS consistent dark spear armor attack nw
[rts] PASS authored ground alignment attack nw
[rts] PASS windup then thrust aligned with spear damage phase nw
[rts] PASS exact SpriteFrames hurt nw
[rts] PASS frame count hurt nw
[rts] PASS no mirror hurt nw
[rts] PASS square atlas frame hurt nw
[rts] PASS consistent dark spear armor hurt nw
[rts] PASS authored ground alignment hurt nw
[rts] PASS exact SpriteFrames death nw
[rts] PASS frame count death nw
[rts] PASS no mirror death nw
[rts] PASS square atlas frame death nw
[rts] PASS consistent dark spear armor death nw
[rts] PASS authored ground alignment death nw
[rts] PASS square atlas frame death nw
[rts] PASS consistent dark spear armor death nw
[rts] PASS authored ground alignment death nw
[rts] PASS square atlas frame death nw
[rts] PASS consistent dark spear armor death nw
[rts] PASS authored ground alignment death nw
[rts] PASS square atlas frame death nw
[rts] PASS consistent dark spear armor death nw
[rts] PASS authored ground alignment death nw
[rts] PASS collapse then held prone terminal nw
[rts] PASS down cannot borrow death or idle nw
[rts] PASS hurt uses an independent recoiling pose nw
[rts] PASS campaign costume priority lin_chong_bound nw
[rts] PASS new armored death cannot replace campaign costume lin_chong_bound nw
[rts] PASS campaign missing death retains procedural direction lin_chong_bound nw
[rts] PASS campaign costume priority lin_chong_prisoner nw
[rts] PASS new armored death cannot replace campaign costume lin_chong_prisoner nw
[rts] PASS campaign missing death retains procedural direction lin_chong_prisoner nw
[rts] PASS campaign costume priority lin_chong_escort nw
[rts] PASS new armored death cannot replace campaign costume lin_chong_escort nw
[rts] PASS campaign missing death retains procedural direction lin_chong_escort nw
[rts] PASS legacy PNG direction path retained nw
[rts] PASS invalid direction rejected
[rts] PASS invalid direction cannot claim authored art
[rts] PASS empty SpriteFrames rejected
[rts] PASS non-square SpriteFrames rejected
[rts] PASS null SpriteFrames rejected
[rts] PASS wrong resource type rejected
[rts] PASS empty source path rejected
[rts] PASS clear live movement patch exists
[rts] PASS player move changes real position se
[rts] PASS move selects whole-body facing se
[rts] PASS moving Unit uses new costume se
[rts] PASS live melee order deals damage se
[rts] PASS attack locks correct facing se
[rts] PASS authored strike avoids second whole-sprite swing se
[rts] PASS live melee screenshot saved
[rts] PASS actual damage occurs during authored thrust se
[rts] PASS real incoming hit selects recoil frame se
[rts] PASS death removes combat actor and starts authored animation se
[rts] PASS death preserves facing se
[rts] PASS death releases after terminal fade se
[rts] PASS player move changes real position sw
[rts] PASS move selects whole-body facing sw
[rts] PASS moving Unit uses new costume sw
[rts] PASS live melee order deals damage sw
[rts] PASS attack locks correct facing sw
[rts] PASS authored strike avoids second whole-sprite swing sw
[rts] PASS actual damage occurs during authored thrust sw
[rts] PASS real incoming hit selects recoil frame sw
[rts] PASS death removes combat actor and starts authored animation sw
[rts] PASS death preserves facing sw
[rts] PASS death releases after terminal fade sw
[rts] PASS player move changes real position ne
[rts] PASS move selects whole-body facing ne
[rts] PASS moving Unit uses new costume ne
[rts] PASS live melee order deals damage ne
[rts] PASS attack locks correct facing ne
[rts] PASS authored strike avoids second whole-sprite swing ne
[rts] PASS actual damage occurs during authored thrust ne
[rts] PASS real incoming hit selects recoil frame ne
[rts] PASS death removes combat actor and starts authored animation ne
[rts] PASS death preserves facing ne
[rts] PASS death releases after terminal fade ne
[rts] PASS player move changes real position nw
[rts] PASS move selects whole-body facing nw
[rts] PASS moving Unit uses new costume nw
[rts] PASS live melee order deals damage nw
[rts] PASS attack locks correct facing nw
[rts] PASS authored strike avoids second whole-sprite swing nw
[rts] PASS actual damage occurs during authored thrust nw
[rts] PASS real incoming hit selects recoil frame nw
[rts] PASS death removes combat actor and starts authored animation nw
[rts] PASS death preserves facing nw
[rts] PASS death releases after terminal fade nw
[rts] PASS thirty-two actual Unit poses saved
[lin-chong-direction4] 354 checks; failures=[]

