Godot Engine v4.6.3.stable.official.7d41c59c4 - https://godotengine.org

[rts] PASS wrong actor cannot drink for Wu Song
[rts] PASS out-of-order fourth tavern is an independent preparation choice
[rts] PASS repeated tavern callback cannot duplicate attack or drink credit
[rts] PASS callback without movement cannot pass practice
[rts] PASS still-near-circle fixture does not pass practice
[rts] PASS leaving the practice area unlocks remaining choices
[rts] PASS mere shop proximity does not open the duel
[rts] PASS actual E damage with historical dodge and stationary W does not grant signature
[rts] PASS missed current heavy creates a finite unbraced window
[rts] PASS current opening plus stationary W and actual E hit still lacks footwork
[rts] PASS current W movement and actual nearby E damage grants signature in the boundary fixture
[rts] PASS window expiry restores guard and consumes stale step/opening tokens
[rts] PASS out-of-range E cannot claim damage, counter or signature
[rts] PASS whiffed E still consumes its normal cooldown
[rts] PASS rush has a distinct corridor and locked direction
[rts] PASS missed charge physically travels before opening its counter window
[rts] PASS actual charge hits a standing victim exactly once
[rts] PASS landed charge grants no false dodge opening
[rts] PASS nonlethal defeat clears active charge, tell and combat phase
[rts] PASS subduing does not automatically speak terms or restore the shop
[rts] PASS Wu Song cannot stand in for Shi En's takeover
[rts] PASS actual charge stops before CLIFF instead of teleporting through it
[rts] PASS actual charge stops before WATER instead of teleporting through it
[rts] PASS wu actual death ends the chapter explicitly
[rts] PASS shi actual death ends the chapter explicitly
[rts] PASS one-HP nonlethal finishing kick keeps actual signature credit
[rts] PASS fresh scene resets preparation, specials and result
[rts] PASS fresh scene has no pending combo, charge or practice marker
[rts] PASS actual defeat-screen restart loads a fresh current chapter
ERROR: Node not found: "Defs" (relative to "/root").
   at: get_node (scene/main/node.cpp:1963)
   GDScript backtrace (most recent call first):
       [0] _run (res://tools/kuaihuolin_short_boundaries.gd:140)
       [1] _start (res://tools/zhujiazhuang_rts_test.gd:35)
SCRIPT ERROR: Invalid access to property or key 'UNITS' on a base object of type 'null instance'.
   at: _run (res://tools/kuaihuolin_short_boundaries.gd:140)
   GDScript backtrace (most recent call first):
       [0] _run (res://tools/kuaihuolin_short_boundaries.gd:140)
       [1] _start (res://tools/zhujiazhuang_rts_test.gd:35)
