Godot Engine v4.6.3.stable.official.7d41c59c4 - https://godotengine.org
Vulkan 1.4.351 - Forward+ - Using Device #0: NVIDIA - NVIDIA GeForce RTX 3070 Ti

[rts] PASS last control scrolls fully into view: (1280, 720) road
[rts] PASS mission panel avoids command cards: (1280, 720) road
[rts] PASS safe-place locator cannot move actors: (1280, 720) road
[rts] PASS repeated sync does not duplicate controls: (1280, 720) road
[rts] PASS saved frozen road 1280
[rts] PASS last control scrolls fully into view: (1280, 720) practice
[rts] PASS mission panel avoids command cards: (1280, 720) practice
[rts] PASS safe-place locator cannot move actors: (1280, 720) practice
[rts] PASS repeated sync does not duplicate controls: (1280, 720) practice
[rts] PASS saved frozen practice 1280
[rts] PASS last control scrolls fully into view: (1280, 720) duel
[rts] PASS mission panel avoids command cards: (1280, 720) duel
[rts] PASS safe-place locator cannot move actors: (1280, 720) duel
[rts] PASS repeated sync does not duplicate controls: (1280, 720) duel
[rts] PASS saved frozen duel 1280
[rts] PASS last control scrolls fully into view: (1280, 720) return
[rts] PASS mission panel avoids command cards: (1280, 720) return
[rts] PASS safe-place locator cannot move actors: (1280, 720) return
[rts] PASS repeated sync does not duplicate controls: (1280, 720) return
[rts] PASS saved frozen return 1280
[rts] PASS last control scrolls fully into view: (1440, 900) road
[rts] PASS mission panel avoids command cards: (1440, 900) road
[rts] PASS safe-place locator cannot move actors: (1440, 900) road
[rts] PASS repeated sync does not duplicate controls: (1440, 900) road
[rts] PASS saved frozen road 1440
[rts] PASS last control scrolls fully into view: (1440, 900) practice
[rts] PASS mission panel avoids command cards: (1440, 900) practice
[rts] PASS safe-place locator cannot move actors: (1440, 900) practice
[rts] PASS repeated sync does not duplicate controls: (1440, 900) practice
[rts] PASS saved frozen practice 1440
[rts] PASS last control scrolls fully into view: (1440, 900) duel
[rts] PASS mission panel avoids command cards: (1440, 900) duel
[rts] PASS safe-place locator cannot move actors: (1440, 900) duel
[rts] PASS repeated sync does not duplicate controls: (1440, 900) duel
[rts] PASS saved frozen duel 1440
[rts] PASS last control scrolls fully into view: (1440, 900) return
[rts] PASS mission panel avoids command cards: (1440, 900) return
[rts] PASS safe-place locator cannot move actors: (1440, 900) return
[rts] PASS repeated sync does not duplicate controls: (1440, 900) return
[rts] PASS saved frozen return 1440
[kh-ui] 40 checks; failures=[]
