Godot Engine v4.6.3.stable.official.7d41c59c4 - https://godotengine.org
OpenGL API 3.3.0 NVIDIA 616.56 - Compatibility - Using Device: NVIDIA - NVIDIA GeForce RTX 3070 Ti

WARNING: 2D MSAA is not yet supported for GLES3.
   at: render_target_set_msaa (drivers/gles3/storage/texture_storage.cpp:2934)
[rts] PASS external QA output
[rts] PASS installed content identity resolves
[rts] PASS new character file included in installed identity: assets/anim/bound_qin_ming_idle_se.tres
[rts] PASS new character file included in installed identity: assets/anim/bound_qin_ming_idle_sw.tres
[rts] PASS new character file included in installed identity: assets/anim/bound_qin_ming_idle_ne.tres
[rts] PASS new character file included in installed identity: assets/anim/bound_qin_ming_idle_nw.tres
[rts] PASS new character file included in installed identity: assets/characters/qin_ming_bound_20261005/bound.png
[rts] PASS native bound Qin exact idle se
[rts] PASS authored square atlas with draw metadata se
[rts] PASS texture and frame route agree se
[rts] PASS unarmed standing fallback does not claim authored walk se
[rts] PASS unarmed standing fallback does not claim authored hurt se
[rts] PASS no generic weapon/terminal borrowing attack se
[rts] PASS no generic weapon/terminal borrowing gather se
[rts] PASS no generic weapon/terminal borrowing death se
[rts] PASS no generic weapon/terminal borrowing down se
[rts] PASS native variant query agrees se
[rts] PASS wrong owner rejected se
[rts] PASS native bound Qin exact idle sw
[rts] PASS authored square atlas with draw metadata sw
[rts] PASS texture and frame route agree sw
[rts] PASS unarmed standing fallback does not claim authored walk sw
[rts] PASS unarmed standing fallback does not claim authored hurt sw
[rts] PASS no generic weapon/terminal borrowing attack sw
[rts] PASS no generic weapon/terminal borrowing gather sw
[rts] PASS no generic weapon/terminal borrowing death sw
[rts] PASS no generic weapon/terminal borrowing down sw
[rts] PASS native variant query agrees sw
[rts] PASS wrong owner rejected sw
[rts] PASS native bound Qin exact idle ne
[rts] PASS authored square atlas with draw metadata ne
[rts] PASS texture and frame route agree ne
[rts] PASS unarmed standing fallback does not claim authored walk ne
[rts] PASS unarmed standing fallback does not claim authored hurt ne
[rts] PASS no generic weapon/terminal borrowing attack ne
[rts] PASS no generic weapon/terminal borrowing gather ne
[rts] PASS no generic weapon/terminal borrowing death ne
[rts] PASS no generic weapon/terminal borrowing down ne
[rts] PASS native variant query agrees ne
[rts] PASS wrong owner rejected ne
[rts] PASS native bound Qin exact idle nw
[rts] PASS authored square atlas with draw metadata nw
[rts] PASS texture and frame route agree nw
[rts] PASS unarmed standing fallback does not claim authored walk nw
[rts] PASS unarmed standing fallback does not claim authored hurt nw
[rts] PASS no generic weapon/terminal borrowing attack nw
[rts] PASS no generic weapon/terminal borrowing gather nw
[rts] PASS no generic weapon/terminal borrowing death nw
[rts] PASS no generic weapon/terminal borrowing down nw
[rts] PASS native variant query agrees nw
[rts] PASS wrong owner rejected nw
[rts] PASS four independently sampled native views
[rts] PASS empty/invalid animation direction rejected 
[rts] PASS empty/invalid animation direction rejected bad
[rts] PASS invalid static direction rejected
[rts] PASS native bound registry isolated to Qin and portrait owner retained
[rts] PASS actual current chapter original seven-prisoner deployment
[rts] PASS original neutral bound noncombat restrictions unchanged
[rts] PASS bound UI keeps current Qin portrait
[rts] PASS original captive renderer selects native idle without mirror se
[rts] PASS real rendered screenshot: qin_bound_current_se
[rts] PASS original captive renderer selects native idle without mirror sw
[rts] PASS real rendered screenshot: qin_bound_current_sw
[rts] PASS original captive renderer selects native idle without mirror ne
[rts] PASS real rendered screenshot: qin_bound_current_ne
[rts] PASS original captive renderer selects native idle without mirror nw
[rts] PASS real rendered screenshot: qin_bound_current_nw
[rts] PASS other programmatic prisoner static/animation route unchanged shi_qian
[rts] PASS other programmatic prisoner static/animation route unchanged yang_lin
[rts] PASS other programmatic prisoner static/animation route unchanged huang_xin
[rts] PASS other programmatic prisoner static/animation route unchanged wang_ying
[rts] PASS other programmatic prisoner static/animation route unchanged deng_fei
[rts] PASS original three-second rescue action pending
[rts] PASS player right-click and ordinary timed mission callback rescue originals
[rts] PASS rescue retains original seven actors
[rts] PASS rescued wounded noncombat state unchanged shi_qian
[rts] PASS rescued wounded noncombat state unchanged shi_xiu
[rts] PASS rescued wounded noncombat state unchanged qin_ming
[rts] PASS rescued wounded noncombat state unchanged yang_lin
[rts] PASS rescued wounded noncombat state unchanged huang_xin
[rts] PASS rescued wounded noncombat state unchanged wang_ying
[rts] PASS rescued wounded noncombat state unchanged deng_fei
[rts] PASS rescue preserves combat values HP and portrait
[rts] PASS same rescued actor resumes generic authored walk se
[rts] PASS real rendered screenshot: qin_rescued_current_se
[rts] PASS same rescued actor resumes generic authored walk sw
[rts] PASS real rendered screenshot: qin_rescued_current_sw
[rts] PASS same rescued actor resumes generic authored walk ne
[rts] PASS real rendered screenshot: qin_rescued_current_ne
[rts] PASS same rescued actor resumes generic authored walk nw
[rts] PASS real rendered screenshot: qin_rescued_current_nw
[rts] PASS same rescued wounded actor executes ordinary movement
[rts] PASS no complete chapter victory claimed
[rts] PASS Qin bound appearance patch exists
[rts] PASS Qin actual chapter bind retains captive restrictions
[rts] PASS Qin bound UI retains current identity
[rts] PASS Qin native bound body takes priority in legacy binding compatibility: se
[rts] PASS Qin bound alias rejects another character: se
[rts] PASS Qin captive uses native idle and excludes generic combat display: se
[rts] PASS real rendered screenshot: qin_bound_se
[rts] PASS Qin native bound body takes priority in legacy binding compatibility: sw
[rts] PASS Qin bound alias rejects another character: sw
[rts] PASS Qin captive uses native idle and excludes generic combat display: sw
[rts] PASS real rendered screenshot: qin_bound_sw
[rts] PASS Qin native bound body takes priority in legacy binding compatibility: ne
[rts] PASS Qin bound alias rejects another character: ne
[rts] PASS Qin captive uses native idle and excludes generic combat display: ne
[rts] PASS real rendered screenshot: qin_bound_ne
[rts] PASS Qin native bound body takes priority in legacy binding compatibility: nw
[rts] PASS Qin bound alias rejects another character: nw
[rts] PASS Qin captive uses native idle and excludes generic combat display: nw
[rts] PASS real rendered screenshot: qin_bound_nw
[rts] PASS Qin actual chapter release restores current movement/stats and clears bound variant
[rts] PASS Qin actual released actor uses current authored walk: se
[rts] PASS Qin actual released actor uses current authored walk: sw
[rts] PASS real rendered screenshot: qin_released_sw
[rts] PASS Qin actual released actor uses current authored walk: ne
[rts] PASS real rendered screenshot: qin_released_ne
[rts] PASS Qin actual released actor uses current authored walk: nw
[rts] PASS installed content identity resolves
[rts] PASS new character file included in installed identity: assets/anim/bound_qin_ming_idle_se.tres
[rts] PASS new character file included in installed identity: assets/anim/bound_qin_ming_idle_sw.tres
[rts] PASS new character file included in installed identity: assets/anim/bound_qin_ming_idle_ne.tres
[rts] PASS new character file included in installed identity: assets/anim/bound_qin_ming_idle_nw.tres
[rts] PASS new character file included in installed identity: assets/characters/qin_ming_bound_20261005/bound.png
[rts] PASS installed identity unchanged across actual rescue QA
[art-character] bound_qin_ming 126 checks; failures=[]
