Godot Engine v4.6.3.stable.official.7d41c59c4 - https://godotengine.org
OpenGL API 3.3.0 NVIDIA 610.88 - Compatibility - Using Device: NVIDIA - NVIDIA GeForce RTX 4060 Laptop GPU

WARNING: 2D MSAA is not yet supported for GLES3.
   at: render_target_set_msaa (drivers/gles3/storage/texture_storage.cpp:2934)
[mengzhou-gate] PASS current campaign route is the short chapter
[mengzhou-gate] PASS exactly one dedicated Mengzhou gate is instantiated
[mengzhou-gate] PASS level7 no longer requests the wrong-facing generic gate
[mengzhou-gate] PASS gate uses the existing unlettered stone city source
[mengzhou-gate] PASS source bitmap is unchanged
[mengzhou-gate] PASS explicit Mengzhou route is retained
[mengzhou-gate] PASS threshold stays at the authored east entrance
[mengzhou-gate] PASS wall feet follow the Y axis across the X-axis road
[mengzhou-gate] PASS native source facing is never mirrored
[mengzhou-gate] PASS door jambs and vertical stone courses stay upright
[mengzhou-gate] PASS residual ground correction stays below 13 percent
[mengzhou-gate] PASS shadow silhouette retains both gate feet
[mengzhou-gate] PASS aligned shadow is submitted below units
[mengzhou-gate] PASS no duplicate square scenery shadow remains
[mengzhou-gate] PASS road reaches the gate through open cell (2, 19)
[mengzhou-gate] PASS road reaches the gate through open cell (3, 19)
[mengzhou-gate] PASS road reaches the gate through open cell (4, 19)
[mengzhou-gate] PASS road reaches the gate through open cell (5, 19)
[mengzhou-gate] PASS road reaches the gate through open cell (6, 19)
[mengzhou-gate] PASS actual navigation reaches the visible threshold
[mengzhou-gate] PASS generic gate alias remains unchanged outside this chapter
[mengzhou-gate] PASS visual mode uses a real rendering device
SCRIPT ERROR: Invalid call. Nonexistent function 'hide' in base 'Nil'.
   at: _run (res://tools/mengzhou_gate_alignment_test.gd:80)
   GDScript backtrace (most recent call first):
       [0] _run (res://tools/mengzhou_gate_alignment_test.gd:80)
