Godot Engine v4.6.3.stable.official.7d41c59c4 - https://godotengine.org

[rts] PASS zhu_keke proactively closes distance without being attacked
[rts] PASS zhu_keke actually hits the passive intruder
[rts] PASS zhu_keke returns to its post after the intruder leaves
[guard-probe] key=zhu_keke stance=1 hp_lost=29.1025641025549 home_distance=0.0 state=0 anchor=(1168.0, 592.0) path=2 pos=(1168.0, 592.0)
[rts] PASS zhu_keke re-engages the same intruder after returning
[rts] PASS hu_sanniang proactively closes distance without being attacked
[rts] PASS hu_sanniang actually hits the passive intruder
[rts] PASS hu_sanniang returns to its post after the intruder leaves
[guard-probe] key=hu_sanniang stance=1 hp_lost=365.666666666658 home_distance=0.0 state=0 anchor=(1072.0, 1328.0) path=1 pos=(1072.0, 1328.0)
[rts] PASS hu_sanniang re-engages the same intruder after returning
[rts] PASS zhu_hu proactively closes distance without being attacked
[rts] PASS zhu_hu actually hits the passive intruder
[rts] PASS zhu_hu returns to its post after the intruder leaves
[guard-probe] key=zhu_hu stance=1 hp_lost=127.192307692299 home_distance=0.0 state=0 anchor=(400.0, 944.0) path=2 pos=(400.0, 944.0)
[rts] PASS zhu_hu re-engages the same intruder after returning
[rts] PASS enemy hero starts a real pending spell
[rts] PASS AI cannot replace a completed windup before its spell settles
[rts] PASS pending enemy spell deals damage once and starts cooldown
[rts] PASS explicit Stop establishes a new defensive post
[rts] PASS player Hold Position retains its stationary semantics
[rts] PASS player move cancels temporary hold and restores defensive stance
[rts] PASS all eighteen guard/order cases reached their assertions
[rts-feedback] {"checks":19,"failures":[],"metrics":{},"passed":true,"route":"guards"}
