Godot Engine v4.6.3.stable.official.7d41c59c4 - https://godotengine.org

ERROR: Rect2 size is negative, this is not supported. Use Rect2.abs() to get a Rect2 with a positive size.
   at: has_point (./core/math/rect2.h:185)
   GDScript backtrace (most recent call first):
       [0] unit_visual_active (res://scripts/battle.gd:5625)
       [1] _batch_eligible (res://scripts/world_shadow.gd:424)
       [2] _write_unit_shadow (res://scripts/world_shadow.gd:177)
       [3] _update_visible_units (res://scripts/world_shadow.gd:168)
       [4] _process (res://scripts/world_shadow.gd:147)
ERROR: Rect2 size is negative, this is not supported. Use Rect2.abs() to get a Rect2 with a positive size.
   at: has_point (./core/math/rect2.h:185)
   GDScript backtrace (most recent call first):
       [0] unit_visual_active (res://scripts/battle.gd:5625)
       [1] _batch_eligible (res://scripts/world_shadow.gd:424)
       [2] _write_unit_shadow (res://scripts/world_shadow.gd:177)
       [3] _update_visible_units (res://scripts/world_shadow.gd:168)
       [4] _process (res://scripts/world_shadow.gd:147)
ERROR: Rect2 size is negative, this is not supported. Use Rect2.abs() to get a Rect2 with a positive size.
   at: has_point (./core/math/rect2.h:185)
   GDScript backtrace (most recent call first):
       [0] unit_visual_active (res://scripts/battle.gd:5625)
       [1] _batch_eligible (res://scripts/world_shadow.gd:424)
       [2] _write_unit_shadow (res://scripts/world_shadow.gd:177)
       [3] _update_visible_units (res://scripts/world_shadow.gd:168)
       [4] _process (res://scripts/world_shadow.gd:147)
ERROR: Rect2 size is negative, this is not supported. Use Rect2.abs() to get a Rect2 with a positive size.
   at: has_point (./core/math/rect2.h:185)
   GDScript backtrace (most recent call first):
       [0] unit_visual_active (res://scripts/battle.gd:5625)
       [1] _batch_eligible (res://scripts/world_shadow.gd:424)
       [2] _write_unit_shadow (res://scripts/world_shadow.gd:177)
       [3] _update_visible_units (res://scripts/world_shadow.gd:168)
       [4] _process (res://scripts/world_shadow.gd:147)
ERROR: Rect2 size is negative, this is not supported. Use Rect2.abs() to get a Rect2 with a positive size.
   at: has_point (./core/math/rect2.h:185)
   GDScript backtrace (most recent call first):
       [0] unit_visual_active (res://scripts/battle.gd:5625)
       [1] _batch_eligible (res://scripts/world_shadow.gd:424)
       [2] _write_unit_shadow (res://scripts/world_shadow.gd:177)
       [3] _update_visible_units (res://scripts/world_shadow.gd:168)
       [4] _process (res://scripts/world_shadow.gd:147)
ERROR: Rect2 size is negative, this is not supported. Use Rect2.abs() to get a Rect2 with a positive size.
   at: has_point (./core/math/rect2.h:185)
   GDScript backtrace (most recent call first):
       [0] unit_visual_active (res://scripts/battle.gd:5625)
       [1] _batch_eligible (res://scripts/world_shadow.gd:424)
       [2] _write_unit_shadow (res://scripts/world_shadow.gd:177)
       [3] _update_visible_units (res://scripts/world_shadow.gd:168)
       [4] _process (res://scripts/world_shadow.gd:147)
ERROR: Rect2 size is negative, this is not supported. Use Rect2.abs() to get a Rect2 with a positive size.
   at: has_point (./core/math/rect2.h:185)
   GDScript backtrace (most recent call first):
       [0] unit_visual_active (res://scripts/battle.gd:5625)
       [1] _batch_eligible (res://scripts/world_shadow.gd:424)
       [2] _write_unit_shadow (res://scripts/world_shadow.gd:177)
       [3] _update_visible_units (res://scripts/world_shadow.gd:168)
       [4] _process (res://scripts/world_shadow.gd:147)
