Godot Engine v4.6.3.stable.official.7d41c59c4 - https://godotengine.org
Vulkan 1.4.351 - Forward+ - Using Device #0: NVIDIA - NVIDIA GeForce RTX 3070 Ti

[runtime-check] PASS counted Unit compiles direct=true
[runtime-check] PASS counted Unit compiles direct=false
[runtime-check] PASS song_jiang walk  identical RGBA pixels after every rendered frame
[runtime-check] PASS song_jiang walk  final physics state reaches this rendered frame
[runtime-check] PASS song_jiang walk  one combined Unit draw per rendered frame
[runtime-check] PASS song_jiang walk  direct baseline reproduces multiple physics draws
[runtime-check] PASS song_jiang attack  identical RGBA pixels after every rendered frame
[runtime-check] PASS song_jiang attack  final physics state reaches this rendered frame
[runtime-check] PASS song_jiang attack  one combined Unit draw per rendered frame
[runtime-check] PASS song_jiang attack  direct baseline reproduces multiple physics draws
[runtime-check] PASS song_jiang death  identical RGBA pixels after every rendered frame
[runtime-check] PASS song_jiang death  final physics state reaches this rendered frame
[runtime-check] PASS song_jiang death  one combined Unit draw per rendered frame
[runtime-check] PASS song_jiang death  direct baseline reproduces multiple physics draws
[runtime-check] PASS song_jiang idle song_jiang_bound identical RGBA pixels after every rendered frame
[runtime-check] PASS song_jiang idle song_jiang_bound final physics state reaches this rendered frame
[runtime-check] PASS song_jiang idle song_jiang_bound one combined Unit draw per rendered frame
[runtime-check] PASS song_jiang idle song_jiang_bound direct baseline reproduces multiple physics draws
[runtime-check] PASS guan_dao walk  identical RGBA pixels after every rendered frame
[runtime-check] PASS guan_dao walk  final physics state reaches this rendered frame
[runtime-check] PASS guan_dao walk  one combined Unit draw per rendered frame
[runtime-check] PASS guan_dao walk  direct baseline reproduces multiple physics draws
[runtime-check] PASS hua_rong attack  identical RGBA pixels after every rendered frame
[runtime-check] PASS hua_rong attack  final physics state reaches this rendered frame
[runtime-check] PASS hua_rong attack  one combined Unit draw per rendered frame
[runtime-check] PASS hua_rong attack  direct baseline reproduces multiple physics draws
[runtime-check] PASS arrow_tower burn  identical RGBA pixels after every rendered frame
[runtime-check] PASS arrow_tower burn  final physics state reaches this rendered frame
[runtime-check] PASS arrow_tower burn  one combined Unit draw per rendered frame
[runtime-check] PASS arrow_tower burn  direct baseline reproduces multiple physics draws
[runtime-check] PASS tree harvest  identical RGBA pixels after every rendered frame
[runtime-check] PASS tree harvest  final physics state reaches this rendered frame
[runtime-check] PASS tree harvest  one combined Unit draw per rendered frame
[runtime-check] PASS tree harvest  direct baseline reproduces multiple physics draws
[runtime-check] PASS paused non-physics selection redraws
[runtime-check] PASS queued physics state still draws when immediately paused
[runtime-check] PASS hidden then revealed unit has current state
[runtime-check] PASS detached and reattached unit redraws current state
[runtime-check] PASS unit freed with queued redraw has no retained signal target
[runtime-check] PASS out-of-tree invalidation and immediate free complete
[runtime-check] PASS previous scene, map and units actually freed
[runtime-check] PASS player save bytes unchanged
[unit-redraw-qa] 42 checks; failures=[]
