Godot Engine v4.6.3.stable.official.7d41c59c4 - https://godotengine.org
OpenGL API 3.3.0 NVIDIA 616.56 - Compatibility - Using Device: NVIDIA - NVIDIA GeForce RTX 3070 Ti

WARNING: 2D MSAA is not yet supported for GLES3.
   at: render_target_set_msaa (drivers/gles3/storage/texture_storage.cpp:2934)
[rts] PASS external output
[rts] PASS installed content identity resolves
[rts] PASS new character file included in installed identity: assets/anim/bound_yang_lin_idle_se.tres
[rts] PASS new character file included in installed identity: assets/anim/bound_yang_lin_idle_sw.tres
[rts] PASS new character file included in installed identity: assets/anim/bound_yang_lin_idle_ne.tres
[rts] PASS new character file included in installed identity: assets/anim/bound_yang_lin_idle_nw.tres
[rts] PASS new character file included in installed identity: assets/characters/yang_lin_bound_20261005/bound.png
[rts] PASS registered chapter actually started level1
[rts] PASS opening RNG/entity creation intact level1
[rts] PASS opening original unit key level1 chao_gai
[rts] PASS opening original unit key level1 wu_yong
[rts] PASS opening original unit key level1 gongsun_sheng
[rts] PASS opening original unit key level1 liu_tang
[rts] PASS opening original unit key level1 ruan_xiaoer
[rts] PASS opening original unit key level1 ruan_xiaowu
[rts] PASS opening original unit key level1 ruan_xiaoqi
[rts] PASS opening original unit key level1 treasure_cart
[rts] PASS opening original unit key level1 treasure_cart
[rts] PASS opening original unit key level1 treasure_cart
[rts] PASS opening original unit key level1 yang_zhi
[rts] PASS registered chapter actually started level2
[rts] PASS opening RNG/entity creation intact level2
[rts] PASS opening original unit key level2 barracks
[rts] PASS opening original unit key level2 barracks
[rts] PASS opening original unit key level2 depot
[rts] PASS opening original unit key level2 depot
[rts] PASS opening original unit key level2 scaffold
[rts] PASS opening original unit key level2 song_jiang_bound
[rts] PASS opening original unit key level2 dai_zong_bound
[rts] PASS opening original unit key level2 guan_zhanzi
[rts] PASS opening original unit key level2 guan_zhanzi
[rts] PASS opening original unit key level2 guan_laozi
[rts] PASS opening original unit key level2 guan_laozi
[rts] PASS opening original unit key level2 guan_laozi
[rts] PASS opening original unit key level2 guan_laozi
[rts] PASS opening original unit key level2 guan_laozi
[rts] PASS opening original unit key level2 guan_laozi
[rts] PASS opening original unit key level2 guan_laozi
[rts] PASS opening original unit key level2 guan_laozi
[rts] PASS opening original unit key level2 chao_gai
[rts] PASS opening original unit key level2 li_kui
[rts] PASS opening original unit key level2 hua_rong
[rts] PASS opening original unit key level2 yan_shun
[rts] PASS opening original unit key level2 zhang_shun
[rts] PASS opening original unit key level2 zhang_heng
[rts] PASS opening original unit key level2 liang_dao
[rts] PASS opening original unit key level2 liang_dao
[rts] PASS opening original unit key level2 liang_gong
[rts] PASS opening original unit key level2 liang_qiang
[rts] PASS opening original unit key level2 liang_dao
[rts] PASS opening original unit key level2 liang_gong
[rts] PASS opening original unit key level2 guan_dao
[rts] PASS opening original unit key level2 guan_dao
[rts] PASS opening original unit key level2 guan_gong
[rts] PASS opening original unit key level2 guan_gong
[rts] PASS opening original unit key level2 guan_qi
[rts] PASS opening original unit key level2 guan_qi
[rts] PASS opening original unit key level2 guan_gong
[rts] PASS opening original unit key level2 guan_gong
[rts] PASS opening original unit key level2 guan_gong
[rts] PASS opening original unit key level2 guan_dao
[rts] PASS opening original unit key level2 guan_dao
[rts] PASS opening original unit key level2 guan_dao
[rts] PASS opening original unit key level2 guan_gong
[rts] PASS opening original unit key level2 guan_dao
[rts] PASS opening original unit key level2 guan_dao
[rts] PASS opening original unit key level2 guan_dao
[rts] PASS opening original unit key level2 guan_dao
[rts] PASS opening original unit key level2 guan_gong
[rts] PASS opening original unit key level2 guan_gong
[rts] PASS opening original unit key level2 cai_jiu
[rts] PASS opening original unit key level2 arrow_tower
[rts] PASS opening original unit key level2 arrow_tower
[rts] PASS opening original unit key level2 barracks
[rts] PASS opening original unit key level2 tavern
