Godot Engine v4.6.3.stable.official.7d41c59c4 - https://godotengine.org

WARNING: Exponent too high
   at: built_in_strtod (core/string/ustring.cpp:2556)
   GDScript backtrace (most recent call first):
       [0] _parse (res://tools/daming_campaign_component_negative_v1.gd:120)
       [1] run (res://tools/daming_campaign_component_negative_v1.gd:206)
WARNING: Exponent too high
   at: built_in_strtod (core/string/ustring.cpp:2556)
   GDScript backtrace (most recent call first):
       [0] _parse (res://tools/daming_campaign_component_negative_v1.gd:120)
       [1] run (res://tools/daming_campaign_component_negative_v1.gd:206)
WARNING: Exponent too high
   at: built_in_strtod (core/string/ustring.cpp:2556)
   GDScript backtrace (most recent call first):
       [0] _parse (res://tools/daming_campaign_component_negative_v1.gd:120)
       [1] run (res://tools/daming_campaign_component_negative_v1.gd:206)
WARNING: Exponent too high
   at: built_in_strtod (core/string/ustring.cpp:2556)
   GDScript backtrace (most recent call first):
       [0] _parse (res://tools/daming_campaign_component_negative_v1.gd:120)
       [1] run (res://tools/daming_campaign_component_negative_v1.gd:206)
WARNING: Exponent too high
   at: built_in_strtod (core/string/ustring.cpp:2556)
   GDScript backtrace (most recent call first):
       [0] _parse (res://tools/daming_campaign_component_negative_v1.gd:120)
       [1] run (res://tools/daming_campaign_component_negative_v1.gd:206)
WARNING: Exponent too high
   at: built_in_strtod (core/string/ustring.cpp:2556)
   GDScript backtrace (most recent call first):
       [0] _parse (res://tools/daming_campaign_component_negative_v1.gd:120)
       [1] run (res://tools/daming_campaign_component_negative_v1.gd:206)
WARNING: Exponent too high
   at: built_in_strtod (core/string/ustring.cpp:2556)
   GDScript backtrace (most recent call first):
       [0] _parse (res://tools/daming_campaign_component_negative_v1.gd:120)
       [1] run (res://tools/daming_campaign_component_negative_v1.gd:206)
WARNING: Exponent too high
   at: built_in_strtod (core/string/ustring.cpp:2556)
   GDScript backtrace (most recent call first):
       [0] _parse (res://tools/daming_campaign_component_negative_v1.gd:120)
       [1] run (res://tools/daming_campaign_component_negative_v1.gd:206)
WARNING: Exponent too high
   at: built_in_strtod (core/string/ustring.cpp:2556)
   GDScript backtrace (most recent call first):
       [0] _parse (res://tools/daming_campaign_component_negative_v1.gd:120)
       [1] run (res://tools/daming_campaign_component_negative_v1.gd:206)
WARNING: Exponent too high
   at: built_in_strtod (core/string/ustring.cpp:2556)
   GDScript backtrace (most recent call first):
       [0] _parse (res://tools/daming_campaign_component_negative_v1.gd:120)
       [1] run (res://tools/daming_campaign_component_negative_v1.gd:206)
WARNING: Exponent too high
   at: built_in_strtod (core/string/ustring.cpp:2556)
   GDScript backtrace (most recent call first):
       [0] _parse (res://tools/daming_campaign_component_negative_v1.gd:120)
       [1] run (res://tools/daming_campaign_component_negative_v1.gd:206)
WARNING: Exponent too high
   at: built_in_strtod (core/string/ustring.cpp:2556)
   GDScript backtrace (most recent call first):
       [0] _parse (res://tools/daming_campaign_component_negative_v1.gd:120)
       [1] run (res://tools/daming_campaign_component_negative_v1.gd:206)
WARNING: Exponent too high
   at: built_in_strtod (core/string/ustring.cpp:2556)
   GDScript backtrace (most recent call first):
       [0] _parse (res://tools/daming_campaign_component_negative_v1.gd:120)
       [1] run (res://tools/daming_campaign_component_negative_v1.gd:206)
WARNING: Exponent too high
   at: built_in_strtod (core/string/ustring.cpp:2556)
   GDScript backtrace (most recent call first):
       [0] _parse (res://tools/daming_campaign_component_negative_v1.gd:120)
       [1] run (res://tools/daming_campaign_component_negative_v1.gd:206)
WARNING: Exponent too high
   at: built_in_strtod (core/string/ustring.cpp:2556)
   GDScript backtrace (most recent call first):
       [0] _parse (res://tools/daming_campaign_component_negative_v1.gd:120)
       [1] run (res://tools/daming_campaign_component_negative_v1.gd:206)
WARNING: Exponent too high
   at: built_in_strtod (core/string/ustring.cpp:2556)
   GDScript backtrace (most recent call first):
       [0] _parse (res://tools/daming_campaign_component_negative_v1.gd:120)
       [1] run (res://tools/daming_campaign_component_negative_v1.gd:206)
WARNING: Exponent too high
   at: built_in_strtod (core/string/ustring.cpp:2556)
   GDScript backtrace (most recent call first):
       [0] _parse (res://tools/daming_campaign_component_negative_v1.gd:120)
       [1] run (res://tools/daming_campaign_component_negative_v1.gd:206)
WARNING: Exponent too high
   at: built_in_strtod (core/string/ustring.cpp:2556)
   GDScript backtrace (most recent call first):
       [0] _parse (res://tools/daming_campaign_component_negative_v1.gd:120)
       [1] run (res://tools/daming_campaign_component_negative_v1.gd:206)
WARNING: Exponent too high
   at: built_in_strtod (core/string/ustring.cpp:2556)
   GDScript backtrace (most recent call first):
       [0] _parse (res://tools/daming_campaign_component_negative_v1.gd:120)
       [1] run (res://tools/daming_campaign_component_negative_v1.gd:206)
WARNING: Exponent too high
   at: built_in_strtod (core/string/ustring.cpp:2556)
   GDScript backtrace (most recent call first):
       [0] _parse (res://tools/daming_campaign_component_negative_v1.gd:120)
       [1] run (res://tools/daming_campaign_component_negative_v1.gd:206)
WARNING: Exponent too high
   at: built_in_strtod (core/string/ustring.cpp:2556)
   GDScript backtrace (most recent call first):
       [0] _parse (res://tools/daming_campaign_component_negative_v1.gd:120)
       [1] run (res://tools/daming_campaign_component_negative_v1.gd:206)
WARNING: Exponent too high
   at: built_in_strtod (core/string/ustring.cpp:2556)
   GDScript backtrace (most recent call first):
       [0] _parse (res://tools/daming_campaign_component_negative_v1.gd:120)
       [1] run (res://tools/daming_campaign_component_negative_v1.gd:206)
WARNING: Exponent too high
   at: built_in_strtod (core/string/ustring.cpp:2556)
   GDScript backtrace (most recent call first):
       [0] _parse (res://tools/daming_campaign_component_negative_v1.gd:120)
       [1] run (res://tools/daming_campaign_component_negative_v1.gd:206)
WARNING: Exponent too high
   at: built_in_strtod (core/string/ustring.cpp:2556)
   GDScript backtrace (most recent call first):
       [0] _parse (res://tools/daming_campaign_component_negative_v1.gd:120)
       [1] run (res://tools/daming_campaign_component_negative_v1.gd:206)
WARNING: Exponent too high
   at: built_in_strtod (core/string/ustring.cpp:2556)
   GDScript backtrace (most recent call first):
       [0] _parse (res://tools/daming_campaign_component_negative_v1.gd:120)
       [1] run (res://tools/daming_campaign_component_negative_v1.gd:206)
WARNING: Exponent too high
   at: built_in_strtod (core/string/ustring.cpp:2556)
   GDScript backtrace (most recent call first):
       [0] _parse (res://tools/daming_campaign_component_negative_v1.gd:120)
       [1] run (res://tools/daming_campaign_component_negative_v1.gd:206)
V25_COMPONENT_FAIL membership full installed wire JSON route { "type": "Dictionary", "code": "BYTE_LIMIT", "path": "$/value0/value11/value2/key229", "ok": false }
DAMING_SAFE_COMPONENT_V25_COMPLETE false rows=73
