Godot Engine v4.6.3.stable.official.7d41c59c4 - https://godotengine.org

[manual-early] PASS 野猪林：右键敌人实际下达鲁智深提前攻击令
[manual-early] PASS 野猪林：提前接战由单位目标检测切入公开救援
[manual-early] PASS 野猪林：现场安全后解缚照伤剧情自然继续
[manual-early] PASS 野猪林：公开救援后只开放四人歇脚的查看按钮
[manual-early] PASS 野猪林：玩家不下令时相送四人都不会被系统接管
[manual-early] PASS 野猪林：玩家只点林冲下令，四人先结队到林边歇脚
[manual-early] PASS 野猪林：玩家第二次下令，四人结队出林
[manual-early] PASS 野猪林：四人真实抵达林口后完成核心通关
[manual-early] PASS 野猪林：提前接战只丢失对应的暗护演义目标
[manual-early] PASS 野猪林：核心胜利事件只结算一次
[manual-early] PASS 黄泥岗：任务按钮只定位现场，不替吴用下令
[manual-early] PASS 黄泥冈：吴用手动察看松阴
[manual-early] PASS 黄泥冈：晁盖手动到位安置枣车
[manual-early] PASS 黄泥冈：两个手动准备动作后押送队实际上冈
[manual-early] PASS 黄泥冈：右键杨志实际下达提前动武令
[manual-early] PASS 黄泥冈：提前攻击实际切换强夺路线
[manual-early] PASS 黄泥冈：手动走到第1担旁接手纲担
[manual-early] PASS 黄泥冈：一次接担命令不会连触相邻纲担
[manual-early] PASS 黄泥冈：搬运者手动送出第1担并恢复接力资格
[manual-early] PASS 黄泥冈：手动走到第2担旁接手纲担
[manual-early] PASS 黄泥冈：一次接担命令不会连触相邻纲担
[manual-early] PASS 黄泥冈：搬运者手动送出第2担并恢复接力资格
[manual-early] PASS 黄泥冈：手动走到第3担旁接手纲担
[manual-early] PASS 黄泥冈：一次接担命令不会连触相邻纲担
[manual-early] PASS 黄泥冈：搬运者手动送出第3担并恢复接力资格
[manual-early] PASS 黄泥冈：三担均由玩家手动搬运后完成自由核心通关
[manual-early] PASS 黄泥冈：强夺通关不伪造原著酒计奖励
[manual-early] PASS 黄泥冈：三担送达各结算一次且无重复触发
[manual-early] PASS 快活林：右键蒋门神实际下达直接挑战令
[manual-early] PASS 快活林：未饮酒的提前接战进入拳脚对决
[manual-early] PASS 快活林：非致死制服后开放还店阶段
[manual-early] PASS 快活林：攻击命令不会自动串成原著退店条件
[manual-early] PASS 快活林：玩家另选施恩手动接管酒店
[manual-early] PASS 快活林：直接挑战可通关且只丢相应演义奖励
[manual-early] PASS 快活林：蒋门神保持制服，未伪造玩家未执行的谈条件事件
[manual-early] PASS 江州：非李逵右键刽子手实际下达提前攻击令
[manual-early] PASS 江州：任意好汉提前接战均能发动劫法场
[manual-early] PASS 江州：打断行刑后开放两名囚犯的现场解缚
[manual-early] PASS 江州：点两标记中点只移动，精确点后登记的戴宗标记才救下戴宗
[manual-early] PASS 江州：点戴宗不会按登记顺序误救宋江，也不会串触相邻任务
[manual-early] PASS 江州：玩家另选燕顺手动救下宋江
[manual-early] PASS 江州：两次独立手动解缚后进入自由撤退
[manual-early] PASS 江州：宋江戴宗可由玩家直接下令去码头，无需选择剧情巷道
[manual-early] PASS 江州：直奔码头不会伪造选路和白龙庙事件
[manual-early] PASS 江州：宋江手动进入登船区域
[manual-early] PASS 江州：戴宗手动进入登船区域
[manual-early] PASS 江州：宋江戴宗登船后不依赖断后按钮即可完成核心通关
[manual-early] PASS 江州：自由救援通关并正确失去李逵排头演义目标
[manual-early] PASS 江州：二人登船与胜利事件均只结算一次
[manual-early] PASS 测试本身实际发出足量右键移动/攻击命令
[manual-early-summary] {"attack_orders":4,"checks":50,"failures":[],"move_orders":19,"passed":true}
