Godot Engine v4.6.3.stable.official.7d41c59c4 - https://godotengine.org
Vulkan 1.4.351 - Forward+ - Using Device #0: NVIDIA - NVIDIA GeForce RTX 3070 Ti

[rts] PASS convoy actually approaches while player prepares
[rts] PASS selection shortcut selects without issuing movement
[rts] PASS short chapter task panel avoids command cards
[rts] PASS saved wine_start
[rts] PASS Chao places the actual seven carts during approach
[rts] PASS convoy arrives at real inquiry
[rts] PASS Liu answers Yang at the actual inquiry point
[rts] PASS Bai carries wine to the actual sale area
[rts] PASS first wine trial uses real Liu movement
[rts] PASS Wu and Bai can preposition without false suspicion
[rts] PASS short chapter task panel avoids command cards
[rts] PASS saved wine_ready
[rts] PASS Liu initiates the actual cooperative distraction
[rts] PASS three real participants complete one wine handoff
[rts] PASS all fifteen convoy members survive unconscious
[rts] PASS cargo needs no planning or staging chores
[rts] PASS three different player-assigned companions pick up the original loads
[rts] PASS carriers wait for a separate exit order
[rts] PASS short chapter task panel avoids command cards
[rts] PASS saved wine_cargo
[rts] PASS all three loaded carriers walk concurrently on player orders
[rts] PASS actual cargo and all companions reach the west exit
[hns-exit] wine [["chao_gai", 300.0, (8, 19), 0], ["wu_yong", 150.0, (7, 20), 0], ["gongsun_sheng", 165.0, (8, 21), 0], ["liu_tang", 210.0, (7, 22), 0], ["ruan_xiaoer", 130.0, (3, 18), 0], ["ruan_xiaowu", 300.0, (4, 19), 0], ["ruan_xiaoqi", 240.0, (5, 18), 0], ["bai_sheng", 70.0, (6, 23), 0]] phase=3 stage=6
[rts] PASS same three loads are visible and delivered once
[rts] PASS wine route earns all four optional story goals
[rts] PASS saved wine_result
[hns-result] 25 checks, failures=[]
