Godot Engine v4.6.3.stable.official.7d41c59c4 - https://godotengine.org

[rts] PASS convoy actually approaches while player prepares
[rts] PASS selection shortcut selects without issuing movement
[rts] PASS actual player attack starts the force route
[rts] PASS real force combat subdues the convoy without killing Yang
[rts] PASS cargo needs no planning or staging chores
[rts] PASS three different player-assigned companions pick up the original loads
[rts] PASS carriers wait for a separate exit order
[rts] PASS all three loaded carriers walk concurrently on player orders
[rts] PASS actual cargo and all companions reach the west exit
SCRIPT ERROR: Invalid access to property or key 'key' on a base object of type 'previously freed'.
   at: <anonymous lambda> (res://tools/huangnigang_short_test.gd:97)
   GDScript backtrace (most recent call first):
       [0] <anonymous lambda> (res://tools/huangnigang_short_test.gd:97)
       [1] _live (res://tools/huangnigang_short_test.gd:97)
       [2] until (res://tools/huangnigang_short_test.gd:12)
       [3] _wait (res://tools/zhujiazhuang_rts_test.gd:41)
SCRIPT ERROR: Invalid access to property or key 'key' on a base object of type 'previously freed'.
   at: <anonymous lambda> (res://tools/huangnigang_short_test.gd:97)
   GDScript backtrace (most recent call first):
       [0] <anonymous lambda> (res://tools/huangnigang_short_test.gd:97)
       [1] _live (res://tools/huangnigang_short_test.gd:97)
       [2] until (res://tools/huangnigang_short_test.gd:12)
       [3] _wait (res://tools/zhujiazhuang_rts_test.gd:41)
SCRIPT ERROR: Invalid access to property or key 'key' on a base object of type 'previously freed'.
   at: <anonymous lambda> (res://tools/huangnigang_short_test.gd:97)
   GDScript backtrace (most recent call first):
       [0] <anonymous lambda> (res://tools/huangnigang_short_test.gd:97)
       [1] _live (res://tools/huangnigang_short_test.gd:97)
       [2] until (res://tools/huangnigang_short_test.gd:12)
       [3] _wait (res://tools/zhujiazhuang_rts_test.gd:41)
SCRIPT ERROR: Invalid access to property or key 'key' on a base object of type 'previously freed'.
   at: <anonymous lambda> (res://tools/huangnigang_short_test.gd:97)
   GDScript backtrace (most recent call first):
       [0] <anonymous lambda> (res://tools/huangnigang_short_test.gd:97)
       [1] _live (res://tools/huangnigang_short_test.gd:97)
       [2] until (res://tools/huangnigang_short_test.gd:12)
       [3] _wait (res://tools/zhujiazhuang_rts_test.gd:41)
SCRIPT ERROR: Invalid access to property or key 'key' on a base object of type 'previously freed'.
   at: <anonymous lambda> (res://tools/huangnigang_short_test.gd:97)
   GDScript backtrace (most recent call first):
       [0] <anonymous lambda> (res://tools/huangnigang_short_test.gd:97)
       [1] _live (res://tools/huangnigang_short_test.gd:97)
       [2] until (res://tools/huangnigang_short_test.gd:12)
       [3] _wait (res://tools/zhujiazhuang_rts_test.gd:41)
[hns-exit] force [<null>, ["wu_yong", 150.0, (8, 19), 0], ["gongsun_sheng", 165.0, (8, 20), 0], <null>, <null>, <null>, ["ruan_xiaoqi", 102.413333333336, (8, 21), 0], <null>] phase=3 stage=6
[rts] PASS same three loads are visible and delivered once
[rts] PASS force route credits actual survivors without inventing wine or all-safe goals
[hns-result] 11 checks, failures=[]
