Godot Engine v4.6.3.stable.official.7d41c59c4 - https://godotengine.org

ERROR: Unable to open file: res://.godot/imported/surface_field.png-d388e91c886c9a129445440626ddeb7d.ctex.
   at: _load_data (scene/resources/compressed_texture.cpp:42)
   GDScript backtrace (most recent call first):
       [0] _load_texture (res://scripts/campaign_environment_art.gd:649)
       [1] surface (res://scripts/campaign_environment_art.gd:668)
       [2] _setup_coast_material (res://scripts/liangshan_scenery.gd:193)
       [3] setup (res://scripts/campaign_scenery.gd:24)
       [4] enable_campaign_environment (res://scripts/game_map.gd:168)
       [5] _ready (res://scripts/battle.gd:296)
       [6] _start (res://tools/zhujiazhuang_rts_test.gd:29)
       [7] _run (res://tools/wall_alignment_test.gd:6)
ERROR: Failed loading resource: res://.godot/imported/surface_field.png-d388e91c886c9a129445440626ddeb7d.ctex.
   at: _load (core/io/resource_loader.cpp:343)
   GDScript backtrace (most recent call first):
       [0] _load_texture (res://scripts/campaign_environment_art.gd:649)
       [1] surface (res://scripts/campaign_environment_art.gd:668)
       [2] _setup_coast_material (res://scripts/liangshan_scenery.gd:193)
       [3] setup (res://scripts/campaign_scenery.gd:24)
       [4] enable_campaign_environment (res://scripts/game_map.gd:168)
       [5] _ready (res://scripts/battle.gd:296)
       [6] _start (res://tools/zhujiazhuang_rts_test.gd:29)
       [7] _run (res://tools/wall_alignment_test.gd:6)
ERROR: Failed loading resource: res://assets/campaign/environment/shared/surfaces/surface_field.png.
   at: _load (core/io/resource_loader.cpp:343)
   GDScript backtrace (most recent call first):
       [0] _load_texture (res://scripts/campaign_environment_art.gd:649)
       [1] surface (res://scripts/campaign_environment_art.gd:668)
       [2] _setup_coast_material (res://scripts/liangshan_scenery.gd:193)
       [3] setup (res://scripts/campaign_scenery.gd:24)
       [4] enable_campaign_environment (res://scripts/game_map.gd:168)
       [5] _ready (res://scripts/battle.gd:296)
       [6] _start (res://tools/zhujiazhuang_rts_test.gd:29)
       [7] _run (res://tools/wall_alignment_test.gd:6)
ERROR: Error loading resource: 'res://assets/campaign/environment/shared/surfaces/surface_field.png'.
   at: load (core/core_bind.cpp:78)
   GDScript backtrace (most recent call first):
       [0] _load_texture (res://scripts/campaign_environment_art.gd:649)
       [1] surface (res://scripts/campaign_environment_art.gd:668)
       [2] _setup_coast_material (res://scripts/liangshan_scenery.gd:193)
       [3] setup (res://scripts/campaign_scenery.gd:24)
       [4] enable_campaign_environment (res://scripts/game_map.gd:168)
       [5] _ready (res://scripts/battle.gd:296)
       [6] _start (res://tools/zhujiazhuang_rts_test.gd:29)
       [7] _run (res://tools/wall_alignment_test.gd:6)
[rts] PASS accepted original stockade bitmap remains byte-identical
[rts] PASS left actual post foot lies on wall origin: (96.0, 48.0)
[rts] PASS right actual post foot lies on map endpoint: (96.0, 48.0)
[rts] PASS upright post preserves height on this axis and slope: (96.0, 48.0)
[rts] PASS left actual post foot lies on wall origin: (-96.0, 48.0)
[rts] PASS right actual post foot lies on map endpoint: (-96.0, 48.0)
[rts] PASS upright post preserves height on this axis and slope: (-96.0, 48.0)
[rts] PASS left actual post foot lies on wall origin: (-96.0, -48.0)
[rts] PASS right actual post foot lies on map endpoint: (-96.0, -48.0)
[rts] PASS upright post preserves height on this axis and slope: (-96.0, -48.0)
[rts] PASS left actual post foot lies on wall origin: (96.0, -48.0)
[rts] PASS right actual post foot lies on map endpoint: (96.0, -48.0)
[rts] PASS upright post preserves height on this axis and slope: (96.0, -48.0)
[rts] PASS left actual post foot lies on wall origin: (96.0, 62.0)
[rts] PASS right actual post foot lies on map endpoint: (96.0, 62.0)
[rts] PASS upright post preserves height on this axis and slope: (96.0, 62.0)
[rts] PASS left actual post foot lies on wall origin: (-96.0, 31.0)
[rts] PASS right actual post foot lies on map endpoint: (-96.0, 31.0)
[rts] PASS upright post preserves height on this axis and slope: (-96.0, 31.0)
[rts] PASS explicit generic timber reuse in level3
[rts] PASS explicit generic timber reuse in level5
[rts] PASS wooden wall reuse does not leak into level1
[rts] PASS wooden wall reuse does not leak into level4
[rts] PASS wooden wall reuse does not leak into level7
[rts] PASS wooden wall reuse does not leak into level8
[rts] PASS wooden wall reuse does not leak into arena
ERROR: Unable to open file: res://.godot/imported/surface_field.png-d388e91c886c9a129445440626ddeb7d.ctex.
   at: _load_data (scene/resources/compressed_texture.cpp:42)
   GDScript backtrace (most recent call first):
       [0] _load_texture (res://scripts/campaign_environment_art.gd:649)
       [1] surface (res://scripts/campaign_environment_art.gd:668)
       [2] _setup_coast_material (res://scripts/liangshan_scenery.gd:193)
       [3] setup (res://scripts/campaign_scenery.gd:24)
       [4] enable_campaign_environment (res://scripts/game_map.gd:168)
       [5] _ready (res://scripts/battle.gd:296)
       [6] _start (res://tools/zhujiazhuang_rts_test.gd:29)
       [7] _run (res://tools/wall_alignment_test.gd:29)
       [8] _dispose (res://tools/zhujiazhuang_rts_test.gd:39)
ERROR: Failed loading resource: res://.godot/imported/surface_field.png-d388e91c886c9a129445440626ddeb7d.ctex.
   at: _load (core/io/resource_loader.cpp:343)
   GDScript backtrace (most recent call first):
       [0] _load_texture (res://scripts/campaign_environment_art.gd:649)
       [1] surface (res://scripts/campaign_environment_art.gd:668)
       [2] _setup_coast_material (res://scripts/liangshan_scenery.gd:193)
       [3] setup (res://scripts/campaign_scenery.gd:24)
       [4] enable_campaign_environment (res://scripts/game_map.gd:168)
       [5] _ready (res://scripts/battle.gd:296)
       [6] _start (res://tools/zhujiazhuang_rts_test.gd:29)
       [7] _run (res://tools/wall_alignment_test.gd:29)
       [8] _dispose (res://tools/zhujiazhuang_rts_test.gd:39)
ERROR: Failed loading resource: res://assets/campaign/environment/shared/surfaces/surface_field.png.
   at: _load (core/io/resource_loader.cpp:343)
   GDScript backtrace (most recent call first):
       [0] _load_texture (res://scripts/campaign_environment_art.gd:649)
       [1] surface (res://scripts/campaign_environment_art.gd:668)
       [2] _setup_coast_material (res://scripts/liangshan_scenery.gd:193)
       [3] setup (res://scripts/campaign_scenery.gd:24)
       [4] enable_campaign_environment (res://scripts/game_map.gd:168)
       [5] _ready (res://scripts/battle.gd:296)
       [6] _start (res://tools/zhujiazhuang_rts_test.gd:29)
       [7] _run (res://tools/wall_alignment_test.gd:29)
       [8] _dispose (res://tools/zhujiazhuang_rts_test.gd:39)
ERROR: Error loading resource: 'res://assets/campaign/environment/shared/surfaces/surface_field.png'.
   at: load (core/core_bind.cpp:78)
   GDScript backtrace (most recent call first):
       [0] _load_texture (res://scripts/campaign_environment_art.gd:649)
       [1] surface (res://scripts/campaign_environment_art.gd:668)
       [2] _setup_coast_material (res://scripts/liangshan_scenery.gd:193)
       [3] setup (res://scripts/campaign_scenery.gd:24)
       [4] enable_campaign_environment (res://scripts/game_map.gd:168)
       [5] _ready (res://scripts/battle.gd:296)
       [6] _start (res://tools/zhujiazhuang_rts_test.gd:29)
       [7] _run (res://tools/wall_alignment_test.gd:29)
       [8] _dispose (res://tools/zhujiazhuang_rts_test.gd:39)
[rts] PASS level3 uses one consistent accepted timber source on both wall axes
[rts] PASS level3 real wall parts match both projected map endpoints
[rts] PASS level3 occlusion covers upright wall height and excludes empty sky
[rts] PASS 祝家庄正门 north wall foot meets gate foot
[rts] PASS 祝家庄正门 south wall foot meets gate foot
[rts] PASS 祝家庄偏门 north wall foot meets gate foot
[rts] PASS 祝家庄偏门 south wall foot meets gate foot
[rts] PASS visual correction preserves blocked wall/gate cell (20, 12)
[rts] PASS visual correction preserves blocked wall/gate cell (20, 28)
[rts] PASS visual correction preserves blocked wall/gate cell (20, 18)
[rts] PASS real soldier behind upright wall makes occluding wall translucent
[rts] PASS soldier behind wall remains selectable through player hit test
[rts] PASS wall opacity restores after soldier leaves
[rts] PASS level5 uses one consistent accepted timber source on both wall axes
[rts] PASS level5 real wall parts match both projected map endpoints
[rts] PASS level5 occlusion covers upright wall height and excludes empty sky
[rts] PASS skirmish uses one consistent accepted timber source on both wall axes
[rts] PASS skirmish real wall parts match both projected map endpoints
[rts] PASS skirmish occlusion covers upright wall height and excludes empty sky
ERROR: Unable to open file: res://.godot/imported/surface_field.png-d388e91c886c9a129445440626ddeb7d.ctex.
   at: _load_data (scene/resources/compressed_texture.cpp:42)
   GDScript backtrace (most recent call first):
       [0] _load_texture (res://scripts/campaign_environment_art.gd:649)
       [1] surface (res://scripts/campaign_environment_art.gd:668)
       [2] _setup_coast_material (res://scripts/liangshan_scenery.gd:193)
       [3] setup (res://scripts/campaign_scenery.gd:24)
       [4] enable_campaign_environment (res://scripts/game_map.gd:168)
       [5] _ready (res://scripts/battle.gd:296)
       [6] _start (res://tools/zhujiazhuang_rts_test.gd:29)
       [7] _run (res://tools/wall_alignment_test.gd:65)
       [8] _dispose (res://tools/zhujiazhuang_rts_test.gd:39)
ERROR: Failed loading resource: res://.godot/imported/surface_field.png-d388e91c886c9a129445440626ddeb7d.ctex.
   at: _load (core/io/resource_loader.cpp:343)
   GDScript backtrace (most recent call first):
       [0] _load_texture (res://scripts/campaign_environment_art.gd:649)
       [1] surface (res://scripts/campaign_environment_art.gd:668)
       [2] _setup_coast_material (res://scripts/liangshan_scenery.gd:193)
       [3] setup (res://scripts/campaign_scenery.gd:24)
       [4] enable_campaign_environment (res://scripts/game_map.gd:168)
       [5] _ready (res://scripts/battle.gd:296)
       [6] _start (res://tools/zhujiazhuang_rts_test.gd:29)
       [7] _run (res://tools/wall_alignment_test.gd:65)
       [8] _dispose (res://tools/zhujiazhuang_rts_test.gd:39)
ERROR: Failed loading resource: res://assets/campaign/environment/shared/surfaces/surface_field.png.
   at: _load (core/io/resource_loader.cpp:343)
   GDScript backtrace (most recent call first):
       [0] _load_texture (res://scripts/campaign_environment_art.gd:649)
       [1] surface (res://scripts/campaign_environment_art.gd:668)
       [2] _setup_coast_material (res://scripts/liangshan_scenery.gd:193)
       [3] setup (res://scripts/campaign_scenery.gd:24)
       [4] enable_campaign_environment (res://scripts/game_map.gd:168)
       [5] _ready (res://scripts/battle.gd:296)
       [6] _start (res://tools/zhujiazhuang_rts_test.gd:29)
       [7] _run (res://tools/wall_alignment_test.gd:65)
       [8] _dispose (res://tools/zhujiazhuang_rts_test.gd:39)
ERROR: Error loading resource: 'res://assets/campaign/environment/shared/surfaces/surface_field.png'.
   at: load (core/core_bind.cpp:78)
   GDScript backtrace (most recent call first):
       [0] _load_texture (res://scripts/campaign_environment_art.gd:649)
       [1] surface (res://scripts/campaign_environment_art.gd:668)
       [2] _setup_coast_material (res://scripts/liangshan_scenery.gd:193)
       [3] setup (res://scripts/campaign_scenery.gd:24)
       [4] enable_campaign_environment (res://scripts/game_map.gd:168)
       [5] _ready (res://scripts/battle.gd:296)
       [6] _start (res://tools/zhujiazhuang_rts_test.gd:29)
       [7] _run (res://tools/wall_alignment_test.gd:65)
       [8] _dispose (res://tools/zhujiazhuang_rts_test.gd:39)
[rts] PASS Daming keeps its brick wall renderer
[wall-alignment] 46 checks, failures=0
