Godot Engine v4.6.3.stable.official.7d41c59c4 - https://godotengine.org

[rts] PASS convoy actually approaches while player prepares
[rts] PASS selection shortcut selects without issuing movement
[hns-action] timeout place_dates stage=inquiry actor=(696.747, 560.5086) exposure=0.0 controls=["answer_yang", "place_dates"]
[rts] FAIL Chao places the actual seven carts during approach
[rts] PASS convoy arrives at real inquiry
[rts] PASS Liu answers Yang at the actual inquiry point
[rts] PASS Bai carries wine to the actual sale area
[rts] PASS first wine trial uses real Liu movement
[rts] PASS Wu and Bai can preposition without false suspicion
[rts] PASS Liu initiates the actual cooperative distraction
[rts] PASS three real participants complete one wine handoff
[rts] PASS all fifteen convoy members survive unconscious
[rts] PASS cargo needs no planning or staging chores
[rts] PASS three different player-assigned companions pick up the original loads
[rts] PASS carriers wait for a separate exit order
[rts] PASS all three loaded carriers walk concurrently on player orders
[rts] PASS actual cargo and all companions reach the west exit
[rts] PASS same three loads are visible and delivered once
[rts] PASS wine route earns all four optional story goals
[hns-result] 18 checks, failures=["Chao places the actual seven carts during approach"]
