Godot Engine v4.6.3.stable.official.7d41c59c4 - https://godotengine.org

[rts] PASS real distraction command starts the frozen cooperation fixture
[rts] PASS missing partner prevents wine completion and time still runs
[rts] PASS actual stop cancels distraction without making the player repeat good wine
[rts] PASS expired cooperation window does not refill the total rest clock
[rts] PASS partner departure resets incomplete handoff progress
[rts] PASS retry with all three present completes the same nonlethal convoy
[rts] PASS picked load leaves world queries while keeping its original scene node
[rts] PASS loaded carrier cannot be assigned a second load
[rts] PASS duplicate pickup callback cannot duplicate cargo
[rts] PASS real carrier death drops the same load without erasing the completed wine route
[rts] PASS another survivor can take over the dropped original load
[rts] PASS delivery resolves once and restores the original ground load
[rts] PASS cargo arrival does not silently abandon distant living companions
[rts] PASS actual early-departure command clears the core without inventing all-safe credit
[rts] PASS wine station corridors do not authorize unrelated people approaching cargo
[rts] PASS full suspicion produces the live force fallback
[rts] PASS total wine timeout still forces a consequential fallback
[rts] PASS destroyed objective produces an explicit loss
[rts] PASS actual restart reloads three fresh loads and chapter state
[hns-result] 19 checks, failures=[]
