Godot Engine v4.6.3.stable.official.7d41c59c4 - https://godotengine.org

SCRIPT ERROR: Compile Error: Identifier not found: Sfx
   at: GDScript::reload (res://scripts/unit.gd:989)
SCRIPT ERROR: Compile Error: Failed to compile depended scripts.
   at: GDScript::reload (res://tools/huangnigang_short_test.gd:0)
ERROR: Failed to load script "res://tools/huangnigang_short_test.gd" with error "Compilation failed".
   at: load (modules/gdscript/gdscript.cpp:2907)
SCRIPT ERROR: Invalid call. Nonexistent function 'new' in base 'GDScript'.
   at: Battle.spawn_unit (res://scripts/battle.gd:576)
   GDScript backtrace (most recent call first):
       [0] spawn_unit (res://scripts/battle.gd:576)
       [1] spawn_at (res://scripts/battle.gd:618)
       [2] deploy (res://scripts/levels/level1_huangnigang.gd:139)
       [3] _ready (res://scripts/battle.gd:361)
       [4] _start (res://tools/zhujiazhuang_rts_test.gd:29)
       [5] _live (res://tools/huangnigang_short_test.gd:32)
       [6] _run (res://tools/huangnigang_short_test.gd:116)
SCRIPT ERROR: Invalid assignment of property or key 'passive' with value of type 'bool' on a base object of type 'Nil'.
   at: deploy (res://scripts/levels/level1_huangnigang.gd:140)
   GDScript backtrace (most recent call first):
       [0] deploy (res://scripts/levels/level1_huangnigang.gd:140)
       [1] _ready (res://scripts/battle.gd:361)
       [2] _start (res://tools/zhujiazhuang_rts_test.gd:29)
       [3] _live (res://tools/huangnigang_short_test.gd:32)
       [4] _run (res://tools/huangnigang_short_test.gd:116)
SCRIPT ERROR: Invalid call. Nonexistent function 'new' in base 'GDScript'.
   at: Battle.spawn_unit (res://scripts/battle.gd:576)
   GDScript backtrace (most recent call first):
       [0] spawn_unit (res://scripts/battle.gd:576)
       [1] spawn_at (res://scripts/battle.gd:618)
       [2] _start_convoy (res://scripts/levels/level1_huangnigang.gd:668)
       [3] on_start (res://scripts/levels/level1_huangnigang_short.gd:21)
       [4] _on_start_battle (res://scripts/battle.gd:2008)
       [5] _start (res://tools/zhujiazhuang_rts_test.gd:34)
SCRIPT ERROR: Invalid call. Nonexistent function 'new' in base 'GDScript'.
   at: Battle.spawn_unit (res://scripts/battle.gd:576)
   GDScript backtrace (most recent call first):
       [0] spawn_unit (res://scripts/battle.gd:576)
       [1] spawn_at (res://scripts/battle.gd:618)
       [2] _start_convoy (res://scripts/levels/level1_huangnigang.gd:671)
       [3] on_start (res://scripts/levels/level1_huangnigang_short.gd:21)
       [4] _on_start_battle (res://scripts/battle.gd:2008)
       [5] _start (res://tools/zhujiazhuang_rts_test.gd:34)
SCRIPT ERROR: Invalid call. Nonexistent function 'new' in base 'GDScript'.
   at: Battle.spawn_unit (res://scripts/battle.gd:576)
   GDScript backtrace (most recent call first):
       [0] spawn_unit (res://scripts/battle.gd:576)
       [1] spawn_at (res://scripts/battle.gd:618)
       [2] _start_convoy (res://scripts/levels/level1_huangnigang.gd:671)
       [3] on_start (res://scripts/levels/level1_huangnigang_short.gd:21)
       [4] _on_start_battle (res://scripts/battle.gd:2008)
       [5] _start (res://tools/zhujiazhuang_rts_test.gd:34)
SCRIPT ERROR: Invalid call. Nonexistent function 'new' in base 'GDScript'.
   at: Battle.spawn_unit (res://scripts/battle.gd:576)
   GDScript backtrace (most recent call first):
       [0] spawn_unit (res://scripts/battle.gd:576)
       [1] spawn_at (res://scripts/battle.gd:618)
       [2] _start_convoy (res://scripts/levels/level1_huangnigang.gd:671)
       [3] on_start (res://scripts/levels/level1_huangnigang_short.gd:21)
       [4] _on_start_battle (res://scripts/battle.gd:2008)
       [5] _start (res://tools/zhujiazhuang_rts_test.gd:34)
SCRIPT ERROR: Invalid call. Nonexistent function 'new' in base 'GDScript'.
   at: Battle.spawn_unit (res://scripts/battle.gd:576)
   GDScript backtrace (most recent call first):
       [0] spawn_unit (res://scripts/battle.gd:576)
       [1] spawn_at (res://scripts/battle.gd:618)
       [2] _start_convoy (res://scripts/levels/level1_huangnigang.gd:673)
       [3] on_start (res://scripts/levels/level1_huangnigang_short.gd:21)
       [4] _on_start_battle (res://scripts/battle.gd:2008)
       [5] _start (res://tools/zhujiazhuang_rts_test.gd:34)
SCRIPT ERROR: Invalid call. Nonexistent function 'new' in base 'GDScript'.
   at: Battle.spawn_unit (res://scripts/battle.gd:576)
   GDScript backtrace (most recent call first):
       [0] spawn_unit (res://scripts/battle.gd:576)
       [1] spawn_at (res://scripts/battle.gd:618)
       [2] _start_convoy (res://scripts/levels/level1_huangnigang.gd:673)
       [3] on_start (res://scripts/levels/level1_huangnigang_short.gd:21)
       [4] _on_start_battle (res://scripts/battle.gd:2008)
       [5] _start (res://tools/zhujiazhuang_rts_test.gd:34)
SCRIPT ERROR: Invalid call. Nonexistent function 'new' in base 'GDScript'.
   at: Battle.spawn_unit (res://scripts/battle.gd:576)
   GDScript backtrace (most recent call first):
       [0] spawn_unit (res://scripts/battle.gd:576)
       [1] spawn_at (res://scripts/battle.gd:618)
       [2] _start_convoy (res://scripts/levels/level1_huangnigang.gd:673)
       [3] on_start (res://scripts/levels/level1_huangnigang_short.gd:21)
       [4] _on_start_battle (res://scripts/battle.gd:2008)
       [5] _start (res://tools/zhujiazhuang_rts_test.gd:34)
SCRIPT ERROR: Invalid call. Nonexistent function 'new' in base 'GDScript'.
   at: Battle.spawn_unit (res://scripts/battle.gd:576)
   GDScript backtrace (most recent call first):
       [0] spawn_unit (res://scripts/battle.gd:576)
       [1] spawn_at (res://scripts/battle.gd:618)
       [2] _start_convoy (res://scripts/levels/level1_huangnigang.gd:673)
       [3] on_start (res://scripts/levels/level1_huangnigang_short.gd:21)
       [4] _on_start_battle (res://scripts/battle.gd:2008)
       [5] _start (res://tools/zhujiazhuang_rts_test.gd:34)
SCRIPT ERROR: Invalid call. Nonexistent function 'new' in base 'GDScript'.
   at: Battle.spawn_unit (res://scripts/battle.gd:576)
   GDScript backtrace (most recent call first):
       [0] spawn_unit (res://scripts/battle.gd:576)
       [1] spawn_at (res://scripts/battle.gd:618)
       [2] _start_convoy (res://scripts/levels/level1_huangnigang.gd:673)
       [3] on_start (res://scripts/levels/level1_huangnigang_short.gd:21)
       [4] _on_start_battle (res://scripts/battle.gd:2008)
       [5] _start (res://tools/zhujiazhuang_rts_test.gd:34)
SCRIPT ERROR: Invalid call. Nonexistent function 'new' in base 'GDScript'.
   at: Battle.spawn_unit (res://scripts/battle.gd:576)
   GDScript backtrace (most recent call first):
       [0] spawn_unit (res://scripts/battle.gd:576)
       [1] spawn_at (res://scripts/battle.gd:618)
       [2] _start_convoy (res://scripts/levels/level1_huangnigang.gd:673)
       [3] on_start (res://scripts/levels/level1_huangnigang_short.gd:21)
       [4] _on_start_battle (res://scripts/battle.gd:2008)
       [5] _start (res://tools/zhujiazhuang_rts_test.gd:34)
SCRIPT ERROR: Invalid call. Nonexistent function 'new' in base 'GDScript'.
   at: Battle.spawn_unit (res://scripts/battle.gd:576)
   GDScript backtrace (most recent call first):
       [0] spawn_unit (res://scripts/battle.gd:576)
       [1] spawn_at (res://scripts/battle.gd:618)
       [2] _start_convoy (res://scripts/levels/level1_huangnigang.gd:673)
       [3] on_start (res://scripts/levels/level1_huangnigang_short.gd:21)
       [4] _on_start_battle (res://scripts/battle.gd:2008)
       [5] _start (res://tools/zhujiazhuang_rts_test.gd:34)
SCRIPT ERROR: Invalid call. Nonexistent function 'new' in base 'GDScript'.
   at: Battle.spawn_unit (res://scripts/battle.gd:576)
   GDScript backtrace (most recent call first):
       [0] spawn_unit (res://scripts/battle.gd:576)
       [1] spawn_at (res://scripts/battle.gd:618)
       [2] _start_convoy (res://scripts/levels/level1_huangnigang.gd:673)
       [3] on_start (res://scripts/levels/level1_huangnigang_short.gd:21)
       [4] _on_start_battle (res://scripts/battle.gd:2008)
       [5] _start (res://tools/zhujiazhuang_rts_test.gd:34)
SCRIPT ERROR: Invalid call. Nonexistent function 'new' in base 'GDScript'.
   at: Battle.spawn_unit (res://scripts/battle.gd:576)
   GDScript backtrace (most recent call first):
       [0] spawn_unit (res://scripts/battle.gd:576)
       [1] spawn_at (res://scripts/battle.gd:618)
       [2] _start_convoy (res://scripts/levels/level1_huangnigang.gd:673)
       [3] on_start (res://scripts/levels/level1_huangnigang_short.gd:21)
       [4] _on_start_battle (res://scripts/battle.gd:2008)
       [5] _start (res://tools/zhujiazhuang_rts_test.gd:34)
SCRIPT ERROR: Invalid call. Nonexistent function 'new' in base 'GDScript'.
   at: Battle.spawn_unit (res://scripts/battle.gd:576)
   GDScript backtrace (most recent call first):
       [0] spawn_unit (res://scripts/battle.gd:576)
       [1] spawn_at (res://scripts/battle.gd:618)
       [2] _start_convoy (res://scripts/levels/level1_huangnigang.gd:673)
       [3] on_start (res://scripts/levels/level1_huangnigang_short.gd:21)
       [4] _on_start_battle (res://scripts/battle.gd:2008)
       [5] _start (res://tools/zhujiazhuang_rts_test.gd:34)
SCRIPT ERROR: Invalid call. Nonexistent function 'new' in base 'GDScript'.
   at: Battle.spawn_unit (res://scripts/battle.gd:576)
   GDScript backtrace (most recent call first):
       [0] spawn_unit (res://scripts/battle.gd:576)
       [1] spawn_at (res://scripts/battle.gd:618)
       [2] _start_convoy (res://scripts/levels/level1_huangnigang.gd:673)
       [3] on_start (res://scripts/levels/level1_huangnigang_short.gd:21)
       [4] _on_start_battle (res://scripts/battle.gd:2008)
       [5] _start (res://tools/zhujiazhuang_rts_test.gd:34)
SCRIPT ERROR: Invalid assignment of property or key 'passive' with value of type 'bool' on a base object of type 'Nil'.
   at: _start_convoy (res://scripts/levels/level1_huangnigang.gd:676)
   GDScript backtrace (most recent call first):
       [0] _start_convoy (res://scripts/levels/level1_huangnigang.gd:676)
       [1] on_start (res://scripts/levels/level1_huangnigang_short.gd:21)
       [2] _on_start_battle (res://scripts/battle.gd:2008)
       [3] _start (res://tools/zhujiazhuang_rts_test.gd:34)
[rts] PASS convoy actually approaches while player prepares
SCRIPT ERROR: Invalid access to property or key 'position' on a base object of type 'Nil'.
   at: _live (res://tools/huangnigang_short_test.gd:37)
   GDScript backtrace (most recent call first):
       [0] _live (res://tools/huangnigang_short_test.gd:37)
       [1] _start (res://tools/zhujiazhuang_rts_test.gd:35)
[hns-result] 1 checks, failures=[]
