Godot Engine v4.6.3.stable.official.7d41c59c4 - https://godotengine.org

[runtime-check] PASS frozen separation reference hash matches
[prof] bench(def): 200 敌 vs 6 英雄
[runtime-check] PASS frozen reference compiles after actual Battle startup
[runtime-check] PASS nine consecutive exact steps: moving spacing=0.7 stagger=false
[runtime-check] PASS nine consecutive exact steps: moving spacing=0.7 stagger=true
[runtime-check] PASS nine consecutive exact steps: moving spacing=1.7 stagger=false
[runtime-check] PASS nine consecutive exact steps: moving spacing=1.7 stagger=true
[runtime-check] PASS nine consecutive exact steps: idle spacing=0.7 stagger=false
[runtime-check] PASS nine consecutive exact steps: idle spacing=0.7 stagger=true
[runtime-check] PASS nine consecutive exact steps: idle spacing=1.7 stagger=false
[runtime-check] PASS nine consecutive exact steps: idle spacing=1.7 stagger=true
[runtime-check] PASS nine consecutive exact steps: mixed_water spacing=0.7 stagger=false
[runtime-check] PASS nine consecutive exact steps: mixed_water spacing=0.7 stagger=true
[runtime-check] PASS nine consecutive exact steps: mixed_water spacing=1.7 stagger=false
[runtime-check] PASS nine consecutive exact steps: mixed_water spacing=1.7 stagger=true
[runtime-check] PASS nine consecutive exact steps: gold_workers spacing=0.7 stagger=false
[runtime-check] PASS nine consecutive exact steps: gold_workers spacing=0.7 stagger=true
[runtime-check] PASS nine consecutive exact steps: gold_workers spacing=1.7 stagger=false
[runtime-check] PASS nine consecutive exact steps: gold_workers spacing=1.7 stagger=true
[runtime-check] PASS nine consecutive exact steps: fractional_radii spacing=0.7 stagger=false
[runtime-check] PASS nine consecutive exact steps: fractional_radii spacing=0.7 stagger=true
[runtime-check] PASS nine consecutive exact steps: fractional_radii spacing=1.7 stagger=false
[runtime-check] PASS nine consecutive exact steps: fractional_radii spacing=1.7 stagger=true
[runtime-check] PASS nine consecutive exact steps: same_position spacing=0.7 stagger=false
[runtime-check] PASS nine consecutive exact steps: same_position spacing=0.7 stagger=true
[runtime-check] PASS nine consecutive exact steps: same_position spacing=1.7 stagger=false
[runtime-check] PASS nine consecutive exact steps: same_position spacing=1.7 stagger=true
[runtime-check] PASS nine consecutive exact steps: reversed_order spacing=0.7 stagger=false
[runtime-check] PASS nine consecutive exact steps: reversed_order spacing=0.7 stagger=true
[runtime-check] PASS nine consecutive exact steps: reversed_order spacing=1.7 stagger=false
[runtime-check] PASS nine consecutive exact steps: reversed_order spacing=1.7 stagger=true
[runtime-check] PASS nine consecutive exact steps: stale_grid spacing=0.7 stagger=false
[runtime-check] PASS nine consecutive exact steps: stale_grid spacing=0.7 stagger=true
[runtime-check] PASS nine consecutive exact steps: stale_grid spacing=1.7 stagger=false
[runtime-check] PASS nine consecutive exact steps: stale_grid spacing=1.7 stagger=true
[runtime-check] PASS all regular stagger and edge fixtures completed
[runtime-check] PASS both paired timing workloads completed
[prof] bench(def): 0 敌 vs 6 英雄
[runtime-check] PASS actual Unit count reaches 6
[runtime-check] PASS exact three-step normal at 6 actual Units
[runtime-check] PASS exact three-step duplicate_entries at 6 actual Units
[runtime-check] PASS exact three-step bucket_only at 6 actual Units
[runtime-check] PASS exact three-step shifted_after_grid at 6 actual Units
[prof] bench(def): 24 敌 vs 6 英雄
[runtime-check] PASS actual Unit count reaches 30
[runtime-check] PASS exact three-step normal at 30 actual Units
[runtime-check] PASS exact three-step duplicate_entries at 30 actual Units
[runtime-check] PASS exact three-step bucket_only at 30 actual Units
[runtime-check] PASS exact three-step shifted_after_grid at 30 actual Units
[prof] bench(def): 57 敌 vs 6 英雄
[runtime-check] PASS actual Unit count reaches 63
[runtime-check] PASS exact three-step normal at 63 actual Units
[runtime-check] PASS exact three-step duplicate_entries at 63 actual Units
[runtime-check] PASS exact three-step bucket_only at 63 actual Units
[runtime-check] PASS exact three-step shifted_after_grid at 63 actual Units
[prof] bench(def): 58 敌 vs 6 英雄
[runtime-check] PASS actual Unit count reaches 64
[runtime-check] PASS exact three-step normal at 64 actual Units
[runtime-check] PASS exact three-step duplicate_entries at 64 actual Units
[runtime-check] PASS exact three-step bucket_only at 64 actual Units
[runtime-check] PASS exact three-step shifted_after_grid at 64 actual Units
[prof] bench(def): 122 敌 vs 6 英雄
[runtime-check] PASS actual Unit count reaches 128
[runtime-check] PASS exact three-step normal at 128 actual Units
[runtime-check] PASS exact three-step duplicate_entries at 128 actual Units
[runtime-check] PASS exact three-step bucket_only at 128 actual Units
[runtime-check] PASS exact three-step shifted_after_grid at 128 actual Units
[prof] bench(def): 314 敌 vs 6 英雄
[runtime-check] PASS actual Unit count reaches 320
[runtime-check] PASS exact three-step normal at 320 actual Units
[runtime-check] PASS exact three-step duplicate_entries at 320 actual Units
[runtime-check] PASS exact three-step bucket_only at 320 actual Units
[runtime-check] PASS exact three-step shifted_after_grid at 320 actual Units
[prof] bench(def): 315 敌 vs 6 英雄
[runtime-check] PASS actual Unit count reaches 321
[runtime-check] PASS exact three-step normal at 321 actual Units
[runtime-check] PASS exact three-step duplicate_entries at 321 actual Units
[runtime-check] PASS exact three-step bucket_only at 321 actual Units
[runtime-check] PASS exact three-step shifted_after_grid at 321 actual Units
[prof] bench(def): 320 敌 vs 6 英雄
[runtime-check] PASS actual Unit count reaches 326
[runtime-check] PASS exact three-step normal at 326 actual Units
[runtime-check] PASS exact three-step duplicate_entries at 326 actual Units
[runtime-check] PASS exact three-step bucket_only at 326 actual Units
[runtime-check] PASS exact three-step shifted_after_grid at 326 actual Units
[prof] bench(def): 500 敌 vs 6 英雄
[runtime-check] PASS actual Unit count reaches 506
[runtime-check] PASS exact three-step normal at 506 actual Units
[runtime-check] PASS exact three-step duplicate_entries at 506 actual Units
[runtime-check] PASS exact three-step bucket_only at 506 actual Units
[runtime-check] PASS exact three-step shifted_after_grid at 506 actual Units
[runtime-check] PASS all population and stale-grid fixtures completed
[runtime-check] PASS all twenty density/population timing workloads completed
[runtime-check] PASS previous scene, map and units actually freed
[runtime-check] PASS player campaign save bytes unchanged
[crowd-separation-summary] {"checks":85,"passed":true,"positions":80496,"sample_count":20,"steps":396}
