Godot Engine v4.6.3.stable.official.7d41c59c4 - https://godotengine.org

[   0% ] first_scan_filesystem | Started 项目初始化 (5 steps)
[   0% ] first_scan_filesystem | 正在扫描文件结构……
[  16% ] first_scan_filesystem | 正在加载全局类名……
[  33% ] first_scan_filesystem | 正在校验 GDExtension……
[  50% ] first_scan_filesystem | 正在创建自动加载脚本……
[  66% ] first_scan_filesystem | 正在初始化插件……
[  83% ] first_scan_filesystem | 正在启动文件扫描……
[ DONE ] first_scan_filesystem

[   0% ] update_scripts_classes | Started 正在注册全局类…… (75 steps)
[   0% ] update_scripts_classes | 
[   1% ] update_scripts_classes | 
[   2% ] update_scripts_classes | 
[   3% ] update_scripts_classes | 
[   5% ] update_scripts_classes | 
[   6% ] update_scripts_classes | 
[   7% ] update_scripts_classes | 
[   9% ] update_scripts_classes | 
[  10% ] update_scripts_classes | 
[  11% ] update_scripts_classes | 
[  13% ] update_scripts_classes | 
[  14% ] update_scripts_classes | 
[  15% ] update_scripts_classes | 
[  17% ] update_scripts_classes | 
[  18% ] update_scripts_classes | 
[  19% ] update_scripts_classes | 
[  21% ] update_scripts_classes | 
[  22% ] update_scripts_classes | 
[  23% ] update_scripts_classes | 
[  25% ] update_scripts_classes | 
[  26% ] update_scripts_classes | 
[  27% ] update_scripts_classes | 
[  28% ] update_scripts_classes | AbilityVisuals
[  30% ] update_scripts_classes | 
[  31% ] update_scripts_classes | 
[  32% ] update_scripts_classes | 
[  34% ] update_scripts_classes | Battle
[  35% ] update_scripts_classes | Bios
[  36% ] update_scripts_classes | 
[  38% ] update_scripts_classes | 
[  39% ] update_scripts_classes | 
[  40% ] update_scripts_classes | 
[  42% ] update_scripts_classes | 
[  43% ] update_scripts_classes | CampaignEnvironmentArt
[  44% ] update_scripts_classes | CampaignFlagOverlay
[  46% ] update_scripts_classes | 
[  47% ] update_scripts_classes | 
[  48% ] update_scripts_classes | 
[  50% ] update_scripts_classes | 
[  51% ] update_scripts_classes | 
[  52% ] update_scripts_classes | 
[  53% ] update_scripts_classes | 
[  55% ] update_scripts_classes | CustomConfig
[  56% ] update_scripts_classes | Defs
[  57% ] update_scripts_classes | 
[  59% ] update_scripts_classes | GameMap
[  60% ] update_scripts_classes | HeroInventory
[  61% ] update_scripts_classes | HUD
[  63% ] update_scripts_classes | LevelBase
[  64% ] update_scripts_classes | 
[  65% ] update_scripts_classes | 
[  67% ] update_scripts_classes | 
[  68% ] update_scripts_classes | 
[  69% ] update_scripts_classes | 
[  71% ] update_scripts_classes | 
[  72% ] update_scripts_classes | 
[  73% ] update_scripts_classes | LoreData
[  75% ] update_scripts_classes | 
[  76% ] update_scripts_classes | 
[  77% ] update_scripts_classes | 
[  78% ] update_scripts_classes | Projectile
[  80% ] update_scripts_classes | RTSCamera
[  81% ] update_scripts_classes | 
[  82% ] update_scripts_classes | ScenarioStore
[  84% ] update_scripts_classes | 
[  85% ] update_scripts_classes | 
[  86% ] update_scripts_classes | 
[  88% ] update_scripts_classes | 
[  89% ] update_scripts_classes | 
[  90% ] update_scripts_classes | 
[  92% ] update_scripts_classes | UITheme
[  93% ] update_scripts_classes | Unit
[  94% ] update_scripts_classes | WorldShadow
[  96% ] update_scripts_classes | 
[  97% ] update_scripts_classes | 
[ DONE ] update_scripts_classes

[   0% ] _update_scan_actions | Started 正在扫描动作…… (1187 steps)
[   0% ] _update_scan_actions | an_daoquan_attack.png
[   0% ] _update_scan_actions | an_daoquan_walk.png
[   0% ] _update_scan_actions | bai_sheng_attack.png
[   0% ] _update_scan_actions | bai_sheng_walk.png
[   0% ] _update_scan_actions | bao_xu_attack.png
[   0% ] _update_scan_actions | bao_xu_walk.png
[   0% ] _update_scan_actions | cai_fu_attack.png
[   0% ] _update_scan_actions | cai_fu_walk.png
[   0% ] _update_scan_actions | cai_jiu_attack.png
[   0% ] _update_scan_actions | cai_jiu_walk.png
[   0% ] _update_scan_actions | cai_qing_attack.png
[   0% ] _update_scan_actions | cai_qing_walk.png
[   1% ] _update_scan_actions | camel_rider_attack.png
[   1% ] _update_scan_actions | camel_rider_walk.png
[   1% ] _update_scan_actions | cao_zheng_attack.png
[   1% ] _update_scan_actions | cao_zheng_walk.png
[   1% ] _update_scan_actions | chai_jin_attack.png
[   1% ] _update_scan_actions | chai_jin_walk.png
[   1% ] _update_scan_actions | chao_gai_attack.png
[   1% ] _update_scan_actions | chao_gai_walk.png
[   1% ] _update_scan_actions | chen_da_attack.png
[   1% ] _update_scan_actions | chen_da_walk.png
[   1% ] _update_scan_actions | dai_zong_attack.png
[   1% ] _update_scan_actions | dai_zong_walk.png
[   2% ] _update_scan_actions | deng_fei_attack.png
[   2% ] _update_scan_actions | deng_fei_walk.png
[   2% ] _update_scan_actions | ding_desun_attack.png
[   2% ] _update_scan_actions | ding_desun_walk.png
[   2% ] _update_scan_actions | dong_ping_attack.png
[   2% ] _update_scan_actions | dong_ping_walk.png
[   2% ] _update_scan_actions | dragon_summon_attack.png
[   2% ] _update_scan_actions | dragon_summon_walk.png
[   2% ] _update_scan_actions | duan_jingzhu_attack.png
[   2% ] _update_scan_actions | duan_jingzhu_walk.png
[   2% ] _update_scan_actions | duan_pengju_attack.png
[   2% ] _update_scan_actions | duan_pengju_walk.png
[   3% ] _update_scan_actions | du_qian_attack.png
[   3% ] _update_scan_actions | du_qian_walk.png
[   3% ] _update_scan_actions | du_xing_attack.png
[   3% ] _update_scan_actions | du_xing_walk.png
[   3% ] _update_scan_actions | fan_rui_attack.png
[   3% ] _update_scan_actions | fan_rui_walk.png
[   3% ] _update_scan_actions | gao_qiu_attack.png
[   3% ] _update_scan_actions | gao_qiu_death.png
[   3% ] _update_scan_actions | gao_qiu_idle.png
[   3% ] _update_scan_actions | gao_qiu_walk.png
[   3% ] _update_scan_actions | gongsun_sheng_attack.png
[   3% ] _update_scan_actions | gongsun_sheng_death.png
[   4% ] _update_scan_actions | gongsun_sheng_idle.png
[   4% ] _update_scan_actions | gongsun_sheng_walk.png
[   4% ] _update_scan_actions | gong_ren_attack.png
[   4% ] _update_scan_actions | gong_ren_walk.png
[   4% ] _update_scan_actions | gong_wang_attack.png
[   4% ] _update_scan_actions | gong_wang_walk.png
[   4% ] _update_scan_actions | gou_lian_attack.png
[   4% ] _update_scan_actions | gou_lian_attack_ne.png
[   4% ] _update_scan_actions | gou_lian_attack_nw.png
[   4% ] _update_scan_actions | gou_lian_attack_se.png
[   4% ] _update_scan_actions | gou_lian_attack_sw.png
[   4% ] _update_scan_actions | gou_lian_down_ne.png
[   5% ] _update_scan_actions | gou_lian_down_nw.png
[   5% ] _update_scan_actions | gou_lian_down_se.png
[   5% ] _update_scan_actions | gou_lian_down_sw.png
[   5% ] _update_scan_actions | gou_lian_hurt_ne.png
[   5% ] _update_scan_actions | gou_lian_hurt_nw.png
[   5% ] _update_scan_actions | gou_lian_hurt_se.png
[   5% ] _update_scan_actions | gou_lian_hurt_sw.png
[   5% ] _update_scan_actions | gou_lian_idle_ne.png
[   5% ] _update_scan_actions | gou_lian_idle_nw.png
[   5% ] _update_scan_actions | gou_lian_idle_se.png
[   5% ] _update_scan_actions | gou_lian_idle_sw.png
[   5% ] _update_scan_actions | gou_lian_walk.png
[   6% ] _update_scan_actions | gou_lian_walk_ne.png
[   6% ] _update_scan_actions | gou_lian_walk_nw.png
[   6% ] _update_scan_actions | gou_lian_walk_se.png
[   6% ] _update_scan_actions | gou_lian_walk_sw.png
[   6% ] _update_scan_actions | guan_bomber_attack.png
[   6% ] _update_scan_actions | guan_bomber_walk.png
[   6% ] _update_scan_actions | guan_dao_attack.png
[   6% ] _update_scan_actions | guan_dao_attack_ne.png
[   6% ] _update_scan_actions | guan_dao_attack_nw.png
[   6% ] _update_scan_actions | guan_dao_attack_se.png
[   6% ] _update_scan_actions | guan_dao_attack_sw.png
[   6% ] _update_scan_actions | guan_dao_death.png
[   7% ] _update_scan_actions | guan_dao_death_ne.png
[   7% ] _update_scan_actions | guan_dao_death_nw.png
[   7% ] _update_scan_actions | guan_dao_death_se.png
[   7% ] _update_scan_actions | guan_dao_death_sw.png
[   7% ] _update_scan_actions | guan_dao_idle.png
[   7% ] _update_scan_actions | guan_dao_idle_ne.png
[   7% ] _update_scan_actions | guan_dao_idle_nw.png
[   7% ] _update_scan_actions | guan_dao_idle_se.png
[   7% ] _update_scan_actions | guan_dao_idle_sw.png
[   7% ] _update_scan_actions | guan_dao_walk.png
[   7% ] _update_scan_actions | guan_dao_walk_ne.png
[   7% ] _update_scan_actions | guan_dao_walk_nw.png
[   8% ] _update_scan_actions | guan_dao_walk_se.png
[   8% ] _update_scan_actions | guan_dao_walk_sw.png
[   8% ] _update_scan_actions | guan_gong_attack.png
[   8% ] _update_scan_actions | guan_gong_attack_ne.png
[   8% ] _update_scan_actions | guan_gong_attack_nw.png
[   8% ] _update_scan_actions | guan_gong_attack_se.png
[   8% ] _update_scan_actions | guan_gong_attack_sw.png
[   8% ] _update_scan_actions | guan_gong_death.png
[   8% ] _update_scan_actions | guan_gong_death_ne.png
[   8% ] _update_scan_actions | guan_gong_death_nw.png
[   8% ] _update_scan_actions | guan_gong_death_se.png
[   9% ] _update_scan_actions | guan_gong_death_sw.png
[   9% ] _update_scan_actions | guan_gong_idle.png
[   9% ] _update_scan_actions | guan_gong_idle_ne.png
[   9% ] _update_scan_actions | guan_gong_idle_nw.png
[   9% ] _update_scan_actions | guan_gong_idle_se.png
[   9% ] _update_scan_actions | guan_gong_idle_sw.png
[   9% ] _update_scan_actions | guan_gong_walk.png
[   9% ] _update_scan_actions | guan_gong_walk_ne.png
[   9% ] _update_scan_actions | guan_gong_walk_nw.png
[   9% ] _update_scan_actions | guan_gong_walk_se.png
[   9% ] _update_scan_actions | guan_gong_walk_sw.png
[   9% ] _update_scan_actions | guan_jingqi_attack.png
[  10% ] _update_scan_actions | guan_jingqi_attack_ne.png
[  10% ] _update_scan_actions | guan_jingqi_attack_nw.png
[  10% ] _update_scan_actions | guan_jingqi_attack_se.png
[  10% ] _update_scan_actions | guan_jingqi_attack_sw.png
[  10% ] _update_scan_actions | guan_jingqi_death_ne.png
[  10% ] _update_scan_actions | guan_jingqi_death_nw.png
[  10% ] _update_scan_actions | guan_jingqi_death_se.png
[  10% ] _update_scan_actions | guan_jingqi_death_sw.png
[  10% ] _update_scan_actions | guan_jingqi_idle_ne.png
[  10% ] _update_scan_actions | guan_jingqi_idle_nw.png
[  10% ] _update_scan_actions | guan_jingqi_idle_se.png
[  10% ] _update_scan_actions | guan_jingqi_idle_sw.png
[  11% ] _update_scan_actions | guan_jingqi_walk.png
[  11% ] _update_scan_actions | guan_jingqi_walk_ne.png
[  11% ] _update_scan_actions | guan_jingqi_walk_nw.png
[  11% ] _update_scan_actions | guan_jingqi_walk_se.png
[  11% ] _update_scan_actions | guan_jingqi_walk_sw.png
[  11% ] _update_scan_actions | guan_laozi_attack.png
[  11% ] _update_scan_actions | guan_laozi_idle_ne.png
[  11% ] _update_scan_actions | guan_laozi_idle_nw.png
[  11% ] _update_scan_actions | guan_laozi_idle_se.png
[  11% ] _update_scan_actions | guan_laozi_idle_sw.png
[  11% ] _update_scan_actions | guan_laozi_walk.png
[  11% ] _update_scan_actions | guan_musket_attack.png
[  12% ] _update_scan_actions | guan_musket_idle_ne.png
[  12% ] _update_scan_actions | guan_musket_idle_nw.png
[  12% ] _update_scan_actions | guan_musket_idle_se.png
[  12% ] _update_scan_actions | guan_musket_idle_sw.png
[  12% ] _update_scan_actions | guan_musket_walk.png
[  12% ] _update_scan_actions | guan_qiang_walk.png
[  12% ] _update_scan_actions | guan_qi_attack.png
[  12% ] _update_scan_actions | guan_qi_attack_ne.png
[  12% ] _update_scan_actions | guan_qi_attack_nw.png
[  12% ] _update_scan_actions | guan_qi_attack_se.png
[  12% ] _update_scan_actions | guan_qi_attack_sw.png
[  12% ] _update_scan_actions | guan_qi_death.png
[  13% ] _update_scan_actions | guan_qi_death_ne.png
[  13% ] _update_scan_actions | guan_qi_death_nw.png
[  13% ] _update_scan_actions | guan_qi_death_se.png
[  13% ] _update_scan_actions | guan_qi_death_sw.png
[  13% ] _update_scan_actions | guan_qi_idle.png
[  13% ] _update_scan_actions | guan_qi_idle_ne.png
[  13% ] _update_scan_actions | guan_qi_idle_nw.png
[  13% ] _update_scan_actions | guan_qi_idle_se.png
[  13% ] _update_scan_actions | guan_qi_idle_sw.png
[  13% ] _update_scan_actions | guan_qi_walk.png
[  13% ] _update_scan_actions | guan_qi_walk_ne.png
[  13% ] _update_scan_actions | guan_qi_walk_nw.png
[  14% ] _update_scan_actions | guan_qi_walk_se.png
[  14% ] _update_scan_actions | guan_qi_walk_sw.png
[  14% ] _update_scan_actions | guan_sheng_attack.png
[  14% ] _update_scan_actions | guan_sheng_walk.png
[  14% ] _update_scan_actions | guan_zhanzi_attack.png
[  14% ] _update_scan_actions | guan_zhanzi_idle_ne.png
[  14% ] _update_scan_actions | guan_zhanzi_idle_nw.png
[  14% ] _update_scan_actions | guan_zhanzi_idle_se.png
[  14% ] _update_scan_actions | guan_zhanzi_idle_sw.png
[  14% ] _update_scan_actions | guan_zhanzi_walk.png
[  14% ] _update_scan_actions | guo_sheng_attack.png
[  14% ] _update_scan_actions | guo_sheng_walk.png
[  15% ] _update_scan_actions | gu_dasao_attack.png
[  15% ] _update_scan_actions | gu_dasao_walk.png
[  15% ] _update_scan_actions | han_tao_attack.png
[  15% ] _update_scan_actions | han_tao_walk.png
[  15% ] _update_scan_actions | hao_siwen_attack.png
[  15% ] _update_scan_actions | hao_siwen_walk.png
[  15% ] _update_scan_actions | hou_jian_attack.png
[  15% ] _update_scan_actions | hou_jian_walk.png
[  15% ] _update_scan_actions | huangfu_duan_attack.png
[  15% ] _update_scan_actions | huangfu_duan_walk.png
[  15% ] _update_scan_actions | huang_xin_attack.png
[  15% ] _update_scan_actions | huang_xin_walk.png
[  16% ] _update_scan_actions | hua_rong_attack.png
[  16% ] _update_scan_actions | hua_rong_death.png
[  16% ] _update_scan_actions | hua_rong_idle.png
[  16% ] _update_scan_actions | hua_rong_melee_attack.png
[  16% ] _update_scan_actions | hua_rong_melee_death.png
[  16% ] _update_scan_actions | hua_rong_melee_idle.png
[  16% ] _update_scan_actions | hua_rong_melee_walk.png
[  16% ] _update_scan_actions | hua_rong_walk.png
[  16% ] _update_scan_actions | hu_sanniang_attack.png
[  16% ] _update_scan_actions | hu_sanniang_death.png
[  16% ] _update_scan_actions | hu_sanniang_idle.png
[  17% ] _update_scan_actions | hu_sanniang_walk.png
[  17% ] _update_scan_actions | hu_yanzhuo_attack.png
[  17% ] _update_scan_actions | hu_yanzhuo_death.png
[  17% ] _update_scan_actions | hu_yanzhuo_idle.png
[  17% ] _update_scan_actions | hu_yanzhuo_walk.png
[  17% ] _update_scan_actions | jiang_jing_attack.png
[  17% ] _update_scan_actions | jiang_jing_walk.png
[  17% ] _update_scan_actions | jiang_menshen_attack.png
[  17% ] _update_scan_actions | jiang_menshen_death.png
[  17% ] _update_scan_actions | jiang_menshen_idle.png
[  17% ] _update_scan_actions | jiang_menshen_walk.png
[  17% ] _update_scan_actions | jiang_thug_attack.png
[  18% ] _update_scan_actions | jiang_thug_idle_ne.png
[  18% ] _update_scan_actions | jiang_thug_idle_nw.png
[  18% ] _update_scan_actions | jiang_thug_idle_se.png
[  18% ] _update_scan_actions | jiang_thug_idle_sw.png
[  18% ] _update_scan_actions | jiang_thug_walk.png
[  18% ] _update_scan_actions | jiao_ting_attack.png
[  18% ] _update_scan_actions | jiao_ting_walk.png
[  18% ] _update_scan_actions | jing_zhong_attack.png
[  18% ] _update_scan_actions | jing_zhong_walk.png
[  18% ] _update_scan_actions | jin_dajian_attack.png
[  18% ] _update_scan_actions | jin_dajian_walk.png
[  18% ] _update_scan_actions | jun_han_idle_ne.png
[  19% ] _update_scan_actions | jun_han_idle_nw.png
[  19% ] _update_scan_actions | jun_han_idle_se.png
[  19% ] _update_scan_actions | jun_han_idle_sw.png
[  19% ] _update_scan_actions | kong_liang_attack.png
[  19% ] _update_scan_actions | kong_liang_walk.png
[  19% ] _update_scan_actions | kong_ming_attack.png
[  19% ] _update_scan_actions | kong_ming_walk.png
[  19% ] _update_scan_actions | lao_duguan_attack.png
[  19% ] _update_scan_actions | lao_duguan_down_ne.png
[  19% ] _update_scan_actions | lao_duguan_down_nw.png
[  19% ] _update_scan_actions | lao_duguan_down_se.png
[  19% ] _update_scan_actions | lao_duguan_down_sw.png
[  20% ] _update_scan_actions | lao_duguan_idle_ne.png
[  20% ] _update_scan_actions | lao_duguan_idle_nw.png
[  20% ] _update_scan_actions | lao_duguan_idle_se.png
[  20% ] _update_scan_actions | lao_duguan_idle_sw.png
[  20% ] _update_scan_actions | lao_duguan_walk.png
[  20% ] _update_scan_actions | lei_heng_attack.png
[  20% ] _update_scan_actions | lei_heng_walk.png
[  20% ] _update_scan_actions | liang_dao_attack.png
[  20% ] _update_scan_actions | liang_dao_death.png
[  20% ] _update_scan_actions | liang_dao_idle.png
[  20% ] _update_scan_actions | liang_dao_idle_ne.png
[  20% ] _update_scan_actions | liang_dao_idle_nw.png
[  21% ] _update_scan_actions | liang_dao_idle_se.png
[  21% ] _update_scan_actions | liang_dao_idle_sw.png
[  21% ] _update_scan_actions | liang_dao_walk.png
[  21% ] _update_scan_actions | liang_gong_attack.png
[  21% ] _update_scan_actions | liang_gong_death.png
[  21% ] _update_scan_actions | liang_gong_idle.png
[  21% ] _update_scan_actions | liang_gong_idle_ne.png
[  21% ] _update_scan_actions | liang_gong_idle_nw.png
[  21% ] _update_scan_actions | liang_gong_idle_se.png
[  21% ] _update_scan_actions | liang_gong_idle_sw.png
[  21% ] _update_scan_actions | liang_gong_walk.png
[  21% ] _update_scan_actions | liang_ma_attack.png
[  22% ] _update_scan_actions | liang_ma_death.png
[  22% ] _update_scan_actions | liang_ma_idle.png
[  22% ] _update_scan_actions | liang_ma_idle_ne.png
[  22% ] _update_scan_actions | liang_ma_idle_nw.png
[  22% ] _update_scan_actions | liang_ma_idle_se.png
[  22% ] _update_scan_actions | liang_ma_idle_sw.png
[  22% ] _update_scan_actions | liang_ma_walk.png
[  22% ] _update_scan_actions | liang_qiang_attack.png
[  22% ] _update_scan_actions | liang_qiang_death.png
[  22% ] _update_scan_actions | liang_qiang_idle.png
[  22% ] _update_scan_actions | liang_qiang_idle_ne.png
[  22% ] _update_scan_actions | liang_qiang_idle_nw.png
[  23% ] _update_scan_actions | liang_qiang_idle_se.png
[  23% ] _update_scan_actions | liang_qiang_idle_sw.png
[  23% ] _update_scan_actions | liang_qiang_walk.png
[  23% ] _update_scan_actions | lian_huan_ma_attack.png
[  23% ] _update_scan_actions | lian_huan_ma_attack_ne.png
[  23% ] _update_scan_actions | lian_huan_ma_attack_nw.png
[  23% ] _update_scan_actions | lian_huan_ma_attack_se.png
[  23% ] _update_scan_actions | lian_huan_ma_attack_sw.png
[  23% ] _update_scan_actions | lian_huan_ma_death_ne.png
[  23% ] _update_scan_actions | lian_huan_ma_death_nw.png
[  23% ] _update_scan_actions | lian_huan_ma_death_se.png
[  23% ] _update_scan_actions | lian_huan_ma_death_sw.png
[  24% ] _update_scan_actions | lian_huan_ma_hurt_ne.png
[  24% ] _update_scan_actions | lian_huan_ma_hurt_nw.png
[  24% ] _update_scan_actions | lian_huan_ma_hurt_se.png
[  24% ] _update_scan_actions | lian_huan_ma_hurt_sw.png
[  24% ] _update_scan_actions | lian_huan_ma_idle_ne.png
[  24% ] _update_scan_actions | lian_huan_ma_idle_nw.png
[  24% ] _update_scan_actions | lian_huan_ma_idle_se.png
[  24% ] _update_scan_actions | lian_huan_ma_idle_sw.png
[  24% ] _update_scan_actions | lian_huan_ma_walk.png
[  24% ] _update_scan_actions | lian_huan_ma_walk_ne.png
[  24% ] _update_scan_actions | lian_huan_ma_walk_nw.png
[  25% ] _update_scan_actions | lian_huan_ma_walk_se.png
[  25% ] _update_scan_actions | lian_huan_ma_walk_sw.png
[  25% ] _update_scan_actions | ling_zhen_attack.png
[  25% ] _update_scan_actions | ling_zhen_walk.png
[  25% ] _update_scan_actions | lin_chong_attack.png
[  25% ] _update_scan_actions | lin_chong_death.png
[  25% ] _update_scan_actions | lin_chong_idle.png
[  25% ] _update_scan_actions | lin_chong_walk.png
[  25% ] _update_scan_actions | liu_tang_attack.png
[  25% ] _update_scan_actions | liu_tang_walk.png
[  25% ] _update_scan_actions | li_congji_attack.png
[  25% ] _update_scan_actions | li_congji_walk.png
[  26% ] _update_scan_actions | li_gun_attack.png
[  26% ] _update_scan_actions | li_gun_walk.png
[  26% ] _update_scan_actions | li_jun_attack.png
[  26% ] _update_scan_actions | li_jun_walk.png
[  26% ] _update_scan_actions | li_kui_attack.png
[  26% ] _update_scan_actions | li_kui_attack_ne.png
[  26% ] _update_scan_actions | li_kui_attack_nw.png
[  26% ] _update_scan_actions | li_kui_attack_se.png
[  26% ] _update_scan_actions | li_kui_attack_sw.png
[  26% ] _update_scan_actions | li_kui_death.png
[  26% ] _update_scan_actions | li_kui_down_ne.png
[  26% ] _update_scan_actions | li_kui_down_nw.png
[  27% ] _update_scan_actions | li_kui_down_se.png
[  27% ] _update_scan_actions | li_kui_down_sw.png
[  27% ] _update_scan_actions | li_kui_hurt_ne.png
[  27% ] _update_scan_actions | li_kui_hurt_nw.png
[  27% ] _update_scan_actions | li_kui_hurt_se.png
[  27% ] _update_scan_actions | li_kui_hurt_sw.png
[  27% ] _update_scan_actions | li_kui_idle.png
[  27% ] _update_scan_actions | li_kui_idle_ne.png
[  27% ] _update_scan_actions | li_kui_idle_nw.png
[  27% ] _update_scan_actions | li_kui_idle_se.png
[  27% ] _update_scan_actions | li_kui_idle_sw.png
[  27% ] _update_scan_actions | li_kui_walk.png
[  28% ] _update_scan_actions | li_kui_walk_ne.png
[  28% ] _update_scan_actions | li_kui_walk_nw.png
[  28% ] _update_scan_actions | li_kui_walk_se.png
[  28% ] _update_scan_actions | li_kui_walk_sw.png
[  28% ] _update_scan_actions | li_li_attack.png
[  28% ] _update_scan_actions | li_li_walk.png
[  28% ] _update_scan_actions | li_ying_attack.png
[  28% ] _update_scan_actions | li_ying_walk.png
[  28% ] _update_scan_actions | li_yun_attack.png
[  28% ] _update_scan_actions | li_yun_walk.png
[  28% ] _update_scan_actions | li_zhong_attack.png
[  28% ] _update_scan_actions | li_zhong_walk.png
[  29% ] _update_scan_actions | lou_luo_attack.png
[  29% ] _update_scan_actions | lou_luo_death.png
[  29% ] _update_scan_actions | lou_luo_gather.png
[  29% ] _update_scan_actions | lou_luo_idle.png
[  29% ] _update_scan_actions | lou_luo_idle_ne.png
[  29% ] _update_scan_actions | lou_luo_idle_nw.png
[  29% ] _update_scan_actions | lou_luo_idle_se.png
[  29% ] _update_scan_actions | lou_luo_idle_sw.png
[  29% ] _update_scan_actions | lou_luo_walk.png
[  29% ] _update_scan_actions | luan_tingyu_attack.png
[  29% ] _update_scan_actions | luan_tingyu_death.png
[  29% ] _update_scan_actions | luan_tingyu_idle.png
[  30% ] _update_scan_actions | luan_tingyu_walk.png
[  30% ] _update_scan_actions | lu_fang_attack.png
[  30% ] _update_scan_actions | lu_fang_walk.png
[  30% ] _update_scan_actions | lu_junyi_attack.png
[  30% ] _update_scan_actions | lu_junyi_walk.png
[  30% ] _update_scan_actions | lu_zhishen_attack.png
[  30% ] _update_scan_actions | lu_zhishen_death.png
[  30% ] _update_scan_actions | lu_zhishen_idle.png
[  30% ] _update_scan_actions | lu_zhishen_walk.png
[  30% ] _update_scan_actions | ma_lin_attack.png
[  30% ] _update_scan_actions | ma_lin_walk.png
[  30% ] _update_scan_actions | mei_zhan_attack.png
[  31% ] _update_scan_actions | mei_zhan_walk.png
[  31% ] _update_scan_actions | meng_kang_attack.png
[  31% ] _update_scan_actions | meng_kang_walk.png
[  31% ] _update_scan_actions | mu_chun_attack.png
[  31% ] _update_scan_actions | mu_chun_walk.png
[  31% ] _update_scan_actions | mu_hong_attack.png
[  31% ] _update_scan_actions | mu_hong_walk.png
[  31% ] _update_scan_actions | ou_peng_attack.png
[  31% ] _update_scan_actions | ou_peng_walk.png
[  31% ] _update_scan_actions | pei_xuan_attack.png
[  31% ] _update_scan_actions | pei_xuan_walk.png
[  31% ] _update_scan_actions | peng_qi_attack.png
[  32% ] _update_scan_actions | peng_qi_walk.png
[  32% ] _update_scan_actions | qin_ming_attack.png
[  32% ] _update_scan_actions | qin_ming_walk.png
[  32% ] _update_scan_actions | ruan_brother_attack.png
[  32% ] _update_scan_actions | ruan_brother_walk.png
[  32% ] _update_scan_actions | ruan_xiaoqi_attack.png
[  32% ] _update_scan_actions | ruan_xiaoqi_walk.png
[  32% ] _update_scan_actions | ruan_xiaowu_attack.png
[  32% ] _update_scan_actions | ruan_xiaowu_walk.png
[  32% ] _update_scan_actions | shan_tinggui_attack.png
[  32% ] _update_scan_actions | shan_tinggui_walk.png
[  32% ] _update_scan_actions | shi_en_attack.png
[  33% ] _update_scan_actions | shi_en_walk.png
[  33% ] _update_scan_actions | shi_jin_attack.png
[  33% ] _update_scan_actions | shi_jin_walk.png
[  33% ] _update_scan_actions | shi_qian_attack.png
[  33% ] _update_scan_actions | shi_qian_walk.png
[  33% ] _update_scan_actions | shi_wengong_attack.png
[  33% ] _update_scan_actions | shi_wengong_death.png
[  33% ] _update_scan_actions | shi_wengong_idle.png
[  33% ] _update_scan_actions | shi_wengong_walk.png
[  33% ] _update_scan_actions | shi_xiu_attack.png
[  33% ] _update_scan_actions | shi_xiu_walk.png
[  34% ] _update_scan_actions | shi_yong_attack.png
[  34% ] _update_scan_actions | shi_yong_walk.png
[  34% ] _update_scan_actions | siege_cata_attack.png
[  34% ] _update_scan_actions | siege_cata_idle_ne.png
[  34% ] _update_scan_actions | siege_cata_idle_nw.png
[  34% ] _update_scan_actions | siege_cata_idle_se.png
[  34% ] _update_scan_actions | siege_cata_idle_sw.png
[  34% ] _update_scan_actions | siege_cata_walk.png
[  34% ] _update_scan_actions | siege_ram_attack.png
[  34% ] _update_scan_actions | siege_ram_idle_ne.png
[  34% ] _update_scan_actions | siege_ram_idle_nw.png
[  34% ] _update_scan_actions | siege_ram_idle_se.png
[  35% ] _update_scan_actions | siege_ram_idle_sw.png
[  35% ] _update_scan_actions | siege_ram_walk.png
[  35% ] _update_scan_actions | song_jiang_attack.png
[  35% ] _update_scan_actions | song_jiang_death.png
[  35% ] _update_scan_actions | song_jiang_idle.png
[  35% ] _update_scan_actions | song_jiang_walk.png
[  35% ] _update_scan_actions | song_qing_attack.png
[  35% ] _update_scan_actions | song_qing_walk.png
[  35% ] _update_scan_actions | song_wan_attack.png
[  35% ] _update_scan_actions | song_wan_walk.png
[  35% ] _update_scan_actions | sun_erniang_attack.png
[  35% ] _update_scan_actions | sun_erniang_walk.png
[  36% ] _update_scan_actions | sun_li_attack.png
[  36% ] _update_scan_actions | sun_li_walk.png
[  36% ] _update_scan_actions | sun_xin_attack.png
[  36% ] _update_scan_actions | sun_xin_walk.png
[  36% ] _update_scan_actions | suo_chao_attack.png
[  36% ] _update_scan_actions | suo_chao_walk.png
[  36% ] _update_scan_actions | tang_long_attack.png
[  36% ] _update_scan_actions | tang_long_walk.png
[  36% ] _update_scan_actions | tao_zongwang_attack.png
[  36% ] _update_scan_actions | tao_zongwang_walk.png
[  36% ] _update_scan_actions | tiger_summon_attack.png
[  36% ] _update_scan_actions | tiger_summon_walk.png
[  37% ] _update_scan_actions | tong_guan_attack.png
[  37% ] _update_scan_actions | tong_guan_walk.png
[  37% ] _update_scan_actions | tong_meng_attack.png
[  37% ] _update_scan_actions | tong_meng_walk.png
[  37% ] _update_scan_actions | tong_wei_attack.png
[  37% ] _update_scan_actions | tong_wei_walk.png
[  37% ] _update_scan_actions | wang_dingliu_attack.png
[  37% ] _update_scan_actions | wang_dingliu_walk.png
[  37% ] _update_scan_actions | wang_huan_attack.png
[  37% ] _update_scan_actions | wang_huan_walk.png
[  37% ] _update_scan_actions | wang_wende_attack.png
[  37% ] _update_scan_actions | wang_wende_walk.png
[  38% ] _update_scan_actions | wang_ying_attack.png
[  38% ] _update_scan_actions | wang_ying_walk.png
[  38% ] _update_scan_actions | war_elephant_attack.png
[  38% ] _update_scan_actions | war_elephant_walk.png
[  38% ] _update_scan_actions | wei_dingguo_attack.png
[  38% ] _update_scan_actions | wei_dingguo_walk.png
[  38% ] _update_scan_actions | wen_da_attack.png
[  38% ] _update_scan_actions | wen_da_walk.png
[  38% ] _update_scan_actions | wu_song_attack.png
[  38% ] _update_scan_actions | wu_song_death.png
[  38% ] _update_scan_actions | wu_song_idle.png
[  38% ] _update_scan_actions | wu_song_walk.png
[  39% ] _update_scan_actions | wu_yong_attack.png
[  39% ] _update_scan_actions | wu_yong_death.png
[  39% ] _update_scan_actions | wu_yong_idle.png
[  39% ] _update_scan_actions | wu_yong_walk.png
[  39% ] _update_scan_actions | xiang_chong_attack.png
[  39% ] _update_scan_actions | xiang_chong_walk.png
[  39% ] _update_scan_actions | xiang_yuanzhen_attack.png
[  39% ] _update_scan_actions | xiang_yuanzhen_walk.png
[  39% ] _update_scan_actions | xiao_rang_attack.png
[  39% ] _update_scan_actions | xiao_rang_walk.png
[  39% ] _update_scan_actions | xie_bao_attack.png
[  39% ] _update_scan_actions | xie_bao_walk.png
[  40% ] _update_scan_actions | xie_zhen_attack.png
[  40% ] _update_scan_actions | xie_zhen_walk.png
[  40% ] _update_scan_actions | xuan_zan_attack.png
[  40% ] _update_scan_actions | xuan_zan_walk.png
[  40% ] _update_scan_actions | xue_yong_attack.png
[  40% ] _update_scan_actions | xue_yong_walk.png
[  40% ] _update_scan_actions | xu_jing_attack.png
[  40% ] _update_scan_actions | xu_jing_walk.png
[  40% ] _update_scan_actions | xu_ning_attack.png
[  40% ] _update_scan_actions | xu_ning_walk.png
[  40% ] _update_scan_actions | yang_chun_attack.png
[  40% ] _update_scan_actions | yang_chun_walk.png
[  41% ] _update_scan_actions | yang_lin_attack.png
[  41% ] _update_scan_actions | yang_lin_walk.png
[  41% ] _update_scan_actions | yang_wen_attack.png
[  41% ] _update_scan_actions | yang_wen_walk.png
[  41% ] _update_scan_actions | yang_xiong_attack.png
[  41% ] _update_scan_actions | yang_xiong_walk.png
[  41% ] _update_scan_actions | yang_zhi_attack.png
[  41% ] _update_scan_actions | yang_zhi_walk.png
[  41% ] _update_scan_actions | yan_qing_attack.png
[  41% ] _update_scan_actions | yan_qing_walk.png
[  41% ] _update_scan_actions | yan_shun_attack.png
[  42% ] _update_scan_actions | yan_shun_walk.png
[  42% ] _update_scan_actions | yue_he_attack.png
[  42% ] _update_scan_actions | yue_he_walk.png
[  42% ] _update_scan_actions | yu_baosi_attack.png
[  42% ] _update_scan_actions | yu_baosi_walk.png
[  42% ] _update_scan_actions | yu_hou_attack.png
[  42% ] _update_scan_actions | yu_hou_down_ne.png
[  42% ] _update_scan_actions | yu_hou_down_nw.png
[  42% ] _update_scan_actions | yu_hou_down_se.png
[  42% ] _update_scan_actions | yu_hou_down_sw.png
[  42% ] _update_scan_actions | yu_hou_idle_ne.png
[  42% ] _update_scan_actions | yu_hou_idle_nw.png
[  43% ] _update_scan_actions | yu_hou_idle_se.png
[  43% ] _update_scan_actions | yu_hou_idle_sw.png
[  43% ] _update_scan_actions | yu_hou_walk.png
[  43% ] _update_scan_actions | zhang_heng_attack.png
[  43% ] _update_scan_actions | zhang_heng_walk.png
[  43% ] _update_scan_actions | zhang_kai_attack.png
[  43% ] _update_scan_actions | zhang_kai_walk.png
[  43% ] _update_scan_actions | zhang_qing_attack.png
[  43% ] _update_scan_actions | zhang_qing_cai_attack.png
[  43% ] _update_scan_actions | zhang_qing_cai_walk.png
[  43% ] _update_scan_actions | zhang_qing_death.png
[  43% ] _update_scan_actions | zhang_qing_idle.png
[  44% ] _update_scan_actions | zhang_qing_walk.png
[  44% ] _update_scan_actions | zhang_shun_attack.png
[  44% ] _update_scan_actions | zhang_shun_walk.png
[  44% ] _update_scan_actions | zhang_tuanlian_attack.png
[  44% ] _update_scan_actions | zhang_tuanlian_walk.png
[  44% ] _update_scan_actions | zheng_tianshou_attack.png
[  44% ] _update_scan_actions | zheng_tianshou_walk.png
[  44% ] _update_scan_actions | zhou_tong_attack.png
[  44% ] _update_scan_actions | zhou_tong_walk.png
[  44% ] _update_scan_actions | zhu_biao_attack.png
[  44% ] _update_scan_actions | zhu_biao_walk.png
[  44% ] _update_scan_actions | zhu_fu_attack.png
[  45% ] _update_scan_actions | zhu_fu_walk.png
[  45% ] _update_scan_actions | zhu_gong_attack.png
[  45% ] _update_scan_actions | zhu_gong_idle_ne.png
[  45% ] _update_scan_actions | zhu_gong_idle_nw.png
[  45% ] _update_scan_actions | zhu_gong_idle_se.png
[  45% ] _update_scan_actions | zhu_gong_idle_sw.png
[  45% ] _update_scan_actions | zhu_gong_walk.png
[  45% ] _update_scan_actions | zhu_gui_attack.png
[  45% ] _update_scan_actions | zhu_gui_walk.png
[  45% ] _update_scan_actions | zhu_hu_attack.png
[  45% ] _update_scan_actions | zhu_hu_walk.png
[  45% ] _update_scan_actions | zhu_keke_attack.png
[  46% ] _update_scan_actions | zhu_keke_idle_ne.png
[  46% ] _update_scan_actions | zhu_keke_idle_nw.png
[  46% ] _update_scan_actions | zhu_keke_idle_se.png
[  46% ] _update_scan_actions | zhu_keke_idle_sw.png
[  46% ] _update_scan_actions | zhu_keke_walk.png
[  46% ] _update_scan_actions | zhu_long_attack.png
[  46% ] _update_scan_actions | zhu_long_walk.png
[  46% ] _update_scan_actions | zhu_qi_attack.png
[  46% ] _update_scan_actions | zhu_qi_idle_ne.png
[  46% ] _update_scan_actions | zhu_qi_idle_nw.png
[  46% ] _update_scan_actions | zhu_qi_idle_se.png
[  46% ] _update_scan_actions | zhu_qi_idle_sw.png
[  47% ] _update_scan_actions | zhu_qi_walk.png
[  47% ] _update_scan_actions | zhu_tong_attack.png
[  47% ] _update_scan_actions | zhu_tong_walk.png
[  47% ] _update_scan_actions | zhu_wu_attack.png
[  47% ] _update_scan_actions | zhu_wu_walk.png
[  47% ] _update_scan_actions | zou_run_attack.png
[  47% ] _update_scan_actions | zou_run_walk.png
[  47% ] _update_scan_actions | zou_yuan_attack.png
[  47% ] _update_scan_actions | zou_yuan_walk.png
[  47% ] _update_scan_actions | bound_lu_junyi_idle_ne.png
[  47% ] _update_scan_actions | bound_lu_junyi_idle_nw.png
[  47% ] _update_scan_actions | bound_lu_junyi_idle_se.png
[  48% ] _update_scan_actions | bound_lu_junyi_idle_sw.png
[  48% ] _update_scan_actions | bound_shi_xiu_idle_ne.png
[  48% ] _update_scan_actions | bound_shi_xiu_idle_nw.png
[  48% ] _update_scan_actions | bound_shi_xiu_idle_se.png
[  48% ] _update_scan_actions | bound_shi_xiu_idle_sw.png
[  48% ] _update_scan_actions | chai_jin_officer_idle_ne.png
[  48% ] _update_scan_actions | chai_jin_officer_idle_nw.png
[  48% ] _update_scan_actions | chai_jin_officer_idle_se.png
[  48% ] _update_scan_actions | chai_jin_officer_idle_sw.png
[  48% ] _update_scan_actions | dai_zong_bound_idle_ne.png
[  48% ] _update_scan_actions | dai_zong_bound_idle_nw.png
[  48% ] _update_scan_actions | dai_zong_bound_idle_se.png
[  49% ] _update_scan_actions | dai_zong_bound_idle_sw.png
[  49% ] _update_scan_actions | dai_zong_rescued_idle_ne.png
[  49% ] _update_scan_actions | dai_zong_rescued_idle_nw.png
[  49% ] _update_scan_actions | dai_zong_rescued_idle_se.png
[  49% ] _update_scan_actions | dai_zong_rescued_idle_sw.png
[  49% ] _update_scan_actions | dai_zong_rescued_walk_ne.png
[  49% ] _update_scan_actions | dai_zong_rescued_walk_nw.png
[  49% ] _update_scan_actions | dai_zong_rescued_walk_se.png
[  49% ] _update_scan_actions | dai_zong_rescued_walk_sw.png
[  49% ] _update_scan_actions | daming_bound_lu_junyi_idle_ne.png
[  49% ] _update_scan_actions | daming_bound_lu_junyi_idle_nw.png
[  50% ] _update_scan_actions | daming_bound_lu_junyi_idle_se.png
[  50% ] _update_scan_actions | daming_bound_lu_junyi_idle_sw.png
[  50% ] _update_scan_actions | daming_bound_shi_xiu_idle_ne.png
[  50% ] _update_scan_actions | daming_bound_shi_xiu_idle_nw.png
[  50% ] _update_scan_actions | daming_bound_shi_xiu_idle_se.png
[  50% ] _update_scan_actions | daming_bound_shi_xiu_idle_sw.png
[  50% ] _update_scan_actions | daming_rescued_lu_junyi_idle_ne.png
[  50% ] _update_scan_actions | daming_rescued_lu_junyi_idle_nw.png
[  50% ] _update_scan_actions | daming_rescued_lu_junyi_idle_se.png
[  50% ] _update_scan_actions | daming_rescued_lu_junyi_idle_sw.png
[  50% ] _update_scan_actions | daming_rescued_lu_junyi_walk_ne.png
[  50% ] _update_scan_actions | daming_rescued_lu_junyi_walk_nw.png
[  51% ] _update_scan_actions | daming_rescued_lu_junyi_walk_se.png
[  51% ] _update_scan_actions | daming_rescued_lu_junyi_walk_sw.png
[  51% ] _update_scan_actions | daming_rescued_shi_xiu_idle_ne.png
[  51% ] _update_scan_actions | daming_rescued_shi_xiu_idle_nw.png
[  51% ] _update_scan_actions | daming_rescued_shi_xiu_idle_se.png
[  51% ] _update_scan_actions | daming_rescued_shi_xiu_idle_sw.png
[  51% ] _update_scan_actions | daming_rescued_shi_xiu_walk_ne.png
[  51% ] _update_scan_actions | daming_rescued_shi_xiu_walk_nw.png
[  51% ] _update_scan_actions | daming_rescued_shi_xiu_walk_se.png
[  51% ] _update_scan_actions | daming_rescued_shi_xiu_walk_sw.png
[  51% ] _update_scan_actions | dong_chao_escort_idle_ne.png
[  51% ] _update_scan_actions | dong_chao_escort_idle_nw.png
[  52% ] _update_scan_actions | dong_chao_escort_idle_se.png
[  52% ] _update_scan_actions | dong_chao_escort_idle_sw.png
[  52% ] _update_scan_actions | dong_chao_escort_walk_ne.png
[  52% ] _update_scan_actions | dong_chao_escort_walk_nw.png
[  52% ] _update_scan_actions | dong_chao_escort_walk_se.png
[  52% ] _update_scan_actions | dong_chao_escort_walk_sw.png
[  52% ] _update_scan_actions | gao_qiu_captured_down_ne.png
[  52% ] _update_scan_actions | gao_qiu_captured_down_nw.png
[  52% ] _update_scan_actions | gao_qiu_captured_down_se.png
[  52% ] _update_scan_actions | gao_qiu_captured_down_sw.png
[  52% ] _update_scan_actions | gao_qiu_captured_idle_ne.png
[  52% ] _update_scan_actions | gao_qiu_captured_idle_nw.png
[  53% ] _update_scan_actions | gao_qiu_captured_idle_se.png
[  53% ] _update_scan_actions | gao_qiu_captured_idle_sw.png
[  53% ] _update_scan_actions | hn_bai_sheng_carry_idle_ne.png
[  53% ] _update_scan_actions | hn_bai_sheng_carry_idle_nw.png
[  53% ] _update_scan_actions | hn_bai_sheng_carry_idle_se.png
[  53% ] _update_scan_actions | hn_bai_sheng_carry_idle_sw.png
[  53% ] _update_scan_actions | hn_bai_sheng_carry_walk_ne.png
[  53% ] _update_scan_actions | hn_bai_sheng_carry_walk_nw.png
[  53% ] _update_scan_actions | hn_bai_sheng_carry_walk_se.png
[  53% ] _update_scan_actions | hn_bai_sheng_carry_walk_sw.png
[  53% ] _update_scan_actions | hn_bai_sheng_idle_ne.png
[  53% ] _update_scan_actions | hn_bai_sheng_idle_nw.png
[  54% ] _update_scan_actions | hn_bai_sheng_idle_se.png
[  54% ] _update_scan_actions | hn_bai_sheng_idle_sw.png
[  54% ] _update_scan_actions | hn_bai_sheng_walk_ne.png
[  54% ] _update_scan_actions | hn_bai_sheng_walk_nw.png
[  54% ] _update_scan_actions | hn_bai_sheng_walk_se.png
[  54% ] _update_scan_actions | hn_bai_sheng_walk_sw.png
[  54% ] _update_scan_actions | hn_chao_gai_idle_ne.png
[  54% ] _update_scan_actions | hn_chao_gai_idle_nw.png
[  54% ] _update_scan_actions | hn_chao_gai_idle_se.png
[  54% ] _update_scan_actions | hn_chao_gai_idle_sw.png
[  54% ] _update_scan_actions | hn_chao_gai_walk_ne.png
[  54% ] _update_scan_actions | hn_chao_gai_walk_nw.png
[  55% ] _update_scan_actions | hn_chao_gai_walk_se.png
[  55% ] _update_scan_actions | hn_chao_gai_walk_sw.png
[  55% ] _update_scan_actions | hn_gongsun_sheng_idle_ne.png
[  55% ] _update_scan_actions | hn_gongsun_sheng_idle_nw.png
[  55% ] _update_scan_actions | hn_gongsun_sheng_idle_se.png
[  55% ] _update_scan_actions | hn_gongsun_sheng_idle_sw.png
[  55% ] _update_scan_actions | hn_gongsun_sheng_walk_ne.png
[  55% ] _update_scan_actions | hn_gongsun_sheng_walk_nw.png
[  55% ] _update_scan_actions | hn_gongsun_sheng_walk_se.png
[  55% ] _update_scan_actions | hn_gongsun_sheng_walk_sw.png
[  55% ] _update_scan_actions | hn_liu_tang_idle_ne.png
[  55% ] _update_scan_actions | hn_liu_tang_idle_nw.png
[  56% ] _update_scan_actions | hn_liu_tang_idle_se.png
[  56% ] _update_scan_actions | hn_liu_tang_idle_sw.png
[  56% ] _update_scan_actions | hn_liu_tang_walk_ne.png
[  56% ] _update_scan_actions | hn_liu_tang_walk_nw.png
[  56% ] _update_scan_actions | hn_liu_tang_walk_se.png
[  56% ] _update_scan_actions | hn_liu_tang_walk_sw.png
[  56% ] _update_scan_actions | hn_ruan_xiaoer_idle_ne.png
[  56% ] _update_scan_actions | hn_ruan_xiaoer_idle_nw.png
[  56% ] _update_scan_actions | hn_ruan_xiaoer_idle_se.png
[  56% ] _update_scan_actions | hn_ruan_xiaoer_idle_sw.png
[  56% ] _update_scan_actions | hn_ruan_xiaoer_walk_ne.png
[  56% ] _update_scan_actions | hn_ruan_xiaoer_walk_nw.png
[  57% ] _update_scan_actions | hn_ruan_xiaoer_walk_se.png
[  57% ] _update_scan_actions | hn_ruan_xiaoer_walk_sw.png
[  57% ] _update_scan_actions | hn_ruan_xiaoqi_idle_ne.png
[  57% ] _update_scan_actions | hn_ruan_xiaoqi_idle_nw.png
[  57% ] _update_scan_actions | hn_ruan_xiaoqi_idle_se.png
[  57% ] _update_scan_actions | hn_ruan_xiaoqi_idle_sw.png
[  57% ] _update_scan_actions | hn_ruan_xiaoqi_walk_ne.png
[  57% ] _update_scan_actions | hn_ruan_xiaoqi_walk_nw.png
[  57% ] _update_scan_actions | hn_ruan_xiaoqi_walk_se.png
[  57% ] _update_scan_actions | hn_ruan_xiaoqi_walk_sw.png
[  57% ] _update_scan_actions | hn_ruan_xiaowu_idle_ne.png
[  57% ] _update_scan_actions | hn_ruan_xiaowu_idle_nw.png
[  58% ] _update_scan_actions | hn_ruan_xiaowu_idle_se.png
[  58% ] _update_scan_actions | hn_ruan_xiaowu_idle_sw.png
[  58% ] _update_scan_actions | hn_ruan_xiaowu_walk_ne.png
[  58% ] _update_scan_actions | hn_ruan_xiaowu_walk_nw.png
[  58% ] _update_scan_actions | hn_ruan_xiaowu_walk_se.png
[  58% ] _update_scan_actions | hn_ruan_xiaowu_walk_sw.png
[  58% ] _update_scan_actions | hn_wu_yong_idle_ne.png
[  58% ] _update_scan_actions | hn_wu_yong_idle_nw.png
[  58% ] _update_scan_actions | hn_wu_yong_idle_se.png
[  58% ] _update_scan_actions | hn_wu_yong_idle_sw.png
[  58% ] _update_scan_actions | hn_wu_yong_walk_ne.png
[  59% ] _update_scan_actions | hn_wu_yong_walk_nw.png
[  59% ] _update_scan_actions | hn_wu_yong_walk_se.png
[  59% ] _update_scan_actions | hn_wu_yong_walk_sw.png
[  59% ] _update_scan_actions | jiang_menshen_fists_attack_ne.png
[  59% ] _update_scan_actions | jiang_menshen_fists_attack_nw.png
[  59% ] _update_scan_actions | jiang_menshen_fists_attack_se.png
[  59% ] _update_scan_actions | jiang_menshen_fists_attack_sw.png
[  59% ] _update_scan_actions | jiang_menshen_fists_down_ne.png
[  59% ] _update_scan_actions | jiang_menshen_fists_down_nw.png
[  59% ] _update_scan_actions | jiang_menshen_fists_down_se.png
[  59% ] _update_scan_actions | jiang_menshen_fists_down_sw.png
[  59% ] _update_scan_actions | jiang_menshen_fists_hurt_ne.png
[  60% ] _update_scan_actions | jiang_menshen_fists_hurt_nw.png
[  60% ] _update_scan_actions | jiang_menshen_fists_hurt_se.png
[  60% ] _update_scan_actions | jiang_menshen_fists_hurt_sw.png
[  60% ] _update_scan_actions | jiang_menshen_fists_idle_ne.png
[  60% ] _update_scan_actions | jiang_menshen_fists_idle_nw.png
[  60% ] _update_scan_actions | jiang_menshen_fists_idle_se.png
[  60% ] _update_scan_actions | jiang_menshen_fists_idle_sw.png
[  60% ] _update_scan_actions | jiang_menshen_fists_walk_ne.png
[  60% ] _update_scan_actions | jiang_menshen_fists_walk_nw.png
[  60% ] _update_scan_actions | jiang_menshen_fists_walk_se.png
[  60% ] _update_scan_actions | jiang_menshen_fists_walk_sw.png
[  60% ] _update_scan_actions | lin_chong_bound_attack_ne.png
[  61% ] _update_scan_actions | lin_chong_bound_attack_nw.png
[  61% ] _update_scan_actions | lin_chong_bound_attack_se.png
[  61% ] _update_scan_actions | lin_chong_bound_attack_sw.png
[  61% ] _update_scan_actions | lin_chong_bound_down_ne.png
[  61% ] _update_scan_actions | lin_chong_bound_down_nw.png
[  61% ] _update_scan_actions | lin_chong_bound_down_se.png
[  61% ] _update_scan_actions | lin_chong_bound_down_sw.png
[  61% ] _update_scan_actions | lin_chong_bound_hurt_ne.png
[  61% ] _update_scan_actions | lin_chong_bound_hurt_nw.png
[  61% ] _update_scan_actions | lin_chong_bound_hurt_se.png
[  61% ] _update_scan_actions | lin_chong_bound_hurt_sw.png
[  61% ] _update_scan_actions | lin_chong_bound_idle_ne.png
[  62% ] _update_scan_actions | lin_chong_bound_idle_nw.png
[  62% ] _update_scan_actions | lin_chong_bound_idle_se.png
[  62% ] _update_scan_actions | lin_chong_bound_idle_sw.png
[  62% ] _update_scan_actions | lin_chong_bound_walk_ne.png
[  62% ] _update_scan_actions | lin_chong_bound_walk_nw.png
[  62% ] _update_scan_actions | lin_chong_bound_walk_se.png
[  62% ] _update_scan_actions | lin_chong_bound_walk_sw.png
[  62% ] _update_scan_actions | lin_chong_escort_assisted_ne.png
[  62% ] _update_scan_actions | lin_chong_escort_assisted_nw.png
[  62% ] _update_scan_actions | lin_chong_escort_assisted_se.png
[  62% ] _update_scan_actions | lin_chong_escort_assisted_sw.png
[  62% ] _update_scan_actions | lin_chong_escort_attack_ne.png
[  63% ] _update_scan_actions | lin_chong_escort_attack_nw.png
[  63% ] _update_scan_actions | lin_chong_escort_attack_se.png
[  63% ] _update_scan_actions | lin_chong_escort_attack_sw.png
[  63% ] _update_scan_actions | lin_chong_escort_down_ne.png
[  63% ] _update_scan_actions | lin_chong_escort_down_nw.png
[  63% ] _update_scan_actions | lin_chong_escort_down_se.png
[  63% ] _update_scan_actions | lin_chong_escort_down_sw.png
[  63% ] _update_scan_actions | lin_chong_escort_hurt_ne.png
[  63% ] _update_scan_actions | lin_chong_escort_hurt_nw.png
[  63% ] _update_scan_actions | lin_chong_escort_hurt_se.png
[  63% ] _update_scan_actions | lin_chong_escort_hurt_sw.png
[  63% ] _update_scan_actions | lin_chong_escort_idle_ne.png
[  64% ] _update_scan_actions | lin_chong_escort_idle_nw.png
[  64% ] _update_scan_actions | lin_chong_escort_idle_se.png
[  64% ] _update_scan_actions | lin_chong_escort_idle_sw.png
[  64% ] _update_scan_actions | lin_chong_escort_walk_ne.png
[  64% ] _update_scan_actions | lin_chong_escort_walk_nw.png
[  64% ] _update_scan_actions | lin_chong_escort_walk_se.png
[  64% ] _update_scan_actions | lin_chong_escort_walk_sw.png
[  64% ] _update_scan_actions | lin_chong_prisoner_attack_ne.png
[  64% ] _update_scan_actions | lin_chong_prisoner_attack_nw.png
[  64% ] _update_scan_actions | lin_chong_prisoner_attack_se.png
[  64% ] _update_scan_actions | lin_chong_prisoner_attack_sw.png
[  64% ] _update_scan_actions | lin_chong_prisoner_down_ne.png
[  65% ] _update_scan_actions | lin_chong_prisoner_down_nw.png
[  65% ] _update_scan_actions | lin_chong_prisoner_down_se.png
[  65% ] _update_scan_actions | lin_chong_prisoner_down_sw.png
[  65% ] _update_scan_actions | lin_chong_prisoner_hurt_ne.png
[  65% ] _update_scan_actions | lin_chong_prisoner_hurt_nw.png
[  65% ] _update_scan_actions | lin_chong_prisoner_hurt_se.png
[  65% ] _update_scan_actions | lin_chong_prisoner_hurt_sw.png
[  65% ] _update_scan_actions | lin_chong_prisoner_idle_ne.png
[  65% ] _update_scan_actions | lin_chong_prisoner_idle_nw.png
[  65% ] _update_scan_actions | lin_chong_prisoner_idle_se.png
[  65% ] _update_scan_actions | lin_chong_prisoner_idle_sw.png
[  65% ] _update_scan_actions | lin_chong_prisoner_walk_ne.png
[  66% ] _update_scan_actions | lin_chong_prisoner_walk_nw.png
[  66% ] _update_scan_actions | lin_chong_prisoner_walk_se.png
[  66% ] _update_scan_actions | lin_chong_prisoner_walk_sw.png
[  66% ] _update_scan_actions | li_kui_jiangzhou_attack_ne.png
[  66% ] _update_scan_actions | li_kui_jiangzhou_attack_nw.png
[  66% ] _update_scan_actions | li_kui_jiangzhou_attack_se.png
[  66% ] _update_scan_actions | li_kui_jiangzhou_attack_sw.png
[  66% ] _update_scan_actions | li_kui_jiangzhou_down_ne.png
[  66% ] _update_scan_actions | li_kui_jiangzhou_down_nw.png
[  66% ] _update_scan_actions | li_kui_jiangzhou_down_se.png
[  66% ] _update_scan_actions | li_kui_jiangzhou_down_sw.png
[  67% ] _update_scan_actions | li_kui_jiangzhou_hurt_ne.png
[  67% ] _update_scan_actions | li_kui_jiangzhou_hurt_nw.png
[  67% ] _update_scan_actions | li_kui_jiangzhou_hurt_se.png
[  67% ] _update_scan_actions | li_kui_jiangzhou_hurt_sw.png
[  67% ] _update_scan_actions | li_kui_jiangzhou_idle_ne.png
[  67% ] _update_scan_actions | li_kui_jiangzhou_idle_nw.png
[  67% ] _update_scan_actions | li_kui_jiangzhou_idle_se.png
[  67% ] _update_scan_actions | li_kui_jiangzhou_idle_sw.png
[  67% ] _update_scan_actions | li_kui_jiangzhou_walk_ne.png
[  67% ] _update_scan_actions | li_kui_jiangzhou_walk_nw.png
[  67% ] _update_scan_actions | li_kui_jiangzhou_walk_se.png
[  67% ] _update_scan_actions | li_kui_jiangzhou_walk_sw.png
[  68% ] _update_scan_actions | lu_zhishen_rescue_attack_ne.png
[  68% ] _update_scan_actions | lu_zhishen_rescue_attack_nw.png
[  68% ] _update_scan_actions | lu_zhishen_rescue_attack_se.png
[  68% ] _update_scan_actions | lu_zhishen_rescue_attack_sw.png
[  68% ] _update_scan_actions | lu_zhishen_rescue_down_ne.png
[  68% ] _update_scan_actions | lu_zhishen_rescue_down_nw.png
[  68% ] _update_scan_actions | lu_zhishen_rescue_down_se.png
[  68% ] _update_scan_actions | lu_zhishen_rescue_down_sw.png
[  68% ] _update_scan_actions | lu_zhishen_rescue_hurt_ne.png
[  68% ] _update_scan_actions | lu_zhishen_rescue_hurt_nw.png
[  68% ] _update_scan_actions | lu_zhishen_rescue_hurt_se.png
[  68% ] _update_scan_actions | lu_zhishen_rescue_hurt_sw.png
[  69% ] _update_scan_actions | lu_zhishen_rescue_idle_ne.png
[  69% ] _update_scan_actions | lu_zhishen_rescue_idle_nw.png
[  69% ] _update_scan_actions | lu_zhishen_rescue_idle_se.png
[  69% ] _update_scan_actions | lu_zhishen_rescue_idle_sw.png
[  69% ] _update_scan_actions | lu_zhishen_rescue_intercept_ne.png
[  69% ] _update_scan_actions | lu_zhishen_rescue_intercept_nw.png
[  69% ] _update_scan_actions | lu_zhishen_rescue_intercept_se.png
[  69% ] _update_scan_actions | lu_zhishen_rescue_intercept_sw.png
[  69% ] _update_scan_actions | lu_zhishen_rescue_walk_ne.png
[  69% ] _update_scan_actions | lu_zhishen_rescue_walk_nw.png
[  69% ] _update_scan_actions | lu_zhishen_rescue_walk_se.png
[  69% ] _update_scan_actions | lu_zhishen_rescue_walk_sw.png
[  70% ] _update_scan_actions | rescued_lu_junyi_idle_ne.png
[  70% ] _update_scan_actions | rescued_lu_junyi_idle_nw.png
[  70% ] _update_scan_actions | rescued_lu_junyi_idle_se.png
[  70% ] _update_scan_actions | rescued_lu_junyi_idle_sw.png
[  70% ] _update_scan_actions | rescued_shi_xiu_idle_ne.png
[  70% ] _update_scan_actions | rescued_shi_xiu_idle_nw.png
[  70% ] _update_scan_actions | rescued_shi_xiu_idle_se.png
[  70% ] _update_scan_actions | rescued_shi_xiu_idle_sw.png
[  70% ] _update_scan_actions | shi_qian_lantern_idle_ne.png
[  70% ] _update_scan_actions | shi_qian_lantern_idle_nw.png
[  70% ] _update_scan_actions | shi_qian_lantern_idle_se.png
[  70% ] _update_scan_actions | shi_qian_lantern_idle_sw.png
[  71% ] _update_scan_actions | song_jiang_bound_idle_ne.png
[  71% ] _update_scan_actions | song_jiang_bound_idle_nw.png
[  71% ] _update_scan_actions | song_jiang_bound_idle_se.png
[  71% ] _update_scan_actions | song_jiang_bound_idle_sw.png
[  71% ] _update_scan_actions | song_jiang_rescued_idle_ne.png
[  71% ] _update_scan_actions | song_jiang_rescued_idle_nw.png
[  71% ] _update_scan_actions | song_jiang_rescued_idle_se.png
[  71% ] _update_scan_actions | song_jiang_rescued_idle_sw.png
[  71% ] _update_scan_actions | song_jiang_rescued_walk_ne.png
[  71% ] _update_scan_actions | song_jiang_rescued_walk_nw.png
[  71% ] _update_scan_actions | song_jiang_rescued_walk_se.png
[  71% ] _update_scan_actions | song_jiang_rescued_walk_sw.png
[  72% ] _update_scan_actions | town_elder_idle_ne.png
[  72% ] _update_scan_actions | town_elder_idle_nw.png
[  72% ] _update_scan_actions | town_elder_idle_se.png
[  72% ] _update_scan_actions | town_elder_idle_sw.png
[  72% ] _update_scan_actions | town_porter_idle_ne.png
[  72% ] _update_scan_actions | town_porter_idle_nw.png
[  72% ] _update_scan_actions | town_porter_idle_se.png
[  72% ] _update_scan_actions | town_porter_idle_sw.png
[  72% ] _update_scan_actions | town_vendor_idle_ne.png
[  72% ] _update_scan_actions | town_vendor_idle_nw.png
[  72% ] _update_scan_actions | town_vendor_idle_se.png
[  72% ] _update_scan_actions | town_vendor_idle_sw.png
[  73% ] _update_scan_actions | town_woman_idle_ne.png
[  73% ] _update_scan_actions | town_woman_idle_nw.png
[  73% ] _update_scan_actions | town_woman_idle_se.png
[  73% ] _update_scan_actions | town_woman_idle_sw.png
[  73% ] _update_scan_actions | wu_song_mengzhou_attack_ne.png
[  73% ] _update_scan_actions | wu_song_mengzhou_attack_nw.png
[  73% ] _update_scan_actions | wu_song_mengzhou_attack_se.png
[  73% ] _update_scan_actions | wu_song_mengzhou_attack_sw.png
[  73% ] _update_scan_actions | wu_song_mengzhou_down_ne.png
[  73% ] _update_scan_actions | wu_song_mengzhou_down_nw.png
[  73% ] _update_scan_actions | wu_song_mengzhou_down_se.png
[  73% ] _update_scan_actions | wu_song_mengzhou_down_sw.png
[  74% ] _update_scan_actions | wu_song_mengzhou_hurt_ne.png
[  74% ] _update_scan_actions | wu_song_mengzhou_hurt_nw.png
[  74% ] _update_scan_actions | wu_song_mengzhou_hurt_se.png
[  74% ] _update_scan_actions | wu_song_mengzhou_hurt_sw.png
[  74% ] _update_scan_actions | wu_song_mengzhou_idle_ne.png
[  74% ] _update_scan_actions | wu_song_mengzhou_idle_nw.png
[  74% ] _update_scan_actions | wu_song_mengzhou_idle_se.png
[  74% ] _update_scan_actions | wu_song_mengzhou_idle_sw.png
[  74% ] _update_scan_actions | wu_song_mengzhou_walk_ne.png
[  74% ] _update_scan_actions | wu_song_mengzhou_walk_nw.png
[  74% ] _update_scan_actions | wu_song_mengzhou_walk_se.png
[  75% ] _update_scan_actions | wu_song_mengzhou_walk_sw.png
[  75% ] _update_scan_actions | xue_ba_escort_idle_ne.png
[  75% ] _update_scan_actions | xue_ba_escort_idle_nw.png
[  75% ] _update_scan_actions | xue_ba_escort_idle_se.png
[  75% ] _update_scan_actions | xue_ba_escort_idle_sw.png
[  75% ] _update_scan_actions | xue_ba_escort_walk_ne.png
[  75% ] _update_scan_actions | xue_ba_escort_walk_nw.png
[  75% ] _update_scan_actions | xue_ba_escort_walk_se.png
[  75% ] _update_scan_actions | xue_ba_escort_walk_sw.png
[  75% ] _update_scan_actions | yue_he_officer_idle_ne.png
[  75% ] _update_scan_actions | yue_he_officer_idle_nw.png
[  75% ] _update_scan_actions | yue_he_officer_idle_se.png
[  76% ] _update_scan_actions | yue_he_officer_idle_sw.png
[  76% ] _update_scan_actions | huangnigang_dry_verge.png
[  76% ] _update_scan_actions | huangnigang_pine_double.png
[  76% ] _update_scan_actions | huangnigang_pine_old.png
[  76% ] _update_scan_actions | huangnigang_pine_young_lean.png
[  76% ] _update_scan_actions | huangnigang_seven_pudao.png
[  76% ] _update_scan_actions | jujube_cart_01.png
[  76% ] _update_scan_actions | jujube_cart_02.png
[  76% ] _update_scan_actions | jujube_cart_03.png
[  76% ] _update_scan_actions | jujube_cart_04.png
[  76% ] _update_scan_actions | jujube_cart_05.png
[  76% ] _update_scan_actions | jujube_cart_06.png
[  77% ] _update_scan_actions | jujube_cart_07.png
[  77% ] _update_scan_actions | jujube_load.png
[  77% ] _update_scan_actions | tribute_load.png
[  77% ] _update_scan_actions | wine_bowls_scoop.png
[  77% ] _update_scan_actions | wine_buckets.png
[  77% ] _update_scan_actions | dock_head_t.png
[  77% ] _update_scan_actions | dock_straight.png
[  77% ] _update_scan_actions | liangshan_hilltop_standard_blank.png
[  77% ] _update_scan_actions | main_gate.png
[  77% ] _update_scan_actions | reeds_bent.png
[  77% ] _update_scan_actions | reeds_seeded.png
[  77% ] _update_scan_actions | reeds_short.png
[  78% ] _update_scan_actions | reeds_tall.png
[  78% ] _update_scan_actions | stockade_segment.png
[  78% ] _update_scan_actions | tree_broad.png
[  78% ] _update_scan_actions | tree_young.png
[  78% ] _update_scan_actions | watchtower.png
[  78% ] _update_scan_actions | willow_old.png
[  78% ] _update_scan_actions | zhongyi_hall.png
[  78% ] _update_scan_actions | zhongyi_hall_standard_east_blank.png
[  78% ] _update_scan_actions | zhongyi_hall_standard_west_blank.png
[  78% ] _update_scan_actions | surface_compacted_stone.png
[  78% ] _update_scan_actions | surface_dry_earth.png
[  78% ] _update_scan_actions | surface_field.png
[  79% ] _update_scan_actions | surface_forest_earth.png
[  79% ] _update_scan_actions | surface_wet_bank.png
[  79% ] _update_scan_actions | bailong_temple_default.png
[  79% ] _update_scan_actions | broken_cavalry_default.png
[  79% ] _update_scan_actions | cuiyun_tower_default.png
[  79% ] _update_scan_actions | cuiyun_tower_signal.png
[  79% ] _update_scan_actions | daming_south_gate_default.png
[  79% ] _update_scan_actions | death_remains_default.png
[  79% ] _update_scan_actions | gao_flagship_damaged_ne.png
[  79% ] _update_scan_actions | gao_flagship_damaged_nw.png
[  79% ] _update_scan_actions | gao_flagship_damaged_se.png
[  79% ] _update_scan_actions | gao_flagship_damaged_sw.png
[  80% ] _update_scan_actions | gao_flagship_default_ne.png
[  80% ] _update_scan_actions | gao_flagship_default_nw.png
[  80% ] _update_scan_actions | gao_flagship_default_se.png
[  80% ] _update_scan_actions | gao_flagship_default_sw.png
[  80% ] _update_scan_actions | gao_flagship_disabled_ne.png
[  80% ] _update_scan_actions | gao_flagship_disabled_nw.png
[  80% ] _update_scan_actions | gao_flagship_disabled_se.png
[  80% ] _update_scan_actions | gao_flagship_disabled_sw.png
[  80% ] _update_scan_actions | gao_flagship_flooding_ne.png
[  80% ] _update_scan_actions | gao_flagship_flooding_nw.png
[  80% ] _update_scan_actions | gao_flagship_flooding_se.png
[  80% ] _update_scan_actions | gao_flagship_flooding_sw.png
[  81% ] _update_scan_actions | heyang_tavern_default.png
[  81% ] _update_scan_actions | hook_spear_team_default.png
[  81% ] _update_scan_actions | hook_spear_team_engaged.png
[  81% ] _update_scan_actions | hook_training_dummy_default.png
[  81% ] _update_scan_actions | jujube_cart_default.png
[  81% ] _update_scan_actions | jujube_load_default.png
[  81% ] _update_scan_actions | liangshan_boat_default.png
[  81% ] _update_scan_actions | liangshan_boat_default_ne.png
[  81% ] _update_scan_actions | liangshan_boat_default_nw.png
[  81% ] _update_scan_actions | liangshan_boat_default_se.png
[  81% ] _update_scan_actions | liangshan_boat_default_sw.png
[  81% ] _update_scan_actions | linked_cavalry_default.png
[  82% ] _update_scan_actions | official_vanguard_damaged_ne.png
[  82% ] _update_scan_actions | official_vanguard_damaged_nw.png
[  82% ] _update_scan_actions | official_vanguard_damaged_se.png
[  82% ] _update_scan_actions | official_vanguard_damaged_sw.png
[  82% ] _update_scan_actions | official_vanguard_default_ne.png
[  82% ] _update_scan_actions | official_vanguard_default_nw.png
[  82% ] _update_scan_actions | official_vanguard_default_se.png
[  82% ] _update_scan_actions | official_vanguard_default_sw.png
[  82% ] _update_scan_actions | official_vanguard_disabled_ne.png
[  82% ] _update_scan_actions | official_vanguard_disabled_nw.png
[  82% ] _update_scan_actions | official_vanguard_disabled_se.png
[  82% ] _update_scan_actions | official_vanguard_disabled_sw.png
[  83% ] _update_scan_actions | official_vanguard_flooding_ne.png
[  83% ] _update_scan_actions | official_vanguard_flooding_nw.png
[  83% ] _update_scan_actions | official_vanguard_flooding_se.png
[  83% ] _update_scan_actions | official_vanguard_flooding_sw.png
[  83% ] _update_scan_actions | official_warship_damaged.png
[  83% ] _update_scan_actions | official_warship_damaged_ne.png
[  83% ] _update_scan_actions | official_warship_damaged_nw.png
[  83% ] _update_scan_actions | official_warship_damaged_se.png
[  83% ] _update_scan_actions | official_warship_damaged_sw.png
[  83% ] _update_scan_actions | official_warship_default.png
[  83% ] _update_scan_actions | official_warship_default_ne.png
[  84% ] _update_scan_actions | official_warship_default_nw.png
[  84% ] _update_scan_actions | official_warship_default_se.png
[  84% ] _update_scan_actions | official_warship_default_sw.png
[  84% ] _update_scan_actions | official_warship_disabled.png
[  84% ] _update_scan_actions | official_warship_flooding.png
[  84% ] _update_scan_actions | official_warship_flooding_ne.png
[  84% ] _update_scan_actions | official_warship_flooding_nw.png
[  84% ] _update_scan_actions | official_warship_flooding_se.png
[  84% ] _update_scan_actions | official_warship_flooding_sw.png
[  84% ] _update_scan_actions | prison_gate_default.png
[  84% ] _update_scan_actions | prison_gate_open.png
[  84% ] _update_scan_actions | roadside_tavern_default.png
[  85% ] _update_scan_actions | tribute_load_alpha_20260906_default.png
[  85% ] _update_scan_actions | tribute_load_default.png
[  85% ] _update_scan_actions | wine_bowls_default.png
[  85% ] _update_scan_actions | wine_buckets_default.png
[  85% ] _update_scan_actions | zhu_gate_native_20260906_default.png
[  85% ] _update_scan_actions | bound_lu_junyi.png
[  85% ] _update_scan_actions | bound_shi_xiu.png
[  85% ] _update_scan_actions | chai_jin_officer.png
[  85% ] _update_scan_actions | dai_zong_bound.png
[  85% ] _update_scan_actions | dai_zong_rescued.png
[  85% ] _update_scan_actions | daming_bound_lu_junyi.png
[  85% ] _update_scan_actions | daming_bound_shi_xiu.png
[  86% ] _update_scan_actions | daming_rescued_lu_junyi.png
[  86% ] _update_scan_actions | daming_rescued_shi_xiu.png
[  86% ] _update_scan_actions | dong_chao_escort.png
[  86% ] _update_scan_actions | gao_qiu_captured.png
[  86% ] _update_scan_actions | hn_bai_sheng.png
[  86% ] _update_scan_actions | hn_chao_gai.png
[  86% ] _update_scan_actions | hn_gongsun_sheng.png
[  86% ] _update_scan_actions | hn_liu_tang.png
[  86% ] _update_scan_actions | hn_ruan_xiaoer.png
[  86% ] _update_scan_actions | hn_ruan_xiaoqi.png
[  86% ] _update_scan_actions | hn_ruan_xiaowu.png
[  86% ] _update_scan_actions | hn_wu_yong.png
[  87% ] _update_scan_actions | jiang_menshen_fists.png
[  87% ] _update_scan_actions | lin_chong_bound.png
[  87% ] _update_scan_actions | lin_chong_escort.png
[  87% ] _update_scan_actions | lin_chong_prisoner.png
[  87% ] _update_scan_actions | li_kui_jiangzhou.png
[  87% ] _update_scan_actions | lu_zhishen_rescue.png
[  87% ] _update_scan_actions | rescued_lu_junyi.png
[  87% ] _update_scan_actions | rescued_shi_xiu.png
[  87% ] _update_scan_actions | shi_qian_lantern.png
[  87% ] _update_scan_actions | song_jiang_bound.png
[  87% ] _update_scan_actions | song_jiang_rescued.png
[  87% ] _update_scan_actions | town_elder.png
[  88% ] _update_scan_actions | town_porter.png
[  88% ] _update_scan_actions | town_vendor.png
[  88% ] _update_scan_actions | town_woman.png
[  88% ] _update_scan_actions | wu_song_mengzhou.png
[  88% ] _update_scan_actions | xue_ba_escort.png
[  88% ] _update_scan_actions | yue_he_officer.png
[  88% ] _update_scan_actions | ne.png
[  88% ] _update_scan_actions | ne_walk.png
[  88% ] _update_scan_actions | nw.png
[  88% ] _update_scan_actions | se.png
[  88% ] _update_scan_actions | sw.png
[  88% ] _update_scan_actions | sw_walk.png
[  89% ] _update_scan_actions | sw_windup.png
[  89% ] _update_scan_actions | attack_ne.png
[  89% ] _update_scan_actions | attack_nw.png
[  89% ] _update_scan_actions | attack_se.png
[  89% ] _update_scan_actions | attack_sw.png
[  89% ] _update_scan_actions | down_atlas.png
[  89% ] _update_scan_actions | fall_ne.png
[  89% ] _update_scan_actions | fall_nw.png
[  89% ] _update_scan_actions | fall_se.png
[  89% ] _update_scan_actions | fall_sw.png
[  89% ] _update_scan_actions | idle_ne.png
[  89% ] _update_scan_actions | idle_nw.png
[  90% ] _update_scan_actions | idle_se.png
[  90% ] _update_scan_actions | idle_sw.png
[  90% ] _update_scan_actions | walk_atlas.png
[  90% ] _update_scan_actions | walk_sw.png
[  90% ] _update_scan_actions | web_direction4_browser_candidate_57.png
[  90% ] _update_scan_actions | web_direction4_browser_candidate_c8.png
[  90% ] _update_scan_actions | web_direction4_core_liangshan_v1.png
[  90% ] _update_scan_actions | web_direction4_core_official_v1.png
[  90% ] _update_scan_actions | web_direction4_elite_siege_v1.png
[  90% ] _update_scan_actions | web_direction4_gao_flagship_states_v1.png
[  90% ] _update_scan_actions | web_direction4_huangnigang_escorts_v1.png
[  90% ] _update_scan_actions | web_direction4_official_vanguard_states_v1.png
[  91% ] _update_scan_actions | web_direction4_official_vanguard_states_v2.png
[  91% ] _update_scan_actions | web_direction4_official_vanguard_states_v3.png
[  91% ] _update_scan_actions | web_direction4_story_convoy_lianhuan_v1.png
[  91% ] _update_scan_actions | web_direction4_story_guards_v1.png
[  91% ] _update_scan_actions | web_direction4_water_battle_ships_corrected_retry_v1.png
[  91% ] _update_scan_actions | web_direction4_water_battle_ships_corrected_v1.png
[  91% ] _update_scan_actions | web_direction4_water_battle_ships_v1.png
[  91% ] _update_scan_actions | gongsun_sheng_skills_atlas_v2.png
[  91% ] _update_scan_actions | hua_rong_skills_atlas_v2.png
[  91% ] _update_scan_actions | lin_chong_skills_atlas_v2.png
[  91% ] _update_scan_actions | li_kui_skills_atlas_v2.png
[  92% ] _update_scan_actions | song_jiang_skills_atlas_v2.png
[  92% ] _update_scan_actions | wu_song_skills_atlas_v2.png
[  92% ] _update_scan_actions | gong_blackrain_v2.png
[  92% ] _update_scan_actions | gong_dragon_v2.png
[  92% ] _update_scan_actions | gong_icewall_v2.png
[  92% ] _update_scan_actions | gong_slow_v2.png
[  92% ] _update_scan_actions | hua_blade_v2.png
[  92% ] _update_scan_actions | hua_blink_v2.png
[  92% ] _update_scan_actions | hua_pin_v2.png
[  92% ] _update_scan_actions | hua_rain_v2.png
[  92% ] _update_scan_actions | lin_chrono_v2.png
[  92% ] _update_scan_actions | lin_predator_v2.png
[  93% ] _update_scan_actions | lin_sweep_v2.png
[  93% ] _update_scan_actions | lin_thrust_v2.png
[  93% ] _update_scan_actions | li_axes_v2.png
[  93% ] _update_scan_actions | li_brawn_v2.png
[  93% ] _update_scan_actions | li_charge_v2.png
[  93% ] _update_scan_actions | li_fury_v2.png
[  93% ] _update_scan_actions | song_banner_v2.png
[  93% ] _update_scan_actions | song_fire_v2.png
[  93% ] _update_scan_actions | song_lead_v2.png
[  93% ] _update_scan_actions | song_rally_v2.png
[  93% ] _update_scan_actions | wu_blades_v2.png
[  93% ] _update_scan_actions | wu_drunkgod_v2.png
[  94% ] _update_scan_actions | wu_tigers_v2.png
[  94% ] _update_scan_actions | wu_wine_v2.png
[  94% ] _update_scan_actions | app_icon_256.png
[  94% ] _update_scan_actions | boot_splash.png
[  94% ] _update_scan_actions | gong_beast_charge.png
[  94% ] _update_scan_actions | gong_beast_charge_run.png
[  94% ] _update_scan_actions | buildings2.png
[  94% ] _update_scan_actions | buildings3.png
[  94% ] _update_scan_actions | buildings.png
[  94% ] _update_scan_actions | fx_ability_impacts.png
[  94% ] _update_scan_actions | fx_ability_projectiles.png
[  94% ] _update_scan_actions | fx_items.png
[  95% ] _update_scan_actions | fx_kit2.png
[  95% ] _update_scan_actions | objects.png
[  95% ] _update_scan_actions | portraits2.png
[  95% ] _update_scan_actions | portraits2_raw.png
[  95% ] _update_scan_actions | portraits3.png
[  95% ] _update_scan_actions | portraits3_raw.png
[  95% ] _update_scan_actions | portraits4.png
[  95% ] _update_scan_actions | portraits4_raw.png
[  95% ] _update_scan_actions | portraits5.png
[  95% ] _update_scan_actions | portraits5_raw.png
[  95% ] _update_scan_actions | portraits6.png
[  95% ] _update_scan_actions | portraits6_raw.png
[  96% ] _update_scan_actions | portraits7.png
[  96% ] _update_scan_actions | portraits7_raw.png
[  96% ] _update_scan_actions | portraits8.png
[  96% ] _update_scan_actions | portraits8_raw.png
[  96% ] _update_scan_actions | portraits9.png
[  96% ] _update_scan_actions | portraits9_raw.png
[  96% ] _update_scan_actions | portraits10.png
[  96% ] _update_scan_actions | portraits10_raw.png
[  96% ] _update_scan_actions | portraits11.png
[  96% ] _update_scan_actions | portraits11_raw.png
[  96% ] _update_scan_actions | portraits12.png
[  96% ] _update_scan_actions | portraits12_raw.png
[  97% ] _update_scan_actions | portraits13.png
[  97% ] _update_scan_actions | portraits13_raw.png
[  97% ] _update_scan_actions | portraits14.png
[  97% ] _update_scan_actions | portraits14_raw.png
[  97% ] _update_scan_actions | portraits15.png
[  97% ] _update_scan_actions | portraits15_raw.png
[  97% ] _update_scan_actions | portraits16.png
[  97% ] _update_scan_actions | portraits16_raw.png
[  97% ] _update_scan_actions | portraits17.png
[  97% ] _update_scan_actions | portraits17_raw.png
[  97% ] _update_scan_actions | portraits18.png
[  97% ] _update_scan_actions | portraits18_raw.png
[  98% ] _update_scan_actions | portraits_sheet.png
[  98% ] _update_scan_actions | portraits_sheet_raw.png
[  98% ] _update_scan_actions | portrait_gongsun_sheng.png
[  98% ] _update_scan_actions | terrain2.png
[  98% ] _update_scan_actions | terrain2_raw.png
[  98% ] _update_scan_actions | terrain_sheet.png
[  98% ] _update_scan_actions | terrain_sheet_raw.png
[  98% ] _update_scan_actions | terrain_sheet_raw_iso.png
[  98% ] _update_scan_actions | tower_altar.png
[  98% ] _update_scan_actions | tower_arrow.png
[  98% ] _update_scan_actions | tower_caltrop.png
[  98% ] _update_scan_actions | tower_thunder.png
[  99% ] _update_scan_actions | traps.png
[  99% ] _update_scan_actions | units2.png
[  99% ] _update_scan_actions | units2_raw.png
[  99% ] _update_scan_actions | units3.png
[  99% ] _update_scan_actions | units3_raw.png
[  99% ] _update_scan_actions | units_sheet.png
[  99% ] _update_scan_actions | units_sheet_raw.png
[  99% ] _update_scan_actions | wards.png
[  99% ] _update_scan_actions | icon.png
[  99% ] _update_scan_actions | icon.svg
[ DONE ] _update_scan_actions

[   0% ] reimport | Started 正在导入或重新导入资产 (1 steps)
[   0% ] reimport | 正在准备重新导入文件……
[   0% ] reimport | 正在执行重新导入的前置操作……
[   0% ] reimport | icon.svg
[  50% ] reimport | 正在结束资产导入……
[ DONE ] reimport

[   0% ] reimport | Started 正在导入或重新导入资产 (1 steps)
[   0% ] reimport | 正在执行重新导入的后置操作……
[ DONE ] reimport

[   0% ] loading_editor_layout | Started 正在加载编辑器 (5 steps)
[   0% ] loading_editor_layout | 正在加载编辑器布局……
[  16% ] loading_editor_layout | 正在加载停靠面板……
[ DONE ] loading_editor_layout

