Godot Engine v4.6.3.stable.official.7d41c59c4 - https://godotengine.org

[rts] PASS supported selected character
[rts] PASS explicit candidate manifest exists
[rts] PASS manifest JSON is a dictionary
[rts] PASS manifest belongs to selected character
[rts] PASS manifest has authored idle
[rts] PASS manifest has authored walk
[rts] PASS manifest has authored attack
[rts] PASS manifest has authored hurt
[rts] PASS manifest has authored death
[rts] PASS hurt manifest has the single recoil frame consumed by Unit
[rts] PASS native source SHA: res://assets/characters/sun_li_direction4_20260913/se.png
[rts] PASS source imports as Texture2D: res://assets/characters/sun_li_direction4_20260913/se.png
[rts] FAIL actual imported dimensions: res://assets/characters/sun_li_direction4_20260913/se.png
[rts] PASS native source SHA: res://assets/characters/sun_li_direction4_20260913/ne.png
[rts] PASS source imports as Texture2D: res://assets/characters/sun_li_direction4_20260913/ne.png
[rts] FAIL actual imported dimensions: res://assets/characters/sun_li_direction4_20260913/ne.png
[rts] PASS native source SHA: res://assets/characters/sun_li_direction4_20260913/sw_actions.png
[rts] PASS source imports as Texture2D: res://assets/characters/sun_li_direction4_20260913/sw_actions.png
[rts] FAIL actual imported dimensions: res://assets/characters/sun_li_direction4_20260913/sw_actions.png
[rts] PASS native source SHA: res://assets/characters/sun_li_direction4_20260913/sw_idle.png
[rts] PASS source imports as Texture2D: res://assets/characters/sun_li_direction4_20260913/sw_idle.png
[rts] FAIL actual imported dimensions: res://assets/characters/sun_li_direction4_20260913/sw_idle.png
[rts] PASS native source SHA: res://assets/characters/sun_li_direction4_20260913/sw_windup.png
[rts] PASS source imports as Texture2D: res://assets/characters/sun_li_direction4_20260913/sw_windup.png
[rts] FAIL actual imported dimensions: res://assets/characters/sun_li_direction4_20260913/sw_windup.png
[rts] PASS native source SHA: res://assets/characters/sun_li_direction4_20260913/sw_walk.png
[rts] PASS source imports as Texture2D: res://assets/characters/sun_li_direction4_20260913/sw_walk.png
[rts] FAIL actual imported dimensions: res://assets/characters/sun_li_direction4_20260913/sw_walk.png
[rts] PASS native source SHA: res://assets/characters/sun_li_direction4_20260913/nw.png
[rts] PASS source imports as Texture2D: res://assets/characters/sun_li_direction4_20260913/nw.png
[rts] FAIL actual imported dimensions: res://assets/characters/sun_li_direction4_20260913/nw.png
[rts] PASS native source SHA: res://assets/characters/sun_li_direction4_20260913/nw_idle.png
[rts] PASS source imports as Texture2D: res://assets/characters/sun_li_direction4_20260913/nw_idle.png
[rts] FAIL actual imported dimensions: res://assets/characters/sun_li_direction4_20260913/nw_idle.png
[rts] PASS native source SHA: res://assets/characters/sun_li_direction4_20260913/nw_walk.png
[rts] PASS source imports as Texture2D: res://assets/characters/sun_li_direction4_20260913/nw_walk.png
[rts] FAIL actual imported dimensions: res://assets/characters/sun_li_direction4_20260913/nw_walk.png
[rts] PASS native source SHA: res://assets/characters/sun_li_direction4_20260913/ne_walk.png
[rts] PASS source imports as Texture2D: res://assets/characters/sun_li_direction4_20260913/ne_walk.png
[rts] FAIL actual imported dimensions: res://assets/characters/sun_li_direction4_20260913/ne_walk.png
[rts] PASS native source SHA: res://assets/characters/sun_li_direction4_20260913/se_walk_b.png
[rts] PASS source imports as Texture2D: res://assets/characters/sun_li_direction4_20260913/se_walk_b.png
[rts] FAIL actual imported dimensions: res://assets/characters/sun_li_direction4_20260913/se_walk_b.png
[rts] PASS exact TRES routing: idle se
[rts] PASS manifest frame count: idle se
[rts] PASS authored direction is not mirrored: idle se
[rts] PASS pose present: idle_se
[rts] PASS square AtlasTexture: idle_se
[rts] PASS exact source: idle_se
[rts] PASS exact crop/padding and clipping: idle_se
[rts] PASS exact authored ground metadata: idle_se
[rts] PASS pose body scale: idle_se
[rts] PASS exact TRES routing: walk se
[rts] PASS manifest frame count: walk se
[rts] PASS authored direction is not mirrored: walk se
[rts] PASS pose present: idle_se
[rts] PASS square AtlasTexture: idle_se
[rts] PASS exact source: idle_se
[rts] PASS exact crop/padding and clipping: idle_se
[rts] PASS exact authored ground metadata: idle_se
[rts] PASS pose body scale: idle_se
[rts] PASS pose present: walk_a_se
[rts] PASS square AtlasTexture: walk_a_se
[rts] PASS exact source: walk_a_se
[rts] PASS exact crop/padding and clipping: walk_a_se
[rts] PASS exact authored ground metadata: walk_a_se
[rts] PASS pose body scale: walk_a_se
[rts] PASS pose present: idle_se
[rts] PASS square AtlasTexture: idle_se
[rts] PASS exact source: idle_se
[rts] PASS exact crop/padding and clipping: idle_se
[rts] PASS exact authored ground metadata: idle_se
[rts] PASS pose body scale: idle_se
[rts] PASS pose present: walk_b_se
[rts] PASS square AtlasTexture: walk_b_se
[rts] PASS exact source: walk_b_se
[rts] PASS exact crop/padding and clipping: walk_b_se
[rts] PASS exact authored ground metadata: walk_b_se
[rts] PASS pose body scale: walk_b_se
[rts] PASS exact TRES routing: attack se
[rts] PASS manifest frame count: attack se
[rts] PASS authored direction is not mirrored: attack se
[rts] PASS pose present: windup_se
[rts] PASS square AtlasTexture: windup_se
[rts] PASS exact source: windup_se
[rts] PASS exact crop/padding and clipping: windup_se
[rts] PASS exact authored ground metadata: windup_se
[rts] PASS pose body scale: windup_se
[rts] PASS pose present: windup_se
[rts] PASS square AtlasTexture: windup_se
[rts] PASS exact source: windup_se
[rts] PASS exact crop/padding and clipping: windup_se
[rts] PASS exact authored ground metadata: windup_se
[rts] PASS pose body scale: windup_se
[rts] PASS pose present: strike_se
[rts] PASS square AtlasTexture: strike_se
[rts] PASS exact source: strike_se
[rts] PASS exact crop/padding and clipping: strike_se
[rts] PASS exact authored ground metadata: strike_se
[rts] PASS pose body scale: strike_se
[rts] PASS pose present: strike_se
[rts] PASS square AtlasTexture: strike_se
[rts] PASS exact source: strike_se
[rts] PASS exact crop/padding and clipping: strike_se
[rts] PASS exact authored ground metadata: strike_se
[rts] PASS pose body scale: strike_se
[rts] PASS pose present: idle_se
[rts] PASS square AtlasTexture: idle_se
[rts] PASS exact source: idle_se
[rts] PASS exact crop/padding and clipping: idle_se
[rts] PASS exact authored ground metadata: idle_se
[rts] PASS pose body scale: idle_se
[rts] PASS exact TRES routing: hurt se
[rts] PASS manifest frame count: hurt se
[rts] PASS authored direction is not mirrored: hurt se
[rts] PASS pose present: hurt_se
[rts] PASS square AtlasTexture: hurt_se
[rts] PASS exact source: hurt_se
[rts] PASS exact crop/padding and clipping: hurt_se
[rts] PASS exact authored ground metadata: hurt_se
[rts] PASS pose body scale: hurt_se
[rts] PASS exact TRES routing: death se
[rts] PASS manifest frame count: death se
[rts] PASS authored direction is not mirrored: death se
[rts] PASS pose present: hurt_se
[rts] PASS square AtlasTexture: hurt_se
[rts] PASS exact source: hurt_se
[rts] PASS exact crop/padding and clipping: hurt_se
[rts] PASS exact authored ground metadata: hurt_se
[rts] PASS pose body scale: hurt_se
[rts] PASS pose present: fall_se
[rts] PASS square AtlasTexture: fall_se
[rts] PASS exact source: fall_se
[rts] PASS exact crop/padding and clipping: fall_se
[rts] PASS exact authored ground metadata: fall_se
[rts] PASS pose body scale: fall_se
[rts] PASS pose present: terminal_se
[rts] PASS square AtlasTexture: terminal_se
[rts] PASS exact source: terminal_se
[rts] PASS exact crop/padding and clipping: terminal_se
[rts] PASS exact authored ground metadata: terminal_se
[rts] PASS pose body scale: terminal_se
[rts] PASS pose present: terminal_se
[rts] PASS square AtlasTexture: terminal_se
[rts] PASS exact source: terminal_se
[rts] PASS exact crop/padding and clipping: terminal_se
[rts] PASS exact authored ground metadata: terminal_se
[rts] PASS pose body scale: terminal_se
[rts] PASS living down cannot borrow death: se
[rts] PASS exact TRES routing: idle sw
[rts] PASS manifest frame count: idle sw
[rts] PASS authored direction is not mirrored: idle sw
[rts] PASS pose present: idle_sw
[rts] PASS square AtlasTexture: idle_sw
[rts] PASS exact source: idle_sw
[rts] PASS exact crop/padding and clipping: idle_sw
[rts] FAIL exact authored ground metadata: idle_sw
[rts] PASS pose body scale: idle_sw
[rts] PASS exact TRES routing: walk sw
[rts] PASS manifest frame count: walk sw
[rts] PASS authored direction is not mirrored: walk sw
[rts] PASS pose present: idle_sw
[rts] PASS square AtlasTexture: idle_sw
[rts] PASS exact source: idle_sw
[rts] PASS exact crop/padding and clipping: idle_sw
[rts] FAIL exact authored ground metadata: idle_sw
[rts] PASS pose body scale: idle_sw
[rts] PASS pose present: walk_a_sw
[rts] PASS square AtlasTexture: walk_a_sw
[rts] PASS exact source: walk_a_sw
[rts] PASS exact crop/padding and clipping: walk_a_sw
[rts] FAIL exact authored ground metadata: walk_a_sw
[rts] PASS pose body scale: walk_a_sw
[rts] PASS pose present: idle_sw
[rts] PASS square AtlasTexture: idle_sw
[rts] PASS exact source: idle_sw
[rts] PASS exact crop/padding and clipping: idle_sw
[rts] FAIL exact authored ground metadata: idle_sw
[rts] PASS pose body scale: idle_sw
[rts] PASS pose present: walk_b_sw
[rts] PASS square AtlasTexture: walk_b_sw
[rts] PASS exact source: walk_b_sw
[rts] PASS exact crop/padding and clipping: walk_b_sw
[rts] FAIL exact authored ground metadata: walk_b_sw
[rts] PASS pose body scale: walk_b_sw
[rts] PASS exact TRES routing: attack sw
[rts] PASS manifest frame count: attack sw
[rts] PASS authored direction is not mirrored: attack sw
[rts] PASS pose present: windup_sw
[rts] PASS square AtlasTexture: windup_sw
[rts] PASS exact source: windup_sw
[rts] PASS exact crop/padding and clipping: windup_sw
[rts] PASS exact authored ground metadata: windup_sw
[rts] PASS pose body scale: windup_sw
[rts] PASS pose present: windup_sw
[rts] PASS square AtlasTexture: windup_sw
[rts] PASS exact source: windup_sw
[rts] PASS exact crop/padding and clipping: windup_sw
[rts] PASS exact authored ground metadata: windup_sw
[rts] PASS pose body scale: windup_sw
[rts] PASS pose present: strike_sw
[rts] PASS square AtlasTexture: strike_sw
[rts] PASS exact source: strike_sw
[rts] PASS exact crop/padding and clipping: strike_sw
[rts] PASS exact authored ground metadata: strike_sw
[rts] PASS pose body scale: strike_sw
[rts] PASS pose present: strike_sw
[rts] PASS square AtlasTexture: strike_sw
[rts] PASS exact source: strike_sw
[rts] PASS exact crop/padding and clipping: strike_sw
[rts] PASS exact authored ground metadata: strike_sw
[rts] PASS pose body scale: strike_sw
[rts] PASS pose present: idle_sw
[rts] PASS square AtlasTexture: idle_sw
[rts] PASS exact source: idle_sw
[rts] PASS exact crop/padding and clipping: idle_sw
[rts] FAIL exact authored ground metadata: idle_sw
[rts] PASS pose body scale: idle_sw
[rts] PASS exact TRES routing: hurt sw
[rts] PASS manifest frame count: hurt sw
[rts] PASS authored direction is not mirrored: hurt sw
[rts] PASS pose present: hurt_sw
[rts] PASS square AtlasTexture: hurt_sw
[rts] PASS exact source: hurt_sw
[rts] PASS exact crop/padding and clipping: hurt_sw
[rts] PASS exact authored ground metadata: hurt_sw
[rts] PASS pose body scale: hurt_sw
[rts] PASS exact TRES routing: death sw
[rts] PASS manifest frame count: death sw
[rts] PASS authored direction is not mirrored: death sw
[rts] PASS pose present: hurt_sw
[rts] PASS square AtlasTexture: hurt_sw
[rts] PASS exact source: hurt_sw
[rts] PASS exact crop/padding and clipping: hurt_sw
[rts] PASS exact authored ground metadata: hurt_sw
[rts] PASS pose body scale: hurt_sw
[rts] PASS pose present: fall_sw
[rts] PASS square AtlasTexture: fall_sw
[rts] PASS exact source: fall_sw
[rts] PASS exact crop/padding and clipping: fall_sw
[rts] PASS exact authored ground metadata: fall_sw
[rts] PASS pose body scale: fall_sw
[rts] PASS pose present: terminal_sw
[rts] PASS square AtlasTexture: terminal_sw
[rts] PASS exact source: terminal_sw
[rts] PASS exact crop/padding and clipping: terminal_sw
[rts] PASS exact authored ground metadata: terminal_sw
[rts] PASS pose body scale: terminal_sw
[rts] PASS pose present: terminal_sw
[rts] PASS square AtlasTexture: terminal_sw
[rts] PASS exact source: terminal_sw
[rts] PASS exact crop/padding and clipping: terminal_sw
[rts] PASS exact authored ground metadata: terminal_sw
[rts] PASS pose body scale: terminal_sw
[rts] PASS living down cannot borrow death: sw
[rts] PASS exact TRES routing: idle ne
[rts] PASS manifest frame count: idle ne
[rts] PASS authored direction is not mirrored: idle ne
[rts] PASS pose present: idle_ne
[rts] PASS square AtlasTexture: idle_ne
[rts] PASS exact source: idle_ne
[rts] PASS exact crop/padding and clipping: idle_ne
[rts] FAIL exact authored ground metadata: idle_ne
[rts] PASS pose body scale: idle_ne
[rts] PASS exact TRES routing: walk ne
[rts] PASS manifest frame count: walk ne
[rts] PASS authored direction is not mirrored: walk ne
[rts] PASS pose present: idle_ne
[rts] PASS square AtlasTexture: idle_ne
[rts] PASS exact source: idle_ne
[rts] PASS exact crop/padding and clipping: idle_ne
[rts] FAIL exact authored ground metadata: idle_ne
[rts] PASS pose body scale: idle_ne
[rts] PASS pose present: walk_a_ne
[rts] PASS square AtlasTexture: walk_a_ne
[rts] PASS exact source: walk_a_ne
[rts] PASS exact crop/padding and clipping: walk_a_ne
[rts] PASS exact authored ground metadata: walk_a_ne
[rts] PASS pose body scale: walk_a_ne
[rts] PASS pose present: idle_ne
[rts] PASS square AtlasTexture: idle_ne
[rts] PASS exact source: idle_ne
[rts] PASS exact crop/padding and clipping: idle_ne
[rts] FAIL exact authored ground metadata: idle_ne
[rts] PASS pose body scale: idle_ne
[rts] PASS pose present: walk_b_ne
[rts] PASS square AtlasTexture: walk_b_ne
[rts] PASS exact source: walk_b_ne
[rts] PASS exact crop/padding and clipping: walk_b_ne
[rts] PASS exact authored ground metadata: walk_b_ne
[rts] PASS pose body scale: walk_b_ne
[rts] PASS exact TRES routing: attack ne
[rts] PASS manifest frame count: attack ne
[rts] PASS authored direction is not mirrored: attack ne
[rts] PASS pose present: windup_ne
[rts] PASS square AtlasTexture: windup_ne
[rts] PASS exact source: windup_ne
[rts] PASS exact crop/padding and clipping: windup_ne
[rts] FAIL exact authored ground metadata: windup_ne
[rts] PASS pose body scale: windup_ne
[rts] PASS pose present: windup_ne
[rts] PASS square AtlasTexture: windup_ne
[rts] PASS exact source: windup_ne
[rts] PASS exact crop/padding and clipping: windup_ne
[rts] FAIL exact authored ground metadata: windup_ne
[rts] PASS pose body scale: windup_ne
[rts] PASS pose present: strike_ne
[rts] PASS square AtlasTexture: strike_ne
[rts] PASS exact source: strike_ne
[rts] PASS exact crop/padding and clipping: strike_ne
[rts] FAIL exact authored ground metadata: strike_ne
[rts] PASS pose body scale: strike_ne
[rts] PASS pose present: strike_ne
[rts] PASS square AtlasTexture: strike_ne
[rts] PASS exact source: strike_ne
[rts] PASS exact crop/padding and clipping: strike_ne
[rts] FAIL exact authored ground metadata: strike_ne
[rts] PASS pose body scale: strike_ne
[rts] PASS pose present: idle_ne
[rts] PASS square AtlasTexture: idle_ne
[rts] PASS exact source: idle_ne
[rts] PASS exact crop/padding and clipping: idle_ne
[rts] FAIL exact authored ground metadata: idle_ne
[rts] PASS pose body scale: idle_ne
[rts] PASS exact TRES routing: hurt ne
[rts] PASS manifest frame count: hurt ne
[rts] PASS authored direction is not mirrored: hurt ne
[rts] PASS pose present: hurt_ne
[rts] PASS square AtlasTexture: hurt_ne
[rts] PASS exact source: hurt_ne
[rts] PASS exact crop/padding and clipping: hurt_ne
[rts] FAIL exact authored ground metadata: hurt_ne
[rts] PASS pose body scale: hurt_ne
[rts] PASS exact TRES routing: death ne
[rts] PASS manifest frame count: death ne
[rts] PASS authored direction is not mirrored: death ne
[rts] PASS pose present: hurt_ne
[rts] PASS square AtlasTexture: hurt_ne
[rts] PASS exact source: hurt_ne
[rts] PASS exact crop/padding and clipping: hurt_ne
[rts] FAIL exact authored ground metadata: hurt_ne
[rts] PASS pose body scale: hurt_ne
[rts] PASS pose present: fall_ne
[rts] PASS square AtlasTexture: fall_ne
[rts] PASS exact source: fall_ne
[rts] PASS exact crop/padding and clipping: fall_ne
[rts] PASS exact authored ground metadata: fall_ne
[rts] PASS pose body scale: fall_ne
[rts] PASS pose present: terminal_ne
[rts] PASS square AtlasTexture: terminal_ne
[rts] PASS exact source: terminal_ne
[rts] PASS exact crop/padding and clipping: terminal_ne
[rts] PASS exact authored ground metadata: terminal_ne
[rts] PASS pose body scale: terminal_ne
[rts] PASS pose present: terminal_ne
[rts] PASS square AtlasTexture: terminal_ne
[rts] PASS exact source: terminal_ne
[rts] PASS exact crop/padding and clipping: terminal_ne
[rts] PASS exact authored ground metadata: terminal_ne
[rts] PASS pose body scale: terminal_ne
[rts] PASS living down cannot borrow death: ne
[rts] PASS exact TRES routing: idle nw
[rts] PASS manifest frame count: idle nw
[rts] PASS authored direction is not mirrored: idle nw
[rts] PASS pose present: idle_nw
[rts] PASS square AtlasTexture: idle_nw
[rts] PASS exact source: idle_nw
[rts] PASS exact crop/padding and clipping: idle_nw
[rts] FAIL exact authored ground metadata: idle_nw
[rts] PASS pose body scale: idle_nw
[rts] PASS exact TRES routing: walk nw
[rts] PASS manifest frame count: walk nw
[rts] PASS authored direction is not mirrored: walk nw
[rts] PASS pose present: idle_nw
[rts] PASS square AtlasTexture: idle_nw
[rts] PASS exact source: idle_nw
[rts] PASS exact crop/padding and clipping: idle_nw
[rts] FAIL exact authored ground metadata: idle_nw
[rts] PASS pose body scale: idle_nw
[rts] PASS pose present: walk_a_nw
[rts] PASS square AtlasTexture: walk_a_nw
[rts] PASS exact source: walk_a_nw
[rts] PASS exact crop/padding and clipping: walk_a_nw
[rts] PASS exact authored ground metadata: walk_a_nw
[rts] PASS pose body scale: walk_a_nw
[rts] PASS pose present: idle_nw
[rts] PASS square AtlasTexture: idle_nw
[rts] PASS exact source: idle_nw
[rts] PASS exact crop/padding and clipping: idle_nw
[rts] FAIL exact authored ground metadata: idle_nw
[rts] PASS pose body scale: idle_nw
[rts] PASS pose present: walk_b_nw
[rts] PASS square AtlasTexture: walk_b_nw
[rts] PASS exact source: walk_b_nw
[rts] PASS exact crop/padding and clipping: walk_b_nw
[rts] PASS exact authored ground metadata: walk_b_nw
[rts] PASS pose body scale: walk_b_nw
[rts] PASS exact TRES routing: attack nw
[rts] PASS manifest frame count: attack nw
[rts] PASS authored direction is not mirrored: attack nw
[rts] PASS pose present: windup_nw
[rts] PASS square AtlasTexture: windup_nw
[rts] PASS exact source: windup_nw
[rts] PASS exact crop/padding and clipping: windup_nw
[rts] PASS exact authored ground metadata: windup_nw
[rts] PASS pose body scale: windup_nw
[rts] PASS pose present: windup_nw
[rts] PASS square AtlasTexture: windup_nw
[rts] PASS exact source: windup_nw
[rts] PASS exact crop/padding and clipping: windup_nw
[rts] PASS exact authored ground metadata: windup_nw
[rts] PASS pose body scale: windup_nw
[rts] PASS pose present: strike_nw
[rts] PASS square AtlasTexture: strike_nw
[rts] PASS exact source: strike_nw
[rts] PASS exact crop/padding and clipping: strike_nw
[rts] PASS exact authored ground metadata: strike_nw
[rts] PASS pose body scale: strike_nw
[rts] PASS pose present: strike_nw
[rts] PASS square AtlasTexture: strike_nw
[rts] PASS exact source: strike_nw
[rts] PASS exact crop/padding and clipping: strike_nw
[rts] PASS exact authored ground metadata: strike_nw
[rts] PASS pose body scale: strike_nw
[rts] PASS pose present: idle_nw
[rts] PASS square AtlasTexture: idle_nw
[rts] PASS exact source: idle_nw
[rts] PASS exact crop/padding and clipping: idle_nw
[rts] FAIL exact authored ground metadata: idle_nw
[rts] PASS pose body scale: idle_nw
[rts] PASS exact TRES routing: hurt nw
[rts] PASS manifest frame count: hurt nw
[rts] PASS authored direction is not mirrored: hurt nw
[rts] PASS pose present: hurt_nw
[rts] PASS square AtlasTexture: hurt_nw
[rts] PASS exact source: hurt_nw
[rts] PASS exact crop/padding and clipping: hurt_nw
[rts] PASS exact authored ground metadata: hurt_nw
[rts] PASS pose body scale: hurt_nw
[rts] PASS exact TRES routing: death nw
[rts] PASS manifest frame count: death nw
[rts] PASS authored direction is not mirrored: death nw
[rts] PASS pose present: hurt_nw
[rts] PASS square AtlasTexture: hurt_nw
[rts] PASS exact source: hurt_nw
[rts] PASS exact crop/padding and clipping: hurt_nw
[rts] PASS exact authored ground metadata: hurt_nw
[rts] PASS pose body scale: hurt_nw
[rts] PASS pose present: fall_nw
[rts] PASS square AtlasTexture: fall_nw
[rts] PASS exact source: fall_nw
[rts] PASS exact crop/padding and clipping: fall_nw
[rts] PASS exact authored ground metadata: fall_nw
[rts] PASS pose body scale: fall_nw
[rts] PASS pose present: terminal_nw
[rts] PASS square AtlasTexture: terminal_nw
[rts] PASS exact source: terminal_nw
[rts] PASS exact crop/padding and clipping: terminal_nw
[rts] PASS exact authored ground metadata: terminal_nw
[rts] PASS pose body scale: terminal_nw
[rts] PASS pose present: terminal_nw
[rts] PASS square AtlasTexture: terminal_nw
[rts] PASS exact source: terminal_nw
[rts] PASS exact crop/padding and clipping: terminal_nw
[rts] PASS exact authored ground metadata: terminal_nw
[rts] PASS pose body scale: terminal_nw
[rts] PASS living down cannot borrow death: nw
[rts] PASS invalid direction rejected
[rts] PASS existing campaign costume priority: lin_chong_prisoner
[rts] PASS existing missing campaign death does not borrow generic: lin_chong_prisoner
[rts] PASS existing campaign costume priority: song_jiang_bound
[rts] PASS existing missing campaign death does not borrow generic: song_jiang_bound
[art-character] sun_li 472 checks; failures=["actual imported dimensions: res://assets/characters/sun_li_direction4_20260913/se.png", "actual imported dimensions: res://assets/characters/sun_li_direction4_20260913/ne.png", "actual imported dimensions: res://assets/characters/sun_li_direction4_20260913/sw_actions.png", "actual imported dimensions: res://assets/characters/sun_li_direction4_20260913/sw_idle.png", "actual imported dimensions: res://assets/characters/sun_li_direction4_20260913/sw_windup.png", "actual imported dimensions: res://assets/characters/sun_li_direction4_20260913/sw_walk.png", "actual imported dimensions: res://assets/characters/sun_li_direction4_20260913/nw.png", "actual imported dimensions: res://assets/characters/sun_li_direction4_20260913/nw_idle.png", "actual imported dimensions: res://assets/characters/sun_li_direction4_20260913/nw_walk.png", "actual imported dimensions: res://assets/characters/sun_li_direction4_20260913/ne_walk.png", "actual imported dimensions: res://assets/characters/sun_li_direction4_20260913/se_walk_b.png", "exact authored ground metadata: idle_sw", "exact authored ground metadata: idle_sw", "exact authored ground metadata: walk_a_sw", "exact authored ground metadata: idle_sw", "exact authored ground metadata: walk_b_sw", "exact authored ground metadata: idle_sw", "exact authored ground metadata: idle_ne", "exact authored ground metadata: idle_ne", "exact authored ground metadata: idle_ne", "exact authored ground metadata: windup_ne", "exact authored ground metadata: windup_ne", "exact authored ground metadata: strike_ne", "exact authored ground metadata: strike_ne", "exact authored ground metadata: idle_ne", "exact authored ground metadata: hurt_ne", "exact authored ground metadata: hurt_ne", "exact authored ground metadata: idle_nw", "exact authored ground metadata: idle_nw", "exact authored ground metadata: idle_nw", "exact authored ground metadata: idle_nw"]
