Godot Engine v4.6.3.stable.official.7d41c59c4 - https://godotengine.org

[rts] PASS convoy starts entering in sequence while merchants already rest
[rts] PASS seven merchants and original carts are present before Bai appears
[rts] PASS selection shortcut selects without issuing movement
[rts] PASS Chao completes the optional cart care command without creating new carts
[rts] PASS all fifteen convoy members finish real arrival before inquiry
[rts] PASS Yang actually approaches the merchants before they answer
[rts] PASS Liu answers Yang at the actual inquiry point
[rts] PASS Bai carries wine to the actual sale area
[rts] PASS first wine trial uses real Liu movement
[rts] PASS Wu and Bai can preposition without false suspicion
[rts] PASS Liu initiates the actual cooperative distraction
[rts] PASS three real participants complete one wine handoff
[rts] PASS all fifteen convoy members survive unconscious
[rts] PASS cargo needs no planning or staging chores
[rts] PASS three different player-assigned companions pick up the original loads
[rts] PASS carriers wait for a separate exit order
[rts] PASS all three loaded carriers walk concurrently on player orders
[rts] PASS actual cargo and all companions reach the west exit
[hns-exit] wine [["chao_gai", 300.0, (8, 19), 0], ["wu_yong", 150.0, (7, 20), 0], ["gongsun_sheng", 165.0, (8, 21), 0], ["liu_tang", 210.0, (7, 22), 0], ["ruan_xiaoer", 130.0, (6, 18), 0], ["ruan_xiaowu", 300.0, (3, 19), 0], ["ruan_xiaoqi", 240.0, (3, 19), 0], ["bai_sheng", 70.0, (6, 22), 0]] phase=3 stage=6
[rts] PASS same three loads are visible and delivered once
[rts] PASS wine route earns all four optional story goals
[rts] PASS convoy starts entering in sequence while merchants already rest
[rts] PASS seven merchants and original carts are present before Bai appears
[rts] PASS selection shortcut selects without issuing movement
[rts] PASS force route gathers all seven through actual movement before opening the ambush
[rts] PASS actual player attack starts the force route
[rts] PASS real force combat subdues all fifteen convoy members without killing Yang
[hns-combat] phase=2 actors=[["chao_gai", 291.538461538462, (35, 19)], ["wu_yong", 150.0, (30, 17)], ["gongsun_sheng", 165.0, (31, 16)], ["fallen"], ["fallen"], ["ruan_xiaowu", 177.28, (36, 19)], ["ruan_xiaoqi", 240.0, (30, 18)], ["fallen"]] guards=[["yang_zhi", 1.0, "subdued"], ["jun_han", 1.0, "subdued"], ["jun_han", 1.0, "subdued"], ["jun_han", 1.0, "subdued"], ["jun_han", 1.0, "subdued"], ["jun_han", 1.0, "subdued"], ["jun_han", 1.0, "subdued"], ["jun_han", 1.0, "subdued"], ["jun_han", 1.0, "subdued"], ["jun_han", 1.0, "subdued"], ["jun_han", 1.0, "subdued"], ["jun_han", 1.0, "subdued"], ["yu_hou", 1.0, "subdued"], ["yu_hou", 1.0, "subdued"], ["lao_duguan", 1.0, "subdued"]]
[rts] PASS cargo needs no planning or staging chores
[rts] PASS three different player-assigned companions pick up the original loads
[rts] PASS carriers wait for a separate exit order
[rts] PASS all three loaded carriers walk concurrently on player orders
[rts] PASS actual cargo and all companions reach the west exit
[hns-exit] force [["chao_gai", 300.0, (8, 19), 0], ["wu_yong", 150.0, (8, 20), 0], ["gongsun_sheng", 165.0, (8, 21), 0], ["fallen"], ["fallen"], ["ruan_xiaowu", 261.488333333318, (7, 20), 0], ["ruan_xiaoqi", 240.0, (3, 20), 0], ["fallen"]] phase=3 stage=6
[rts] PASS same three loads are visible and delivered once
[rts] PASS force route credits actual survivors without inventing wine or all-safe goals
[rts] PASS ground and selected load use the versioned transparent prop
[rts] PASS all seven carriers use the same native-alpha prop
[rts] PASS boundary fixture explicitly contains all fifteen original convoy roles
[rts] PASS frozen arrival boundary preserves the in-progress optional care order and original carts
[rts] PASS boundary fixture explicitly contains all fifteen original convoy roles
[rts] PASS late-arriving Bai uses the same new carried prop
[rts] PASS real distraction command starts the frozen cooperation fixture
[rts] PASS missing partner prevents wine completion and time still runs
[rts] PASS actual stop cancels distraction without making the player repeat good wine
[rts] PASS expired cooperation window does not refill the total rest clock
[rts] PASS partner departure resets incomplete handoff progress
[rts] PASS retry with all three present completes the same nonlethal convoy
[rts] PASS picked load leaves world queries while keeping its original scene node
[rts] PASS loaded carrier cannot be assigned a second load
[rts] PASS duplicate pickup callback cannot duplicate cargo
[rts] PASS real carrier death drops the same load without erasing the completed wine route
[rts] PASS another survivor can take over the dropped original load
[rts] PASS delivery resolves once and restores the original ground load
[rts] PASS cargo arrival does not silently abandon distant living companions
[rts] PASS actual early-departure command clears the core without inventing all-safe credit
[rts] PASS boundary fixture explicitly contains all fifteen original convoy roles
[rts] PASS wine station corridors do not authorize unrelated people approaching cargo
[rts] PASS full suspicion produces the live force fallback
[rts] PASS boundary fixture explicitly contains all fifteen original convoy roles
[rts] PASS total wine timeout still forces a consequential fallback
[rts] PASS destroyed objective produces an explicit loss
[rts] PASS actual restart reloads three fresh loads and chapter state
[rts] PASS short chapter art overrides do not leak into defense definitions
[hns-result] 61 checks, failures=[]
