Godot Engine v4.6.3.stable.official.7d41c59c4 - https://godotengine.org
Vulkan 1.4.351 - Forward+ - Using Device #0: NVIDIA - NVIDIA GeForce RTX 3070 Ti

[runtime-check] PASS Zhu fixture enters current persistent RTS chapter
SCRIPT ERROR: Invalid access to property or key 'ST_ATTACK' on a base object of type 'Node2D (Unit)'.
   at: _counts (res://tools/campaign_mode_performance_test.gd:129)
   GDScript backtrace (most recent call first):
       [0] _counts (res://tools/campaign_mode_performance_test.gd:129)
       [1] _prepare_zhu (res://tools/campaign_mode_performance_test.gd:158)
       [2] _performance_check (res://tools/campaign_mode_performance_test.gd:315)
       [3] _start (res://tools/campaign_mode_performance_test.gd:34)
SCRIPT ERROR: Invalid access to property or key 'ST_ATTACK' on a base object of type 'Node2D (Unit)'.
   at: _counts (res://tools/campaign_mode_performance_test.gd:129)
   GDScript backtrace (most recent call first):
       [0] _counts (res://tools/campaign_mode_performance_test.gd:129)
       [1] _prepare_zhu (res://tools/campaign_mode_performance_test.gd:181)
[runtime-check] PASS Zhu ordinary reinforcement fixture reaches actual gate combat before sample
SCRIPT ERROR: Invalid access to property or key 'ST_ATTACK' on a base object of type 'Node2D (Unit)'.
   at: _counts (res://tools/campaign_mode_performance_test.gd:129)
   GDScript backtrace (most recent call first):
       [0] _counts (res://tools/campaign_mode_performance_test.gd:129)
       [1] _sample (res://tools/campaign_mode_performance_test.gd:246)
SCRIPT ERROR: Invalid access to property or key 'active_units' on a base object of type 'Dictionary'.
   at: _sample (res://tools/campaign_mode_performance_test.gd:247)
   GDScript backtrace (most recent call first):
       [0] _sample (res://tools/campaign_mode_performance_test.gd:247)
[runtime-check] PASS Gao fixture enters current persistent RTS chapter
SCRIPT ERROR: Invalid access to property or key 'ST_ATTACK' on a base object of type 'Node2D (Unit)'.
   at: _counts (res://tools/campaign_mode_performance_test.gd:129)
   GDScript backtrace (most recent call first):
       [0] _counts (res://tools/campaign_mode_performance_test.gd:129)
       [1] _prepare_gao (res://tools/campaign_mode_performance_test.gd:194)
       [2] _performance_check (res://tools/campaign_mode_performance_test.gd:320)
       [3] _start (res://tools/campaign_mode_performance_test.gd:34)
SCRIPT ERROR: Invalid access to property or key 'ST_ATTACK' on a base object of type 'Node2D (Unit)'.
   at: _counts (res://tools/campaign_mode_performance_test.gd:129)
   GDScript backtrace (most recent call first):
       [0] _counts (res://tools/campaign_mode_performance_test.gd:129)
       [1] _prepare_gao (res://tools/campaign_mode_performance_test.gd:215)
[runtime-check] PASS Gao current land and water forces both reach actual combat before sample
SCRIPT ERROR: Invalid access to property or key 'ST_ATTACK' on a base object of type 'Node2D (Unit)'.
   at: _counts (res://tools/campaign_mode_performance_test.gd:129)
   GDScript backtrace (most recent call first):
       [0] _counts (res://tools/campaign_mode_performance_test.gd:129)
       [1] _sample (res://tools/campaign_mode_performance_test.gd:246)
SCRIPT ERROR: Invalid access to property or key 'active_units' on a base object of type 'Dictionary'.
   at: _sample (res://tools/campaign_mode_performance_test.gd:247)
   GDScript backtrace (most recent call first):
       [0] _sample (res://tools/campaign_mode_performance_test.gd:247)
[runtime-check] PASS CAMPAIGN_QA leaves campaign progress bytes unchanged
[runtime-result] {"failures":[],"output":"res://.godot/polish_runtime_adapter/performance_reinforced","passed":true}
