Godot Engine v4.6.3.stable.official.7d41c59c4 - https://godotengine.org
OpenGL API 3.3.0 NVIDIA 616.56 - Compatibility - Using Device: NVIDIA - NVIDIA GeForce RTX 3070 Ti

WARNING: 2D MSAA is not yet supported for GLES3.
   at: render_target_set_msaa (drivers/gles3/storage/texture_storage.cpp:2934)
[rts] PASS external output
[rts] PASS installed content identity resolves
[rts] PASS new character file included in installed identity: assets/anim/bound_yang_lin_idle_se.tres
[rts] PASS new character file included in installed identity: assets/anim/bound_yang_lin_idle_sw.tres
[rts] PASS new character file included in installed identity: assets/anim/bound_yang_lin_idle_ne.tres
[rts] PASS new character file included in installed identity: assets/anim/bound_yang_lin_idle_nw.tres
[rts] PASS new character file included in installed identity: assets/characters/yang_lin_bound_20261005/bound.png
[rts] PASS registered chapter actually started level1
[rts] PASS opening RNG/entity creation intact level1
[rts] PASS opening original unit key level1 chao_gai
[rts] PASS opening original unit key level1 wu_yong
[rts] PASS opening original unit key level1 gongsun_sheng
[rts] PASS opening original unit key level1 liu_tang
[rts] PASS opening original unit key level1 ruan_xiaoer
[rts] PASS opening original unit key level1 ruan_xiaowu
[rts] PASS opening original unit key level1 ruan_xiaoqi
[rts] PASS opening original unit key level1 treasure_cart
[rts] PASS opening original unit key level1 treasure_cart
[rts] PASS opening original unit key level1 treasure_cart
[rts] PASS opening original unit key level1 yang_zhi
[rts] PASS registered chapter actually started level2
[rts] PASS opening RNG/entity creation intact level2
[rts] PASS opening original unit key level2 barracks
[rts] PASS opening original unit key level2 barracks
[rts] PASS opening original unit key level2 depot
[rts] PASS opening original unit key level2 depot
[rts] PASS opening original unit key level2 scaffold
[rts] PASS opening original unit key level2 song_jiang_bound
[rts] PASS opening original unit key level2 dai_zong_bound
[rts] PASS opening original unit key level2 guan_zhanzi
[rts] PASS opening original unit key level2 guan_zhanzi
[rts] PASS opening original unit key level2 guan_laozi
[rts] PASS opening original unit key level2 guan_laozi
[rts] PASS opening original unit key level2 guan_laozi
[rts] PASS opening original unit key level2 guan_laozi
[rts] PASS opening original unit key level2 guan_laozi
[rts] PASS opening original unit key level2 guan_laozi
[rts] PASS opening original unit key level2 guan_laozi
[rts] PASS opening original unit key level2 guan_laozi
[rts] PASS opening original unit key level2 chao_gai
[rts] PASS opening original unit key level2 li_kui
[rts] PASS opening original unit key level2 hua_rong
[rts] PASS opening original unit key level2 yan_shun
[rts] PASS opening original unit key level2 zhang_shun
[rts] PASS opening original unit key level2 zhang_heng
[rts] PASS opening original unit key level2 liang_dao
[rts] PASS opening original unit key level2 liang_dao
[rts] PASS opening original unit key level2 liang_gong
[rts] PASS opening original unit key level2 liang_qiang
[rts] PASS opening original unit key level2 liang_dao
[rts] PASS opening original unit key level2 liang_gong
[rts] PASS opening original unit key level2 guan_dao
[rts] PASS opening original unit key level2 guan_dao
[rts] PASS opening original unit key level2 guan_gong
[rts] PASS opening original unit key level2 guan_gong
[rts] PASS opening original unit key level2 guan_qi
[rts] PASS opening original unit key level2 guan_qi
[rts] PASS opening original unit key level2 guan_gong
[rts] PASS opening original unit key level2 guan_gong
[rts] PASS opening original unit key level2 guan_gong
[rts] PASS opening original unit key level2 guan_dao
[rts] PASS opening original unit key level2 guan_dao
[rts] PASS opening original unit key level2 guan_dao
[rts] PASS opening original unit key level2 guan_gong
[rts] PASS opening original unit key level2 guan_dao
[rts] PASS opening original unit key level2 guan_dao
[rts] PASS opening original unit key level2 guan_dao
[rts] PASS opening original unit key level2 guan_dao
[rts] PASS opening original unit key level2 guan_gong
[rts] PASS opening original unit key level2 guan_gong
[rts] PASS opening original unit key level2 cai_jiu
[rts] PASS opening original unit key level2 arrow_tower
[rts] PASS opening original unit key level2 arrow_tower
[rts] PASS opening original unit key level2 barracks
[rts] PASS opening original unit key level2 tavern
[rts] PASS registered chapter actually started level3
[rts] PASS opening RNG/entity creation intact level3
[rts] PASS opening original unit key level3 hall
[rts] PASS opening original unit key level3 barracks
[rts] PASS opening original unit key level3 song_jiang
[rts] PASS opening original unit key level3 lin_chong
[rts] PASS opening original unit key level3 liang_qiang
[rts] PASS opening original unit key level3 liang_qiang
[rts] PASS opening original unit key level3 liang_gong
[rts] PASS opening original unit key level3 liang_gong
[rts] PASS opening original unit key level3 lou_luo
[rts] PASS opening original unit key level3 lou_luo
[rts] PASS opening original unit key level3 lou_luo
[rts] PASS opening original unit key level3 lou_luo
[rts] PASS opening original unit key level3 lou_luo
[rts] PASS opening original unit key level3 lou_luo
[rts] PASS opening original unit key level3 gold_mine
[rts] PASS opening original unit key level3 gold_mine
[rts] PASS opening original unit key level3 gold_mine
[rts] PASS opening original unit key level3 tree
[rts] PASS opening original unit key level3 tree
[rts] PASS opening original unit key level3 tree
[rts] PASS opening original unit key level3 tree
[rts] PASS opening original unit key level3 tree
[rts] PASS opening original unit key level3 tree
[rts] PASS opening original unit key level3 gold_mine
[rts] PASS opening original unit key level3 gold_mine
[rts] PASS opening original unit key level3 tree
[rts] PASS opening original unit key level3 tree
[rts] PASS opening original unit key level3 tree
[rts] PASS opening original unit key level3 zhu_keke
[rts] PASS opening original unit key level3 zhu_keke
[rts] PASS opening original unit key level3 zhu_gong
[rts] PASS opening original unit key level3 zhu_gate
[rts] PASS opening original unit key level3 zhu_gate
[rts] PASS opening original unit key level3 arrow_tower
[rts] PASS opening original unit key level3 arrow_tower
[rts] PASS opening original unit key level3 barracks
[rts] PASS opening original unit key level3 zhu_keke
[rts] PASS opening original unit key level3 zhu_gong
[rts] PASS opening original unit key level3 hu_sanniang
[rts] PASS opening original unit key level3 hall
[rts] PASS opening original unit key level3 zhu_keke
[rts] PASS opening original unit key level3 zhu_keke
[rts] PASS opening original unit key level3 zhu_keke
[rts] PASS opening original unit key level3 zhu_keke
[rts] PASS opening original unit key level3 zhu_gong
[rts] PASS opening original unit key level3 zhu_gong
[rts] PASS opening original unit key level3 zhu_gong
[rts] PASS opening original unit key level3 zhu_hu
[rts] PASS opening original unit key level3 gold_mine
[rts] PASS opening original unit key level3 gold_mine
[rts] PASS opening original unit key level3 tree
[rts] PASS opening original unit key level3 tree
[rts] PASS opening original unit key level3 tree
[rts] PASS opening original unit key level3 lou_luo
[rts] PASS opening original unit key level3 lou_luo
[rts] PASS opening original unit key level3 lou_luo
[rts] PASS opening original unit key level3 lou_luo
[rts] PASS opening original unit key level3 shi_qian
[rts] PASS opening original unit key level3 shi_xiu
[rts] PASS opening original unit key level3 qin_ming
[rts] PASS opening original unit key level3 yang_lin
[rts] PASS opening original unit key level3 huang_xin
[rts] PASS opening original unit key level3 wang_ying
[rts] PASS opening original unit key level3 deng_fei
[rts] PASS registered chapter actually started level4
[rts] PASS opening RNG/entity creation intact level4
[rts] PASS opening original unit key level4 hall
[rts] PASS opening original unit key level4 barracks
[rts] PASS opening original unit key level4 song_jiang
[rts] PASS opening original unit key level4 xu_ning
[rts] PASS opening original unit key level4 lou_luo
[rts] PASS opening original unit key level4 lou_luo
[rts] PASS opening original unit key level4 lou_luo
[rts] PASS opening original unit key level4 lou_luo
[rts] PASS opening original unit key level4 lou_luo
[rts] PASS opening original unit key level4 lou_luo
[rts] PASS opening original unit key level4 gou_lian
[rts] PASS opening original unit key level4 gou_lian
[rts] PASS opening original unit key level4 liang_qiang
[rts] PASS opening original unit key level4 liang_qiang
[rts] PASS opening original unit key level4 liang_gong
[rts] PASS opening original unit key level4 liang_gong
[rts] PASS opening original unit key level4 gold_mine
[rts] PASS opening original unit key level4 gold_mine
[rts] PASS opening original unit key level4 tree
[rts] PASS opening original unit key level4 tree
[rts] PASS opening original unit key level4 tree
[rts] PASS opening original unit key level4 tree
[rts] PASS opening original unit key level4 gold_mine
[rts] PASS opening original unit key level4 gold_mine
[rts] PASS opening original unit key level4 tree
[rts] PASS opening original unit key level4 tree
[rts] PASS opening original unit key level4 hall
[rts] PASS opening original unit key level4 barracks
[rts] PASS opening original unit key level4 guan_dao
[rts] PASS opening original unit key level4 guan_dao
[rts] PASS opening original unit key level4 guan_gong
[rts] PASS opening original unit key level4 barracks
[rts] PASS opening original unit key level4 guan_dao
[rts] PASS opening original unit key level4 guan_dao
[rts] PASS opening original unit key level4 guan_gong
[rts] PASS opening original unit key level4 lian_huan_ma
[rts] PASS opening original unit key level4 lian_huan_ma
[rts] PASS opening original unit key level4 lian_huan_ma
[rts] PASS opening original unit key level4 lian_huan_ma
[rts] PASS opening original unit key level4 lian_huan_ma
[rts] PASS opening original unit key level4 lian_huan_ma
[rts] PASS opening original unit key level4 lian_huan_ma
[rts] PASS opening original unit key level4 lian_huan_ma
[rts] PASS opening original unit key level4 lian_huan_ma
[rts] PASS opening original unit key level4 lian_huan_ma
[rts] PASS opening original unit key level4 lian_huan_ma
[rts] PASS opening original unit key level4 lian_huan_ma
[rts] PASS opening original unit key level4 hu_yanzhuo
[rts] PASS opening original unit key level4 han_tao
[rts] PASS opening original unit key level4 guan_gong
[rts] PASS opening original unit key level4 guan_gong
[rts] PASS opening original unit key level4 gold_mine
[rts] PASS opening original unit key level4 gold_mine
[rts] PASS opening original unit key level4 lou_luo
[rts] PASS opening original unit key level4 lou_luo
[rts] PASS registered chapter actually started level5
[rts] PASS opening RNG/entity creation intact level5
[rts] PASS opening original unit key level5 hall
[rts] PASS opening original unit key level5 barracks
[rts] PASS opening original unit key level5 song_jiang
[rts] PASS opening original unit key level5 wu_yong
[rts] PASS opening original unit key level5 gongsun_sheng
[rts] PASS opening original unit key level5 liu_tang
[rts] PASS opening original unit key level5 lou_luo
[rts] PASS opening original unit key level5 lou_luo
[rts] PASS opening original unit key level5 lou_luo
[rts] PASS opening original unit key level5 lou_luo
[rts] PASS opening original unit key level5 lou_luo
[rts] PASS opening original unit key level5 lou_luo
[rts] PASS opening original unit key level5 liang_qiang
[rts] PASS opening original unit key level5 liang_qiang
[rts] PASS opening original unit key level5 liang_qiang
[rts] PASS opening original unit key level5 liang_gong
[rts] PASS opening original unit key level5 liang_gong
[rts] PASS opening original unit key level5 liang_gong
[rts] PASS opening original unit key level5 gold_mine
[rts] PASS opening original unit key level5 gold_mine
[rts] PASS opening original unit key level5 gold_mine
[rts] PASS opening original unit key level5 tree
[rts] PASS opening original unit key level5 tree
[rts] PASS opening original unit key level5 tree
[rts] PASS opening original unit key level5 tree
[rts] PASS opening original unit key level5 gold_mine
[rts] PASS opening original unit key level5 tree
[rts] PASS opening original unit key level5 ruan_xiaoqi_boat
[rts] PASS opening original unit key level5 ruan_xiaoer_boat
[rts] PASS opening original unit key level5 ruan_xiaowu_boat
[rts] PASS opening original unit key level5 zhang_shun_boat
[rts] PASS opening original unit key level5 liu_tang_fireboat
[rts] PASS opening original unit key level5 barracks
[rts] PASS opening original unit key level5 shipyard
[rts] PASS opening original unit key level5 arrow_tower
[rts] PASS opening original unit key level5 arrow_tower
[rts] PASS opening original unit key level5 imperial_warship
[rts] PASS opening original unit key level5 imperial_warship
[rts] PASS opening original unit key level5 imperial_warship
[rts] PASS opening original unit key level5 guan_dao
[rts] PASS opening original unit key level5 guan_dao
[rts] PASS opening original unit key level5 guan_gong
[rts] PASS opening original unit key level5 guan_dao
[rts] PASS opening original unit key level5 imperial_warship
[rts] PASS opening original unit key level5 imperial_warship
[rts] PASS opening original unit key level5 imperial_warship
[rts] PASS opening original unit key level5 imperial_warship
[rts] PASS opening original unit key level5 imperial_warship
[rts] PASS opening original unit key level5 guan_dao
[rts] PASS opening original unit key level5 guan_dao
[rts] PASS opening original unit key level5 guan_gong
[rts] PASS opening original unit key level5 guan_dao
[rts] PASS opening original unit key level5 guan_dao
[rts] PASS opening original unit key level5 guan_gong
[rts] PASS opening original unit key level5 official_vanguard
[rts] PASS opening original unit key level5 imperial_warship
[rts] PASS opening original unit key level5 imperial_warship
[rts] PASS opening original unit key level5 imperial_warship
[rts] PASS opening original unit key level5 imperial_warship
[rts] PASS opening original unit key level5 imperial_warship
[rts] PASS opening original unit key level5 guan_qi
[rts] PASS opening original unit key level5 guan_qi
[rts] PASS opening original unit key level5 guan_qi
[rts] PASS opening original unit key level5 guan_dao
[rts] PASS opening original unit key level5 guan_dao
[rts] PASS opening original unit key level5 guan_gong
[rts] PASS opening original unit key level5 guan_dao
[rts] PASS opening original unit key level5 guan_dao
[rts] PASS opening original unit key level5 gao_flagship
[rts] PASS registered chapter actually started level6
[rts] PASS opening RNG/entity creation intact level6
[rts] PASS opening original unit key level6 lin_chong
[rts] PASS opening original unit key level6 dong_chao
[rts] PASS opening original unit key level6 xue_ba
[rts] PASS opening original unit key level6 lu_zhishen
[rts] PASS registered chapter actually started level7
[rts] PASS opening RNG/entity creation intact level7
[rts] PASS opening original unit key level7 wu_song
[rts] PASS opening original unit key level7 shi_en
[rts] PASS opening original unit key level7 tavern
[rts] PASS opening original unit key level7 tavern
[rts] PASS opening original unit key level7 tavern
[rts] PASS opening original unit key level7 tavern
[rts] PASS opening original unit key level7 jiang_menshen
[rts] PASS opening original unit key level7 signboard
[rts] PASS registered chapter actually started level8
[rts] PASS opening RNG/entity creation intact level8
[rts] PASS opening original unit key level8 hall
[rts] PASS opening original unit key level8 barracks
[rts] PASS opening original unit key level8 wu_yong
[rts] PASS opening original unit key level8 lu_zhishen
[rts] PASS opening original unit key level8 wu_song
[rts] PASS opening original unit key level8 liang_qiang
[rts] PASS opening original unit key level8 liang_qiang
[rts] PASS opening original unit key level8 liang_gong
[rts] PASS opening original unit key level8 liang_gong
[rts] PASS opening original unit key level8 lou_luo
[rts] PASS opening original unit key level8 lou_luo
[rts] PASS opening original unit key level8 lou_luo
[rts] PASS opening original unit key level8 lou_luo
[rts] PASS opening original unit key level8 lou_luo
[rts] PASS opening original unit key level8 lou_luo
[rts] PASS opening original unit key level8 gold_mine
[rts] PASS opening original unit key level8 gold_mine
[rts] PASS opening original unit key level8 tree
[rts] PASS opening original unit key level8 tree
[rts] PASS opening original unit key level8 tree
[rts] PASS opening original unit key level8 tree
[rts] PASS opening original unit key level8 gold_mine
[rts] PASS opening original unit key level8 tree
[rts] PASS opening original unit key level8 shi_qian
[rts] PASS opening original unit key level8 chai_jin
[rts] PASS opening original unit key level8 yue_he
[rts] PASS opening original unit key level8 zhu_gate
[rts] PASS opening original unit key level8 lu_junyi
[rts] PASS opening original unit key level8 shi_xiu
[rts] PASS opening original unit key level8 barracks
[rts] PASS opening original unit key level8 barracks
[rts] PASS opening original unit key level8 hall
[rts] PASS opening original unit key level8 gold_mine
[rts] PASS opening original unit key level8 lou_luo
[rts] PASS opening original unit key level8 gold_mine
[rts] PASS opening original unit key level8 lou_luo
[rts] PASS opening original unit key level8 arrow_tower
[rts] PASS opening original unit key level8 arrow_tower
[rts] PASS opening original unit key level8 guan_dao
[rts] PASS opening original unit key level8 guan_dao
[rts] PASS opening original unit key level8 guan_dao
[rts] PASS opening original unit key level8 guan_dao
[rts] PASS opening original unit key level8 guan_dao
[rts] PASS opening original unit key level8 guan_dao
[rts] PASS opening original unit key level8 guan_dao
[rts] PASS opening original unit key level8 guan_dao
[rts] PASS opening original unit key level8 guan_gong
[rts] PASS opening original unit key level8 guan_gong
[rts] PASS opening original unit key level8 guan_gong
[rts] PASS opening original unit key level8 guan_dao
[rts] PASS opening original unit key level8 guan_dao
[rts] PASS opening original unit key level8 guan_dao
[rts] PASS opening original unit key level8 guan_dao
[rts] PASS opening original unit key level8 guan_gong
[rts] PASS opening original unit key level8 guan_gong
[rts] PASS opening original unit key level8 guan_dao
[rts] PASS opening original unit key level8 guan_dao
[rts] PASS opening original unit key level8 guan_dao
[rts] PASS opening original unit key level8 guan_dao
[rts] PASS opening original unit key level8 guan_gong
[rts] PASS opening original unit key level8 guan_gong
[rts] PASS all eight current registered openings inventoried
[rts] PASS current original Shi Xiu bound deployment
[rts] PASS Shi Xiu existing dedicated bound direction se
[rts] PASS real rendered screenshot: shi_xiu_bound_current_se
[rts] PASS Shi Xiu existing dedicated bound direction sw
[rts] PASS real rendered screenshot: shi_xiu_bound_current_sw
[rts] PASS Shi Xiu existing dedicated bound direction ne
[rts] PASS real rendered screenshot: shi_xiu_bound_current_ne
[rts] PASS Shi Xiu existing dedicated bound direction nw
[rts] PASS real rendered screenshot: shi_xiu_bound_current_nw
[rts] PASS normal player command and timed callback zhu_rts_recon
[rts] PASS normal recon introduces original Sun Li
[rts] PASS normal player command and timed callback zhu_rts_inside
[rts] PASS normal inside callback opens actual gate navigation
[rts] PASS normal player command and timed callback zhu_rts_rescue
[rts] PASS normal rescue retains all seven original captives
[rts] PASS Shi Xiu rescued original HP portrait and generic body se
[rts] PASS real rendered screenshot: shi_xiu_rescued_current_se
[rts] PASS Shi Xiu rescued original HP portrait and generic body sw
[rts] PASS real rendered screenshot: shi_xiu_rescued_current_sw
[rts] PASS Shi Xiu rescued original HP portrait and generic body ne
[rts] PASS real rendered screenshot: shi_xiu_rescued_current_ne
[rts] PASS Shi Xiu rescued original HP portrait and generic body nw
[rts] PASS real rendered screenshot: shi_xiu_rescued_current_nw
[rts] PASS rescue alone does not award safe return
[rts] FAIL all original seven normal player movement waypoint (16, 18)
[rts] PASS real rendered screenshot: seven_evac_16_18
[rts] PASS installed content identity resolves
[rts] PASS new character file included in installed identity: assets/anim/bound_yang_lin_idle_se.tres
[rts] PASS new character file included in installed identity: assets/anim/bound_yang_lin_idle_sw.tres
[rts] PASS new character file included in installed identity: assets/anim/bound_yang_lin_idle_ne.tres
[rts] PASS new character file included in installed identity: assets/anim/bound_yang_lin_idle_nw.tres
[rts] PASS new character file included in installed identity: assets/characters/yang_lin_bound_20261005/bound.png
[rts] PASS identity stable across current eight openings and original evacuation
[art-character] current_campaign_art 382 checks; failures=["all original seven normal player movement waypoint (16, 18)"]
