Godot Engine v4.6.3.stable.official.7d41c59c4 - https://godotengine.org
Vulkan 1.4.351 - Forward+ - Using Device #0: NVIDIA - NVIDIA GeForce RTX 3070 Ti

[axes-boundary fixed] PASS production autoloads exist before compilation
[axes-boundary fixed] PASS exact extracted effect source digest
[axes-boundary fixed] PASS runtime extracted class compiles
[axes-boundary fixed] PASS valid_control: valid tail damage/immune branch
[axes-boundary fixed] PASS valid_control: valid tail impact occurs
[axes-boundary fixed] PASS valid_control: valid caster source retained
[axes-boundary fixed] PASS valid_control: second resolve does not duplicate damage/impact
[axes-boundary fixed] PASS valid_control: effect queued for real deletion
[axes-boundary fixed] PASS valid_control: real tree exit and object release
[axes-boundary fixed] PASS freed_head: valid tail damage/immune branch
[axes-boundary fixed] PASS freed_head: valid tail impact occurs
[axes-boundary fixed] PASS freed_head: valid caster source retained
[axes-boundary fixed] PASS freed_head: second resolve does not duplicate damage/impact
[axes-boundary fixed] PASS freed_head: effect queued for real deletion
[axes-boundary fixed] PASS freed_head: real tree exit and object release
[axes-boundary fixed] PASS freed_caster: valid tail damage/immune branch
[axes-boundary fixed] PASS freed_caster: valid tail impact occurs
[axes-boundary fixed] PASS freed_caster: invalid caster becomes null source
[axes-boundary fixed] PASS freed_caster: second resolve does not duplicate damage/impact
[axes-boundary fixed] PASS freed_caster: effect queued for real deletion
[axes-boundary fixed] PASS freed_caster: real tree exit and object release
[axes-boundary fixed] PASS death_garrison_story: valid tail damage/immune branch
[axes-boundary fixed] PASS death_garrison_story: valid tail impact occurs
[axes-boundary fixed] PASS death_garrison_story: skips dead
[axes-boundary fixed] PASS death_garrison_story: skips garrisoned
[axes-boundary fixed] PASS death_garrison_story: skips story
[axes-boundary fixed] PASS death_garrison_story: valid caster source retained
[axes-boundary fixed] PASS death_garrison_story: second resolve does not duplicate damage/impact
[axes-boundary fixed] PASS death_garrison_story: effect queued for real deletion
[axes-boundary fixed] PASS death_garrison_story: real tree exit and object release
[axes-boundary fixed] PASS physical_immunity: valid tail damage/immune branch
[axes-boundary fixed] PASS physical_immunity: valid tail impact occurs
[axes-boundary fixed] PASS physical_immunity: physical absorption recorded
[axes-boundary fixed] PASS physical_immunity: second resolve does not duplicate damage/impact
[axes-boundary fixed] PASS physical_immunity: effect queued for real deletion
[axes-boundary fixed] PASS physical_immunity: real tree exit and object release
[axes-boundary fixed] PASS automatic: production duration unchanged
[axes-boundary fixed] PASS automatic: native _process reaches valid tail after freed head
[axes-boundary fixed] PASS automatic: native lifetime actually releases effect
[axes-boundary fixed] PASS draw: production axe atlas texture available
[axes-boundary fixed] PASS draw: real clean Canvas output is nonempty
[axes-boundary fixed] PASS draw: valid tail still renders after freed head
[axes-boundary fixed] PASS draw: freed-head output exactly matches clean valid-tail RGBA
[axes-boundary fixed] PASS draw: render-only fixture does not resolve damage
[axes-boundary fixed] PASS draw: reference PNG saved
[axes-boundary fixed] PASS draw: boundary PNG saved
[axes-boundary] mode=fixed checks=46 failures=0 passed=true
