Godot Engine v4.6.3.stable.official.7d41c59c4 - https://godotengine.org
OpenGL API 3.3.0 NVIDIA 616.56 - Compatibility - Using Device: NVIDIA - NVIDIA GeForce RTX 3070 Ti

WARNING: 2D MSAA is not yet supported for GLES3.
   at: render_target_set_msaa (drivers/gles3/storage/texture_storage.cpp:2934)
PENDING_CHECK 6863 Steam disabled true
PENDING_CHECK 8348 isolated flow enabled true
PENDING_CHECK 8404 real menu continue button true
PENDING_CHECK 10162 button exists ContinueBattle true
PENDING_CHECK 10198 restore duplicate operation denied true
PENDING_CHECK 39101 menu continue installed actual world true
PENDING_CHECK 39136 restored world still classic true
PENDING_CHECK 39185 restored saved hero control mode true
PENDING_CHECK 39219 restored expired effect allocation history true
PENDING_CHECK 39244 cross-process identity true
PENDING_CHECK 39269 paused intent restored true
PENDING_CHECK 39294 restored economy true
PENDING_CHECK 39319 restored wave phase true
PENDING_CHECK 39344 restored training queue true
PENDING_CHECK 39369 restored entity allocation true
PENDING_CHECK 41096 read retains exact disk slot true
PENDING_CHECK 41118 restored HUD includes save true
PENDING_CHECK 41143 pending fixture requests real barrier true
PENDING_CHECK 41182 pending fixture barrier reaches held boundary true
PENDING_RESOLVE_IDENTITY 41210
PENDING_IDENTITY_READY 62592
PENDING_SAVE_RESULT 79333 { "ok": false, "code": "LOCK_RELEASE", "pending_save": true, "retryable": true, "unsafe": false, "restart_required": false }
PENDING_CHECK 79368 post-commit unlock failure retains transaction true
PENDING_CHECK 79392 pending failure keeps exact session and world held true
PENDING_CHECK 81647 new store cannot impersonate live owner true
PENDING_CHECK 81849 pending session refuses disposal true
PENDING_CHECK 81888 pending save cannot dismiss or resume world true
PENDING_CHECK 81955 pending_save controls visible zh_CN true
PENDING_CHECK 82012 pending_save screenshot saved zh_CN true
PENDING_CHECK 82123 pending_save controls visible zh_TW true
PENDING_CHECK 82176 pending_save screenshot saved zh_TW true
PENDING_CHECK 82289 pending_save controls visible en true
PENDING_CHECK 82342 pending_save screenshot saved en true
PENDING_CHECK 82449 pending_save controls visible ja true
PENDING_CHECK 82501 pending_save screenshot saved ja true
PENDING_CHECK 82526 button exists RetrySave true
PENDING_CHECK 88406 save operation succeeds true
PENDING_CHECK 89437 successful save holds current battle true
PENDING_CHECK 89460 capture synchronizes derived screen geometry true
PENDING_CHECK 91126 successful save matches closed disk true
PENDING_CHECK 91329 test cannot credit Steam true
PENDING_CHECK 91381 local receipt predates slot and is resumable true
PENDING_CHECK 91530 owned retry uses original generation true
PENDING_CHECK 91587 normal save-and-exit lifecycle requested true
CONTINUE_FLOW_QA pending_retry 41 true
