Godot Engine v4.6.3.stable.official.7d41c59c4 - https://godotengine.org
OpenGL API 3.3.0 NVIDIA 616.56 - Compatibility - Using Device: NVIDIA - NVIDIA GeForce RTX 3070 Ti

WARNING: 2D MSAA is not yet supported for GLES3.
   at: render_target_set_msaa (drivers/gles3/storage/texture_storage.cpp:2934)
PENDING_CHECK 6724 Steam disabled true
PENDING_CHECK 7343 isolated flow enabled true
PENDING_CHECK 7390 real menu continue button true
PENDING_CHECK 9209 button exists ContinueBattle true
PENDING_CHECK 9251 restore duplicate operation denied true
PENDING_CHECK 35745 menu continue installed actual world true
PENDING_CHECK 35914 restored world still classic true
PENDING_CHECK 35964 restored saved hero control mode true
PENDING_CHECK 35988 restored expired effect allocation history true
PENDING_CHECK 36014 cross-process identity true
PENDING_CHECK 36038 paused intent restored true
PENDING_CHECK 36064 restored economy true
PENDING_CHECK 36089 restored wave phase true
PENDING_CHECK 36122 restored training queue true
PENDING_CHECK 36147 restored entity allocation true
PENDING_CHECK 37899 read retains exact disk slot true
PENDING_CHECK 37922 restored HUD includes save true
PENDING_CHECK 37947 pending fixture requests real barrier true
PENDING_CHECK 37988 pending fixture barrier reaches held boundary true
PENDING_RESOLVE_IDENTITY 38013
PENDING_IDENTITY_READY 57183
PENDING_SAVE_RESULT 72831 { "ok": false, "code": "LOCK_RELEASE", "pending_save": true, "retryable": true, "unsafe": false, "restart_required": false }
PENDING_CHECK 73038 post-commit unlock failure retains transaction true
PENDING_CHECK 73062 pending failure keeps exact session and world held true
PENDING_CHECK 75253 new store cannot impersonate live owner true
PENDING_CHECK 75462 pending session refuses disposal true
PENDING_CHECK 75495 pending save cannot dismiss or resume world true
PENDING_CHECK 75574 pending_save controls visible zh_CN true
PENDING_CHECK 75627 pending_save screenshot saved zh_CN true
PENDING_CHECK 75748 pending_save controls visible zh_TW true
PENDING_CHECK 75811 pending_save screenshot saved zh_TW true
PENDING_CHECK 75935 pending_save controls visible en true
PENDING_CHECK 75992 pending_save screenshot saved en true
PENDING_CHECK 76110 pending_save controls visible ja true
PENDING_CHECK 76166 pending_save screenshot saved ja true
PENDING_CHECK 76189 button exists RetrySave true
PENDING_CHECK 81942 save operation succeeds true
PENDING_CHECK 82543 successful save holds current battle true
PENDING_CHECK 82573 capture synchronizes derived screen geometry true
PENDING_CHECK 84365 successful save matches closed disk true
PENDING_CHECK 84575 test cannot credit Steam true
PENDING_CHECK 84627 local receipt predates slot and is resumable true
PENDING_CHECK 84777 owned retry uses original generation true
PENDING_CHECK 84837 normal save-and-exit lifecycle requested true
CONTINUE_FLOW_QA pending_retry 41 true
