Godot Engine v4.6.3.stable.official.7d41c59c4 - https://godotengine.org
OpenGL API 3.3.0 NVIDIA 616.56 - Compatibility - Using Device: NVIDIA - NVIDIA GeForce RTX 3070 Ti

WARNING: 2D MSAA is not yet supported for GLES3.
   at: render_target_set_msaa (drivers/gles3/storage/texture_storage.cpp:2934)
[rts] PASS arrival visual run uses a real rendering device
[rts] PASS arrival test runs the actual short campaign without smoke driver
[rts] PASS Yang starts the finite column before the other fourteen appear
[rts] PASS seven merchants and seven carts already rest in the grove
[rts] PASS merchants start in the grove rather than entering with the convoy
[rts] PASS Bai, wine stall, wine props and wine interaction points are absent initially
[rts] PASS arrival screenshot is a real 1280x720 viewport: 00_default_merchants
[rts] PASS saved live arrival stage 00_default_merchants
[rts] PASS arrival task panel does not overlap command cards: 00_default_merchants
[rts] PASS arrival screenshot is a real 1280x720 viewport: 01_merchants_waiting
[rts] PASS saved live arrival stage 01_merchants_waiting
[rts] PASS arrival task panel does not overlap command cards: 01_merchants_waiting
[rts] PASS convoy visibly grows through timed entries
[rts] PASS arrival screenshot is a real 1280x720 viewport: 02_convoy_on_east_road
[rts] PASS saved live arrival stage 02_convoy_on_east_road
[rts] PASS arrival task panel does not overlap command cards: 02_convoy_on_east_road
[rts] PASS the whole convoy and its loads actually reach the rest area
[rts] PASS rest marker includes all fifteen original convoy members
[rts] PASS fifteen at the rest marker: actual units remain idle with empty paths and queues at their own slots
[rts] PASS fifteen at the rest marker: actual body positions stay separated, not just target cells
[rts] PASS fifteen at the rest marker: no sustained pushing after stopping
[rts] PASS arrival screenshot is a real 1280x720 viewport: 03_convoy_resting
[rts] PASS saved live arrival stage 03_convoy_resting
[rts] PASS arrival task panel does not overlap command cards: 03_convoy_resting
[rts] PASS the final convoy has Yang, eleven carriers, two escorts and the steward
[rts] PASS Yang walks from the resting column to inspect the merchants
[rts] PASS inquiry precedes the wine seller and leaves the real rest scene intact
[rts] PASS fourteen while Yang inquires: actual units remain idle with empty paths and queues at their own slots
[rts] PASS fourteen while Yang inquires: actual body positions stay separated, not just target cells
[rts] PASS fourteen while Yang inquires: no sustained pushing after stopping
[rts] PASS arrival screenshot is a real 1280x720 viewport: 04_yang_inquires
[rts] PASS saved live arrival stage 04_yang_inquires
[rts] PASS arrival task panel does not overlap command cards: 04_yang_inquires
[rts] PASS actual Liu movement and answer introduce Bai after inquiry
[rts] PASS Bai appears carrying wine on the far road without pre-existing barrels
[rts] PASS answer issues one automatic arrival order without stamping manual control
[rts] PASS arrival screenshot is a real 1280x720 viewport: 05_bai_far_road
[rts] PASS saved live arrival stage 05_bai_far_road
[rts] PASS arrival task panel does not overlap command cards: 05_bai_far_road
[rts] PASS Bai carries the load on the same automatic order without a player command
[rts] PASS arrival screenshot is a real 1280x720 viewport: 06_bai_carrying_uphill
[rts] PASS saved live arrival stage 06_bai_carrying_uphill
[rts] PASS arrival task panel does not overlap command cards: 06_bai_carrying_uphill
[rts] PASS automatic unload begins only after actually stopping, with no premature props
[rts] PASS Bai reaches the clearing and finishes putting the wine down
[rts] PASS automatic unloading retains the full one-and-a-half-second stop beat
[rts] PASS automatic arrival never needed a new player order and clears its timer after one unload
[rts] PASS arrival screenshot is a real 1280x720 viewport: 07_wine_put_down
[rts] PASS saved live arrival stage 07_wine_put_down
[rts] PASS arrival task panel does not overlap command cards: 07_wine_put_down
[rts] PASS the same Bai stops carrying only at the unloading place
[rts] PASS no sampled frame exposes a wine stall, barrels, bowls or wine-use markers before unloading
[rts] PASS unloading creates exactly one barrel prop and one bowl prop
[rts] PASS the two wine interaction places appear only after unloading
[rts] PASS arrival retains all original carts and tribute load nodes
[rts] PASS all fifteen observed convoy members really travel from the eastern entrance without road-length jumps
[rts] PASS each convoy appearance is separated in observed gameplay time
[rts] PASS one Bai instance traverses the road instead of teleporting to a prepared shop
[rts] PASS observed events preserve rest, inquiry, answer, seller entry and unloading order
[rts] PASS takeover live: convoy and Yang reach inquiry through normal movement
[rts] PASS takeover live: real Liu answer starts Bai
[rts] PASS takeover live: Bai first moves automatically
[rts] PASS takeover live: actual stop hotkey stamps manual control even without a new Unit serial
[rts] PASS takeover live: next real tick relinquishes automatic control
[rts] PASS takeover live: stop remains respected beyond the five-second manual timer
[rts] PASS takeover live: real ground order changes Bai's route
[rts] PASS takeover live: Bai actually moves on the replacement route
[rts] PASS takeover live: replacement route actually reaches its destination
[rts] PASS takeover live: completing a manual route never restarts automatic arrival
[rts] PASS takeover live: player can explicitly resume the original bring-wine interaction
[rts] PASS takeover live: manual completion unloads once using the same Bai
[rts] PASS boundary: clean initial scene has no configured or instantiated wine stall
[rts] PASS boundary: original explicit wine market_stall configuration is detected
[rts] PASS boundary: market_stall without subtype is detected as the production default wine stall
[rts] PASS boundary: non-wine stall subtype does not create a false alarm: inn
[rts] PASS boundary: non-wine stall subtype does not create a false alarm: goods
[rts] PASS boundary: non-wine stall subtype does not create a false alarm: lantern
[rts] PASS boundary: an actual metadata-free StoryStall wine node is detected
[rts] PASS boundary: removing injected original-bug fixtures restores the clean scene
[rts] PASS boundary: an early invalid wine callback cannot introduce seller or shop
[rts] PASS boundary: an early real attack order changes the partially entered convoy to force
[rts] PASS boundary: early force admits the remaining finite convoy as combatants
[rts] PASS boundary: interrupted entry never builds the wine scene
[rts] PASS boundary: further entry ticks neither duplicate nor revive the original convoy
[rts] PASS boundary: death during automatic arrival clears ownership and timer without fabricating a required-entity failure
[rts] PASS boundary: dead Bai is never respawned by the force fallback and never unloads wine
[rts] PASS boundary: freeing the original dead Bai node still cannot create a replacement seller
[rts] PASS boundary: force interrupts the chapter-owned automatic walk immediately
[rts] PASS boundary: force retains the original Bai without unloading or restarting arrival
[rts] PASS boundary: seller cannot unload remotely without a completed command
[rts] PASS boundary: with automatic arrival cancelled, merely occupying the destination cannot forge a completed manual interaction
[rts] PASS boundary: completed at-destination player interaction creates the wine scene
[rts] PASS boundary: repeated arrival/unload callbacks retain the same seller and props
[rts] PASS boundary: a destroyed original load causes an explicit loss
SCRIPT ERROR: Cannot call method 'get_visible_rect' on a null value.
   at: HUD._layout_info_panel (res://scripts/hud.gd:1647)
   GDScript backtrace (most recent call first):
       [0] _layout_info_panel (res://scripts/hud.gd:1647)
SCRIPT ERROR: Cannot call method 'get_visible_rect' on a null value.
   at: HUD._layout_info_panel (res://scripts/hud.gd:1647)
   GDScript backtrace (most recent call first):
       [0] _layout_info_panel (res://scripts/hud.gd:1647)
SCRIPT ERROR: Cannot call method 'get_visible_rect' on a null value.
   at: HUD._layout_info_panel (res://scripts/hud.gd:1647)
