Godot Engine v4.6.3.stable.official.7d41c59c4 - https://godotengine.org
OpenGL API 3.3.0 NVIDIA 610.88 - Compatibility - Using Device: NVIDIA - NVIDIA GeForce RTX 4060 Laptop GPU

WARNING: 2D MSAA is not yet supported for GLES3.
   at: render_target_set_msaa (drivers/gles3/storage/texture_storage.cpp:2934)
FAIL S03 restart detached exact scenery values
FAIL S04 restart three paused process frames preserve every scenery value
FAIL S04 restart explicit scenery activation succeeds
{ "ok": false, "code": "CAMPAIGN_PREPARED_STATE_CHANGED", "path": "", "target_changed": false }
SCENERY_BOUNDARY campaign_scenery index=0 { "ok": false, "code": "CAMPAIGN_SIGNAL_GATE", "path": "", "target_changed": false } outgoing=["{ \"signal\": Node2D(campaign_scenery.gd)::[signal]child_order_changed, \"callable\": Viewport::canvas_parent_mark_dirty, \"flags\": 8 }", "{ \"signal\": Node2D(campaign_scenery.gd)::[signal]child_order_changed, \"callable\": Viewport::gui_set_root_order_dirty, \"flags\": 8 }"] incoming=[] metadata=[]
SCENERY_BOUNDARY sprite index=0 { "ok": false, "code": "CAMPAIGN_SIGNAL_GATE", "path": "", "target_changed": false } outgoing=[] incoming=[] metadata=[&"fog_clearance_px", &"render_height"]
SCENERY_BOUNDARY sprite index=1 { "ok": false, "code": "CAMPAIGN_SIGNAL_GATE", "path": "", "target_changed": false } outgoing=[] incoming=[] metadata=[&"fog_clearance_px", &"render_height"]
SCENERY_BOUNDARY sprite index=2 { "ok": false, "code": "CAMPAIGN_SIGNAL_GATE", "path": "", "target_changed": false } outgoing=[] incoming=[] metadata=[&"fog_clearance_px", &"render_height"]
SCENERY_BOUNDARY sprite index=3 { "ok": false, "code": "CAMPAIGN_SIGNAL_GATE", "path": "", "target_changed": false } outgoing=[] incoming=[] metadata=[&"fog_clearance_px", &"render_height"]
SCENERY_BOUNDARY sprite index=4 { "ok": false, "code": "CAMPAIGN_SIGNAL_GATE", "path": "", "target_changed": false } outgoing=[] incoming=[] metadata=[&"fog_clearance_px", &"render_height"]
SCENERY_BOUNDARY sprite index=5 { "ok": false, "code": "CAMPAIGN_SIGNAL_GATE", "path": "", "target_changed": false } outgoing=[] incoming=[] metadata=[&"fog_clearance_px", &"render_height"]
SCENERY_BOUNDARY sprite index=6 { "ok": false, "code": "CAMPAIGN_SIGNAL_GATE", "path": "", "target_changed": false } outgoing=[] incoming=[] metadata=[&"fog_clearance_px", &"render_height"]
SCENERY_BOUNDARY sprite index=7 { "ok": false, "code": "CAMPAIGN_SIGNAL_GATE", "path": "", "target_changed": false } outgoing=[] incoming=[] metadata=[&"fog_clearance_px", &"render_height"]
SCENERY_BOUNDARY sprite index=8 { "ok": false, "code": "CAMPAIGN_SIGNAL_GATE", "path": "", "target_changed": false } outgoing=[] incoming=[] metadata=[&"fog_clearance_px", &"render_height"]
SCENERY_BOUNDARY sprite index=9 { "ok": false, "code": "CAMPAIGN_SIGNAL_GATE", "path": "", "target_changed": false } outgoing=[] incoming=[] metadata=[&"fog_clearance_px", &"render_height"]
SCENERY_BOUNDARY sprite index=10 { "ok": false, "code": "CAMPAIGN_SIGNAL_GATE", "path": "", "target_changed": false } outgoing=[] incoming=[] metadata=[&"fog_clearance_px", &"render_height"]
SCENERY_BOUNDARY sprite index=11 { "ok": false, "code": "CAMPAIGN_SIGNAL_GATE", "path": "", "target_changed": false } outgoing=[] incoming=[] metadata=[&"fog_clearance_px", &"render_height"]
SCENERY_BOUNDARY sprite index=12 { "ok": false, "code": "CAMPAIGN_SIGNAL_GATE", "path": "", "target_changed": false } outgoing=[] incoming=[] metadata=[&"fog_clearance_px", &"render_height"]
SCENERY_BOUNDARY sprite index=13 { "ok": false, "code": "CAMPAIGN_SIGNAL_GATE", "path": "", "target_changed": false } outgoing=[] incoming=[] metadata=[&"fog_clearance_px", &"render_height"]
SCENERY_BOUNDARY sprite index=14 { "ok": false, "code": "CAMPAIGN_SIGNAL_GATE", "path": "", "target_changed": false } outgoing=[] incoming=[] metadata=[&"fog_clearance_px", &"render_height"]
SCENERY_BOUNDARY sprite index=15 { "ok": false, "code": "CAMPAIGN_SIGNAL_GATE", "path": "", "target_changed": false } outgoing=[] incoming=[] metadata=[&"fog_clearance_px", &"render_height"]
SCENERY_BOUNDARY sprite index=16 { "ok": false, "code": "CAMPAIGN_SIGNAL_GATE", "path": "", "target_changed": false } outgoing=[] incoming=[] metadata=[&"fog_clearance_px", &"render_height"]
SCENERY_BOUNDARY sprite index=17 { "ok": false, "code": "CAMPAIGN_SIGNAL_GATE", "path": "", "target_changed": false } outgoing=[] incoming=[] metadata=[&"fog_clearance_px"]
SCENERY_BOUNDARY sprite index=18 { "ok": false, "code": "CAMPAIGN_SIGNAL_GATE", "path": "", "target_changed": false } outgoing=[] incoming=[] metadata=[&"fog_clearance_px"]
SCENERY_BOUNDARY sprite index=19 { "ok": false, "code": "CAMPAIGN_SIGNAL_GATE", "path": "", "target_changed": false } outgoing=[] incoming=[] metadata=[&"fog_clearance_px"]
SCENERY_BOUNDARY sprite index=20 { "ok": false, "code": "CAMPAIGN_SIGNAL_GATE", "path": "", "target_changed": false } outgoing=[] incoming=[] metadata=[&"fog_clearance_px"]
SCENERY_BOUNDARY sprite index=21 { "ok": false, "code": "CAMPAIGN_SIGNAL_GATE", "path": "", "target_changed": false } outgoing=[] incoming=[] metadata=[&"fog_clearance_px"]
SCENERY_BOUNDARY sprite index=22 { "ok": false, "code": "CAMPAIGN_SIGNAL_GATE", "path": "", "target_changed": false } outgoing=[] incoming=[] metadata=[&"fog_clearance_px"]
SCENERY_BOUNDARY sprite index=23 { "ok": false, "code": "CAMPAIGN_SIGNAL_GATE", "path": "", "target_changed": false } outgoing=[] incoming=[] metadata=[&"fog_clearance_px"]
SCENERY_BOUNDARY sprite index=24 { "ok": false, "code": "CAMPAIGN_SIGNAL_GATE", "path": "", "target_changed": false } outgoing=[] incoming=[] metadata=[&"fog_clearance_px"]
SCENERY_BOUNDARY sprite index=25 { "ok": false, "code": "CAMPAIGN_SIGNAL_GATE", "path": "", "target_changed": false } outgoing=[] incoming=[] metadata=[&"fog_clearance_px"]
SCENERY_BOUNDARY sprite index=26 { "ok": false, "code": "CAMPAIGN_SIGNAL_GATE", "path": "", "target_changed": false } outgoing=[] incoming=[] metadata=[&"fog_clearance_px"]
SCENERY_BOUNDARY sprite index=27 { "ok": false, "code": "CAMPAIGN_SIGNAL_GATE", "path": "", "target_changed": false } outgoing=[] incoming=[] metadata=[&"fog_clearance_px"]
SCENERY_BOUNDARY sprite index=28 { "ok": false, "code": "CAMPAIGN_SIGNAL_GATE", "path": "", "target_changed": false } outgoing=[] incoming=[] metadata=[&"fog_clearance_px"]
SCENERY_BOUNDARY sprite index=29 { "ok": false, "code": "CAMPAIGN_SIGNAL_GATE", "path": "", "target_changed": false } outgoing=[] incoming=[] metadata=[&"fog_clearance_px"]
SCENERY_BOUNDARY sprite index=30 { "ok": false, "code": "CAMPAIGN_SIGNAL_GATE", "path": "", "target_changed": false } outgoing=[] incoming=[] metadata=[&"fog_clearance_px"]
SCENERY_BOUNDARY sprite index=31 { "ok": false, "code": "CAMPAIGN_SIGNAL_GATE", "path": "", "target_changed": false } outgoing=[] incoming=[] metadata=[&"fog_clearance_px"]
SCENERY_BOUNDARY sprite index=32 { "ok": false, "code": "CAMPAIGN_SIGNAL_GATE", "path": "", "target_changed": false } outgoing=[] incoming=[] metadata=[&"fog_clearance_px"]
SCENERY_BOUNDARY sprite index=33 { "ok": false, "code": "CAMPAIGN_SIGNAL_GATE", "path": "", "target_changed": false } outgoing=[] incoming=[] metadata=[&"fog_clearance_px"]
SCENERY_BOUNDARY sprite index=34 { "ok": false, "code": "CAMPAIGN_SIGNAL_GATE", "path": "", "target_changed": false } outgoing=[] incoming=[] metadata=[&"fog_clearance_px"]
SCENERY_BOUNDARY sprite index=35 { "ok": false, "code": "CAMPAIGN_SIGNAL_GATE", "path": "", "target_changed": false } outgoing=[] incoming=[] metadata=[&"fog_clearance_px"]
SCENERY_BOUNDARY sprite index=36 { "ok": false, "code": "CAMPAIGN_SIGNAL_GATE", "path": "", "target_changed": false } outgoing=[] incoming=[] metadata=[&"fog_clearance_px"]
SCENERY_BOUNDARY sprite index=37 { "ok": false, "code": "CAMPAIGN_SIGNAL_GATE", "path": "", "target_changed": false } outgoing=[] incoming=[] metadata=[&"fog_clearance_px"]
SCENERY_BOUNDARY sprite index=38 { "ok": false, "code": "CAMPAIGN_SIGNAL_GATE", "path": "", "target_changed": false } outgoing=[] incoming=[] metadata=[&"fog_clearance_px"]
SCENERY_BOUNDARY sprite index=39 { "ok": false, "code": "CAMPAIGN_SIGNAL_GATE", "path": "", "target_changed": false } outgoing=[] incoming=[] metadata=[&"fog_clearance_px"]
SCENERY_BOUNDARY sprite index=40 { "ok": false, "code": "CAMPAIGN_SIGNAL_GATE", "path": "", "target_changed": false } outgoing=[] incoming=[] metadata=[&"fog_clearance_px"]
SCENERY_BOUNDARY sprite index=41 { "ok": false, "code": "CAMPAIGN_SIGNAL_GATE", "path": "", "target_changed": false } outgoing=[] incoming=[] metadata=[&"fog_clearance_px"]
SCENERY_BOUNDARY sprite index=42 { "ok": false, "code": "CAMPAIGN_SIGNAL_GATE", "path": "", "target_changed": false } outgoing=[] incoming=[] metadata=[&"fog_clearance_px"]
SCENERY_BOUNDARY sprite index=43 { "ok": false, "code": "CAMPAIGN_SIGNAL_GATE", "path": "", "target_changed": false } outgoing=[] incoming=[] metadata=[&"fog_clearance_px"]
SCENERY_BOUNDARY sprite index=44 { "ok": false, "code": "CAMPAIGN_SIGNAL_GATE", "path": "", "target_changed": false } outgoing=[] incoming=[] metadata=[&"fog_clearance_px"]
SCENERY_BOUNDARY sprite index=45 { "ok": false, "code": "CAMPAIGN_SIGNAL_GATE", "path": "", "target_changed": false } outgoing=[] incoming=[] metadata=[&"fog_clearance_px"]
SCENERY_BOUNDARY sprite index=46 { "ok": false, "code": "CAMPAIGN_SIGNAL_GATE", "path": "", "target_changed": false } outgoing=[] incoming=[] metadata=[&"fog_clearance_px"]
SCENERY_BOUNDARY sprite index=47 { "ok": false, "code": "CAMPAIGN_SIGNAL_GATE", "path": "", "target_changed": false } outgoing=[] incoming=[] metadata=[&"fog_clearance_px"]
SCENERY_BOUNDARY sprite index=48 { "ok": false, "code": "CAMPAIGN_SIGNAL_GATE", "path": "", "target_changed": false } outgoing=[] incoming=[] metadata=[&"fog_clearance_px"]
SCENERY_BOUNDARY sprite index=49 { "ok": false, "code": "CAMPAIGN_SIGNAL_GATE", "path": "", "target_changed": false } outgoing=[] incoming=[] metadata=[&"fog_clearance_px"]
SCENERY_BOUNDARY sprite index=50 { "ok": false, "code": "CAMPAIGN_SIGNAL_GATE", "path": "", "target_changed": false } outgoing=[] incoming=[] metadata=[&"fog_clearance_px"]
SCENERY_BOUNDARY sprite index=51 { "ok": false, "code": "CAMPAIGN_SIGNAL_GATE", "path": "", "target_changed": false } outgoing=[] incoming=[] metadata=[&"fog_clearance_px"]
SCENERY_BOUNDARY sprite index=52 { "ok": false, "code": "CAMPAIGN_SIGNAL_GATE", "path": "", "target_changed": false } outgoing=[] incoming=[] metadata=[&"fog_clearance_px"]
SCENERY_BOUNDARY sprite index=53 { "ok": false, "code": "CAMPAIGN_SIGNAL_GATE", "path": "", "target_changed": false } outgoing=[] incoming=[] metadata=[&"fog_clearance_px"]
SCENERY_BOUNDARY sprite index=54 { "ok": false, "code": "CAMPAIGN_SIGNAL_GATE", "path": "", "target_changed": false } outgoing=[] incoming=[] metadata=[&"fog_clearance_px"]
SCENERY_BOUNDARY sprite index=55 { "ok": false, "code": "CAMPAIGN_SIGNAL_GATE", "path": "", "target_changed": false } outgoing=[] incoming=[] metadata=[&"fog_clearance_px"]
SCENERY_BOUNDARY sprite index=56 { "ok": false, "code": "CAMPAIGN_SIGNAL_GATE", "path": "", "target_changed": false } outgoing=[] incoming=[] metadata=[&"fog_clearance_px"]
SCENERY_BOUNDARY sprite index=57 { "ok": false, "code": "CAMPAIGN_SIGNAL_GATE", "path": "", "target_changed": false } outgoing=[] incoming=[] metadata=[&"fog_clearance_px"]
SCENERY_BOUNDARY sprite index=58 { "ok": false, "code": "CAMPAIGN_SIGNAL_GATE", "path": "", "target_changed": false } outgoing=[] incoming=[] metadata=[&"fog_clearance_px"]
SCENERY_BOUNDARY sprite index=59 { "ok": false, "code": "CAMPAIGN_SIGNAL_GATE", "path": "", "target_changed": false } outgoing=[] incoming=[] metadata=[&"fog_clearance_px"]
SCENERY_BOUNDARY sprite index=60 { "ok": false, "code": "CAMPAIGN_SIGNAL_GATE", "path": "", "target_changed": false } outgoing=[] incoming=[] metadata=[&"fog_clearance_px"]
SCENERY_BOUNDARY sprite index=61 { "ok": false, "code": "CAMPAIGN_SIGNAL_GATE", "path": "", "target_changed": false } outgoing=[] incoming=[] metadata=[&"fog_clearance_px"]
SCENERY_BOUNDARY sprite index=62 { "ok": false, "code": "CAMPAIGN_SIGNAL_GATE", "path": "", "target_changed": false } outgoing=[] incoming=[] metadata=[&"fog_clearance_px"]
SCENERY_BOUNDARY sprite index=63 { "ok": false, "code": "CAMPAIGN_SIGNAL_GATE", "path": "", "target_changed": false } outgoing=[] incoming=[] metadata=[&"fog_clearance_px"]
SCENERY_BOUNDARY sprite index=64 { "ok": false, "code": "CAMPAIGN_SIGNAL_GATE", "path": "", "target_changed": false } outgoing=[] incoming=[] metadata=[&"fog_clearance_px"]
SCENERY_BOUNDARY sprite index=65 { "ok": false, "code": "CAMPAIGN_SIGNAL_GATE", "path": "", "target_changed": false } outgoing=[] incoming=[] metadata=[&"fog_clearance_px"]
SCENERY_BOUNDARY sprite index=66 { "ok": false, "code": "CAMPAIGN_SIGNAL_GATE", "path": "", "target_changed": false } outgoing=[] incoming=[] metadata=[&"fog_clearance_px", &"campaign_object"]
SCENERY_BOUNDARY sprite index=67 { "ok": false, "code": "CAMPAIGN_SIGNAL_GATE", "path": "", "target_changed": false } outgoing=[] incoming=[] metadata=[&"fog_clearance_px", &"campaign_object"]
SCENERY_BOUNDARY sprite index=68 { "ok": false, "code": "CAMPAIGN_SIGNAL_GATE", "path": "", "target_changed": false } outgoing=[] incoming=[] metadata=[&"fog_clearance_px", &"campaign_object"]
SCENERY_BOUNDARY story_sign index=69 { "ok": false, "code": "CAMPAIGN_SIGNAL_GATE", "path": "", "target_changed": false } outgoing=[] incoming=[{ "signal": Node(localization.gd)::[signal]language_changed, "callable": Node2D::_on_language_changed, "flags": 0 }] metadata=[&"render_height"]
SCENERY_BOUNDARY story_sign index=70 { "ok": false, "code": "CAMPAIGN_SIGNAL_GATE", "path": "", "target_changed": false } outgoing=[] incoming=[{ "signal": Node(localization.gd)::[signal]language_changed, "callable": Node2D::_on_language_changed, "flags": 0 }] metadata=[]
SCENERY_BOUNDARY story_sign index=71 { "ok": false, "code": "CAMPAIGN_SIGNAL_GATE", "path": "", "target_changed": false } outgoing=[] incoming=[{ "signal": Node(localization.gd)::[signal]language_changed, "callable": Node2D::_on_language_changed, "flags": 0 }] metadata=[]
SCENERY_BOUNDARY sprite index=72 { "ok": false, "code": "CAMPAIGN_SIGNAL_GATE", "path": "", "target_changed": false } outgoing=[] incoming=[] metadata=[&"fog_clearance_px", &"campaign_object"]
SCENERY_BOUNDARY sprite index=73 { "ok": false, "code": "CAMPAIGN_SIGNAL_GATE", "path": "", "target_changed": false } outgoing=[] incoming=[] metadata=[&"fog_clearance_px", &"campaign_object"]
SCENERY_BOUNDARY sprite index=74 { "ok": false, "code": "CAMPAIGN_SIGNAL_GATE", "path": "", "target_changed": false } outgoing=[] incoming=[] metadata=[&"fog_clearance_px", &"campaign_object"]
SCENERY_BOUNDARY sprite index=75 { "ok": false, "code": "CAMPAIGN_SIGNAL_GATE", "path": "", "target_changed": false } outgoing=[] incoming=[] metadata=[&"fog_clearance_px", &"campaign_object"]
SCENERY_BOUNDARY sprite index=76 { "ok": false, "code": "CAMPAIGN_SIGNAL_GATE", "path": "", "target_changed": false } outgoing=[] incoming=[] metadata=[&"fog_clearance_px", &"campaign_object"]
SCENERY_BOUNDARY sprite index=77 { "ok": false, "code": "CAMPAIGN_SIGNAL_GATE", "path": "", "target_changed": false } outgoing=[] incoming=[] metadata=[&"fog_clearance_px", &"campaign_object"]
SCENERY_BOUNDARY sprite index=78 { "ok": false, "code": "CAMPAIGN_SIGNAL_GATE", "path": "", "target_changed": false } outgoing=[] incoming=[] metadata=[&"fog_clearance_px", &"campaign_environment_route", &"campaign_environment_state", &"campaign_environment_fallback_key", &"campaign_object"]
SCENERY_BOUNDARY stockade index=79 { "ok": false, "code": "CAMPAIGN_SIGNAL_GATE", "path": "", "target_changed": false } outgoing=[] incoming=[] metadata=[&"campaign_environment_route", &"render_height"]
SCENERY_BOUNDARY stockade index=80 { "ok": false, "code": "CAMPAIGN_SIGNAL_GATE", "path": "", "target_changed": false } outgoing=[] incoming=[] metadata=[&"campaign_environment_route", &"render_height"]
SCENERY_BOUNDARY stockade index=81 { "ok": false, "code": "CAMPAIGN_SIGNAL_GATE", "path": "", "target_changed": false } outgoing=[] incoming=[] metadata=[&"campaign_environment_route", &"render_height"]
SCENERY_BOUNDARY stockade index=82 { "ok": false, "code": "CAMPAIGN_SIGNAL_GATE", "path": "", "target_changed": false } outgoing=[] incoming=[] metadata=[&"campaign_environment_route", &"render_height"]
SCENERY_BOUNDARY stockade index=83 { "ok": false, "code": "CAMPAIGN_SIGNAL_GATE", "path": "", "target_changed": false } outgoing=[] incoming=[] metadata=[&"campaign_environment_route", &"render_height"]
SCENERY_BOUNDARY stockade index=84 { "ok": false, "code": "CAMPAIGN_SIGNAL_GATE", "path": "", "target_changed": false } outgoing=[] incoming=[] metadata=[&"campaign_environment_route"]
SCENERY_BOUNDARY stockade index=85 { "ok": false, "code": "CAMPAIGN_SIGNAL_GATE", "path": "", "target_changed": false } outgoing=[] incoming=[] metadata=[&"campaign_environment_route"]
SCENERY_BOUNDARY stockade index=86 { "ok": false, "code": "CAMPAIGN_SIGNAL_GATE", "path": "", "target_changed": false } outgoing=[] incoming=[] metadata=[&"campaign_environment_route"]
SCENERY_BOUNDARY stockade index=87 { "ok": false, "code": "CAMPAIGN_SIGNAL_GATE", "path": "", "target_changed": false } outgoing=[] incoming=[] metadata=[&"campaign_environment_route"]
SCENERY_BOUNDARY stockade index=88 { "ok": false, "code": "CAMPAIGN_SIGNAL_GATE", "path": "", "target_changed": false } outgoing=[] incoming=[] metadata=[&"campaign_environment_route"]
SCENERY_BOUNDARY stockade index=89 { "ok": false, "code": "CAMPAIGN_SIGNAL_GATE", "path": "", "target_changed": false } outgoing=[] incoming=[] metadata=[&"campaign_environment_route"]
SCENERY_BOUNDARY stockade index=90 { "ok": false, "code": "CAMPAIGN_SIGNAL_GATE", "path": "", "target_changed": false } outgoing=[] incoming=[] metadata=[&"campaign_environment_route"]
SCENERY_BOUNDARY stockade index=91 { "ok": false, "code": "CAMPAIGN_SIGNAL_GATE", "path": "", "target_changed": false } outgoing=[] incoming=[] metadata=[&"campaign_environment_route"]
SCENERY_BOUNDARY stockade index=92 { "ok": false, "code": "CAMPAIGN_SIGNAL_GATE", "path": "", "target_changed": false } outgoing=[] incoming=[] metadata=[&"campaign_environment_route"]
SCENERY_BOUNDARY stockade index=93 { "ok": false, "code": "CAMPAIGN_SIGNAL_GATE", "path": "", "target_changed": false } outgoing=[] incoming=[] metadata=[&"campaign_environment_route"]
SCENERY_BOUNDARY stockade index=94 { "ok": false, "code": "CAMPAIGN_SIGNAL_GATE", "path": "", "target_changed": false } outgoing=[] incoming=[] metadata=[&"campaign_environment_route"]
SCENERY_BOUNDARY stockade index=95 { "ok": false, "code": "CAMPAIGN_SIGNAL_GATE", "path": "", "target_changed": false } outgoing=[] incoming=[] metadata=[&"campaign_environment_route"]
SCENERY_BOUNDARY stockade index=96 { "ok": false, "code": "CAMPAIGN_SIGNAL_GATE", "path": "", "target_changed": false } outgoing=[] incoming=[] metadata=[&"campaign_environment_route"]
LEVEL3_SCENERY_QA restart checks=20 passed=false
