Godot Engine v4.6.3.stable.official.7d41c59c4 - https://godotengine.org

SCRIPT ERROR: Invalid access to property or key 'guan_qiang' on a base object of type 'Dictionary'.
   at: Battle.spawn_unit (res://scripts/battle.gd:578)
   GDScript backtrace (most recent call first):
       [0] spawn_unit (res://scripts/battle.gd:578)
       [1] spawn_at (res://scripts/battle.gd:617)
       [2] _guard (res://scripts/levels/level8_daming_rts.gd:110)
       [3] deploy (res://scripts/levels/level8_daming_rts.gd:183)
       [4] _ready (res://scripts/battle.gd:361)
SCRIPT ERROR: Invalid call. Nonexistent function 'set_stance' in base 'Nil'.
   at: _guard (res://scripts/levels/level8_daming_rts.gd:111)
   GDScript backtrace (most recent call first):
       [0] _guard (res://scripts/levels/level8_daming_rts.gd:111)
       [1] deploy (res://scripts/levels/level8_daming_rts.gd:183)
       [2] _ready (res://scripts/battle.gd:361)
SCRIPT ERROR: Invalid access to property or key 'guan_qiang' on a base object of type 'Dictionary'.
   at: Battle.spawn_unit (res://scripts/battle.gd:578)
   GDScript backtrace (most recent call first):
       [0] spawn_unit (res://scripts/battle.gd:578)
       [1] spawn_at (res://scripts/battle.gd:617)
       [2] _guard (res://scripts/levels/level8_daming_rts.gd:110)
       [3] deploy (res://scripts/levels/level8_daming_rts.gd:183)
       [4] _ready (res://scripts/battle.gd:361)
SCRIPT ERROR: Invalid call. Nonexistent function 'set_stance' in base 'Nil'.
   at: _guard (res://scripts/levels/level8_daming_rts.gd:111)
   GDScript backtrace (most recent call first):
       [0] _guard (res://scripts/levels/level8_daming_rts.gd:111)
       [1] deploy (res://scripts/levels/level8_daming_rts.gd:183)
       [2] _ready (res://scripts/battle.gd:361)
SCRIPT ERROR: Invalid access to property or key 'guan_qiang' on a base object of type 'Dictionary'.
   at: Battle.spawn_unit (res://scripts/battle.gd:578)
   GDScript backtrace (most recent call first):
       [0] spawn_unit (res://scripts/battle.gd:578)
       [1] spawn_at (res://scripts/battle.gd:617)
       [2] _guard (res://scripts/levels/level8_daming_rts.gd:110)
       [3] deploy (res://scripts/levels/level8_daming_rts.gd:183)
       [4] _ready (res://scripts/battle.gd:361)
SCRIPT ERROR: Invalid call. Nonexistent function 'set_stance' in base 'Nil'.
   at: _guard (res://scripts/levels/level8_daming_rts.gd:111)
   GDScript backtrace (most recent call first):
       [0] _guard (res://scripts/levels/level8_daming_rts.gd:111)
       [1] deploy (res://scripts/levels/level8_daming_rts.gd:183)
       [2] _ready (res://scripts/battle.gd:361)
SCRIPT ERROR: Invalid access to property or key 'guan_qiang' on a base object of type 'Dictionary'.
   at: Battle.spawn_unit (res://scripts/battle.gd:578)
   GDScript backtrace (most recent call first):
       [0] spawn_unit (res://scripts/battle.gd:578)
       [1] spawn_at (res://scripts/battle.gd:617)
       [2] _guard (res://scripts/levels/level8_daming_rts.gd:110)
       [3] deploy (res://scripts/levels/level8_daming_rts.gd:183)
       [4] _ready (res://scripts/battle.gd:361)
SCRIPT ERROR: Invalid call. Nonexistent function 'set_stance' in base 'Nil'.
   at: _guard (res://scripts/levels/level8_daming_rts.gd:111)
   GDScript backtrace (most recent call first):
       [0] _guard (res://scripts/levels/level8_daming_rts.gd:111)
       [1] deploy (res://scripts/levels/level8_daming_rts.gd:183)
       [2] _ready (res://scripts/battle.gd:361)
SCRIPT ERROR: Invalid call. Nonexistent function 'units_near' in base 'Nil'.
   at: Unit._acquire (res://scripts/unit.gd:2134)
   GDScript backtrace (most recent call first):
       [0] _acquire (res://scripts/unit.gd:2134)
       [1] _phys_body (res://scripts/unit.gd:1336)
       [2] _physics_process (res://scripts/unit.gd:1005)
SCRIPT ERROR: Invalid call. Nonexistent function 'units_near' in base 'Nil'.
   at: Unit._acquire (res://scripts/unit.gd:2134)
   GDScript backtrace (most recent call first):
       [0] _acquire (res://scripts/unit.gd:2134)
       [1] _phys_body (res://scripts/unit.gd:1336)
       [2] _physics_process (res://scripts/unit.gd:1005)
SCRIPT ERROR: Invalid call. Nonexistent function 'units_near' in base 'Nil'.
   at: Unit._acquire (res://scripts/unit.gd:2134)
   GDScript backtrace (most recent call first):
       [0] _acquire (res://scripts/unit.gd:2134)
       [1] _phys_body (res://scripts/unit.gd:1336)
       [2] _physics_process (res://scripts/unit.gd:1005)
SCRIPT ERROR: Invalid call. Nonexistent function 'units_near' in base 'Nil'.
   at: Unit._acquire (res://scripts/unit.gd:2134)
   GDScript backtrace (most recent call first):
       [0] _acquire (res://scripts/unit.gd:2134)
       [1] _phys_body (res://scripts/unit.gd:1336)
       [2] _physics_process (res://scripts/unit.gd:1005)
SCRIPT ERROR: Invalid call. Nonexistent function 'units_near' in base 'Nil'.
   at: Unit._acquire (res://scripts/unit.gd:2134)
   GDScript backtrace (most recent call first):
       [0] _acquire (res://scripts/unit.gd:2134)
       [1] _phys_body (res://scripts/unit.gd:1336)
       [2] _physics_process (res://scripts/unit.gd:1005)
SCRIPT ERROR: Invalid call. Nonexistent function 'units_near' in base 'Nil'.
   at: Unit._acquire (res://scripts/unit.gd:2134)
   GDScript backtrace (most recent call first):
       [0] _acquire (res://scripts/unit.gd:2134)
       [1] _phys_body (res://scripts/unit.gd:1336)
       [2] _physics_process (res://scripts/unit.gd:1005)
SCRIPT ERROR: Invalid call. Nonexistent function 'units_near' in base 'Nil'.
   at: Unit._acquire (res://scripts/unit.gd:2134)
   GDScript backtrace (most recent call first):
       [0] _acquire (res://scripts/unit.gd:2134)
       [1] _phys_body (res://scripts/unit.gd:1336)
       [2] _physics_process (res://scripts/unit.gd:1005)
SCRIPT ERROR: Invalid call. Nonexistent function 'units_near' in base 'Nil'.
   at: Unit._acquire (res://scripts/unit.gd:2134)
   GDScript backtrace (most recent call first):
       [0] _acquire (res://scripts/unit.gd:2134)
       [1] _phys_body (res://scripts/unit.gd:1336)
       [2] _physics_process (res://scripts/unit.gd:1005)
