Godot Engine v4.6.3.stable.official.7d41c59c4 - https://godotengine.org

[daming-play] t=0 phase=outpost spies=admit army=7 cover=[true, true, true] gate=false fire=false prison=false rescued=false hall=1500.0
[daming-play] t=60 phase=gate_tower spies=ready army=11 cover=[true, true, true] gate=false fire=false prison=true rescued=false hall=1500.0
[daming-play] t=120 phase=gate_tower spies=ready army=10 cover=[true, true, true] gate=false fire=false prison=true rescued=false hall=1500.0
[daming-play] t=180 phase=gate_tower spies=ready army=14 cover=[true, true, true] gate=false fire=false prison=true rescued=false hall=1500.0
[daming-play] t=240 phase=gate_tower spies=ready army=24 cover=[true, true, true] gate=false fire=false prison=true rescued=false hall=1500.0
[daming-play] t=300 phase=gate_tower spies=ready army=31 cover=[true, true, true] gate=false fire=false prison=true rescued=false hall=1500.0
[daming-play] t=360 phase=gate_tower spies=ready army=39 cover=[true, true, true] gate=false fire=false prison=true rescued=false hall=1500.0
[daming-play] t=420 phase=gate_tower spies=ready army=45 cover=[true, true, true] gate=false fire=false prison=true rescued=false hall=1500.0
[daming-play] t=480 phase=gate_tower spies=ready army=52 cover=[true, true, true] gate=false fire=false prison=true rescued=false hall=1500.0
[daming-play] t=540 phase=gate_tower spies=ready army=60 cover=[true, true, true] gate=false fire=false prison=true rescued=false hall=1500.0
[daming-play] t=600 phase=gate_tower spies=ready army=60 cover=[true, true, true] gate=false fire=false prison=true rescued=false hall=1500.0
[daming-play] t=660 phase=gate_tower spies=ready army=60 cover=[true, true, true] gate=false fire=false prison=true rescued=false hall=1500.0
[daming-play] t=720 phase=gate_tower spies=ready army=60 cover=[true, true, true] gate=false fire=false prison=true rescued=false hall=1500.0
[daming-play] t=780 phase=gate_tower spies=ready army=60 cover=[true, true, true] gate=false fire=false prison=true rescued=false hall=1500.0
[daming-play] t=840 phase=gate_tower spies=ready army=60 cover=[true, true, true] gate=false fire=false prison=true rescued=false hall=1500.0
[rts] FAIL signal route wins using real economy and battle
[rts] PASS route uses construction and paid army/siege production
[rts] PASS camp survives without phase redeployment
[rts] FAIL same two prisoners actually reach exit alive
[rts] PASS route cuts paid outside reinforcement source
[rts] FAIL infiltration signal allows intact gate to open
[rts] FAIL live signal route completes all three story contracts
[rts] PASS all expected route assertions executed
[daming-rts] {"checks":8,"failures":["signal route wins using real economy and battle","same two prisoners actually reach exit alive","infiltration signal allows intact gate to open","live signal route completes all three story contracts"],"metrics":{"ai_trained":12,"buildings_started":8,"camp_hp":1500.0,"events":["action:daming_rts:daming_admit","daming_prison_admitted","daming_post_0"],"game_seconds":900.0,"orders":718,"phase":"gate_tower","prisoner_hp":[360.0,230.0],"result":{"contract_version":2,"core_cleared":false,"core_goal":"守住梁山前营，救出卢俊义、石秀，护送二人活着抵达城外接应地。","done_ids":[],"goals":[{"id":"daming_infiltration","label":"柴进、乐和乔装入牢，时迁按分工举火","note":"","reason":"","state":"pending"},{"id":"daming_signal","label":"翠云火号发动里应外合","note":"","reason":"","state":"pending"},{"id":"daming_response","label":"鲁智深或武松夺门，牢中内应开枷","note":"","reason":"","state":"pending"}],"missed_ids":[],"pending_ids":["daming_infiltration","daming_signal","daming_response"],"story_complete":false,"story_done":0,"story_total":3},"skill_orders":8,"spy_phase":"ready","units_queued":59,"units_queued_by_key":{"liang_dao":12,"liang_gong":28,"liang_qiang":10,"lou_luo":5,"siege_cata":2,"siege_ram":2}},"passed":false,"route":"signal","scope":"automated actual economy and combat; not human fun acceptance"}
