Godot Engine v4.6.3.stable.official.7d41c59c4 - https://godotengine.org

[gao-play] t=0 story=lure army=7 fleet=2 land=[4, 6, 8] sea=[3, 5, 6] flagship=2100.0 g=206 w=146 pop=36/44 hall=1500.0
[gao-story] active= fire=false smallboat=[760.0, (22, 52)] escorts=[["ruan_xiaoer_boat", 950.0, (38, 47)], ["ruan_xiaowu_boat", 950.0, (40, 50)]]
[gao-play] t=60 story=fire army=11 fleet=0 land=[0, 6, 8] sea=[2, 5, 6] flagship=2100.0 g=280 w=220 pop=39/44 hall=1500.0
[gao-story] active= fire=false smallboat=[760.0, (22, 52)] escorts=[["ruan_xiaoer_boat", 503.761904761912, (33, 51)], ["ruan_xiaowu_boat", 578.571428571429, (37, 47)]]
[gao-play] t=120 story=fire army=9 fleet=4 land=[0, 0, 8] sea=[0, 5, 6] flagship=2100.0 g=237 w=214 pop=43/54 hall=1500.0
[gao-story] active= fire=false smallboat=[760.0, (22, 52)] escorts=[["ruan_xiaoer_boat", 665.595238095211, (39, 46)], ["ruan_xiaowu_boat", 685.904761904738, (40, 45)]]
[gao-play] t=180 story=fire army=8 fleet=5 land=[0, 0, 8] sea=[0, 5, 6] flagship=2100.0 g=208 w=225 pop=48/64 hall=1500.0
[gao-story] active= fire=false smallboat=[760.0, (22, 52)] escorts=[["ruan_xiaoer_boat", 799.928571428514, (40, 45)], ["ruan_xiaowu_boat", 606.90476190471, (33, 51)]]
[gao-play] t=240 story=fire army=11 fleet=7 land=[0, 0, 8] sea=[0, 5, 6] flagship=2100.0 g=301 w=239 pop=50/74 hall=1500.0
[gao-story] active= fire=false smallboat=[760.0, (22, 52)] escorts=[["ruan_xiaoer_boat", 624.595238095157, (35, 49)], ["ruan_xiaowu_boat", 766.904761904674, (39, 45)]]
[gao-play] t=300 story=fire army=10 fleet=10 land=[0, 0, 7] sea=[0, 5, 6] flagship=2100.0 g=195 w=249 pop=58/74 hall=1500.0
[gao-story] active= fire=false smallboat=[760.0, (22, 52)] escorts=[["ruan_xiaoer_boat", 786.095238095121, (39, 47)], ["ruan_xiaowu_boat", 928.404761904637, (41, 46)]]
[gao-play] t=360 story=battle army=8 fleet=9 land=[0, 0, 7] sea=[0, 2, 6] flagship=2100.0 g=344 w=395 pop=53/74 hall=1500.0
[gao-story] active= fire=true smallboat=[] escorts=[["ruan_xiaoer_boat", 948.26190476175, (36, 42)], ["ruan_xiaowu_boat", 950.0, (38, 43)]]
[gao-play] t=420 story=battle army=7 fleet=10 land=[0, 0, 2] sea=[0, 0, 0] flagship=2100.0 g=645 w=459 pop=55/74 hall=1500.0
[gao-story] active= fire=true smallboat=[] escorts=[["ruan_xiaoer_boat", 841.761904761905, (48, 15)], ["ruan_xiaowu_boat", 921.428571428571, (50, 14)]]
[gao-play] t=480 story=seal army=11 fleet=11 land=[0, 0, 2] sea=[0, 0, 0] flagship=1.0 g=819 w=667 pop=62/74 hall=1500.0
[gao-story] active= fire=true smallboat=[] escorts=[["ruan_xiaoer_boat", 950.0, (38, 45)], ["ruan_xiaowu_boat", 714.761904761879, (38, 43)]]
[gao-play] t=540 story=seal army=16 fleet=11 land=[0, 0, 0] sea=[0, 0, 0] flagship=1.0 g=962 w=828 pop=67/74 hall=1500.0
[gao-story] active= fire=true smallboat=[] escorts=[["ruan_xiaoer_boat", 950.0, (38, 45)], ["ruan_xiaowu_boat", 870.595238095177, (38, 44)]]
[gao-play] t=600 story=seal army=19 fleet=11 land=[0, 0, 0] sea=[0, 0, 0] flagship=1.0 g=1268 w=1074 pop=70/74 hall=1500.0
[gao-story] active= fire=true smallboat=[] escorts=[["ruan_xiaoer_boat", 950.0, (38, 45)], ["ruan_xiaowu_boat", 950.0, (38, 44)]]
[gao-play] t=660 story=seal army=19 fleet=11 land=[0, 0, 0] sea=[0, 0, 0] flagship=1.0 g=1588 w=1244 pop=70/74 hall=1500.0
[gao-story] active= fire=true smallboat=[] escorts=[["ruan_xiaoer_boat", 950.0, (38, 45)], ["ruan_xiaowu_boat", 950.0, (38, 44)]]
[gao-play] t=720 story=seal army=19 fleet=11 land=[0, 0, 0] sea=[0, 0, 0] flagship=1.0 g=1888 w=1384 pop=70/74 hall=1500.0
[gao-story] active= fire=true smallboat=[] escorts=[["ruan_xiaoer_boat", 950.0, (38, 45)], ["ruan_xiaowu_boat", 950.0, (38, 44)]]
[gao-play] t=780 story=seal army=19 fleet=11 land=[0, 0, 0] sea=[0, 0, 0] flagship=1.0 g=2198 w=1519 pop=70/74 hall=1500.0
[gao-story] active= fire=true smallboat=[] escorts=[["ruan_xiaoer_boat", 950.0, (38, 45)], ["ruan_xiaowu_boat", 950.0, (37, 44)]]
[gao-play] t=840 story=seal army=19 fleet=11 land=[0, 0, 0] sea=[0, 0, 0] flagship=1.0 g=2488 w=1664 pop=70/74 hall=1500.0
[gao-story] active= fire=true smallboat=[] escorts=[["ruan_xiaoer_boat", 950.0, (38, 45)], ["ruan_xiaowu_boat", 950.0, (37, 44)]]
[gao-play] t=900 story=seal army=19 fleet=11 land=[0, 0, 0] sea=[0, 0, 0] flagship=1.0 g=2788 w=1804 pop=70/74 hall=1500.0
[gao-story] active= fire=true smallboat=[] escorts=[["ruan_xiaoer_boat", 950.0, (38, 45)], ["ruan_xiaowu_boat", 950.0, (37, 44)]]
