Godot Engine v4.6.3.stable.official.7d41c59c4 - https://godotengine.org

[rts] PASS menu enters persistent Gao while preserving chapter ID
[rts] PASS chapter enables economy, fog and paid shore production
[rts] PASS initial workers, heroes, troops and four ships reserve honest population
[rts] PASS shared combat and costs unchanged: song_jiang
[rts] PASS shared combat and costs unchanged: wu_yong
[rts] PASS shared combat and costs unchanged: liu_tang
[rts] PASS shared combat and costs unchanged: gongsun_sheng
[rts] PASS shared combat and costs unchanged: liang_qiang
[rts] PASS shared combat and costs unchanged: liang_gong
[rts] PASS shared combat and costs unchanged: siege_ram
[rts] PASS all three finite land and water forces are deployed from the start
[rts] PASS every starting ship is on navigable water
[rts] PASS land approach connects without crossing water: (26, 7)
[rts] PASS land approach connects without crossing water: (34, 31)
[rts] PASS land approach connects without crossing water: (27, 46)
[rts] PASS land approach connects without crossing water: (20, 49)
[rts] PASS land approach connects without crossing water: (29, 38)
[rts] PASS water route connects: (39, 44)
[rts] PASS water route connects: (32, 50)
[rts] PASS water route connects: (42, 29)
[rts] PASS water route connects: (39, 41)
[rts] PASS water route connects: (37, 39)
[rts] PASS water route connects: (51, 8)
[rts] PASS water route connects: (51, 34)
[rts] PASS land cannot shortcut to sea
[rts] PASS dedicated shore supports real shipyard footprint and berth
[rts] PASS enemy shipyard also has a valid fixed water berth
[rts] PASS workers collect and unload actual gold and wood
[rts] PASS player build command starts real shore construction
[rts] PASS worker reaches shore and finishes construction
[rts] PASS ship queue spends actual shared naval price
[rts] PASS paid ship launches in actual campaign map
[rts] PASS launched ship leaves the shore toward water rally
[rts] PASS sending all expeditions preserves every camp and unit instance
[rts] PASS enemy land force receives an active combat order
[rts] FAIL both enemy producers pay separate faction resources before spawning
[rts] PASS enemy production cannot ignore training interval
[rts] FAIL destroyed source stops its production immediately
[rts] PASS source destruction records real map progress
[rts] PASS actual damage disables flagship with nonlethal story state
[rts] PASS cleared main threats offer explicit basic ending while capture remains optional
[rts] PASS player ending button completes basic victory without capture tasks
[rts] PASS skirmish remains isolated from chapter naval definitions
[rts] PASS skirmish_ai remains isolated from chapter naval definitions
[rts] PASS restart creates a fresh persistent chapter
[gao-rts] 45 checks, failures=2
