Godot Engine v4.6.3.stable.official.7d41c59c4 - https://godotengine.org
Vulkan 1.4.351 - Forward+ - Using Device #0: NVIDIA - NVIDIA GeForce RTX 3070 Ti

[runtime-check] PASS manifest retains the complete shared source enumeration scope
[runtime-check] PASS full source path set and directory presence match preparation
[runtime-check] PASS source paths remain stable while hashing
[runtime-check] PASS actual source matches this run's prepared snapshot
[runtime-check] PASS normal audio synthesis completes before fixture
[runtime-check] PASS actual level5 heightfield supplies non-flat anchor
[runtime-check] PASS Battle projection includes real elevation
[runtime-check] PASS actual render Unit class loads: old_render_unit.gd
[runtime-check] PASS actual render Unit class loads: new_render_unit.gd
[runtime-check] PASS real object allocation finds matching modulo-6 identity
[runtime-check] PASS pair matches both stride-2 and stride-3 identity phases
[runtime-check] PASS fixture uses actual logical viewport visibility: { "key": "song_jiang", "mode": "walk", "method": "motion", "mob": 260, "selected": false, "location": "center", "lite": true, "force": false }
[runtime-check] PASS { "key": "song_jiang", "mode": "walk", "method": "motion", "mob": 260, "selected": false, "location": "center", "lite": true, "force": false } cap=15 exact rendered RGBA equality
[runtime-check] PASS { "key": "song_jiang", "mode": "walk", "method": "motion", "mob": 260, "selected": false, "location": "center", "lite": true, "force": false } cap=15 same last painted state and animation timer
[runtime-check] PASS { "key": "song_jiang", "mode": "walk", "method": "motion", "mob": 260, "selected": false, "location": "center", "lite": true, "force": false } cap=15 same actual Canvas draw cadence
[runtime-check] PASS { "key": "song_jiang", "mode": "walk", "method": "motion", "mob": 260, "selected": false, "location": "center", "lite": true, "force": false } cap=15 exercises visible Canvas submissions
[runtime-check] PASS { "key": "song_jiang", "mode": "walk", "method": "motion", "mob": 260, "selected": false, "location": "center", "lite": true, "force": false } cap=15 renders actual nontransparent art
[runtime-check] PASS real object allocation finds matching modulo-6 identity
[runtime-check] PASS pair matches both stride-2 and stride-3 identity phases
[runtime-check] PASS fixture uses actual logical viewport visibility: { "key": "song_jiang", "mode": "walk", "method": "motion", "mob": 260, "selected": false, "location": "inside_edge", "lite": true, "force": false }
[runtime-check] PASS paired actual edge/reentry screenshots saved
[runtime-check] PASS { "key": "song_jiang", "mode": "walk", "method": "motion", "mob": 260, "selected": false, "location": "inside_edge", "lite": true, "force": false } cap=15 exact rendered RGBA equality
[runtime-check] PASS { "key": "song_jiang", "mode": "walk", "method": "motion", "mob": 260, "selected": false, "location": "inside_edge", "lite": true, "force": false } cap=15 same last painted state and animation timer
[runtime-check] PASS { "key": "song_jiang", "mode": "walk", "method": "motion", "mob": 260, "selected": false, "location": "inside_edge", "lite": true, "force": false } cap=15 same actual Canvas draw cadence
[runtime-check] PASS { "key": "song_jiang", "mode": "walk", "method": "motion", "mob": 260, "selected": false, "location": "inside_edge", "lite": true, "force": false } cap=15 exercises visible Canvas submissions
[runtime-check] PASS { "key": "song_jiang", "mode": "walk", "method": "motion", "mob": 260, "selected": false, "location": "inside_edge", "lite": true, "force": false } cap=15 renders actual nontransparent art
[runtime-check] PASS real object allocation finds matching modulo-6 identity
[runtime-check] PASS pair matches both stride-2 and stride-3 identity phases
[runtime-check] PASS fixture uses actual logical viewport visibility: { "key": "song_jiang", "mode": "walk", "method": "motion", "mob": 260, "selected": false, "location": "outside_edge", "lite": true, "force": false }
[runtime-check] PASS { "key": "song_jiang", "mode": "walk", "method": "motion", "mob": 260, "selected": false, "location": "outside_edge", "lite": true, "force": false } cap=15 exact rendered RGBA equality
[runtime-check] PASS { "key": "song_jiang", "mode": "walk", "method": "motion", "mob": 260, "selected": false, "location": "outside_edge", "lite": true, "force": false } cap=15 same last painted state and animation timer
[runtime-check] PASS { "key": "song_jiang", "mode": "walk", "method": "motion", "mob": 260, "selected": false, "location": "outside_edge", "lite": true, "force": false } cap=15 same actual Canvas draw cadence
[runtime-check] PASS { "key": "song_jiang", "mode": "walk", "method": "motion", "mob": 260, "selected": false, "location": "outside_edge", "lite": true, "force": false } cap=15 offscreen helpers make no Canvas submission
[runtime-check] PASS real object allocation finds matching modulo-6 identity
[runtime-check] PASS pair matches both stride-2 and stride-3 identity phases
[runtime-check] PASS fixture uses actual logical viewport visibility: { "key": "song_jiang", "mode": "walk", "method": "motion", "mob": 260, "selected": true, "location": "center", "lite": true, "force": false }
[runtime-check] PASS { "key": "song_jiang", "mode": "walk", "method": "motion", "mob": 260, "selected": true, "location": "center", "lite": true, "force": false } cap=15 exact rendered RGBA equality
[runtime-check] PASS { "key": "song_jiang", "mode": "walk", "method": "motion", "mob": 260, "selected": true, "location": "center", "lite": true, "force": false } cap=15 same last painted state and animation timer
[runtime-check] PASS { "key": "song_jiang", "mode": "walk", "method": "motion", "mob": 260, "selected": true, "location": "center", "lite": true, "force": false } cap=15 same actual Canvas draw cadence
[runtime-check] PASS { "key": "song_jiang", "mode": "walk", "method": "motion", "mob": 260, "selected": true, "location": "center", "lite": true, "force": false } cap=15 exercises visible Canvas submissions
[runtime-check] PASS { "key": "song_jiang", "mode": "walk", "method": "motion", "mob": 260, "selected": true, "location": "center", "lite": true, "force": false } cap=15 renders actual nontransparent art
[runtime-check] PASS real object allocation finds matching modulo-6 identity
[runtime-check] PASS pair matches both stride-2 and stride-3 identity phases
[runtime-check] PASS fixture uses actual logical viewport visibility: { "key": "song_jiang", "mode": "walk", "method": "motion", "mob": 260, "selected": true, "location": "inside_edge", "lite": true, "force": false }
[runtime-check] PASS paired actual edge/reentry screenshots saved
[runtime-check] PASS { "key": "song_jiang", "mode": "walk", "method": "motion", "mob": 260, "selected": true, "location": "inside_edge", "lite": true, "force": false } cap=15 exact rendered RGBA equality
[runtime-check] PASS { "key": "song_jiang", "mode": "walk", "method": "motion", "mob": 260, "selected": true, "location": "inside_edge", "lite": true, "force": false } cap=15 same last painted state and animation timer
[runtime-check] PASS { "key": "song_jiang", "mode": "walk", "method": "motion", "mob": 260, "selected": true, "location": "inside_edge", "lite": true, "force": false } cap=15 same actual Canvas draw cadence
[runtime-check] PASS { "key": "song_jiang", "mode": "walk", "method": "motion", "mob": 260, "selected": true, "location": "inside_edge", "lite": true, "force": false } cap=15 exercises visible Canvas submissions
[runtime-check] PASS { "key": "song_jiang", "mode": "walk", "method": "motion", "mob": 260, "selected": true, "location": "inside_edge", "lite": true, "force": false } cap=15 renders actual nontransparent art
[runtime-check] PASS real object allocation finds matching modulo-6 identity
[runtime-check] PASS pair matches both stride-2 and stride-3 identity phases
[runtime-check] PASS fixture uses actual logical viewport visibility: { "key": "song_jiang", "mode": "walk", "method": "motion", "mob": 260, "selected": true, "location": "outside_edge", "lite": true, "force": false }
[runtime-check] PASS { "key": "song_jiang", "mode": "walk", "method": "motion", "mob": 260, "selected": true, "location": "outside_edge", "lite": true, "force": false } cap=15 exact rendered RGBA equality
[runtime-check] PASS { "key": "song_jiang", "mode": "walk", "method": "motion", "mob": 260, "selected": true, "location": "outside_edge", "lite": true, "force": false } cap=15 same last painted state and animation timer
[runtime-check] PASS { "key": "song_jiang", "mode": "walk", "method": "motion", "mob": 260, "selected": true, "location": "outside_edge", "lite": true, "force": false } cap=15 same actual Canvas draw cadence
[runtime-check] PASS { "key": "song_jiang", "mode": "walk", "method": "motion", "mob": 260, "selected": true, "location": "outside_edge", "lite": true, "force": false } cap=15 offscreen helpers make no Canvas submission
[runtime-check] PASS real object allocation finds matching modulo-6 identity
[runtime-check] PASS pair matches both stride-2 and stride-3 identity phases
[runtime-check] PASS fixture uses actual logical viewport visibility: { "key": "song_jiang", "mode": "walk", "method": "motion", "mob": 261, "selected": false, "location": "center", "lite": true, "force": false }
[runtime-check] PASS { "key": "song_jiang", "mode": "walk", "method": "motion", "mob": 261, "selected": false, "location": "center", "lite": true, "force": false } cap=15 exact rendered RGBA equality
[runtime-check] PASS { "key": "song_jiang", "mode": "walk", "method": "motion", "mob": 261, "selected": false, "location": "center", "lite": true, "force": false } cap=15 same last painted state and animation timer
[runtime-check] PASS { "key": "song_jiang", "mode": "walk", "method": "motion", "mob": 261, "selected": false, "location": "center", "lite": true, "force": false } cap=15 same actual Canvas draw cadence
[runtime-check] PASS { "key": "song_jiang", "mode": "walk", "method": "motion", "mob": 261, "selected": false, "location": "center", "lite": true, "force": false } cap=15 exercises visible Canvas submissions
[runtime-check] PASS { "key": "song_jiang", "mode": "walk", "method": "motion", "mob": 261, "selected": false, "location": "center", "lite": true, "force": false } cap=15 renders actual nontransparent art
[runtime-check] PASS real object allocation finds matching modulo-6 identity
[runtime-check] PASS pair matches both stride-2 and stride-3 identity phases
[runtime-check] PASS fixture uses actual logical viewport visibility: { "key": "song_jiang", "mode": "walk", "method": "motion", "mob": 261, "selected": false, "location": "inside_edge", "lite": true, "force": false }
[runtime-check] PASS paired actual edge/reentry screenshots saved
[runtime-check] PASS { "key": "song_jiang", "mode": "walk", "method": "motion", "mob": 261, "selected": false, "location": "inside_edge", "lite": true, "force": false } cap=15 exact rendered RGBA equality
[runtime-check] PASS { "key": "song_jiang", "mode": "walk", "method": "motion", "mob": 261, "selected": false, "location": "inside_edge", "lite": true, "force": false } cap=15 same last painted state and animation timer
[runtime-check] PASS { "key": "song_jiang", "mode": "walk", "method": "motion", "mob": 261, "selected": false, "location": "inside_edge", "lite": true, "force": false } cap=15 same actual Canvas draw cadence
[runtime-check] PASS { "key": "song_jiang", "mode": "walk", "method": "motion", "mob": 261, "selected": false, "location": "inside_edge", "lite": true, "force": false } cap=15 exercises visible Canvas submissions
[runtime-check] PASS { "key": "song_jiang", "mode": "walk", "method": "motion", "mob": 261, "selected": false, "location": "inside_edge", "lite": true, "force": false } cap=15 renders actual nontransparent art
[runtime-check] PASS real object allocation finds matching modulo-6 identity
[runtime-check] PASS pair matches both stride-2 and stride-3 identity phases
[runtime-check] PASS fixture uses actual logical viewport visibility: { "key": "song_jiang", "mode": "walk", "method": "motion", "mob": 261, "selected": false, "location": "outside_edge", "lite": true, "force": false }
[runtime-check] PASS { "key": "song_jiang", "mode": "walk", "method": "motion", "mob": 261, "selected": false, "location": "outside_edge", "lite": true, "force": false } cap=15 exact rendered RGBA equality
[runtime-check] PASS { "key": "song_jiang", "mode": "walk", "method": "motion", "mob": 261, "selected": false, "location": "outside_edge", "lite": true, "force": false } cap=15 same last painted state and animation timer
[runtime-check] PASS { "key": "song_jiang", "mode": "walk", "method": "motion", "mob": 261, "selected": false, "location": "outside_edge", "lite": true, "force": false } cap=15 same actual Canvas draw cadence
[runtime-check] PASS { "key": "song_jiang", "mode": "walk", "method": "motion", "mob": 261, "selected": false, "location": "outside_edge", "lite": true, "force": false } cap=15 offscreen helpers make no Canvas submission
[runtime-check] PASS real object allocation finds matching modulo-6 identity
[runtime-check] PASS pair matches both stride-2 and stride-3 identity phases
[runtime-check] PASS fixture uses actual logical viewport visibility: { "key": "song_jiang", "mode": "walk", "method": "motion", "mob": 261, "selected": true, "location": "center", "lite": true, "force": false }
[runtime-check] PASS { "key": "song_jiang", "mode": "walk", "method": "motion", "mob": 261, "selected": true, "location": "center", "lite": true, "force": false } cap=15 exact rendered RGBA equality
[runtime-check] PASS { "key": "song_jiang", "mode": "walk", "method": "motion", "mob": 261, "selected": true, "location": "center", "lite": true, "force": false } cap=15 same last painted state and animation timer
[runtime-check] PASS { "key": "song_jiang", "mode": "walk", "method": "motion", "mob": 261, "selected": true, "location": "center", "lite": true, "force": false } cap=15 same actual Canvas draw cadence
[runtime-check] PASS { "key": "song_jiang", "mode": "walk", "method": "motion", "mob": 261, "selected": true, "location": "center", "lite": true, "force": false } cap=15 exercises visible Canvas submissions
[runtime-check] PASS { "key": "song_jiang", "mode": "walk", "method": "motion", "mob": 261, "selected": true, "location": "center", "lite": true, "force": false } cap=15 renders actual nontransparent art
[runtime-check] PASS real object allocation finds matching modulo-6 identity
[runtime-check] PASS pair matches both stride-2 and stride-3 identity phases
[runtime-check] PASS fixture uses actual logical viewport visibility: { "key": "song_jiang", "mode": "walk", "method": "motion", "mob": 261, "selected": true, "location": "inside_edge", "lite": true, "force": false }
[runtime-check] PASS paired actual edge/reentry screenshots saved
[runtime-check] PASS { "key": "song_jiang", "mode": "walk", "method": "motion", "mob": 261, "selected": true, "location": "inside_edge", "lite": true, "force": false } cap=15 exact rendered RGBA equality
[runtime-check] PASS { "key": "song_jiang", "mode": "walk", "method": "motion", "mob": 261, "selected": true, "location": "inside_edge", "lite": true, "force": false } cap=15 same last painted state and animation timer
[runtime-check] PASS { "key": "song_jiang", "mode": "walk", "method": "motion", "mob": 261, "selected": true, "location": "inside_edge", "lite": true, "force": false } cap=15 same actual Canvas draw cadence
[runtime-check] PASS { "key": "song_jiang", "mode": "walk", "method": "motion", "mob": 261, "selected": true, "location": "inside_edge", "lite": true, "force": false } cap=15 exercises visible Canvas submissions
[runtime-check] PASS { "key": "song_jiang", "mode": "walk", "method": "motion", "mob": 261, "selected": true, "location": "inside_edge", "lite": true, "force": false } cap=15 renders actual nontransparent art
[runtime-check] PASS real object allocation finds matching modulo-6 identity
[runtime-check] PASS pair matches both stride-2 and stride-3 identity phases
[runtime-check] PASS fixture uses actual logical viewport visibility: { "key": "song_jiang", "mode": "walk", "method": "motion", "mob": 261, "selected": true, "location": "outside_edge", "lite": true, "force": false }
[runtime-check] PASS { "key": "song_jiang", "mode": "walk", "method": "motion", "mob": 261, "selected": true, "location": "outside_edge", "lite": true, "force": false } cap=15 exact rendered RGBA equality
[runtime-check] PASS { "key": "song_jiang", "mode": "walk", "method": "motion", "mob": 261, "selected": true, "location": "outside_edge", "lite": true, "force": false } cap=15 same last painted state and animation timer
[runtime-check] PASS { "key": "song_jiang", "mode": "walk", "method": "motion", "mob": 261, "selected": true, "location": "outside_edge", "lite": true, "force": false } cap=15 same actual Canvas draw cadence
[runtime-check] PASS { "key": "song_jiang", "mode": "walk", "method": "motion", "mob": 261, "selected": true, "location": "outside_edge", "lite": true, "force": false } cap=15 offscreen helpers make no Canvas submission
[runtime-check] PASS real object allocation finds matching modulo-6 identity
[runtime-check] PASS pair matches both stride-2 and stride-3 identity phases
[runtime-check] PASS fixture uses actual logical viewport visibility: { "key": "song_jiang", "mode": "walk", "method": "motion", "mob": 500, "selected": false, "location": "center", "lite": true, "force": false }
[runtime-check] PASS { "key": "song_jiang", "mode": "walk", "method": "motion", "mob": 500, "selected": false, "location": "center", "lite": true, "force": false } cap=15 exact rendered RGBA equality
[runtime-check] PASS { "key": "song_jiang", "mode": "walk", "method": "motion", "mob": 500, "selected": false, "location": "center", "lite": true, "force": false } cap=15 same last painted state and animation timer
[runtime-check] PASS { "key": "song_jiang", "mode": "walk", "method": "motion", "mob": 500, "selected": false, "location": "center", "lite": true, "force": false } cap=15 same actual Canvas draw cadence
[runtime-check] PASS { "key": "song_jiang", "mode": "walk", "method": "motion", "mob": 500, "selected": false, "location": "center", "lite": true, "force": false } cap=15 exercises visible Canvas submissions
[runtime-check] PASS { "key": "song_jiang", "mode": "walk", "method": "motion", "mob": 500, "selected": false, "location": "center", "lite": true, "force": false } cap=15 renders actual nontransparent art
[runtime-check] PASS real object allocation finds matching modulo-6 identity
[runtime-check] PASS pair matches both stride-2 and stride-3 identity phases
[runtime-check] PASS fixture uses actual logical viewport visibility: { "key": "song_jiang", "mode": "walk", "method": "motion", "mob": 500, "selected": false, "location": "inside_edge", "lite": true, "force": false }
[runtime-check] PASS paired actual edge/reentry screenshots saved
[runtime-check] PASS { "key": "song_jiang", "mode": "walk", "method": "motion", "mob": 500, "selected": false, "location": "inside_edge", "lite": true, "force": false } cap=15 exact rendered RGBA equality
[runtime-check] PASS { "key": "song_jiang", "mode": "walk", "method": "motion", "mob": 500, "selected": false, "location": "inside_edge", "lite": true, "force": false } cap=15 same last painted state and animation timer
[runtime-check] PASS { "key": "song_jiang", "mode": "walk", "method": "motion", "mob": 500, "selected": false, "location": "inside_edge", "lite": true, "force": false } cap=15 same actual Canvas draw cadence
[runtime-check] PASS { "key": "song_jiang", "mode": "walk", "method": "motion", "mob": 500, "selected": false, "location": "inside_edge", "lite": true, "force": false } cap=15 exercises visible Canvas submissions
[runtime-check] PASS { "key": "song_jiang", "mode": "walk", "method": "motion", "mob": 500, "selected": false, "location": "inside_edge", "lite": true, "force": false } cap=15 renders actual nontransparent art
[runtime-check] PASS real object allocation finds matching modulo-6 identity
[runtime-check] PASS pair matches both stride-2 and stride-3 identity phases
[runtime-check] PASS fixture uses actual logical viewport visibility: { "key": "song_jiang", "mode": "walk", "method": "motion", "mob": 500, "selected": false, "location": "outside_edge", "lite": true, "force": false }
[runtime-check] PASS { "key": "song_jiang", "mode": "walk", "method": "motion", "mob": 500, "selected": false, "location": "outside_edge", "lite": true, "force": false } cap=15 exact rendered RGBA equality
[runtime-check] PASS { "key": "song_jiang", "mode": "walk", "method": "motion", "mob": 500, "selected": false, "location": "outside_edge", "lite": true, "force": false } cap=15 same last painted state and animation timer
[runtime-check] PASS { "key": "song_jiang", "mode": "walk", "method": "motion", "mob": 500, "selected": false, "location": "outside_edge", "lite": true, "force": false } cap=15 same actual Canvas draw cadence
[runtime-check] PASS { "key": "song_jiang", "mode": "walk", "method": "motion", "mob": 500, "selected": false, "location": "outside_edge", "lite": true, "force": false } cap=15 offscreen helpers make no Canvas submission
[runtime-check] PASS real object allocation finds matching modulo-6 identity
[runtime-check] PASS pair matches both stride-2 and stride-3 identity phases
[runtime-check] PASS fixture uses actual logical viewport visibility: { "key": "song_jiang", "mode": "walk", "method": "motion", "mob": 500, "selected": true, "location": "center", "lite": true, "force": false }
[runtime-check] PASS { "key": "song_jiang", "mode": "walk", "method": "motion", "mob": 500, "selected": true, "location": "center", "lite": true, "force": false } cap=15 exact rendered RGBA equality
[runtime-check] PASS { "key": "song_jiang", "mode": "walk", "method": "motion", "mob": 500, "selected": true, "location": "center", "lite": true, "force": false } cap=15 same last painted state and animation timer
[runtime-check] PASS { "key": "song_jiang", "mode": "walk", "method": "motion", "mob": 500, "selected": true, "location": "center", "lite": true, "force": false } cap=15 same actual Canvas draw cadence
[runtime-check] PASS { "key": "song_jiang", "mode": "walk", "method": "motion", "mob": 500, "selected": true, "location": "center", "lite": true, "force": false } cap=15 exercises visible Canvas submissions
[runtime-check] PASS { "key": "song_jiang", "mode": "walk", "method": "motion", "mob": 500, "selected": true, "location": "center", "lite": true, "force": false } cap=15 renders actual nontransparent art
[runtime-check] PASS real object allocation finds matching modulo-6 identity
[runtime-check] PASS pair matches both stride-2 and stride-3 identity phases
[runtime-check] PASS fixture uses actual logical viewport visibility: { "key": "song_jiang", "mode": "walk", "method": "motion", "mob": 500, "selected": true, "location": "inside_edge", "lite": true, "force": false }
[runtime-check] PASS paired actual edge/reentry screenshots saved
[runtime-check] PASS { "key": "song_jiang", "mode": "walk", "method": "motion", "mob": 500, "selected": true, "location": "inside_edge", "lite": true, "force": false } cap=15 exact rendered RGBA equality
[runtime-check] PASS { "key": "song_jiang", "mode": "walk", "method": "motion", "mob": 500, "selected": true, "location": "inside_edge", "lite": true, "force": false } cap=15 same last painted state and animation timer
[runtime-check] PASS { "key": "song_jiang", "mode": "walk", "method": "motion", "mob": 500, "selected": true, "location": "inside_edge", "lite": true, "force": false } cap=15 same actual Canvas draw cadence
[runtime-check] PASS { "key": "song_jiang", "mode": "walk", "method": "motion", "mob": 500, "selected": true, "location": "inside_edge", "lite": true, "force": false } cap=15 exercises visible Canvas submissions
[runtime-check] PASS { "key": "song_jiang", "mode": "walk", "method": "motion", "mob": 500, "selected": true, "location": "inside_edge", "lite": true, "force": false } cap=15 renders actual nontransparent art
[runtime-check] PASS real object allocation finds matching modulo-6 identity
[runtime-check] PASS pair matches both stride-2 and stride-3 identity phases
[runtime-check] PASS fixture uses actual logical viewport visibility: { "key": "song_jiang", "mode": "walk", "method": "motion", "mob": 500, "selected": true, "location": "outside_edge", "lite": true, "force": false }
[runtime-check] PASS { "key": "song_jiang", "mode": "walk", "method": "motion", "mob": 500, "selected": true, "location": "outside_edge", "lite": true, "force": false } cap=15 exact rendered RGBA equality
[runtime-check] PASS { "key": "song_jiang", "mode": "walk", "method": "motion", "mob": 500, "selected": true, "location": "outside_edge", "lite": true, "force": false } cap=15 same last painted state and animation timer
[runtime-check] PASS { "key": "song_jiang", "mode": "walk", "method": "motion", "mob": 500, "selected": true, "location": "outside_edge", "lite": true, "force": false } cap=15 same actual Canvas draw cadence
[runtime-check] PASS { "key": "song_jiang", "mode": "walk", "method": "motion", "mob": 500, "selected": true, "location": "outside_edge", "lite": true, "force": false } cap=15 offscreen helpers make no Canvas submission
[runtime-check] PASS real object allocation finds matching modulo-6 identity
[runtime-check] PASS pair matches both stride-2 and stride-3 identity phases
[runtime-check] PASS fixture uses actual logical viewport visibility: { "key": "song_jiang", "mode": "walk", "method": "motion", "mob": 501, "selected": false, "location": "center", "lite": true, "force": false }
[runtime-check] PASS { "key": "song_jiang", "mode": "walk", "method": "motion", "mob": 501, "selected": false, "location": "center", "lite": true, "force": false } cap=15 exact rendered RGBA equality
[runtime-check] PASS { "key": "song_jiang", "mode": "walk", "method": "motion", "mob": 501, "selected": false, "location": "center", "lite": true, "force": false } cap=15 same last painted state and animation timer
[runtime-check] PASS { "key": "song_jiang", "mode": "walk", "method": "motion", "mob": 501, "selected": false, "location": "center", "lite": true, "force": false } cap=15 same actual Canvas draw cadence
[runtime-check] PASS { "key": "song_jiang", "mode": "walk", "method": "motion", "mob": 501, "selected": false, "location": "center", "lite": true, "force": false } cap=15 exercises visible Canvas submissions
[runtime-check] PASS { "key": "song_jiang", "mode": "walk", "method": "motion", "mob": 501, "selected": false, "location": "center", "lite": true, "force": false } cap=15 renders actual nontransparent art
[runtime-check] PASS real object allocation finds matching modulo-6 identity
[runtime-check] PASS pair matches both stride-2 and stride-3 identity phases
[runtime-check] PASS fixture uses actual logical viewport visibility: { "key": "song_jiang", "mode": "walk", "method": "motion", "mob": 501, "selected": false, "location": "inside_edge", "lite": true, "force": false }
[runtime-check] PASS paired actual edge/reentry screenshots saved
[runtime-check] PASS { "key": "song_jiang", "mode": "walk", "method": "motion", "mob": 501, "selected": false, "location": "inside_edge", "lite": true, "force": false } cap=15 exact rendered RGBA equality
[runtime-check] PASS { "key": "song_jiang", "mode": "walk", "method": "motion", "mob": 501, "selected": false, "location": "inside_edge", "lite": true, "force": false } cap=15 same last painted state and animation timer
[runtime-check] PASS { "key": "song_jiang", "mode": "walk", "method": "motion", "mob": 501, "selected": false, "location": "inside_edge", "lite": true, "force": false } cap=15 same actual Canvas draw cadence
[runtime-check] PASS { "key": "song_jiang", "mode": "walk", "method": "motion", "mob": 501, "selected": false, "location": "inside_edge", "lite": true, "force": false } cap=15 exercises visible Canvas submissions
[runtime-check] PASS { "key": "song_jiang", "mode": "walk", "method": "motion", "mob": 501, "selected": false, "location": "inside_edge", "lite": true, "force": false } cap=15 renders actual nontransparent art
[runtime-check] PASS real object allocation finds matching modulo-6 identity
[runtime-check] PASS pair matches both stride-2 and stride-3 identity phases
[runtime-check] PASS fixture uses actual logical viewport visibility: { "key": "song_jiang", "mode": "walk", "method": "motion", "mob": 501, "selected": false, "location": "outside_edge", "lite": true, "force": false }
[runtime-check] PASS { "key": "song_jiang", "mode": "walk", "method": "motion", "mob": 501, "selected": false, "location": "outside_edge", "lite": true, "force": false } cap=15 exact rendered RGBA equality
[runtime-check] PASS { "key": "song_jiang", "mode": "walk", "method": "motion", "mob": 501, "selected": false, "location": "outside_edge", "lite": true, "force": false } cap=15 same last painted state and animation timer
[runtime-check] PASS { "key": "song_jiang", "mode": "walk", "method": "motion", "mob": 501, "selected": false, "location": "outside_edge", "lite": true, "force": false } cap=15 same actual Canvas draw cadence
[runtime-check] PASS { "key": "song_jiang", "mode": "walk", "method": "motion", "mob": 501, "selected": false, "location": "outside_edge", "lite": true, "force": false } cap=15 offscreen helpers make no Canvas submission
[runtime-check] PASS real object allocation finds matching modulo-6 identity
[runtime-check] PASS pair matches both stride-2 and stride-3 identity phases
[runtime-check] PASS fixture uses actual logical viewport visibility: { "key": "song_jiang", "mode": "walk", "method": "motion", "mob": 501, "selected": true, "location": "center", "lite": true, "force": false }
[runtime-check] PASS { "key": "song_jiang", "mode": "walk", "method": "motion", "mob": 501, "selected": true, "location": "center", "lite": true, "force": false } cap=15 exact rendered RGBA equality
[runtime-check] PASS { "key": "song_jiang", "mode": "walk", "method": "motion", "mob": 501, "selected": true, "location": "center", "lite": true, "force": false } cap=15 same last painted state and animation timer
[runtime-check] PASS { "key": "song_jiang", "mode": "walk", "method": "motion", "mob": 501, "selected": true, "location": "center", "lite": true, "force": false } cap=15 same actual Canvas draw cadence
[runtime-check] PASS { "key": "song_jiang", "mode": "walk", "method": "motion", "mob": 501, "selected": true, "location": "center", "lite": true, "force": false } cap=15 exercises visible Canvas submissions
[runtime-check] PASS { "key": "song_jiang", "mode": "walk", "method": "motion", "mob": 501, "selected": true, "location": "center", "lite": true, "force": false } cap=15 renders actual nontransparent art
[runtime-check] PASS real object allocation finds matching modulo-6 identity
[runtime-check] PASS pair matches both stride-2 and stride-3 identity phases
[runtime-check] PASS fixture uses actual logical viewport visibility: { "key": "song_jiang", "mode": "walk", "method": "motion", "mob": 501, "selected": true, "location": "inside_edge", "lite": true, "force": false }
[runtime-check] PASS paired actual edge/reentry screenshots saved
[runtime-check] PASS { "key": "song_jiang", "mode": "walk", "method": "motion", "mob": 501, "selected": true, "location": "inside_edge", "lite": true, "force": false } cap=15 exact rendered RGBA equality
[runtime-check] PASS { "key": "song_jiang", "mode": "walk", "method": "motion", "mob": 501, "selected": true, "location": "inside_edge", "lite": true, "force": false } cap=15 same last painted state and animation timer
[runtime-check] PASS { "key": "song_jiang", "mode": "walk", "method": "motion", "mob": 501, "selected": true, "location": "inside_edge", "lite": true, "force": false } cap=15 same actual Canvas draw cadence
[runtime-check] PASS { "key": "song_jiang", "mode": "walk", "method": "motion", "mob": 501, "selected": true, "location": "inside_edge", "lite": true, "force": false } cap=15 exercises visible Canvas submissions
[runtime-check] PASS { "key": "song_jiang", "mode": "walk", "method": "motion", "mob": 501, "selected": true, "location": "inside_edge", "lite": true, "force": false } cap=15 renders actual nontransparent art
[runtime-check] PASS real object allocation finds matching modulo-6 identity
[runtime-check] PASS pair matches both stride-2 and stride-3 identity phases
[runtime-check] PASS fixture uses actual logical viewport visibility: { "key": "song_jiang", "mode": "walk", "method": "motion", "mob": 501, "selected": true, "location": "outside_edge", "lite": true, "force": false }
[runtime-check] PASS { "key": "song_jiang", "mode": "walk", "method": "motion", "mob": 501, "selected": true, "location": "outside_edge", "lite": true, "force": false } cap=15 exact rendered RGBA equality
[runtime-check] PASS { "key": "song_jiang", "mode": "walk", "method": "motion", "mob": 501, "selected": true, "location": "outside_edge", "lite": true, "force": false } cap=15 same last painted state and animation timer
[runtime-check] PASS { "key": "song_jiang", "mode": "walk", "method": "motion", "mob": 501, "selected": true, "location": "outside_edge", "lite": true, "force": false } cap=15 same actual Canvas draw cadence
[runtime-check] PASS { "key": "song_jiang", "mode": "walk", "method": "motion", "mob": 501, "selected": true, "location": "outside_edge", "lite": true, "force": false } cap=15 offscreen helpers make no Canvas submission
[runtime-check] PASS real object allocation finds matching modulo-6 identity
[runtime-check] PASS pair matches both stride-2 and stride-3 identity phases
[runtime-check] PASS fixture uses actual logical viewport visibility: { "key": "song_jiang", "mode": "attack", "method": "animated", "mob": 501, "selected": false, "location": "center", "lite": true, "force": false }
[runtime-check] PASS { "key": "song_jiang", "mode": "attack", "method": "animated", "mob": 501, "selected": false, "location": "center", "lite": true, "force": false } cap=15 exact rendered RGBA equality
[runtime-check] PASS { "key": "song_jiang", "mode": "attack", "method": "animated", "mob": 501, "selected": false, "location": "center", "lite": true, "force": false } cap=15 same last painted state and animation timer
[runtime-check] PASS { "key": "song_jiang", "mode": "attack", "method": "animated", "mob": 501, "selected": false, "location": "center", "lite": true, "force": false } cap=15 same actual Canvas draw cadence
[runtime-check] PASS { "key": "song_jiang", "mode": "attack", "method": "animated", "mob": 501, "selected": false, "location": "center", "lite": true, "force": false } cap=15 exercises visible Canvas submissions
[runtime-check] PASS { "key": "song_jiang", "mode": "attack", "method": "animated", "mob": 501, "selected": false, "location": "center", "lite": true, "force": false } cap=15 renders actual nontransparent art
[runtime-check] PASS real object allocation finds matching modulo-6 identity
[runtime-check] PASS pair matches both stride-2 and stride-3 identity phases
[runtime-check] PASS fixture uses actual logical viewport visibility: { "key": "song_jiang", "mode": "attack", "method": "animated", "mob": 501, "selected": false, "location": "inside_edge", "lite": true, "force": false }
[runtime-check] PASS paired actual edge/reentry screenshots saved
[runtime-check] PASS { "key": "song_jiang", "mode": "attack", "method": "animated", "mob": 501, "selected": false, "location": "inside_edge", "lite": true, "force": false } cap=15 exact rendered RGBA equality
[runtime-check] PASS { "key": "song_jiang", "mode": "attack", "method": "animated", "mob": 501, "selected": false, "location": "inside_edge", "lite": true, "force": false } cap=15 same last painted state and animation timer
[runtime-check] PASS { "key": "song_jiang", "mode": "attack", "method": "animated", "mob": 501, "selected": false, "location": "inside_edge", "lite": true, "force": false } cap=15 same actual Canvas draw cadence
[runtime-check] PASS { "key": "song_jiang", "mode": "attack", "method": "animated", "mob": 501, "selected": false, "location": "inside_edge", "lite": true, "force": false } cap=15 exercises visible Canvas submissions
[runtime-check] PASS { "key": "song_jiang", "mode": "attack", "method": "animated", "mob": 501, "selected": false, "location": "inside_edge", "lite": true, "force": false } cap=15 renders actual nontransparent art
[runtime-check] PASS real object allocation finds matching modulo-6 identity
[runtime-check] PASS pair matches both stride-2 and stride-3 identity phases
[runtime-check] PASS fixture uses actual logical viewport visibility: { "key": "song_jiang", "mode": "attack", "method": "animated", "mob": 501, "selected": false, "location": "outside_edge", "lite": true, "force": false }
[runtime-check] PASS { "key": "song_jiang", "mode": "attack", "method": "animated", "mob": 501, "selected": false, "location": "outside_edge", "lite": true, "force": false } cap=15 exact rendered RGBA equality
[runtime-check] PASS { "key": "song_jiang", "mode": "attack", "method": "animated", "mob": 501, "selected": false, "location": "outside_edge", "lite": true, "force": false } cap=15 same last painted state and animation timer
[runtime-check] PASS { "key": "song_jiang", "mode": "attack", "method": "animated", "mob": 501, "selected": false, "location": "outside_edge", "lite": true, "force": false } cap=15 same actual Canvas draw cadence
[runtime-check] PASS { "key": "song_jiang", "mode": "attack", "method": "animated", "mob": 501, "selected": false, "location": "outside_edge", "lite": true, "force": false } cap=15 offscreen helpers make no Canvas submission
[runtime-check] PASS real object allocation finds matching modulo-6 identity
[runtime-check] PASS pair matches both stride-2 and stride-3 identity phases
[runtime-check] PASS fixture uses actual logical viewport visibility: { "key": "song_jiang", "mode": "attack", "method": "animated", "mob": 501, "selected": false, "location": "reenter", "lite": true, "force": false }
[runtime-check] PASS paired actual edge/reentry screenshots saved
[runtime-check] PASS { "key": "song_jiang", "mode": "attack", "method": "animated", "mob": 501, "selected": false, "location": "reenter", "lite": true, "force": false } cap=15 exact rendered RGBA equality
[runtime-check] PASS { "key": "song_jiang", "mode": "attack", "method": "animated", "mob": 501, "selected": false, "location": "reenter", "lite": true, "force": false } cap=15 same last painted state and animation timer
[runtime-check] PASS { "key": "song_jiang", "mode": "attack", "method": "animated", "mob": 501, "selected": false, "location": "reenter", "lite": true, "force": false } cap=15 same actual Canvas draw cadence
[runtime-check] PASS { "key": "song_jiang", "mode": "attack", "method": "animated", "mob": 501, "selected": false, "location": "reenter", "lite": true, "force": false } cap=15 exercises visible Canvas submissions
[runtime-check] PASS { "key": "song_jiang", "mode": "attack", "method": "animated", "mob": 501, "selected": false, "location": "reenter", "lite": true, "force": false } cap=15 renders actual nontransparent art
[runtime-check] PASS offscreen changed state is repainted after real visibility reentry
[runtime-check] PASS real object allocation finds matching modulo-6 identity
[runtime-check] PASS pair matches both stride-2 and stride-3 identity phases
[runtime-check] PASS fixture uses actual logical viewport visibility: { "key": "song_jiang", "mode": "attack", "method": "animated", "mob": 501, "selected": false, "location": "center", "lite": true, "force": true }
[runtime-check] PASS { "key": "song_jiang", "mode": "attack", "method": "animated", "mob": 501, "selected": false, "location": "center", "lite": true, "force": true } cap=15 exact rendered RGBA equality
[runtime-check] PASS { "key": "song_jiang", "mode": "attack", "method": "animated", "mob": 501, "selected": false, "location": "center", "lite": true, "force": true } cap=15 same last painted state and animation timer
[runtime-check] PASS { "key": "song_jiang", "mode": "attack", "method": "animated", "mob": 501, "selected": false, "location": "center", "lite": true, "force": true } cap=15 same actual Canvas draw cadence
[runtime-check] PASS { "key": "song_jiang", "mode": "attack", "method": "animated", "mob": 501, "selected": false, "location": "center", "lite": true, "force": true } cap=15 exercises visible Canvas submissions
[runtime-check] PASS { "key": "song_jiang", "mode": "attack", "method": "animated", "mob": 501, "selected": false, "location": "center", "lite": true, "force": true } cap=15 renders actual nontransparent art
[runtime-check] PASS real object allocation finds matching modulo-6 identity
[runtime-check] PASS pair matches both stride-2 and stride-3 identity phases
[runtime-check] PASS fixture uses actual logical viewport visibility: { "key": "song_jiang", "mode": "attack", "method": "animated", "mob": 501, "selected": false, "location": "inside_edge", "lite": true, "force": true }
[runtime-check] PASS paired actual edge/reentry screenshots saved
[runtime-check] PASS { "key": "song_jiang", "mode": "attack", "method": "animated", "mob": 501, "selected": false, "location": "inside_edge", "lite": true, "force": true } cap=15 exact rendered RGBA equality
[runtime-check] PASS { "key": "song_jiang", "mode": "attack", "method": "animated", "mob": 501, "selected": false, "location": "inside_edge", "lite": true, "force": true } cap=15 same last painted state and animation timer
[runtime-check] PASS { "key": "song_jiang", "mode": "attack", "method": "animated", "mob": 501, "selected": false, "location": "inside_edge", "lite": true, "force": true } cap=15 same actual Canvas draw cadence
[runtime-check] PASS { "key": "song_jiang", "mode": "attack", "method": "animated", "mob": 501, "selected": false, "location": "inside_edge", "lite": true, "force": true } cap=15 exercises visible Canvas submissions
[runtime-check] PASS { "key": "song_jiang", "mode": "attack", "method": "animated", "mob": 501, "selected": false, "location": "inside_edge", "lite": true, "force": true } cap=15 renders actual nontransparent art
[runtime-check] PASS real object allocation finds matching modulo-6 identity
[runtime-check] PASS pair matches both stride-2 and stride-3 identity phases
[runtime-check] PASS fixture uses actual logical viewport visibility: { "key": "song_jiang", "mode": "attack", "method": "animated", "mob": 501, "selected": false, "location": "outside_edge", "lite": true, "force": true }
[runtime-check] PASS { "key": "song_jiang", "mode": "attack", "method": "animated", "mob": 501, "selected": false, "location": "outside_edge", "lite": true, "force": true } cap=15 exact rendered RGBA equality
[runtime-check] PASS { "key": "song_jiang", "mode": "attack", "method": "animated", "mob": 501, "selected": false, "location": "outside_edge", "lite": true, "force": true } cap=15 same last painted state and animation timer
[runtime-check] PASS { "key": "song_jiang", "mode": "attack", "method": "animated", "mob": 501, "selected": false, "location": "outside_edge", "lite": true, "force": true } cap=15 same actual Canvas draw cadence
[runtime-check] PASS { "key": "song_jiang", "mode": "attack", "method": "animated", "mob": 501, "selected": false, "location": "outside_edge", "lite": true, "force": true } cap=15 offscreen helpers make no Canvas submission
[runtime-check] PASS real object allocation finds matching modulo-6 identity
[runtime-check] PASS pair matches both stride-2 and stride-3 identity phases
[runtime-check] PASS fixture uses actual logical viewport visibility: { "key": "song_jiang", "mode": "attack", "method": "animated", "mob": 501, "selected": false, "location": "reenter", "lite": true, "force": true }
[runtime-check] PASS paired actual edge/reentry screenshots saved
[runtime-check] PASS { "key": "song_jiang", "mode": "attack", "method": "animated", "mob": 501, "selected": false, "location": "reenter", "lite": true, "force": true } cap=15 exact rendered RGBA equality
[runtime-check] PASS { "key": "song_jiang", "mode": "attack", "method": "animated", "mob": 501, "selected": false, "location": "reenter", "lite": true, "force": true } cap=15 same last painted state and animation timer
[runtime-check] PASS { "key": "song_jiang", "mode": "attack", "method": "animated", "mob": 501, "selected": false, "location": "reenter", "lite": true, "force": true } cap=15 same actual Canvas draw cadence
[runtime-check] PASS { "key": "song_jiang", "mode": "attack", "method": "animated", "mob": 501, "selected": false, "location": "reenter", "lite": true, "force": true } cap=15 exercises visible Canvas submissions
[runtime-check] PASS { "key": "song_jiang", "mode": "attack", "method": "animated", "mob": 501, "selected": false, "location": "reenter", "lite": true, "force": true } cap=15 renders actual nontransparent art
[runtime-check] PASS offscreen changed state is repainted after real visibility reentry
[runtime-check] PASS real object allocation finds matching modulo-6 identity
[runtime-check] PASS pair matches both stride-2 and stride-3 identity phases
[runtime-check] PASS fixture uses actual logical viewport visibility: { "key": "song_jiang", "mode": "death", "method": "animated", "mob": 501, "selected": false, "location": "center", "lite": true, "force": true }
[runtime-check] PASS { "key": "song_jiang", "mode": "death", "method": "animated", "mob": 501, "selected": false, "location": "center", "lite": true, "force": true } cap=15 exact rendered RGBA equality
[runtime-check] PASS { "key": "song_jiang", "mode": "death", "method": "animated", "mob": 501, "selected": false, "location": "center", "lite": true, "force": true } cap=15 same last painted state and animation timer
[runtime-check] PASS { "key": "song_jiang", "mode": "death", "method": "animated", "mob": 501, "selected": false, "location": "center", "lite": true, "force": true } cap=15 same actual Canvas draw cadence
[runtime-check] PASS { "key": "song_jiang", "mode": "death", "method": "animated", "mob": 501, "selected": false, "location": "center", "lite": true, "force": true } cap=15 exercises visible Canvas submissions
[runtime-check] PASS { "key": "song_jiang", "mode": "death", "method": "animated", "mob": 501, "selected": false, "location": "center", "lite": true, "force": true } cap=15 renders actual nontransparent art
[runtime-check] PASS real object allocation finds matching modulo-6 identity
[runtime-check] PASS pair matches both stride-2 and stride-3 identity phases
[runtime-check] PASS fixture uses actual logical viewport visibility: { "key": "arrow_tower", "mode": "burn", "method": "animated", "mob": 501, "selected": false, "location": "center", "lite": true, "force": true }
[runtime-check] PASS { "key": "arrow_tower", "mode": "burn", "method": "animated", "mob": 501, "selected": false, "location": "center", "lite": true, "force": true } cap=15 exact rendered RGBA equality
[runtime-check] PASS { "key": "arrow_tower", "mode": "burn", "method": "animated", "mob": 501, "selected": false, "location": "center", "lite": true, "force": true } cap=15 same last painted state and animation timer
[runtime-check] PASS { "key": "arrow_tower", "mode": "burn", "method": "animated", "mob": 501, "selected": false, "location": "center", "lite": true, "force": true } cap=15 same actual Canvas draw cadence
[runtime-check] PASS { "key": "arrow_tower", "mode": "burn", "method": "animated", "mob": 501, "selected": false, "location": "center", "lite": true, "force": true } cap=15 exercises visible Canvas submissions
[runtime-check] PASS { "key": "arrow_tower", "mode": "burn", "method": "animated", "mob": 501, "selected": false, "location": "center", "lite": true, "force": true } cap=15 renders actual nontransparent art
[runtime-check] PASS real object allocation finds matching modulo-6 identity
[runtime-check] PASS pair matches both stride-2 and stride-3 identity phases
[runtime-check] PASS fixture uses actual logical viewport visibility: { "key": "song_jiang", "mode": "walk", "method": "animated", "mob": 501, "selected": false, "location": "center", "lite": false, "force": true }
[runtime-check] PASS { "key": "song_jiang", "mode": "walk", "method": "animated", "mob": 501, "selected": false, "location": "center", "lite": false, "force": true } cap=15 exact rendered RGBA equality
[runtime-check] PASS { "key": "song_jiang", "mode": "walk", "method": "animated", "mob": 501, "selected": false, "location": "center", "lite": false, "force": true } cap=15 same last painted state and animation timer
[runtime-check] PASS { "key": "song_jiang", "mode": "walk", "method": "animated", "mob": 501, "selected": false, "location": "center", "lite": false, "force": true } cap=15 same actual Canvas draw cadence
[runtime-check] PASS { "key": "song_jiang", "mode": "walk", "method": "animated", "mob": 501, "selected": false, "location": "center", "lite": false, "force": true } cap=15 exercises visible Canvas submissions
[runtime-check] PASS { "key": "song_jiang", "mode": "walk", "method": "animated", "mob": 501, "selected": false, "location": "center", "lite": false, "force": true } cap=15 renders actual nontransparent art
[runtime-check] PASS real object allocation finds matching modulo-6 identity
[runtime-check] PASS pair matches both stride-2 and stride-3 identity phases
[runtime-check] PASS fixture uses actual logical viewport visibility: { "key": "song_jiang", "mode": "walk", "method": "motion", "mob": 260, "selected": false, "location": "center", "lite": true, "force": false }
[runtime-check] PASS { "key": "song_jiang", "mode": "walk", "method": "motion", "mob": 260, "selected": false, "location": "center", "lite": true, "force": false } cap=60 exact rendered RGBA equality
[runtime-check] PASS { "key": "song_jiang", "mode": "walk", "method": "motion", "mob": 260, "selected": false, "location": "center", "lite": true, "force": false } cap=60 same last painted state and animation timer
[runtime-check] PASS { "key": "song_jiang", "mode": "walk", "method": "motion", "mob": 260, "selected": false, "location": "center", "lite": true, "force": false } cap=60 same actual Canvas draw cadence
[runtime-check] PASS { "key": "song_jiang", "mode": "walk", "method": "motion", "mob": 260, "selected": false, "location": "center", "lite": true, "force": false } cap=60 exercises visible Canvas submissions
[runtime-check] PASS { "key": "song_jiang", "mode": "walk", "method": "motion", "mob": 260, "selected": false, "location": "center", "lite": true, "force": false } cap=60 renders actual nontransparent art
[runtime-check] PASS real object allocation finds matching modulo-6 identity
[runtime-check] PASS pair matches both stride-2 and stride-3 identity phases
[runtime-check] PASS fixture uses actual logical viewport visibility: { "key": "song_jiang", "mode": "walk", "method": "motion", "mob": 260, "selected": false, "location": "inside_edge", "lite": true, "force": false }
[runtime-check] PASS paired actual edge/reentry screenshots saved
[runtime-check] PASS { "key": "song_jiang", "mode": "walk", "method": "motion", "mob": 260, "selected": false, "location": "inside_edge", "lite": true, "force": false } cap=60 exact rendered RGBA equality
[runtime-check] PASS { "key": "song_jiang", "mode": "walk", "method": "motion", "mob": 260, "selected": false, "location": "inside_edge", "lite": true, "force": false } cap=60 same last painted state and animation timer
[runtime-check] PASS { "key": "song_jiang", "mode": "walk", "method": "motion", "mob": 260, "selected": false, "location": "inside_edge", "lite": true, "force": false } cap=60 same actual Canvas draw cadence
[runtime-check] PASS { "key": "song_jiang", "mode": "walk", "method": "motion", "mob": 260, "selected": false, "location": "inside_edge", "lite": true, "force": false } cap=60 exercises visible Canvas submissions
[runtime-check] PASS { "key": "song_jiang", "mode": "walk", "method": "motion", "mob": 260, "selected": false, "location": "inside_edge", "lite": true, "force": false } cap=60 renders actual nontransparent art
[runtime-check] PASS real object allocation finds matching modulo-6 identity
[runtime-check] PASS pair matches both stride-2 and stride-3 identity phases
[runtime-check] PASS fixture uses actual logical viewport visibility: { "key": "song_jiang", "mode": "walk", "method": "motion", "mob": 260, "selected": false, "location": "outside_edge", "lite": true, "force": false }
[runtime-check] PASS { "key": "song_jiang", "mode": "walk", "method": "motion", "mob": 260, "selected": false, "location": "outside_edge", "lite": true, "force": false } cap=60 exact rendered RGBA equality
[runtime-check] PASS { "key": "song_jiang", "mode": "walk", "method": "motion", "mob": 260, "selected": false, "location": "outside_edge", "lite": true, "force": false } cap=60 same last painted state and animation timer
[runtime-check] PASS { "key": "song_jiang", "mode": "walk", "method": "motion", "mob": 260, "selected": false, "location": "outside_edge", "lite": true, "force": false } cap=60 same actual Canvas draw cadence
[runtime-check] PASS { "key": "song_jiang", "mode": "walk", "method": "motion", "mob": 260, "selected": false, "location": "outside_edge", "lite": true, "force": false } cap=60 offscreen helpers make no Canvas submission
[runtime-check] PASS real object allocation finds matching modulo-6 identity
[runtime-check] PASS pair matches both stride-2 and stride-3 identity phases
[runtime-check] PASS fixture uses actual logical viewport visibility: { "key": "song_jiang", "mode": "walk", "method": "motion", "mob": 260, "selected": true, "location": "center", "lite": true, "force": false }
[runtime-check] PASS { "key": "song_jiang", "mode": "walk", "method": "motion", "mob": 260, "selected": true, "location": "center", "lite": true, "force": false } cap=60 exact rendered RGBA equality
[runtime-check] PASS { "key": "song_jiang", "mode": "walk", "method": "motion", "mob": 260, "selected": true, "location": "center", "lite": true, "force": false } cap=60 same last painted state and animation timer
[runtime-check] PASS { "key": "song_jiang", "mode": "walk", "method": "motion", "mob": 260, "selected": true, "location": "center", "lite": true, "force": false } cap=60 same actual Canvas draw cadence
[runtime-check] PASS { "key": "song_jiang", "mode": "walk", "method": "motion", "mob": 260, "selected": true, "location": "center", "lite": true, "force": false } cap=60 exercises visible Canvas submissions
[runtime-check] PASS { "key": "song_jiang", "mode": "walk", "method": "motion", "mob": 260, "selected": true, "location": "center", "lite": true, "force": false } cap=60 renders actual nontransparent art
[runtime-check] PASS real object allocation finds matching modulo-6 identity
[runtime-check] PASS pair matches both stride-2 and stride-3 identity phases
[runtime-check] PASS fixture uses actual logical viewport visibility: { "key": "song_jiang", "mode": "walk", "method": "motion", "mob": 260, "selected": true, "location": "inside_edge", "lite": true, "force": false }
[runtime-check] PASS paired actual edge/reentry screenshots saved
[runtime-check] PASS { "key": "song_jiang", "mode": "walk", "method": "motion", "mob": 260, "selected": true, "location": "inside_edge", "lite": true, "force": false } cap=60 exact rendered RGBA equality
[runtime-check] PASS { "key": "song_jiang", "mode": "walk", "method": "motion", "mob": 260, "selected": true, "location": "inside_edge", "lite": true, "force": false } cap=60 same last painted state and animation timer
[runtime-check] PASS { "key": "song_jiang", "mode": "walk", "method": "motion", "mob": 260, "selected": true, "location": "inside_edge", "lite": true, "force": false } cap=60 same actual Canvas draw cadence
[runtime-check] PASS { "key": "song_jiang", "mode": "walk", "method": "motion", "mob": 260, "selected": true, "location": "inside_edge", "lite": true, "force": false } cap=60 exercises visible Canvas submissions
[runtime-check] PASS { "key": "song_jiang", "mode": "walk", "method": "motion", "mob": 260, "selected": true, "location": "inside_edge", "lite": true, "force": false } cap=60 renders actual nontransparent art
[runtime-check] PASS real object allocation finds matching modulo-6 identity
[runtime-check] PASS pair matches both stride-2 and stride-3 identity phases
[runtime-check] PASS fixture uses actual logical viewport visibility: { "key": "song_jiang", "mode": "walk", "method": "motion", "mob": 260, "selected": true, "location": "outside_edge", "lite": true, "force": false }
[runtime-check] PASS { "key": "song_jiang", "mode": "walk", "method": "motion", "mob": 260, "selected": true, "location": "outside_edge", "lite": true, "force": false } cap=60 exact rendered RGBA equality
[runtime-check] PASS { "key": "song_jiang", "mode": "walk", "method": "motion", "mob": 260, "selected": true, "location": "outside_edge", "lite": true, "force": false } cap=60 same last painted state and animation timer
[runtime-check] PASS { "key": "song_jiang", "mode": "walk", "method": "motion", "mob": 260, "selected": true, "location": "outside_edge", "lite": true, "force": false } cap=60 same actual Canvas draw cadence
[runtime-check] PASS { "key": "song_jiang", "mode": "walk", "method": "motion", "mob": 260, "selected": true, "location": "outside_edge", "lite": true, "force": false } cap=60 offscreen helpers make no Canvas submission
[runtime-check] PASS real object allocation finds matching modulo-6 identity
[runtime-check] PASS pair matches both stride-2 and stride-3 identity phases
[runtime-check] PASS fixture uses actual logical viewport visibility: { "key": "song_jiang", "mode": "walk", "method": "motion", "mob": 261, "selected": false, "location": "center", "lite": true, "force": false }
[runtime-check] PASS { "key": "song_jiang", "mode": "walk", "method": "motion", "mob": 261, "selected": false, "location": "center", "lite": true, "force": false } cap=60 exact rendered RGBA equality
[runtime-check] PASS { "key": "song_jiang", "mode": "walk", "method": "motion", "mob": 261, "selected": false, "location": "center", "lite": true, "force": false } cap=60 same last painted state and animation timer
[runtime-check] PASS { "key": "song_jiang", "mode": "walk", "method": "motion", "mob": 261, "selected": false, "location": "center", "lite": true, "force": false } cap=60 same actual Canvas draw cadence
[runtime-check] PASS { "key": "song_jiang", "mode": "walk", "method": "motion", "mob": 261, "selected": false, "location": "center", "lite": true, "force": false } cap=60 exercises visible Canvas submissions
[runtime-check] PASS { "key": "song_jiang", "mode": "walk", "method": "motion", "mob": 261, "selected": false, "location": "center", "lite": true, "force": false } cap=60 renders actual nontransparent art
[runtime-check] PASS real object allocation finds matching modulo-6 identity
[runtime-check] PASS pair matches both stride-2 and stride-3 identity phases
[runtime-check] PASS fixture uses actual logical viewport visibility: { "key": "song_jiang", "mode": "walk", "method": "motion", "mob": 261, "selected": false, "location": "inside_edge", "lite": true, "force": false }
[runtime-check] PASS paired actual edge/reentry screenshots saved
[runtime-check] PASS { "key": "song_jiang", "mode": "walk", "method": "motion", "mob": 261, "selected": false, "location": "inside_edge", "lite": true, "force": false } cap=60 exact rendered RGBA equality
[runtime-check] PASS { "key": "song_jiang", "mode": "walk", "method": "motion", "mob": 261, "selected": false, "location": "inside_edge", "lite": true, "force": false } cap=60 same last painted state and animation timer
[runtime-check] PASS { "key": "song_jiang", "mode": "walk", "method": "motion", "mob": 261, "selected": false, "location": "inside_edge", "lite": true, "force": false } cap=60 same actual Canvas draw cadence
[runtime-check] PASS { "key": "song_jiang", "mode": "walk", "method": "motion", "mob": 261, "selected": false, "location": "inside_edge", "lite": true, "force": false } cap=60 exercises visible Canvas submissions
[runtime-check] PASS { "key": "song_jiang", "mode": "walk", "method": "motion", "mob": 261, "selected": false, "location": "inside_edge", "lite": true, "force": false } cap=60 renders actual nontransparent art
[runtime-check] PASS real object allocation finds matching modulo-6 identity
[runtime-check] PASS pair matches both stride-2 and stride-3 identity phases
[runtime-check] PASS fixture uses actual logical viewport visibility: { "key": "song_jiang", "mode": "walk", "method": "motion", "mob": 261, "selected": false, "location": "outside_edge", "lite": true, "force": false }
[runtime-check] PASS { "key": "song_jiang", "mode": "walk", "method": "motion", "mob": 261, "selected": false, "location": "outside_edge", "lite": true, "force": false } cap=60 exact rendered RGBA equality
[runtime-check] PASS { "key": "song_jiang", "mode": "walk", "method": "motion", "mob": 261, "selected": false, "location": "outside_edge", "lite": true, "force": false } cap=60 same last painted state and animation timer
[runtime-check] PASS { "key": "song_jiang", "mode": "walk", "method": "motion", "mob": 261, "selected": false, "location": "outside_edge", "lite": true, "force": false } cap=60 same actual Canvas draw cadence
[runtime-check] PASS { "key": "song_jiang", "mode": "walk", "method": "motion", "mob": 261, "selected": false, "location": "outside_edge", "lite": true, "force": false } cap=60 offscreen helpers make no Canvas submission
[runtime-check] PASS real object allocation finds matching modulo-6 identity
[runtime-check] PASS pair matches both stride-2 and stride-3 identity phases
[runtime-check] PASS fixture uses actual logical viewport visibility: { "key": "song_jiang", "mode": "walk", "method": "motion", "mob": 261, "selected": true, "location": "center", "lite": true, "force": false }
[runtime-check] PASS { "key": "song_jiang", "mode": "walk", "method": "motion", "mob": 261, "selected": true, "location": "center", "lite": true, "force": false } cap=60 exact rendered RGBA equality
[runtime-check] PASS { "key": "song_jiang", "mode": "walk", "method": "motion", "mob": 261, "selected": true, "location": "center", "lite": true, "force": false } cap=60 same last painted state and animation timer
[runtime-check] PASS { "key": "song_jiang", "mode": "walk", "method": "motion", "mob": 261, "selected": true, "location": "center", "lite": true, "force": false } cap=60 same actual Canvas draw cadence
[runtime-check] PASS { "key": "song_jiang", "mode": "walk", "method": "motion", "mob": 261, "selected": true, "location": "center", "lite": true, "force": false } cap=60 exercises visible Canvas submissions
[runtime-check] PASS { "key": "song_jiang", "mode": "walk", "method": "motion", "mob": 261, "selected": true, "location": "center", "lite": true, "force": false } cap=60 renders actual nontransparent art
[runtime-check] PASS real object allocation finds matching modulo-6 identity
[runtime-check] PASS pair matches both stride-2 and stride-3 identity phases
[runtime-check] PASS fixture uses actual logical viewport visibility: { "key": "song_jiang", "mode": "walk", "method": "motion", "mob": 261, "selected": true, "location": "inside_edge", "lite": true, "force": false }
[runtime-check] PASS paired actual edge/reentry screenshots saved
[runtime-check] PASS { "key": "song_jiang", "mode": "walk", "method": "motion", "mob": 261, "selected": true, "location": "inside_edge", "lite": true, "force": false } cap=60 exact rendered RGBA equality
[runtime-check] PASS { "key": "song_jiang", "mode": "walk", "method": "motion", "mob": 261, "selected": true, "location": "inside_edge", "lite": true, "force": false } cap=60 same last painted state and animation timer
[runtime-check] PASS { "key": "song_jiang", "mode": "walk", "method": "motion", "mob": 261, "selected": true, "location": "inside_edge", "lite": true, "force": false } cap=60 same actual Canvas draw cadence
[runtime-check] PASS { "key": "song_jiang", "mode": "walk", "method": "motion", "mob": 261, "selected": true, "location": "inside_edge", "lite": true, "force": false } cap=60 exercises visible Canvas submissions
[runtime-check] PASS { "key": "song_jiang", "mode": "walk", "method": "motion", "mob": 261, "selected": true, "location": "inside_edge", "lite": true, "force": false } cap=60 renders actual nontransparent art
[runtime-check] PASS real object allocation finds matching modulo-6 identity
[runtime-check] PASS pair matches both stride-2 and stride-3 identity phases
[runtime-check] PASS fixture uses actual logical viewport visibility: { "key": "song_jiang", "mode": "walk", "method": "motion", "mob": 261, "selected": true, "location": "outside_edge", "lite": true, "force": false }
[runtime-check] PASS { "key": "song_jiang", "mode": "walk", "method": "motion", "mob": 261, "selected": true, "location": "outside_edge", "lite": true, "force": false } cap=60 exact rendered RGBA equality
[runtime-check] PASS { "key": "song_jiang", "mode": "walk", "method": "motion", "mob": 261, "selected": true, "location": "outside_edge", "lite": true, "force": false } cap=60 same last painted state and animation timer
[runtime-check] PASS { "key": "song_jiang", "mode": "walk", "method": "motion", "mob": 261, "selected": true, "location": "outside_edge", "lite": true, "force": false } cap=60 same actual Canvas draw cadence
[runtime-check] PASS { "key": "song_jiang", "mode": "walk", "method": "motion", "mob": 261, "selected": true, "location": "outside_edge", "lite": true, "force": false } cap=60 offscreen helpers make no Canvas submission
[runtime-check] PASS real object allocation finds matching modulo-6 identity
[runtime-check] PASS pair matches both stride-2 and stride-3 identity phases
[runtime-check] PASS fixture uses actual logical viewport visibility: { "key": "song_jiang", "mode": "walk", "method": "motion", "mob": 500, "selected": false, "location": "center", "lite": true, "force": false }
[runtime-check] PASS { "key": "song_jiang", "mode": "walk", "method": "motion", "mob": 500, "selected": false, "location": "center", "lite": true, "force": false } cap=60 exact rendered RGBA equality
[runtime-check] PASS { "key": "song_jiang", "mode": "walk", "method": "motion", "mob": 500, "selected": false, "location": "center", "lite": true, "force": false } cap=60 same last painted state and animation timer
[runtime-check] PASS { "key": "song_jiang", "mode": "walk", "method": "motion", "mob": 500, "selected": false, "location": "center", "lite": true, "force": false } cap=60 same actual Canvas draw cadence
[runtime-check] PASS { "key": "song_jiang", "mode": "walk", "method": "motion", "mob": 500, "selected": false, "location": "center", "lite": true, "force": false } cap=60 exercises visible Canvas submissions
[runtime-check] PASS { "key": "song_jiang", "mode": "walk", "method": "motion", "mob": 500, "selected": false, "location": "center", "lite": true, "force": false } cap=60 renders actual nontransparent art
[runtime-check] PASS real object allocation finds matching modulo-6 identity
[runtime-check] PASS pair matches both stride-2 and stride-3 identity phases
[runtime-check] PASS fixture uses actual logical viewport visibility: { "key": "song_jiang", "mode": "walk", "method": "motion", "mob": 500, "selected": false, "location": "inside_edge", "lite": true, "force": false }
[runtime-check] PASS paired actual edge/reentry screenshots saved
[runtime-check] PASS { "key": "song_jiang", "mode": "walk", "method": "motion", "mob": 500, "selected": false, "location": "inside_edge", "lite": true, "force": false } cap=60 exact rendered RGBA equality
[runtime-check] PASS { "key": "song_jiang", "mode": "walk", "method": "motion", "mob": 500, "selected": false, "location": "inside_edge", "lite": true, "force": false } cap=60 same last painted state and animation timer
[runtime-check] PASS { "key": "song_jiang", "mode": "walk", "method": "motion", "mob": 500, "selected": false, "location": "inside_edge", "lite": true, "force": false } cap=60 same actual Canvas draw cadence
[runtime-check] PASS { "key": "song_jiang", "mode": "walk", "method": "motion", "mob": 500, "selected": false, "location": "inside_edge", "lite": true, "force": false } cap=60 exercises visible Canvas submissions
[runtime-check] PASS { "key": "song_jiang", "mode": "walk", "method": "motion", "mob": 500, "selected": false, "location": "inside_edge", "lite": true, "force": false } cap=60 renders actual nontransparent art
[runtime-check] PASS real object allocation finds matching modulo-6 identity
[runtime-check] PASS pair matches both stride-2 and stride-3 identity phases
[runtime-check] PASS fixture uses actual logical viewport visibility: { "key": "song_jiang", "mode": "walk", "method": "motion", "mob": 500, "selected": false, "location": "outside_edge", "lite": true, "force": false }
[runtime-check] PASS { "key": "song_jiang", "mode": "walk", "method": "motion", "mob": 500, "selected": false, "location": "outside_edge", "lite": true, "force": false } cap=60 exact rendered RGBA equality
[runtime-check] PASS { "key": "song_jiang", "mode": "walk", "method": "motion", "mob": 500, "selected": false, "location": "outside_edge", "lite": true, "force": false } cap=60 same last painted state and animation timer
[runtime-check] PASS { "key": "song_jiang", "mode": "walk", "method": "motion", "mob": 500, "selected": false, "location": "outside_edge", "lite": true, "force": false } cap=60 same actual Canvas draw cadence
[runtime-check] PASS { "key": "song_jiang", "mode": "walk", "method": "motion", "mob": 500, "selected": false, "location": "outside_edge", "lite": true, "force": false } cap=60 offscreen helpers make no Canvas submission
[runtime-check] PASS real object allocation finds matching modulo-6 identity
[runtime-check] PASS pair matches both stride-2 and stride-3 identity phases
[runtime-check] PASS fixture uses actual logical viewport visibility: { "key": "song_jiang", "mode": "walk", "method": "motion", "mob": 500, "selected": true, "location": "center", "lite": true, "force": false }
[runtime-check] PASS { "key": "song_jiang", "mode": "walk", "method": "motion", "mob": 500, "selected": true, "location": "center", "lite": true, "force": false } cap=60 exact rendered RGBA equality
[runtime-check] PASS { "key": "song_jiang", "mode": "walk", "method": "motion", "mob": 500, "selected": true, "location": "center", "lite": true, "force": false } cap=60 same last painted state and animation timer
[runtime-check] PASS { "key": "song_jiang", "mode": "walk", "method": "motion", "mob": 500, "selected": true, "location": "center", "lite": true, "force": false } cap=60 same actual Canvas draw cadence
[runtime-check] PASS { "key": "song_jiang", "mode": "walk", "method": "motion", "mob": 500, "selected": true, "location": "center", "lite": true, "force": false } cap=60 exercises visible Canvas submissions
[runtime-check] PASS { "key": "song_jiang", "mode": "walk", "method": "motion", "mob": 500, "selected": true, "location": "center", "lite": true, "force": false } cap=60 renders actual nontransparent art
[runtime-check] PASS real object allocation finds matching modulo-6 identity
[runtime-check] PASS pair matches both stride-2 and stride-3 identity phases
[runtime-check] PASS fixture uses actual logical viewport visibility: { "key": "song_jiang", "mode": "walk", "method": "motion", "mob": 500, "selected": true, "location": "inside_edge", "lite": true, "force": false }
[runtime-check] PASS paired actual edge/reentry screenshots saved
[runtime-check] PASS { "key": "song_jiang", "mode": "walk", "method": "motion", "mob": 500, "selected": true, "location": "inside_edge", "lite": true, "force": false } cap=60 exact rendered RGBA equality
[runtime-check] PASS { "key": "song_jiang", "mode": "walk", "method": "motion", "mob": 500, "selected": true, "location": "inside_edge", "lite": true, "force": false } cap=60 same last painted state and animation timer
[runtime-check] PASS { "key": "song_jiang", "mode": "walk", "method": "motion", "mob": 500, "selected": true, "location": "inside_edge", "lite": true, "force": false } cap=60 same actual Canvas draw cadence
[runtime-check] PASS { "key": "song_jiang", "mode": "walk", "method": "motion", "mob": 500, "selected": true, "location": "inside_edge", "lite": true, "force": false } cap=60 exercises visible Canvas submissions
[runtime-check] PASS { "key": "song_jiang", "mode": "walk", "method": "motion", "mob": 500, "selected": true, "location": "inside_edge", "lite": true, "force": false } cap=60 renders actual nontransparent art
[runtime-check] PASS real object allocation finds matching modulo-6 identity
[runtime-check] PASS pair matches both stride-2 and stride-3 identity phases
[runtime-check] PASS fixture uses actual logical viewport visibility: { "key": "song_jiang", "mode": "walk", "method": "motion", "mob": 500, "selected": true, "location": "outside_edge", "lite": true, "force": false }
[runtime-check] PASS { "key": "song_jiang", "mode": "walk", "method": "motion", "mob": 500, "selected": true, "location": "outside_edge", "lite": true, "force": false } cap=60 exact rendered RGBA equality
[runtime-check] PASS { "key": "song_jiang", "mode": "walk", "method": "motion", "mob": 500, "selected": true, "location": "outside_edge", "lite": true, "force": false } cap=60 same last painted state and animation timer
[runtime-check] PASS { "key": "song_jiang", "mode": "walk", "method": "motion", "mob": 500, "selected": true, "location": "outside_edge", "lite": true, "force": false } cap=60 same actual Canvas draw cadence
[runtime-check] PASS { "key": "song_jiang", "mode": "walk", "method": "motion", "mob": 500, "selected": true, "location": "outside_edge", "lite": true, "force": false } cap=60 offscreen helpers make no Canvas submission
[runtime-check] PASS real object allocation finds matching modulo-6 identity
[runtime-check] PASS pair matches both stride-2 and stride-3 identity phases
[runtime-check] PASS fixture uses actual logical viewport visibility: { "key": "song_jiang", "mode": "walk", "method": "motion", "mob": 501, "selected": false, "location": "center", "lite": true, "force": false }
[runtime-check] PASS { "key": "song_jiang", "mode": "walk", "method": "motion", "mob": 501, "selected": false, "location": "center", "lite": true, "force": false } cap=60 exact rendered RGBA equality
[runtime-check] PASS { "key": "song_jiang", "mode": "walk", "method": "motion", "mob": 501, "selected": false, "location": "center", "lite": true, "force": false } cap=60 same last painted state and animation timer
[runtime-check] PASS { "key": "song_jiang", "mode": "walk", "method": "motion", "mob": 501, "selected": false, "location": "center", "lite": true, "force": false } cap=60 same actual Canvas draw cadence
[runtime-check] PASS { "key": "song_jiang", "mode": "walk", "method": "motion", "mob": 501, "selected": false, "location": "center", "lite": true, "force": false } cap=60 exercises visible Canvas submissions
[runtime-check] PASS { "key": "song_jiang", "mode": "walk", "method": "motion", "mob": 501, "selected": false, "location": "center", "lite": true, "force": false } cap=60 renders actual nontransparent art
[runtime-check] PASS real object allocation finds matching modulo-6 identity
[runtime-check] PASS pair matches both stride-2 and stride-3 identity phases
[runtime-check] PASS fixture uses actual logical viewport visibility: { "key": "song_jiang", "mode": "walk", "method": "motion", "mob": 501, "selected": false, "location": "inside_edge", "lite": true, "force": false }
[runtime-check] PASS paired actual edge/reentry screenshots saved
[runtime-check] PASS { "key": "song_jiang", "mode": "walk", "method": "motion", "mob": 501, "selected": false, "location": "inside_edge", "lite": true, "force": false } cap=60 exact rendered RGBA equality
[runtime-check] PASS { "key": "song_jiang", "mode": "walk", "method": "motion", "mob": 501, "selected": false, "location": "inside_edge", "lite": true, "force": false } cap=60 same last painted state and animation timer
[runtime-check] PASS { "key": "song_jiang", "mode": "walk", "method": "motion", "mob": 501, "selected": false, "location": "inside_edge", "lite": true, "force": false } cap=60 same actual Canvas draw cadence
[runtime-check] PASS { "key": "song_jiang", "mode": "walk", "method": "motion", "mob": 501, "selected": false, "location": "inside_edge", "lite": true, "force": false } cap=60 exercises visible Canvas submissions
[runtime-check] PASS { "key": "song_jiang", "mode": "walk", "method": "motion", "mob": 501, "selected": false, "location": "inside_edge", "lite": true, "force": false } cap=60 renders actual nontransparent art
[runtime-check] PASS real object allocation finds matching modulo-6 identity
[runtime-check] PASS pair matches both stride-2 and stride-3 identity phases
[runtime-check] PASS fixture uses actual logical viewport visibility: { "key": "song_jiang", "mode": "walk", "method": "motion", "mob": 501, "selected": false, "location": "outside_edge", "lite": true, "force": false }
[runtime-check] PASS { "key": "song_jiang", "mode": "walk", "method": "motion", "mob": 501, "selected": false, "location": "outside_edge", "lite": true, "force": false } cap=60 exact rendered RGBA equality
[runtime-check] PASS { "key": "song_jiang", "mode": "walk", "method": "motion", "mob": 501, "selected": false, "location": "outside_edge", "lite": true, "force": false } cap=60 same last painted state and animation timer
[runtime-check] PASS { "key": "song_jiang", "mode": "walk", "method": "motion", "mob": 501, "selected": false, "location": "outside_edge", "lite": true, "force": false } cap=60 same actual Canvas draw cadence
[runtime-check] PASS { "key": "song_jiang", "mode": "walk", "method": "motion", "mob": 501, "selected": false, "location": "outside_edge", "lite": true, "force": false } cap=60 offscreen helpers make no Canvas submission
[runtime-check] PASS real object allocation finds matching modulo-6 identity
[runtime-check] PASS pair matches both stride-2 and stride-3 identity phases
[runtime-check] PASS fixture uses actual logical viewport visibility: { "key": "song_jiang", "mode": "walk", "method": "motion", "mob": 501, "selected": true, "location": "center", "lite": true, "force": false }
[runtime-check] PASS { "key": "song_jiang", "mode": "walk", "method": "motion", "mob": 501, "selected": true, "location": "center", "lite": true, "force": false } cap=60 exact rendered RGBA equality
[runtime-check] PASS { "key": "song_jiang", "mode": "walk", "method": "motion", "mob": 501, "selected": true, "location": "center", "lite": true, "force": false } cap=60 same last painted state and animation timer
[runtime-check] PASS { "key": "song_jiang", "mode": "walk", "method": "motion", "mob": 501, "selected": true, "location": "center", "lite": true, "force": false } cap=60 same actual Canvas draw cadence
[runtime-check] PASS { "key": "song_jiang", "mode": "walk", "method": "motion", "mob": 501, "selected": true, "location": "center", "lite": true, "force": false } cap=60 exercises visible Canvas submissions
[runtime-check] PASS { "key": "song_jiang", "mode": "walk", "method": "motion", "mob": 501, "selected": true, "location": "center", "lite": true, "force": false } cap=60 renders actual nontransparent art
[runtime-check] PASS real object allocation finds matching modulo-6 identity
[runtime-check] PASS pair matches both stride-2 and stride-3 identity phases
[runtime-check] PASS fixture uses actual logical viewport visibility: { "key": "song_jiang", "mode": "walk", "method": "motion", "mob": 501, "selected": true, "location": "inside_edge", "lite": true, "force": false }
[runtime-check] PASS paired actual edge/reentry screenshots saved
[runtime-check] PASS { "key": "song_jiang", "mode": "walk", "method": "motion", "mob": 501, "selected": true, "location": "inside_edge", "lite": true, "force": false } cap=60 exact rendered RGBA equality
[runtime-check] PASS { "key": "song_jiang", "mode": "walk", "method": "motion", "mob": 501, "selected": true, "location": "inside_edge", "lite": true, "force": false } cap=60 same last painted state and animation timer
[runtime-check] PASS { "key": "song_jiang", "mode": "walk", "method": "motion", "mob": 501, "selected": true, "location": "inside_edge", "lite": true, "force": false } cap=60 same actual Canvas draw cadence
[runtime-check] PASS { "key": "song_jiang", "mode": "walk", "method": "motion", "mob": 501, "selected": true, "location": "inside_edge", "lite": true, "force": false } cap=60 exercises visible Canvas submissions
[runtime-check] PASS { "key": "song_jiang", "mode": "walk", "method": "motion", "mob": 501, "selected": true, "location": "inside_edge", "lite": true, "force": false } cap=60 renders actual nontransparent art
[runtime-check] PASS real object allocation finds matching modulo-6 identity
[runtime-check] PASS pair matches both stride-2 and stride-3 identity phases
[runtime-check] PASS fixture uses actual logical viewport visibility: { "key": "song_jiang", "mode": "walk", "method": "motion", "mob": 501, "selected": true, "location": "outside_edge", "lite": true, "force": false }
[runtime-check] PASS { "key": "song_jiang", "mode": "walk", "method": "motion", "mob": 501, "selected": true, "location": "outside_edge", "lite": true, "force": false } cap=60 exact rendered RGBA equality
[runtime-check] PASS { "key": "song_jiang", "mode": "walk", "method": "motion", "mob": 501, "selected": true, "location": "outside_edge", "lite": true, "force": false } cap=60 same last painted state and animation timer
[runtime-check] PASS { "key": "song_jiang", "mode": "walk", "method": "motion", "mob": 501, "selected": true, "location": "outside_edge", "lite": true, "force": false } cap=60 same actual Canvas draw cadence
[runtime-check] PASS { "key": "song_jiang", "mode": "walk", "method": "motion", "mob": 501, "selected": true, "location": "outside_edge", "lite": true, "force": false } cap=60 offscreen helpers make no Canvas submission
[runtime-check] PASS real object allocation finds matching modulo-6 identity
[runtime-check] PASS pair matches both stride-2 and stride-3 identity phases
[runtime-check] PASS fixture uses actual logical viewport visibility: { "key": "song_jiang", "mode": "attack", "method": "animated", "mob": 501, "selected": false, "location": "center", "lite": true, "force": false }
[runtime-check] PASS { "key": "song_jiang", "mode": "attack", "method": "animated", "mob": 501, "selected": false, "location": "center", "lite": true, "force": false } cap=60 exact rendered RGBA equality
[runtime-check] PASS { "key": "song_jiang", "mode": "attack", "method": "animated", "mob": 501, "selected": false, "location": "center", "lite": true, "force": false } cap=60 same last painted state and animation timer
[runtime-check] PASS { "key": "song_jiang", "mode": "attack", "method": "animated", "mob": 501, "selected": false, "location": "center", "lite": true, "force": false } cap=60 same actual Canvas draw cadence
[runtime-check] PASS { "key": "song_jiang", "mode": "attack", "method": "animated", "mob": 501, "selected": false, "location": "center", "lite": true, "force": false } cap=60 exercises visible Canvas submissions
[runtime-check] PASS { "key": "song_jiang", "mode": "attack", "method": "animated", "mob": 501, "selected": false, "location": "center", "lite": true, "force": false } cap=60 renders actual nontransparent art
[runtime-check] PASS real object allocation finds matching modulo-6 identity
[runtime-check] PASS pair matches both stride-2 and stride-3 identity phases
[runtime-check] PASS fixture uses actual logical viewport visibility: { "key": "song_jiang", "mode": "attack", "method": "animated", "mob": 501, "selected": false, "location": "inside_edge", "lite": true, "force": false }
[runtime-check] PASS paired actual edge/reentry screenshots saved
[runtime-check] PASS { "key": "song_jiang", "mode": "attack", "method": "animated", "mob": 501, "selected": false, "location": "inside_edge", "lite": true, "force": false } cap=60 exact rendered RGBA equality
[runtime-check] PASS { "key": "song_jiang", "mode": "attack", "method": "animated", "mob": 501, "selected": false, "location": "inside_edge", "lite": true, "force": false } cap=60 same last painted state and animation timer
[runtime-check] PASS { "key": "song_jiang", "mode": "attack", "method": "animated", "mob": 501, "selected": false, "location": "inside_edge", "lite": true, "force": false } cap=60 same actual Canvas draw cadence
[runtime-check] PASS { "key": "song_jiang", "mode": "attack", "method": "animated", "mob": 501, "selected": false, "location": "inside_edge", "lite": true, "force": false } cap=60 exercises visible Canvas submissions
[runtime-check] PASS { "key": "song_jiang", "mode": "attack", "method": "animated", "mob": 501, "selected": false, "location": "inside_edge", "lite": true, "force": false } cap=60 renders actual nontransparent art
[runtime-check] PASS real object allocation finds matching modulo-6 identity
[runtime-check] PASS pair matches both stride-2 and stride-3 identity phases
[runtime-check] PASS fixture uses actual logical viewport visibility: { "key": "song_jiang", "mode": "attack", "method": "animated", "mob": 501, "selected": false, "location": "outside_edge", "lite": true, "force": false }
[runtime-check] PASS { "key": "song_jiang", "mode": "attack", "method": "animated", "mob": 501, "selected": false, "location": "outside_edge", "lite": true, "force": false } cap=60 exact rendered RGBA equality
[runtime-check] PASS { "key": "song_jiang", "mode": "attack", "method": "animated", "mob": 501, "selected": false, "location": "outside_edge", "lite": true, "force": false } cap=60 same last painted state and animation timer
[runtime-check] PASS { "key": "song_jiang", "mode": "attack", "method": "animated", "mob": 501, "selected": false, "location": "outside_edge", "lite": true, "force": false } cap=60 same actual Canvas draw cadence
[runtime-check] PASS { "key": "song_jiang", "mode": "attack", "method": "animated", "mob": 501, "selected": false, "location": "outside_edge", "lite": true, "force": false } cap=60 offscreen helpers make no Canvas submission
[runtime-check] PASS real object allocation finds matching modulo-6 identity
[runtime-check] PASS pair matches both stride-2 and stride-3 identity phases
[runtime-check] PASS fixture uses actual logical viewport visibility: { "key": "song_jiang", "mode": "attack", "method": "animated", "mob": 501, "selected": false, "location": "reenter", "lite": true, "force": false }
[runtime-check] PASS paired actual edge/reentry screenshots saved
[runtime-check] PASS { "key": "song_jiang", "mode": "attack", "method": "animated", "mob": 501, "selected": false, "location": "reenter", "lite": true, "force": false } cap=60 exact rendered RGBA equality
[runtime-check] PASS { "key": "song_jiang", "mode": "attack", "method": "animated", "mob": 501, "selected": false, "location": "reenter", "lite": true, "force": false } cap=60 same last painted state and animation timer
[runtime-check] PASS { "key": "song_jiang", "mode": "attack", "method": "animated", "mob": 501, "selected": false, "location": "reenter", "lite": true, "force": false } cap=60 same actual Canvas draw cadence
[runtime-check] PASS { "key": "song_jiang", "mode": "attack", "method": "animated", "mob": 501, "selected": false, "location": "reenter", "lite": true, "force": false } cap=60 exercises visible Canvas submissions
[runtime-check] PASS { "key": "song_jiang", "mode": "attack", "method": "animated", "mob": 501, "selected": false, "location": "reenter", "lite": true, "force": false } cap=60 renders actual nontransparent art
[runtime-check] PASS offscreen changed state is repainted after real visibility reentry
[runtime-check] PASS real object allocation finds matching modulo-6 identity
[runtime-check] PASS pair matches both stride-2 and stride-3 identity phases
[runtime-check] PASS fixture uses actual logical viewport visibility: { "key": "song_jiang", "mode": "attack", "method": "animated", "mob": 501, "selected": false, "location": "center", "lite": true, "force": true }
[runtime-check] PASS { "key": "song_jiang", "mode": "attack", "method": "animated", "mob": 501, "selected": false, "location": "center", "lite": true, "force": true } cap=60 exact rendered RGBA equality
[runtime-check] PASS { "key": "song_jiang", "mode": "attack", "method": "animated", "mob": 501, "selected": false, "location": "center", "lite": true, "force": true } cap=60 same last painted state and animation timer
[runtime-check] PASS { "key": "song_jiang", "mode": "attack", "method": "animated", "mob": 501, "selected": false, "location": "center", "lite": true, "force": true } cap=60 same actual Canvas draw cadence
[runtime-check] PASS { "key": "song_jiang", "mode": "attack", "method": "animated", "mob": 501, "selected": false, "location": "center", "lite": true, "force": true } cap=60 exercises visible Canvas submissions
[runtime-check] PASS { "key": "song_jiang", "mode": "attack", "method": "animated", "mob": 501, "selected": false, "location": "center", "lite": true, "force": true } cap=60 renders actual nontransparent art
[runtime-check] PASS real object allocation finds matching modulo-6 identity
[runtime-check] PASS pair matches both stride-2 and stride-3 identity phases
[runtime-check] PASS fixture uses actual logical viewport visibility: { "key": "song_jiang", "mode": "attack", "method": "animated", "mob": 501, "selected": false, "location": "inside_edge", "lite": true, "force": true }
[runtime-check] PASS paired actual edge/reentry screenshots saved
[runtime-check] PASS { "key": "song_jiang", "mode": "attack", "method": "animated", "mob": 501, "selected": false, "location": "inside_edge", "lite": true, "force": true } cap=60 exact rendered RGBA equality
[runtime-check] PASS { "key": "song_jiang", "mode": "attack", "method": "animated", "mob": 501, "selected": false, "location": "inside_edge", "lite": true, "force": true } cap=60 same last painted state and animation timer
[runtime-check] PASS { "key": "song_jiang", "mode": "attack", "method": "animated", "mob": 501, "selected": false, "location": "inside_edge", "lite": true, "force": true } cap=60 same actual Canvas draw cadence
[runtime-check] PASS { "key": "song_jiang", "mode": "attack", "method": "animated", "mob": 501, "selected": false, "location": "inside_edge", "lite": true, "force": true } cap=60 exercises visible Canvas submissions
[runtime-check] PASS { "key": "song_jiang", "mode": "attack", "method": "animated", "mob": 501, "selected": false, "location": "inside_edge", "lite": true, "force": true } cap=60 renders actual nontransparent art
[runtime-check] PASS real object allocation finds matching modulo-6 identity
[runtime-check] PASS pair matches both stride-2 and stride-3 identity phases
[runtime-check] PASS fixture uses actual logical viewport visibility: { "key": "song_jiang", "mode": "attack", "method": "animated", "mob": 501, "selected": false, "location": "outside_edge", "lite": true, "force": true }
[runtime-check] PASS { "key": "song_jiang", "mode": "attack", "method": "animated", "mob": 501, "selected": false, "location": "outside_edge", "lite": true, "force": true } cap=60 exact rendered RGBA equality
[runtime-check] PASS { "key": "song_jiang", "mode": "attack", "method": "animated", "mob": 501, "selected": false, "location": "outside_edge", "lite": true, "force": true } cap=60 same last painted state and animation timer
[runtime-check] PASS { "key": "song_jiang", "mode": "attack", "method": "animated", "mob": 501, "selected": false, "location": "outside_edge", "lite": true, "force": true } cap=60 same actual Canvas draw cadence
[runtime-check] PASS { "key": "song_jiang", "mode": "attack", "method": "animated", "mob": 501, "selected": false, "location": "outside_edge", "lite": true, "force": true } cap=60 offscreen helpers make no Canvas submission
[runtime-check] PASS real object allocation finds matching modulo-6 identity
[runtime-check] PASS pair matches both stride-2 and stride-3 identity phases
[runtime-check] PASS fixture uses actual logical viewport visibility: { "key": "song_jiang", "mode": "attack", "method": "animated", "mob": 501, "selected": false, "location": "reenter", "lite": true, "force": true }
[runtime-check] PASS paired actual edge/reentry screenshots saved
[runtime-check] PASS { "key": "song_jiang", "mode": "attack", "method": "animated", "mob": 501, "selected": false, "location": "reenter", "lite": true, "force": true } cap=60 exact rendered RGBA equality
[runtime-check] PASS { "key": "song_jiang", "mode": "attack", "method": "animated", "mob": 501, "selected": false, "location": "reenter", "lite": true, "force": true } cap=60 same last painted state and animation timer
[runtime-check] PASS { "key": "song_jiang", "mode": "attack", "method": "animated", "mob": 501, "selected": false, "location": "reenter", "lite": true, "force": true } cap=60 same actual Canvas draw cadence
[runtime-check] PASS { "key": "song_jiang", "mode": "attack", "method": "animated", "mob": 501, "selected": false, "location": "reenter", "lite": true, "force": true } cap=60 exercises visible Canvas submissions
[runtime-check] PASS { "key": "song_jiang", "mode": "attack", "method": "animated", "mob": 501, "selected": false, "location": "reenter", "lite": true, "force": true } cap=60 renders actual nontransparent art
[runtime-check] PASS offscreen changed state is repainted after real visibility reentry
[runtime-check] PASS real object allocation finds matching modulo-6 identity
[runtime-check] PASS pair matches both stride-2 and stride-3 identity phases
[runtime-check] PASS fixture uses actual logical viewport visibility: { "key": "song_jiang", "mode": "death", "method": "animated", "mob": 501, "selected": false, "location": "center", "lite": true, "force": true }
[runtime-check] PASS { "key": "song_jiang", "mode": "death", "method": "animated", "mob": 501, "selected": false, "location": "center", "lite": true, "force": true } cap=60 exact rendered RGBA equality
[runtime-check] PASS { "key": "song_jiang", "mode": "death", "method": "animated", "mob": 501, "selected": false, "location": "center", "lite": true, "force": true } cap=60 same last painted state and animation timer
[runtime-check] PASS { "key": "song_jiang", "mode": "death", "method": "animated", "mob": 501, "selected": false, "location": "center", "lite": true, "force": true } cap=60 same actual Canvas draw cadence
[runtime-check] PASS { "key": "song_jiang", "mode": "death", "method": "animated", "mob": 501, "selected": false, "location": "center", "lite": true, "force": true } cap=60 exercises visible Canvas submissions
[runtime-check] PASS { "key": "song_jiang", "mode": "death", "method": "animated", "mob": 501, "selected": false, "location": "center", "lite": true, "force": true } cap=60 renders actual nontransparent art
[runtime-check] PASS real object allocation finds matching modulo-6 identity
[runtime-check] PASS pair matches both stride-2 and stride-3 identity phases
[runtime-check] PASS fixture uses actual logical viewport visibility: { "key": "arrow_tower", "mode": "burn", "method": "animated", "mob": 501, "selected": false, "location": "center", "lite": true, "force": true }
[runtime-check] PASS { "key": "arrow_tower", "mode": "burn", "method": "animated", "mob": 501, "selected": false, "location": "center", "lite": true, "force": true } cap=60 exact rendered RGBA equality
[runtime-check] PASS { "key": "arrow_tower", "mode": "burn", "method": "animated", "mob": 501, "selected": false, "location": "center", "lite": true, "force": true } cap=60 same last painted state and animation timer
[runtime-check] PASS { "key": "arrow_tower", "mode": "burn", "method": "animated", "mob": 501, "selected": false, "location": "center", "lite": true, "force": true } cap=60 same actual Canvas draw cadence
[runtime-check] PASS { "key": "arrow_tower", "mode": "burn", "method": "animated", "mob": 501, "selected": false, "location": "center", "lite": true, "force": true } cap=60 exercises visible Canvas submissions
[runtime-check] PASS { "key": "arrow_tower", "mode": "burn", "method": "animated", "mob": 501, "selected": false, "location": "center", "lite": true, "force": true } cap=60 renders actual nontransparent art
[runtime-check] PASS real object allocation finds matching modulo-6 identity
[runtime-check] PASS pair matches both stride-2 and stride-3 identity phases
[runtime-check] PASS fixture uses actual logical viewport visibility: { "key": "song_jiang", "mode": "walk", "method": "animated", "mob": 501, "selected": false, "location": "center", "lite": false, "force": true }
[runtime-check] PASS { "key": "song_jiang", "mode": "walk", "method": "animated", "mob": 501, "selected": false, "location": "center", "lite": false, "force": true } cap=60 exact rendered RGBA equality
[runtime-check] PASS { "key": "song_jiang", "mode": "walk", "method": "animated", "mob": 501, "selected": false, "location": "center", "lite": false, "force": true } cap=60 same last painted state and animation timer
[runtime-check] PASS { "key": "song_jiang", "mode": "walk", "method": "animated", "mob": 501, "selected": false, "location": "center", "lite": false, "force": true } cap=60 same actual Canvas draw cadence
[runtime-check] PASS { "key": "song_jiang", "mode": "walk", "method": "animated", "mob": 501, "selected": false, "location": "center", "lite": false, "force": true } cap=60 exercises visible Canvas submissions
[runtime-check] PASS { "key": "song_jiang", "mode": "walk", "method": "animated", "mob": 501, "selected": false, "location": "center", "lite": false, "force": true } cap=60 renders actual nontransparent art
[runtime-check] PASS real physics callbacks cover all stride modulo phases
[runtime-check] PASS real object allocation finds matching modulo-6 identity
[runtime-check] PASS pair matches both stride-2 and stride-3 identity phases
[runtime-check] PASS paused force clears flash and paints new state outside physics
[runtime-check] PASS queued real physics force survives immediate pause
[runtime-check] PASS hidden/revealed Canvas paints the final forced state
[runtime-check] PASS detached/reattached actual Canvas retains requested state
[runtime-check] PASS free with pending one-shot redraw leaves no live Unit target
[runtime-check] PASS actual out-of-tree helpers and immediate free complete
[runtime-check] PASS previous scene, map and units actually freed
[runtime-check] PASS full source path set and directory presence match preparation
[runtime-check] PASS source paths remain stable while hashing
[runtime-check] PASS actual source unchanged through validation and disposal
[runtime-check] PASS campaign/settings save bytes unchanged
[redraw-validation] {"checks":591,"failures":[],"passed":true}
