Godot Engine v4.6.3.stable.official.7d41c59c4 - https://godotengine.org
OpenGL API 3.3.0 NVIDIA 616.56 - Compatibility - Using Device: NVIDIA - NVIDIA GeForce RTX 3070 Ti

WARNING: 2D MSAA is not yet supported for GLES3.
   at: render_target_set_msaa (drivers/gles3/storage/texture_storage.cpp:2934)
LEVEL7_COMPONENT_ROUNDTRIP road
LEVEL7_COMPONENT_ROUNDTRIP sober_steady
LEVEL7_COMPONENT_ROUNDTRIP sober_expired
LEVEL7_COMPONENT_ROUNDTRIP steady_then_drink
LEVEL7_COMPONENT_ROUNDTRIP four_taverns
LEVEL7_COMPONENT_ROUNDTRIP four_steady
LEVEL7_COMPONENT_ROUNDTRIP drill_tell
LEVEL7_COMPONENT_ROUNDTRIP heavy_windup
LEVEL7_COMPONENT_ROUNDTRIP moved_w_before_e
LEVEL7_COMPONENT_ROUNDTRIP verified_counter
LEVEL7_COMPONENT_ROUNDTRIP rush_windup
LEVEL7_COMPONENT_ROUNDTRIP charge_hit_sign
LEVEL7_COMPONENT_ROUNDTRIP subdued_alive
LEVEL7_COMPONENT_ROUNDTRIP subdued_offscreen
LEVEL7_COMPONENT_ROUNDTRIP terms_before_shop
LEVEL7_COMPONENT_COMPLETE 789 true
