Godot Engine v4.6.3.stable.official.7d41c59c4 - https://godotengine.org

[   0% ] [90m[1mfirst_scan_filesystem[22m | Started 项目初始化 (5 steps)[39m[0m
[   0% ] [90m[1mfirst_scan_filesystem[22m | 正在扫描文件结构……[39m[0m
[  16% ] [90m[1mfirst_scan_filesystem[22m | 正在加载全局类名……[39m[0m
[  33% ] [90m[1mfirst_scan_filesystem[22m | 正在校验 GDExtension……[39m[0m
[  50% ] [90m[1mfirst_scan_filesystem[22m | 正在创建自动加载脚本……[39m[0m
[  66% ] [90m[1mfirst_scan_filesystem[22m | 正在初始化插件……[39m[0m
[  83% ] [90m[1mfirst_scan_filesystem[22m | 正在启动文件扫描……[39m[0m
[92m[ DONE ][39m [1mfirst_scan_filesystem[22m
[0m
[   0% ] [90m[1mupdate_scripts_classes[22m | Started 正在注册全局类…… (3 steps)[39m[0m
[   0% ] [90m[1mupdate_scripts_classes[22m | [39m[0m
[  25% ] [90m[1mupdate_scripts_classes[22m | [39m[0m
[  50% ] [90m[1mupdate_scripts_classes[22m | [39m[0m
[92m[ DONE ][39m [1mupdate_scripts_classes[22m
[0m
[   0% ] [90m[1msavepack[22m | Started 打包中 (102 steps)[39m[0m
[   1% ] [90m[1msavepack[22m | 保存文件：res://scripts/run_gameplay_rng.gdc[39m[0m
[  26% ] [90m[1msavepack[22m | 保存文件：res://scripts/run_state_value_codec.gdc[39m[0m
[  50% ] [90m[1msavepack[22m | 保存文件：res://.godot/exported/133200997/export-3070c538c03ee49b7677ff960a3f5195-main.scn[39m[0m
[  74% ] [90m[1msavepack[22m | 保存文件：res://pck_driver.gdc[39m[0m
[  74% ] [90m[1msavepack[22m | 保存文件：res://scripts/run_gameplay_rng.gd.remap[39m[0m
[  74% ] [90m[1msavepack[22m | 保存文件：res://scripts/run_state_value_codec.gd.remap[39m[0m
[  74% ] [90m[1msavepack[22m | 保存文件：res://main.tscn.remap[39m[0m
[  74% ] [90m[1msavepack[22m | 保存文件：res://pck_driver.gd.remap[39m[0m
[  74% ] [90m[1msavepack[22m | 保存文件：res://.godot/global_script_class_cache.cfg[39m[0m
[  74% ] [90m[1msavepack[22m | 保存文件：res://.godot/uid_cache.bin[39m[0m
[  74% ] [90m[1msavepack[22m | 保存文件：res://project.binary[39m[0m
[92m[ DONE ][39m [1msavepack[22m
[0m
