Godot Engine v4.6.3.stable.official.7d41c59c4 - https://godotengine.org

[hero-function-keys] PASS default/reset has no select-army keyboard action
[hero-function-keys] PASS F1 cannot be rebound over its fixed hero slot
[hero-function-keys] PASS F2 cannot be rebound over its fixed hero slot
[hero-function-keys] PASS F3 cannot be rebound over its fixed hero slot
[hero-function-keys] PASS F4 cannot be rebound over its fixed hero slot
[hero-function-keys] PASS F5 cannot be rebound over its fixed hero slot
[hero-function-keys] PASS F6 cannot be rebound over its fixed hero slot
[hero-function-keys] PASS F7 cannot be rebound over its fixed hero slot
[hero-function-keys] PASS F8 cannot be rebound over its fixed hero slot
[hero-function-keys] PASS removed select-army action cannot be rebound
[hero-function-keys] PASS legacy-settings fixture written only in verified private profile
[hero-function-keys] PASS real Settings._load ignores legacy F2 select-army entry
[hero-function-keys] PASS real Settings._load restores defaults for legacy command bindings on F2/F5
[hero-function-keys] PASS migration retains an unrelated valid custom key and audio setting
[hero-function-keys] PASS write private legacy exchange-chain fixture
[hero-function-keys] PASS legacy F2 to Q exchange chain restores Q skill and Space alert without collision
[hero-function-keys] PASS exchange-chain migration preserves unrelated J stop and removes old army action
[hero-function-keys] PASS every migrated command remains reachable on a unique allowed key
[hero-function-keys] PASS reset after legacy migration restores standard commands without F2 all-army
[hero-function-keys] PASS real paused skirmish scene starts with nonempty units and valid RNG
[hero-function-keys] PASS first two real hero fixtures exist
[hero-function-keys] PASS F8 with an empty eighth roster slot does not select another unit
[hero-function-keys] PASS fixture has eight distinct alive heroes in fixed slots
[hero-function-keys] PASS real F1 input exclusively selects hero slot 1 (song_jiang)
[hero-function-keys] PASS real F2 input exclusively selects hero slot 2 (lin_chong)
[hero-function-keys] PASS real F3 input exclusively selects hero slot 3 (li_kui)
[hero-function-keys] PASS real F4 input exclusively selects hero slot 4 (gongsun_sheng)
[hero-function-keys] PASS real F5 input exclusively selects hero slot 5 (hua_rong)
[hero-function-keys] PASS real F6 input exclusively selects hero slot 6 (wu_song)
[hero-function-keys] PASS real F7 input exclusively selects hero slot 7 (lu_junyi)
[hero-function-keys] PASS real F8 input exclusively selects hero slot 8 (lu_zhishen)
[hero-function-keys] PASS on-screen all-army action remains functional
[hero-function-keys] PASS F2 replaces all-army selection with only second hero
[hero-function-keys] PASS reserved F2 hero input wins even if an abnormal runtime dictionary binds a skill to F2
[hero-function-keys] PASS echoed F2 event does not change selection
[hero-function-keys] PASS F2 release does not change selection
[hero-function-keys] PASS desktop HUD and roster expose eight avatar slots
[hero-function-keys] PASS actual desktop avatar F1 keycap and hero match the keyboard target
[hero-function-keys] PASS actual desktop avatar F2 keycap and hero match the keyboard target
[hero-function-keys] PASS actual desktop avatar F3 keycap and hero match the keyboard target
[hero-function-keys] PASS actual desktop avatar F4 keycap and hero match the keyboard target
[hero-function-keys] PASS actual desktop avatar F5 keycap and hero match the keyboard target
[hero-function-keys] PASS actual desktop avatar F6 keycap and hero match the keyboard target
[hero-function-keys] PASS actual desktop avatar F7 keycap and hero match the keyboard target
[hero-function-keys] PASS actual desktop avatar F8 keycap and hero match the keyboard target
[hero-function-keys] PASS real touch-mode entry creates an eight-hero skill rail
[hero-function-keys] PASS touch avatar retains the same F1 roster mapping with keyboard hints hidden
[hero-function-keys] PASS touch avatar retains the same F2 roster mapping with keyboard hints hidden
[hero-function-keys] PASS touch avatar retains the same F3 roster mapping with keyboard hints hidden
[hero-function-keys] PASS touch avatar retains the same F4 roster mapping with keyboard hints hidden
[hero-function-keys] PASS touch avatar retains the same F5 roster mapping with keyboard hints hidden
[hero-function-keys] PASS touch avatar retains the same F6 roster mapping with keyboard hints hidden
[hero-function-keys] PASS touch avatar retains the same F7 roster mapping with keyboard hints hidden
[hero-function-keys] PASS touch avatar retains the same F8 roster mapping with keyboard hints hidden
[hero-function-keys] PASS ctrl+F1 saves actual view center without selecting a hero
[hero-function-keys] PASS ctrl+F2 saves actual view center without selecting a hero
[hero-function-keys] PASS ctrl+F3 saves actual view center without selecting a hero
[hero-function-keys] PASS ctrl+F4 saves actual view center without selecting a hero
[hero-function-keys] PASS meta+F1 saves actual view center without selecting a hero
[hero-function-keys] PASS meta+F2 saves actual view center without selecting a hero
[hero-function-keys] PASS meta+F3 saves actual view center without selecting a hero
[hero-function-keys] PASS meta+F4 saves actual view center without selecting a hero
[hero-function-keys] PASS Shift+F1 recalls its camera location without selecting a hero
[hero-function-keys] PASS Shift+F2 recalls its camera location without selecting a hero
[hero-function-keys] PASS Shift+F3 recalls its camera location without selecting a hero
[hero-function-keys] PASS Shift+F4 recalls its camera location without selecting a hero
[hero-function-keys] PASS real second-hero death retains its F2 slot and all later indices
[hero-function-keys] PASS F2 on dead second hero neither selects all army nor shifts to third hero
[hero-function-keys] PASS F3 keeps its original hero after F2 hero dies
[hero-function-keys] PASS F4 keeps its original hero after F2 hero dies
[hero-function-keys] PASS F5 keeps its original hero after F2 hero dies
[hero-function-keys] PASS F6 keeps its original hero after F2 hero dies
[hero-function-keys] PASS F7 keeps its original hero after F2 hero dies
[hero-function-keys] PASS F8 keeps its original hero after F2 hero dies
[hero-function-keys] PASS desktop HUD and roster expose eight avatar slots after death
[hero-function-keys] PASS actual desktop avatar F1 keycap and hero match the keyboard target after death
[hero-function-keys] PASS actual desktop avatar F2 keycap and hero match the keyboard target after death
[hero-function-keys] PASS actual desktop avatar F3 keycap and hero match the keyboard target after death
[hero-function-keys] PASS actual desktop avatar F4 keycap and hero match the keyboard target after death
[hero-function-keys] PASS actual desktop avatar F5 keycap and hero match the keyboard target after death
[hero-function-keys] PASS actual desktop avatar F6 keycap and hero match the keyboard target after death
[hero-function-keys] PASS actual desktop avatar F7 keycap and hero match the keyboard target after death
[hero-function-keys] PASS actual desktop avatar F8 keycap and hero match the keyboard target after death
[hero-function-keys] PASS real touch-mode entry creates an eight-hero skill rail after death
[hero-function-keys] PASS touch avatar retains the same F1 roster mapping with keyboard hints hidden after death
[hero-function-keys] PASS touch avatar retains the same F2 roster mapping with keyboard hints hidden after death
[hero-function-keys] PASS touch avatar retains the same F3 roster mapping with keyboard hints hidden after death
[hero-function-keys] PASS touch avatar retains the same F4 roster mapping with keyboard hints hidden after death
[hero-function-keys] PASS touch avatar retains the same F5 roster mapping with keyboard hints hidden after death
[hero-function-keys] PASS touch avatar retains the same F6 roster mapping with keyboard hints hidden after death
[hero-function-keys] PASS touch avatar retains the same F7 roster mapping with keyboard hints hidden after death
[hero-function-keys] PASS touch avatar retains the same F8 roster mapping with keyboard hints hidden after death
[hero-function-keys] PASS six complete suites with nonempty evidence and no gameplay RNG fault
[hero-function-keys-result] {"checks":[{"label":"default/reset has no select-army keyboard action","passed":true},{"label":"F1 cannot be rebound over its fixed hero slot","passed":true},{"label":"F2 cannot be rebound over its fixed hero slot","passed":true},{"label":"F3 cannot be rebound over its fixed hero slot","passed":true},{"label":"F4 cannot be rebound over its fixed hero slot","passed":true},{"label":"F5 cannot be rebound over its fixed hero slot","passed":true},{"label":"F6 cannot be rebound over its fixed hero slot","passed":true},{"label":"F7 cannot be rebound over its fixed hero slot","passed":true},{"label":"F8 cannot be rebound over its fixed hero slot","passed":true},{"label":"removed select-army action cannot be rebound","passed":true},{"label":"legacy-settings fixture written only in verified private profile","passed":true},{"label":"real Settings._load ignores legacy F2 select-army entry","passed":true},{"label":"real Settings._load restores defaults for legacy command bindings on F2/F5","passed":true},{"label":"migration retains an unrelated valid custom key and audio setting","passed":true},{"label":"write private legacy exchange-chain fixture","passed":true},{"label":"legacy F2 to Q exchange chain restores Q skill and Space alert without collision","passed":true},{"label":"exchange-chain migration preserves unrelated J stop and removes old army action","passed":true},{"label":"every migrated command remains reachable on a unique allowed key","passed":true},{"label":"reset after legacy migration restores standard commands without F2 all-army","passed":true},{"label":"real paused skirmish scene starts with nonempty units and valid RNG","passed":true},{"label":"first two real hero fixtures exist","passed":true},{"label":"F8 with an empty eighth roster slot does not select another unit","passed":true},{"label":"fixture has eight distinct alive heroes in fixed slots","passed":true},{"label":"real F1 input exclusively selects hero slot 1 (song_jiang)","passed":true},{"label":"real F2 input exclusively selects hero slot 2 (lin_chong)","passed":true},{"label":"real F3 input exclusively selects hero slot 3 (li_kui)","passed":true},{"label":"real F4 input exclusively selects hero slot 4 (gongsun_sheng)","passed":true},{"label":"real F5 input exclusively selects hero slot 5 (hua_rong)","passed":true},{"label":"real F6 input exclusively selects hero slot 6 (wu_song)","passed":true},{"label":"real F7 input exclusively selects hero slot 7 (lu_junyi)","passed":true},{"label":"real F8 input exclusively selects hero slot 8 (lu_zhishen)","passed":true},{"label":"on-screen all-army action remains functional","passed":true},{"label":"F2 replaces all-army selection with only second hero","passed":true},{"label":"reserved F2 hero input wins even if an abnormal runtime dictionary binds a skill to F2","passed":true},{"label":"echoed F2 event does not change selection","passed":true},{"label":"F2 release does not change selection","passed":true},{"label":"desktop HUD and roster expose eight avatar slots","passed":true},{"label":"actual desktop avatar F1 keycap and hero match the keyboard target","passed":true},{"label":"actual desktop avatar F2 keycap and hero match the keyboard target","passed":true},{"label":"actual desktop avatar F3 keycap and hero match the keyboard target","passed":true},{"label":"actual desktop avatar F4 keycap and hero match the keyboard target","passed":true},{"label":"actual desktop avatar F5 keycap and hero match the keyboard target","passed":true},{"label":"actual desktop avatar F6 keycap and hero match the keyboard target","passed":true},{"label":"actual desktop avatar F7 keycap and hero match the keyboard target","passed":true},{"label":"actual desktop avatar F8 keycap and hero match the keyboard target","passed":true},{"label":"real touch-mode entry creates an eight-hero skill rail","passed":true},{"label":"touch avatar retains the same F1 roster mapping with keyboard hints hidden","passed":true},{"label":"touch avatar retains the same F2 roster mapping with keyboard hints hidden","passed":true},{"label":"touch avatar retains the same F3 roster mapping with keyboard hints hidden","passed":true},{"label":"touch avatar retains the same F4 roster mapping with keyboard hints hidden","passed":true},{"label":"touch avatar retains the same F5 roster mapping with keyboard hints hidden","passed":true},{"label":"touch avatar retains the same F6 roster mapping with keyboard hints hidden","passed":true},{"label":"touch avatar retains the same F7 roster mapping with keyboard hints hidden","passed":true},{"label":"touch avatar retains the same F8 roster mapping with keyboard hints hidden","passed":true},{"label":"ctrl+F1 saves actual view center without selecting a hero","passed":true},{"label":"ctrl+F2 saves actual view center without selecting a hero","passed":true},{"label":"ctrl+F3 saves actual view center without selecting a hero","passed":true},{"label":"ctrl+F4 saves actual view center without selecting a hero","passed":true},{"label":"meta+F1 saves actual view center without selecting a hero","passed":true},{"label":"meta+F2 saves actual view center without selecting a hero","passed":true},{"label":"meta+F3 saves actual view center without selecting a hero","passed":true},{"label":"meta+F4 saves actual view center without selecting a hero","passed":true},{"label":"Shift+F1 recalls its camera location without selecting a hero","passed":true},{"label":"Shift+F2 recalls its camera location without selecting a hero","passed":true},{"label":"Shift+F3 recalls its camera location without selecting a hero","passed":true},{"label":"Shift+F4 recalls its camera location without selecting a hero","passed":true},{"label":"real second-hero death retains its F2 slot and all later indices","passed":true},{"label":"F2 on dead second hero neither selects all army nor shifts to third hero","passed":true},{"label":"F3 keeps its original hero after F2 hero dies","passed":true},{"label":"F4 keeps its original hero after F2 hero dies","passed":true},{"label":"F5 keeps its original hero after F2 hero dies","passed":true},{"label":"F6 keeps its original hero after F2 hero dies","passed":true},{"label":"F7 keeps its original hero after F2 hero dies","passed":true},{"label":"F8 keeps its original hero after F2 hero dies","passed":true},{"label":"desktop HUD and roster expose eight avatar slots after death","passed":true},{"label":"actual desktop avatar F1 keycap and hero match the keyboard target after death","passed":true},{"label":"actual desktop avatar F2 keycap and hero match the keyboard target after death","passed":true},{"label":"actual desktop avatar F3 keycap and hero match the keyboard target after death","passed":true},{"label":"actual desktop avatar F4 keycap and hero match the keyboard target after death","passed":true},{"label":"actual desktop avatar F5 keycap and hero match the keyboard target after death","passed":true},{"label":"actual desktop avatar F6 keycap and hero match the keyboard target after death","passed":true},{"label":"actual desktop avatar F7 keycap and hero match the keyboard target after death","passed":true},{"label":"actual desktop avatar F8 keycap and hero match the keyboard target after death","passed":true},{"label":"real touch-mode entry creates an eight-hero skill rail after death","passed":true},{"label":"touch avatar retains the same F1 roster mapping with keyboard hints hidden after death","passed":true},{"label":"touch avatar retains the same F2 roster mapping with keyboard hints hidden after death","passed":true},{"label":"touch avatar retains the same F3 roster mapping with keyboard hints hidden after death","passed":true},{"label":"touch avatar retains the same F4 roster mapping with keyboard hints hidden after death","passed":true},{"label":"touch avatar retains the same F5 roster mapping with keyboard hints hidden after death","passed":true},{"label":"touch avatar retains the same F6 roster mapping with keyboard hints hidden after death","passed":true},{"label":"touch avatar retains the same F7 roster mapping with keyboard hints hidden after death","passed":true},{"label":"touch avatar retains the same F8 roster mapping with keyboard hints hidden after death","passed":true},{"label":"six complete suites with nonempty evidence and no gameplay RNG fault","passed":true}],"completed":["settings_migration","keyboard_mapping","hud_mapping","camera_modifiers","hud_after_death","death_stability"],"failures":[],"passed":true,"profile":"C:/Users/rsb/AppData/Roaming/LSH-rts-refinement-25ae2bea59934086ad7f2c5382aa79f1","project":"D:/WMQA/steam_main_merge_full_20260922_2210/project/","samples":[{"ignored_action":"select_army","kind":"legacy_settings","preserved_custom_amove":"L","private_path":"C:/Users/rsb/AppData/Roaming/LSH-rts-refinement-25ae2bea59934086ad7f2c5382aa79f1/settings.cfg","restored_actions":["stop","hold"]},{"active_key":"song_jiang","hero":"song_jiang","key":"F1","kind":"hero_key","selected_count":1,"slot":0},{"active_key":"lin_chong","hero":"lin_chong","key":"F2","kind":"hero_key","selected_count":1,"slot":1},{"active_key":"li_kui","hero":"li_kui","key":"F3","kind":"hero_key","selected_count":1,"slot":2},{"active_key":"gongsun_sheng","hero":"gongsun_sheng","key":"F4","kind":"hero_key","selected_count":1,"slot":3},{"active_key":"hua_rong","hero":"hua_rong","key":"F5","kind":"hero_key","selected_count":1,"slot":4},{"active_key":"wu_song","hero":"wu_song","key":"F6","kind":"hero_key","selected_count":1,"slot":5},{"active_key":"lu_junyi","hero":"lu_junyi","key":"F7","kind":"hero_key","selected_count":1,"slot":6},{"active_key":"lu_zhishen","hero":"lu_zhishen","key":"F8","kind":"hero_key","selected_count":1,"slot":7}],"scope":"Paused real skirmish; real Battle._unhandled_input, Settings._load/reset/rebind, hero death and HUD keycap nodes"}
