Godot Engine v4.6.3.stable.official.7d41c59c4 - https://godotengine.org

[rts-economy-rules] PASS real Battle starts with valid RNG
[rts-economy-rules] PASS normal AI has no hidden gather multiplier
[rts-economy-rules] PASS normal starting gold/wood match player
[rts-economy-rules] PASS normal starts with five workers and matching population capacity
[rts-economy-rules] PASS guan_dao mirrors liang_dao cost_gold
[rts-economy-rules] PASS guan_dao mirrors liang_dao cost_wood
[rts-economy-rules] PASS guan_dao mirrors liang_dao pop
[rts-economy-rules] PASS guan_dao mirrors liang_dao train_time
[rts-economy-rules] PASS guan_dao mirrors liang_dao min_age
[rts-economy-rules] PASS guan_gong mirrors liang_gong cost_gold
[rts-economy-rules] PASS guan_gong mirrors liang_gong cost_wood
[rts-economy-rules] PASS guan_gong mirrors liang_gong pop
[rts-economy-rules] PASS guan_gong mirrors liang_gong train_time
[rts-economy-rules] PASS guan_gong mirrors liang_gong min_age
[rts-economy-rules] PASS guan_qi mirrors liang_ma cost_gold
[rts-economy-rules] PASS guan_qi mirrors liang_ma cost_wood
[rts-economy-rules] PASS guan_qi mirrors liang_ma pop
[rts-economy-rules] PASS guan_qi mirrors liang_ma train_time
[rts-economy-rules] PASS guan_qi mirrors liang_ma min_age
[rts-economy-rules] PASS ordinary status hides AI 金
[rts-economy-rules] PASS ordinary status hides 农
[rts-economy-rules] PASS ordinary status hides 待发
[rts-economy-rules] PASS ordinary status hides 突击
[rts-economy-rules] PASS ordinary status hides 高俅血
[rts-economy-rules] PASS ordinary status hides 大营 %
[rts-economy-rules] PASS explicit training switch shows labelled omniscient data
[rts-economy-rules] PASS disabling training switch restores ordinary status
[rts-economy-rules] PASS difficulty aid is disclosed in menu text
[rts-economy-rules] PASS time alone never grants a free age
[rts-economy-rules] PASS age request creates genuine research, not instant age change
[rts-economy-rules] PASS age research charges enemy pool only
[rts-economy-rules] PASS research blocks training in the same building
[rts-economy-rules] PASS enemy research does not lock player's matching technology
[rts-economy-rules] PASS age remains locked before forty-second research completes
[rts-economy-rules] PASS research completes enemy age without advancing player
[rts-economy-rules] PASS enemy age health includes real hero recomputation
[rts-economy-rules] PASS hero recomputation preserves enemy age bonus
[rts-economy-rules] PASS third age also requires a paid research queue
[rts-economy-rules] PASS third-age completion exposes correct hero attack technology multiplier
[rts-economy-rules] PASS enemy hero uses the hall production queue
[rts-economy-rules] PASS hero reserves population and real training duration
[rts-economy-rules] PASS same hero cannot be queued twice
[rts-economy-rules] PASS unfinished barracks cannot train
[rts-economy-rules] PASS AI uses public real training queue
[rts-economy-rules] PASS paying adds queued work, not an immediate soldier
[rts-economy-rules] PASS soldier charges actual gold and wood
[rts-economy-rules] PASS soldier cannot emerge early
[rts-economy-rules] PASS real building ticks complete soldier production
[rts-economy-rules] PASS completed soldier joins AI staging, not player rally flow
[rts-economy-rules] PASS second soldier can queue
[rts-economy-rules] PASS cancel refunds enemy pool, never player pool
[rts-economy-rules] PASS multiple queues reserve the shared population exactly
[rts-economy-rules] PASS full reserved population blocks another purchase
[rts-economy-rules] PASS destruction fixture has a paid queued soldier
[rts-economy-rules] PASS destroyed production building never completes its queue
[rts-economy-rules] PASS destroyed building cannot accept new orders
[rts-economy-rules] PASS siege uses the same paid queue
[rts-economy-rules] PASS siege reserves three population and does not instantly spawn
[rts-economy-rules] PASS AI cannot trade without a completed market
[rts-economy-rules] PASS completed market enables the shared 100-to-70 exchange
[rts-economy-rules] PASS functional fixtures preserve RNG contract
[rts-economy-rules] PASS real Battle starts with valid RNG
[rts-economy-rules] PASS short normal match runs without gameplay RNG fault
[rts-economy-rules] PASS normal AI establishes production during short match
[rts-economy-rules] PASS natural AI decisions enqueue and finish recruits
[rts-economy-rules] PASS complete functional checks and short-match sample are mandatory
[rts-economy-rules-result] {"checks":[{"label":"real Battle starts with valid RNG","passed":true},{"label":"normal AI has no hidden gather multiplier","passed":true},{"label":"normal starting gold/wood match player","passed":true},{"label":"normal starts with five workers and matching population capacity","passed":true},{"label":"guan_dao mirrors liang_dao cost_gold","passed":true},{"label":"guan_dao mirrors liang_dao cost_wood","passed":true},{"label":"guan_dao mirrors liang_dao pop","passed":true},{"label":"guan_dao mirrors liang_dao train_time","passed":true},{"label":"guan_dao mirrors liang_dao min_age","passed":true},{"label":"guan_gong mirrors liang_gong cost_gold","passed":true},{"label":"guan_gong mirrors liang_gong cost_wood","passed":true},{"label":"guan_gong mirrors liang_gong pop","passed":true},{"label":"guan_gong mirrors liang_gong train_time","passed":true},{"label":"guan_gong mirrors liang_gong min_age","passed":true},{"label":"guan_qi mirrors liang_ma cost_gold","passed":true},{"label":"guan_qi mirrors liang_ma cost_wood","passed":true},{"label":"guan_qi mirrors liang_ma pop","passed":true},{"label":"guan_qi mirrors liang_ma train_time","passed":true},{"label":"guan_qi mirrors liang_ma min_age","passed":true},{"label":"ordinary status hides AI 金","passed":true},{"label":"ordinary status hides 农","passed":true},{"label":"ordinary status hides 待发","passed":true},{"label":"ordinary status hides 突击","passed":true},{"label":"ordinary status hides 高俅血","passed":true},{"label":"ordinary status hides 大营 %","passed":true},{"label":"explicit training switch shows labelled omniscient data","passed":true},{"label":"disabling training switch restores ordinary status","passed":true},{"label":"difficulty aid is disclosed in menu text","passed":true},{"label":"time alone never grants a free age","passed":true},{"label":"age request creates genuine research, not instant age change","passed":true},{"label":"age research charges enemy pool only","passed":true},{"label":"research blocks training in the same building","passed":true},{"label":"enemy research does not lock player's matching technology","passed":true},{"label":"age remains locked before forty-second research completes","passed":true},{"label":"research completes enemy age without advancing player","passed":true},{"label":"enemy age health includes real hero recomputation","passed":true},{"label":"hero recomputation preserves enemy age bonus","passed":true},{"label":"third age also requires a paid research queue","passed":true},{"label":"third-age completion exposes correct hero attack technology multiplier","passed":true},{"label":"enemy hero uses the hall production queue","passed":true},{"label":"hero reserves population and real training duration","passed":true},{"label":"same hero cannot be queued twice","passed":true},{"label":"unfinished barracks cannot train","passed":true},{"label":"AI uses public real training queue","passed":true},{"label":"paying adds queued work, not an immediate soldier","passed":true},{"label":"soldier charges actual gold and wood","passed":true},{"label":"soldier cannot emerge early","passed":true},{"label":"real building ticks complete soldier production","passed":true},{"label":"completed soldier joins AI staging, not player rally flow","passed":true},{"label":"second soldier can queue","passed":true},{"label":"cancel refunds enemy pool, never player pool","passed":true},{"label":"multiple queues reserve the shared population exactly","passed":true},{"label":"full reserved population blocks another purchase","passed":true},{"label":"destruction fixture has a paid queued soldier","passed":true},{"label":"destroyed production building never completes its queue","passed":true},{"label":"destroyed building cannot accept new orders","passed":true},{"label":"siege uses the same paid queue","passed":true},{"label":"siege reserves three population and does not instantly spawn","passed":true},{"label":"AI cannot trade without a completed market","passed":true},{"label":"completed market enables the shared 100-to-70 exchange","passed":true},{"label":"functional fixtures preserve RNG contract","passed":true},{"label":"real Battle starts with valid RNG","passed":true},{"label":"short normal match runs without gameplay RNG fault","passed":true},{"label":"normal AI establishes production during short match","passed":true},{"label":"natural AI decisions enqueue and finish recruits","passed":true},{"label":"complete functional checks and short-match sample are mandatory","passed":true}],"failures":[],"passed":true,"samples":[{"elapsed":180.000000000035,"enemy_age":2,"enemy_gold":937.0,"enemy_wood":957.0,"kind":"180-second normal 1v1 simulation","limit":"deterministic tick smoke, no player orders; not balance or human playability acceptance","peak_enemy_army":9,"peak_enemy_queue":9,"phase":2,"rng_fault":""}],"user_dir":"C:/Users/rsb/AppData/Roaming/LSH-rts-refinement-25ae2bea59934086ad7f2c5382aa79f1"}
