Godot Engine v4.6.3.stable.official.7d41c59c4 - https://godotengine.org
Vulkan 1.4.351 - Forward+ - Using Device #0: NVIDIA - NVIDIA GeForce RTX 3070 Ti

SCRIPT ERROR: Compile Error: Identifier not found: Sfx
   at: GDScript::reload (res://scripts/unit.gd:993)
SCRIPT ERROR: Parse Error: Cannot infer the type of "reduced_fx" variable because the value doesn't have a set type.
   at: GDScript::reload (res://scripts/battle.gd:14091)
SCRIPT ERROR: Compile Error: Identifier not found: Art
   at: GDScript::reload (res://scripts/game_map.gd:581)
SCRIPT ERROR: Compile Error: Failed to compile depended scripts.
   at: GDScript::reload (res://scratchpad/reduced_effects_v2/generated/driver.gd:0)
ERROR: Failed to load script "res://scratchpad/reduced_effects_v2/generated/driver.gd" with error "Compilation failed".
   at: load (modules/gdscript/gdscript.cpp:2907)
SCRIPT ERROR: Invalid call. Nonexistent function 'new' in base 'GDScript'.
   at: _battle_fixture (res://scratchpad/reduced_effects_v2/generated/driver.gd:223)
   GDScript backtrace (most recent call first):
       [0] _battle_fixture (res://scratchpad/reduced_effects_v2/generated/driver.gd:223)
       [1] _fixed_callbacks (res://scratchpad/reduced_effects_v2/generated/driver.gd:267)
       [2] _run (res://scratchpad/reduced_effects_v2/generated/driver.gd:132)
SCRIPT ERROR: Invalid call. Nonexistent function 'new' in base 'GDScript'.
   at: _unit_fixture (res://scratchpad/reduced_effects_v2/generated/driver.gd:233)
   GDScript backtrace (most recent call first):
       [0] _unit_fixture (res://scratchpad/reduced_effects_v2/generated/driver.gd:233)
       [1] _fixed_callbacks (res://scratchpad/reduced_effects_v2/generated/driver.gd:268)
       [2] _run (res://scratchpad/reduced_effects_v2/generated/driver.gd:132)
SCRIPT ERROR: Invalid call. Nonexistent function 'new' in base 'GDScript'.
   at: _unit_fixture (res://scratchpad/reduced_effects_v2/generated/driver.gd:233)
   GDScript backtrace (most recent call first):
       [0] _unit_fixture (res://scratchpad/reduced_effects_v2/generated/driver.gd:233)
       [1] _fixed_callbacks (res://scratchpad/reduced_effects_v2/generated/driver.gd:269)
       [2] _run (res://scratchpad/reduced_effects_v2/generated/driver.gd:132)
SCRIPT ERROR: Invalid call. Nonexistent function 'new' in base 'GDScript'.
   at: _unit_fixture (res://scratchpad/reduced_effects_v2/generated/driver.gd:233)
   GDScript backtrace (most recent call first):
       [0] _unit_fixture (res://scratchpad/reduced_effects_v2/generated/driver.gd:233)
       [1] _fixed_callbacks (res://scratchpad/reduced_effects_v2/generated/driver.gd:270)
       [2] _run (res://scratchpad/reduced_effects_v2/generated/driver.gd:132)
SCRIPT ERROR: Invalid assignment of property or key '_shield' with value of type 'float' on a base object of type 'Nil'.
   at: _fixed_callbacks (res://scratchpad/reduced_effects_v2/generated/driver.gd:271)
   GDScript backtrace (most recent call first):
       [0] _fixed_callbacks (res://scratchpad/reduced_effects_v2/generated/driver.gd:271)
       [1] _run (res://scratchpad/reduced_effects_v2/generated/driver.gd:132)
SCRIPT ERROR: Invalid call. Nonexistent function 'new' in base 'GDScript'.
   at: _battle_fixture (res://scratchpad/reduced_effects_v2/generated/driver.gd:223)
   GDScript backtrace (most recent call first):
       [0] _battle_fixture (res://scratchpad/reduced_effects_v2/generated/driver.gd:223)
       [1] _fixed_callbacks (res://scratchpad/reduced_effects_v2/generated/driver.gd:267)
       [2] _run (res://scratchpad/reduced_effects_v2/generated/driver.gd:133)
SCRIPT ERROR: Invalid call. Nonexistent function 'new' in base 'GDScript'.
   at: _unit_fixture (res://scratchpad/reduced_effects_v2/generated/driver.gd:233)
   GDScript backtrace (most recent call first):
       [0] _unit_fixture (res://scratchpad/reduced_effects_v2/generated/driver.gd:233)
       [1] _fixed_callbacks (res://scratchpad/reduced_effects_v2/generated/driver.gd:268)
       [2] _run (res://scratchpad/reduced_effects_v2/generated/driver.gd:133)
SCRIPT ERROR: Invalid call. Nonexistent function 'new' in base 'GDScript'.
   at: _unit_fixture (res://scratchpad/reduced_effects_v2/generated/driver.gd:233)
   GDScript backtrace (most recent call first):
       [0] _unit_fixture (res://scratchpad/reduced_effects_v2/generated/driver.gd:233)
       [1] _fixed_callbacks (res://scratchpad/reduced_effects_v2/generated/driver.gd:269)
       [2] _run (res://scratchpad/reduced_effects_v2/generated/driver.gd:133)
SCRIPT ERROR: Invalid call. Nonexistent function 'new' in base 'GDScript'.
   at: _unit_fixture (res://scratchpad/reduced_effects_v2/generated/driver.gd:233)
   GDScript backtrace (most recent call first):
       [0] _unit_fixture (res://scratchpad/reduced_effects_v2/generated/driver.gd:233)
       [1] _fixed_callbacks (res://scratchpad/reduced_effects_v2/generated/driver.gd:270)
       [2] _run (res://scratchpad/reduced_effects_v2/generated/driver.gd:133)
SCRIPT ERROR: Invalid assignment of property or key '_shield' with value of type 'float' on a base object of type 'Nil'.
   at: _fixed_callbacks (res://scratchpad/reduced_effects_v2/generated/driver.gd:271)
   GDScript backtrace (most recent call first):
       [0] _fixed_callbacks (res://scratchpad/reduced_effects_v2/generated/driver.gd:271)
       [1] _run (res://scratchpad/reduced_effects_v2/generated/driver.gd:133)
SCRIPT ERROR: Invalid call. Nonexistent function 'new' in base 'GDScript'.
   at: _battle_fixture (res://scratchpad/reduced_effects_v2/generated/driver.gd:223)
   GDScript backtrace (most recent call first):
       [0] _battle_fixture (res://scratchpad/reduced_effects_v2/generated/driver.gd:223)
       [1] _fixed_callbacks (res://scratchpad/reduced_effects_v2/generated/driver.gd:267)
       [2] _run (res://scratchpad/reduced_effects_v2/generated/driver.gd:132)
SCRIPT ERROR: Invalid call. Nonexistent function 'new' in base 'GDScript'.
   at: _unit_fixture (res://scratchpad/reduced_effects_v2/generated/driver.gd:233)
   GDScript backtrace (most recent call first):
       [0] _unit_fixture (res://scratchpad/reduced_effects_v2/generated/driver.gd:233)
       [1] _fixed_callbacks (res://scratchpad/reduced_effects_v2/generated/driver.gd:268)
       [2] _run (res://scratchpad/reduced_effects_v2/generated/driver.gd:132)
SCRIPT ERROR: Invalid call. Nonexistent function 'new' in base 'GDScript'.
   at: _unit_fixture (res://scratchpad/reduced_effects_v2/generated/driver.gd:233)
   GDScript backtrace (most recent call first):
       [0] _unit_fixture (res://scratchpad/reduced_effects_v2/generated/driver.gd:233)
       [1] _fixed_callbacks (res://scratchpad/reduced_effects_v2/generated/driver.gd:269)
       [2] _run (res://scratchpad/reduced_effects_v2/generated/driver.gd:132)
SCRIPT ERROR: Invalid call. Nonexistent function 'new' in base 'GDScript'.
   at: _unit_fixture (res://scratchpad/reduced_effects_v2/generated/driver.gd:233)
   GDScript backtrace (most recent call first):
       [0] _unit_fixture (res://scratchpad/reduced_effects_v2/generated/driver.gd:233)
       [1] _fixed_callbacks (res://scratchpad/reduced_effects_v2/generated/driver.gd:270)
       [2] _run (res://scratchpad/reduced_effects_v2/generated/driver.gd:132)
SCRIPT ERROR: Invalid assignment of property or key '_shield' with value of type 'float' on a base object of type 'Nil'.
   at: _fixed_callbacks (res://scratchpad/reduced_effects_v2/generated/driver.gd:271)
   GDScript backtrace (most recent call first):
       [0] _fixed_callbacks (res://scratchpad/reduced_effects_v2/generated/driver.gd:271)
       [1] _run (res://scratchpad/reduced_effects_v2/generated/driver.gd:132)
SCRIPT ERROR: Invalid call. Nonexistent function 'new' in base 'GDScript'.
   at: _battle_fixture (res://scratchpad/reduced_effects_v2/generated/driver.gd:223)
   GDScript backtrace (most recent call first):
       [0] _battle_fixture (res://scratchpad/reduced_effects_v2/generated/driver.gd:223)
       [1] _fixed_callbacks (res://scratchpad/reduced_effects_v2/generated/driver.gd:267)
       [2] _run (res://scratchpad/reduced_effects_v2/generated/driver.gd:133)
SCRIPT ERROR: Invalid call. Nonexistent function 'new' in base 'GDScript'.
   at: _unit_fixture (res://scratchpad/reduced_effects_v2/generated/driver.gd:233)
   GDScript backtrace (most recent call first):
       [0] _unit_fixture (res://scratchpad/reduced_effects_v2/generated/driver.gd:233)
       [1] _fixed_callbacks (res://scratchpad/reduced_effects_v2/generated/driver.gd:268)
       [2] _run (res://scratchpad/reduced_effects_v2/generated/driver.gd:133)
SCRIPT ERROR: Invalid call. Nonexistent function 'new' in base 'GDScript'.
   at: _unit_fixture (res://scratchpad/reduced_effects_v2/generated/driver.gd:233)
   GDScript backtrace (most recent call first):
       [0] _unit_fixture (res://scratchpad/reduced_effects_v2/generated/driver.gd:233)
       [1] _fixed_callbacks (res://scratchpad/reduced_effects_v2/generated/driver.gd:269)
       [2] _run (res://scratchpad/reduced_effects_v2/generated/driver.gd:133)
SCRIPT ERROR: Invalid call. Nonexistent function 'new' in base 'GDScript'.
   at: _unit_fixture (res://scratchpad/reduced_effects_v2/generated/driver.gd:233)
   GDScript backtrace (most recent call first):
       [0] _unit_fixture (res://scratchpad/reduced_effects_v2/generated/driver.gd:233)
       [1] _fixed_callbacks (res://scratchpad/reduced_effects_v2/generated/driver.gd:270)
       [2] _run (res://scratchpad/reduced_effects_v2/generated/driver.gd:133)
SCRIPT ERROR: Invalid assignment of property or key '_shield' with value of type 'float' on a base object of type 'Nil'.
   at: _fixed_callbacks (res://scratchpad/reduced_effects_v2/generated/driver.gd:271)
   GDScript backtrace (most recent call first):
       [0] _fixed_callbacks (res://scratchpad/reduced_effects_v2/generated/driver.gd:271)
       [1] _run (res://scratchpad/reduced_effects_v2/generated/driver.gd:133)
SCRIPT ERROR: Invalid call. Nonexistent function 'new' in base 'GDScript'.
   at: _battle_fixture (res://scratchpad/reduced_effects_v2/generated/driver.gd:223)
   GDScript backtrace (most recent call first):
       [0] _battle_fixture (res://scratchpad/reduced_effects_v2/generated/driver.gd:223)
       [1] _axes_edges (res://scratchpad/reduced_effects_v2/generated/driver.gd:312)
       [2] _run (res://scratchpad/reduced_effects_v2/generated/driver.gd:136)
SCRIPT ERROR: Invalid call. Nonexistent function 'new' in base 'GDScript'.
   at: _unit_fixture (res://scratchpad/reduced_effects_v2/generated/driver.gd:233)
   GDScript backtrace (most recent call first):
       [0] _unit_fixture (res://scratchpad/reduced_effects_v2/generated/driver.gd:233)
       [1] _axes_edges (res://scratchpad/reduced_effects_v2/generated/driver.gd:313)
       [2] _run (res://scratchpad/reduced_effects_v2/generated/driver.gd:136)
SCRIPT ERROR: Invalid call. Nonexistent function 'new' in base 'GDScript'.
   at: _unit_fixture (res://scratchpad/reduced_effects_v2/generated/driver.gd:233)
   GDScript backtrace (most recent call first):
       [0] _unit_fixture (res://scratchpad/reduced_effects_v2/generated/driver.gd:233)
       [1] _axes_edges (res://scratchpad/reduced_effects_v2/generated/driver.gd:314)
       [2] _run (res://scratchpad/reduced_effects_v2/generated/driver.gd:136)
SCRIPT ERROR: Invalid call. Nonexistent function 'spawn_li_brawn_axes' in base 'Nil'.
   at: _axes_edges (res://scratchpad/reduced_effects_v2/generated/driver.gd:315)
   GDScript backtrace (most recent call first):
       [0] _axes_edges (res://scratchpad/reduced_effects_v2/generated/driver.gd:315)
       [1] _run (res://scratchpad/reduced_effects_v2/generated/driver.gd:136)
SCRIPT ERROR: Invalid call. Nonexistent function 'new' in base 'GDScript'.
   at: _battle_fixture (res://scratchpad/reduced_effects_v2/generated/driver.gd:223)
   GDScript backtrace (most recent call first):
       [0] _battle_fixture (res://scratchpad/reduced_effects_v2/generated/driver.gd:223)
       [1] _in_tree_lifecycle_cases (res://scratchpad/reduced_effects_v2/generated/driver.gd:509)
       [2] _run (res://scratchpad/reduced_effects_v2/generated/driver.gd:137)
SCRIPT ERROR: Invalid call. Nonexistent function 'new' in base 'GDScript'.
   at: _unit_fixture (res://scratchpad/reduced_effects_v2/generated/driver.gd:233)
   GDScript backtrace (most recent call first):
       [0] _unit_fixture (res://scratchpad/reduced_effects_v2/generated/driver.gd:233)
       [1] _in_tree_lifecycle_cases (res://scratchpad/reduced_effects_v2/generated/driver.gd:510)
       [2] _run (res://scratchpad/reduced_effects_v2/generated/driver.gd:137)
SCRIPT ERROR: Invalid call. Nonexistent function 'new' in base 'GDScript'.
   at: _unit_fixture (res://scratchpad/reduced_effects_v2/generated/driver.gd:233)
   GDScript backtrace (most recent call first):
       [0] _unit_fixture (res://scratchpad/reduced_effects_v2/generated/driver.gd:233)
       [1] _in_tree_lifecycle_cases (res://scratchpad/reduced_effects_v2/generated/driver.gd:511)
       [2] _run (res://scratchpad/reduced_effects_v2/generated/driver.gd:137)
SCRIPT ERROR: Invalid access to property or key 'fx_root' on a base object of type 'Nil'.
   at: _in_tree_lifecycle_cases (res://scratchpad/reduced_effects_v2/generated/driver.gd:513)
   GDScript backtrace (most recent call first):
       [0] _in_tree_lifecycle_cases (res://scratchpad/reduced_effects_v2/generated/driver.gd:513)
       [1] _run (res://scratchpad/reduced_effects_v2/generated/driver.gd:137)
SCRIPT ERROR: Invalid assignment of property or key 'own_world_2d' with value of type 'bool' on a base object of type 'SubViewport'.
   at: _render_cases (res://scratchpad/reduced_effects_v2/generated/driver.gd:365)
   GDScript backtrace (most recent call first):
       [0] _render_cases (res://scratchpad/reduced_effects_v2/generated/driver.gd:365)
       [1] _run (res://scratchpad/reduced_effects_v2/generated/driver.gd:142)
SCRIPT ERROR: Invalid assignment of property or key 'own_world_2d' with value of type 'bool' on a base object of type 'SubViewport'.
   at: _viewport_fixture (res://scratchpad/reduced_effects_v2/generated/driver.gd:552)
   GDScript backtrace (most recent call first):
       [0] _viewport_fixture (res://scratchpad/reduced_effects_v2/generated/driver.gd:552)
       [1] _critical_feedback_cases (res://scratchpad/reduced_effects_v2/generated/driver.gd:614)
       [2] _run (res://scratchpad/reduced_effects_v2/generated/driver.gd:143)
SCRIPT ERROR: Out of bounds get index '0' (on base: 'Array')
   at: _critical_feedback_cases (res://scratchpad/reduced_effects_v2/generated/driver.gd:615)
   GDScript backtrace (most recent call first):
       [0] _critical_feedback_cases (res://scratchpad/reduced_effects_v2/generated/driver.gd:615)
       [1] _run (res://scratchpad/reduced_effects_v2/generated/driver.gd:143)
[reduced-effects draft QA] stage=all checks=43 failures=0; no performance/complete acceptance claim
ERROR: 2 RID allocations of type 'N10RendererRD12LightStorage11ShadowAtlasE' were leaked at exit.
ERROR: 2 RID allocations of type 'N10RendererRD14TextureStorage12RenderTargetE' were leaked at exit.
ERROR: 4 RID allocations of type 'N10RendererRD14TextureStorage7TextureE' were leaked at exit.
ERROR: 2 RID allocations of type 'N16RendererViewport8ViewportE' were leaked at exit.
WARNING: 2 RIDs of type "Canvas" were leaked.
   at: _free_rids (servers/rendering/renderer_canvas_cull.cpp:2692)
WARNING: 10 RIDs of type "Texture" were leaked.
   at: finalize (servers/rendering/rendering_device.cpp:7505)
WARNING: ObjectDB instances leaked at exit (run with --verbose for details).
   at: cleanup (core/object/object.cpp:2663)
