Godot Engine v4.6.3.stable.official.7d41c59c4 - https://godotengine.org

STOCKADE_QA 948 checks; failures=70
FAIL skirmish boundary (19, 20)
FAIL skirmish static wall both factions (19, 20)
FAIL skirmish wall segment (19, 20) skew=-12.0
FAIL skirmish wall segment (19, 20) skew=0.0
FAIL skirmish wall segment (19, 20) skew=12.0
FAIL skirmish boundary (20, 20)
FAIL skirmish static wall both factions (20, 20)
FAIL skirmish wall segment (20, 20) skew=-12.0
FAIL skirmish wall segment (20, 20) skew=0.0
FAIL skirmish wall segment (20, 20) skew=12.0
FAIL skirmish boundary (21, 20)
FAIL skirmish static wall both factions (21, 20)
FAIL skirmish wall segment (21, 20) skew=-12.0
FAIL skirmish wall segment (21, 20) skew=0.0
FAIL skirmish wall segment (21, 20) skew=12.0
FAIL skirmish boundary (22, 20)
FAIL skirmish static wall both factions (22, 20)
FAIL skirmish wall segment (22, 20) skew=-12.0
FAIL skirmish wall segment (22, 20) skew=0.0
FAIL skirmish wall segment (22, 20) skew=12.0
FAIL skirmish boundary (23, 20)
FAIL skirmish static wall both factions (23, 20)
FAIL skirmish wall segment (23, 20) skew=-12.0
FAIL skirmish wall segment (23, 20) skew=0.0
FAIL skirmish wall segment (23, 20) skew=12.0
FAIL skirmish boundary (31, 29)
FAIL skirmish static wall both factions (31, 29)
FAIL skirmish wall segment (31, 29) skew=-12.0
FAIL skirmish wall segment (31, 29) skew=0.0
FAIL skirmish wall segment (31, 29) skew=12.0
FAIL skirmish closed gates prevent entry faction=0
FAIL skirmish closed gates prevent escape faction=0
FAIL skirmish closed gates prevent entry faction=1
FAIL skirmish closed gates prevent escape faction=1
FAIL skirmish reclosing east gate removes passage
FAIL custom_defense boundary (19, 20)
FAIL custom_defense static wall both factions (19, 20)
FAIL custom_defense wall segment (19, 20) skew=-12.0
FAIL custom_defense wall segment (19, 20) skew=0.0
FAIL custom_defense wall segment (19, 20) skew=12.0
FAIL custom_defense boundary (20, 20)
FAIL custom_defense static wall both factions (20, 20)
FAIL custom_defense wall segment (20, 20) skew=-12.0
FAIL custom_defense wall segment (20, 20) skew=0.0
FAIL custom_defense wall segment (20, 20) skew=12.0
FAIL custom_defense boundary (21, 20)
FAIL custom_defense static wall both factions (21, 20)
FAIL custom_defense wall segment (21, 20) skew=-12.0
FAIL custom_defense wall segment (21, 20) skew=0.0
FAIL custom_defense wall segment (21, 20) skew=12.0
FAIL custom_defense boundary (22, 20)
FAIL custom_defense static wall both factions (22, 20)
FAIL custom_defense wall segment (22, 20) skew=-12.0
FAIL custom_defense wall segment (22, 20) skew=0.0
FAIL custom_defense wall segment (22, 20) skew=12.0
FAIL custom_defense boundary (23, 20)
FAIL custom_defense static wall both factions (23, 20)
FAIL custom_defense wall segment (23, 20) skew=-12.0
FAIL custom_defense wall segment (23, 20) skew=0.0
FAIL custom_defense wall segment (23, 20) skew=12.0
FAIL custom_defense boundary (31, 29)
FAIL custom_defense static wall both factions (31, 29)
FAIL custom_defense wall segment (31, 29) skew=-12.0
FAIL custom_defense wall segment (31, 29) skew=0.0
FAIL custom_defense wall segment (31, 29) skew=12.0
FAIL custom_defense closed gates prevent entry faction=0
FAIL custom_defense closed gates prevent escape faction=0
FAIL custom_defense closed gates prevent entry faction=1
FAIL custom_defense closed gates prevent escape faction=1
FAIL custom_defense reclosing east gate removes passage
