Godot Engine v4.6.3.stable.official.7d41c59c4 - https://godotengine.org
OpenGL API 3.3.0 NVIDIA 616.56 - Compatibility - Using Device: NVIDIA - NVIDIA GeForce RTX 3070 Ti

WARNING: 2D MSAA is not yet supported for GLES3.
   at: render_target_set_msaa (drivers/gles3/storage/texture_storage.cpp:2934)
[rts] PASS explicit external QA output
[rts] PASS current Hu production manifest loaded
[rts] PASS installed content identity resolves
[rts] PASS new character file included in installed identity: assets/anim/hu_yanzhuo_idle_se.tres
[rts] PASS new character file included in installed identity: assets/anim/hu_yanzhuo_walk_se.tres
[rts] PASS new character file included in installed identity: assets/anim/hu_yanzhuo_attack_se.tres
[rts] PASS new character file included in installed identity: assets/anim/hu_yanzhuo_hurt_se.tres
[rts] PASS new character file included in installed identity: assets/anim/hu_yanzhuo_death_se.tres
[rts] PASS new character file included in installed identity: assets/anim/hu_yanzhuo_idle_sw.tres
[rts] PASS new character file included in installed identity: assets/anim/hu_yanzhuo_walk_sw.tres
[rts] PASS new character file included in installed identity: assets/anim/hu_yanzhuo_attack_sw.tres
[rts] PASS new character file included in installed identity: assets/anim/hu_yanzhuo_hurt_sw.tres
[rts] PASS new character file included in installed identity: assets/anim/hu_yanzhuo_death_sw.tres
[rts] PASS new character file included in installed identity: assets/anim/hu_yanzhuo_idle_ne.tres
[rts] PASS new character file included in installed identity: assets/anim/hu_yanzhuo_walk_ne.tres
[rts] PASS new character file included in installed identity: assets/anim/hu_yanzhuo_attack_ne.tres
[rts] PASS new character file included in installed identity: assets/anim/hu_yanzhuo_hurt_ne.tres
[rts] PASS new character file included in installed identity: assets/anim/hu_yanzhuo_death_ne.tres
[rts] PASS new character file included in installed identity: assets/anim/hu_yanzhuo_idle_nw.tres
[rts] PASS new character file included in installed identity: assets/anim/hu_yanzhuo_walk_nw.tres
[rts] PASS new character file included in installed identity: assets/anim/hu_yanzhuo_attack_nw.tres
[rts] PASS new character file included in installed identity: assets/anim/hu_yanzhuo_hurt_nw.tres
[rts] PASS new character file included in installed identity: assets/anim/hu_yanzhuo_death_nw.tres
[rts] PASS new character file included in installed identity: assets/characters/hu_yanzhuo_direction4_20261003/idle.png
[rts] PASS new character file included in installed identity: assets/characters/hu_yanzhuo_direction4_20261003/attack.png
[rts] PASS new character file included in installed identity: assets/characters/hu_yanzhuo_direction4_20261003/hurt.png
[rts] PASS new character file included in installed identity: assets/characters/hu_yanzhuo_direction4_20261003/death.png
[rts] PASS new character file included in installed identity: assets/characters/hu_yanzhuo_direction4_20261003/ne_strike.png
[rts] PASS new character file included in installed identity: assets/characters/hu_yanzhuo_direction4_20261003/walk_a.png
[rts] PASS new character file included in installed identity: assets/characters/hu_yanzhuo_direction4_20261003/walk_b.png
[rts] PASS new character file included in installed identity: assets/characters/hu_yanzhuo_direction4_20261003/windup.png
[rts] PASS actual fighting linked-cavalry chapter
[rts] PASS original full-HP 780 enemy Hu has retreat outcome
[rts] PASS original Xu and chapter roster retained
[rts] PASS ordinary level-one Q learning fixture ready before retreat
[rts] PASS original Hu exact idle without mirror: se
[rts] PASS real rendered screenshot: hu_opening_se
[rts] PASS original Hu exact idle without mirror: sw
[rts] PASS real rendered screenshot: hu_opening_sw
[rts] PASS original Hu exact idle without mirror: ne
[rts] PASS real rendered screenshot: hu_opening_ne
[rts] PASS original Hu exact idle without mirror: nw
[rts] PASS real rendered screenshot: hu_opening_nw
[rts] PASS clear patch for explicit original-actor contact fixture
[rts] PASS normal first hit remains living combat actor
[rts] PASS real rendered screenshot: hu_normal_hit
[rts] PASS normal repeated Xu attacks retreat full-HP Hu alive at HP1
[rts] PASS same enemy actor retained hidden without corpse or conversion
[rts] PASS normal registered chapter callback once without death signal
[rts] PASS combat stats and portrait identity unchanged
[rts] PASS retreat does not award kill/bounty/loot or remove actor
[rts] PASS retreat does not grant kill XP to original attacker
[rts] PASS callback clears attack references and selection
[rts] PASS real rendered screenshot: hu_retreated
[rts] PASS further damage/resolution cannot alter outcome or repeat callback
[rts] PASS retreated Hu skill blocked: 0
[rts] PASS retreated Hu skill blocked: 1
[rts] PASS retreated Hu skill blocked: 2
[rts] PASS retreated Hu skill blocked: 3
[rts] PASS hidden living retreat persists inert beyond corpse duration
[rts] PASS no duplicate retreat or whole-chapter victory claimed
[rts] PASS real rendered screenshot: hu_retreat_persistent
[rts] PASS installed content identity resolves
[rts] PASS new character file included in installed identity: assets/anim/hu_yanzhuo_idle_se.tres
[rts] PASS new character file included in installed identity: assets/anim/hu_yanzhuo_walk_se.tres
[rts] PASS new character file included in installed identity: assets/anim/hu_yanzhuo_attack_se.tres
[rts] PASS new character file included in installed identity: assets/anim/hu_yanzhuo_hurt_se.tres
[rts] PASS new character file included in installed identity: assets/anim/hu_yanzhuo_death_se.tres
[rts] PASS new character file included in installed identity: assets/anim/hu_yanzhuo_idle_sw.tres
[rts] PASS new character file included in installed identity: assets/anim/hu_yanzhuo_walk_sw.tres
[rts] PASS new character file included in installed identity: assets/anim/hu_yanzhuo_attack_sw.tres
[rts] PASS new character file included in installed identity: assets/anim/hu_yanzhuo_hurt_sw.tres
[rts] PASS new character file included in installed identity: assets/anim/hu_yanzhuo_death_sw.tres
[rts] PASS new character file included in installed identity: assets/anim/hu_yanzhuo_idle_ne.tres
[rts] PASS new character file included in installed identity: assets/anim/hu_yanzhuo_walk_ne.tres
[rts] PASS new character file included in installed identity: assets/anim/hu_yanzhuo_attack_ne.tres
[rts] PASS new character file included in installed identity: assets/anim/hu_yanzhuo_hurt_ne.tres
[rts] PASS new character file included in installed identity: assets/anim/hu_yanzhuo_death_ne.tres
[rts] PASS new character file included in installed identity: assets/anim/hu_yanzhuo_idle_nw.tres
[rts] PASS new character file included in installed identity: assets/anim/hu_yanzhuo_walk_nw.tres
[rts] PASS new character file included in installed identity: assets/anim/hu_yanzhuo_attack_nw.tres
[rts] PASS new character file included in installed identity: assets/anim/hu_yanzhuo_hurt_nw.tres
[rts] PASS new character file included in installed identity: assets/anim/hu_yanzhuo_death_nw.tres
[rts] PASS new character file included in installed identity: assets/characters/hu_yanzhuo_direction4_20261003/idle.png
[rts] PASS new character file included in installed identity: assets/characters/hu_yanzhuo_direction4_20261003/attack.png
[rts] PASS new character file included in installed identity: assets/characters/hu_yanzhuo_direction4_20261003/hurt.png
[rts] PASS new character file included in installed identity: assets/characters/hu_yanzhuo_direction4_20261003/death.png
[rts] PASS new character file included in installed identity: assets/characters/hu_yanzhuo_direction4_20261003/ne_strike.png
[rts] PASS new character file included in installed identity: assets/characters/hu_yanzhuo_direction4_20261003/walk_a.png
[rts] PASS new character file included in installed identity: assets/characters/hu_yanzhuo_direction4_20261003/walk_b.png
[rts] PASS new character file included in installed identity: assets/characters/hu_yanzhuo_direction4_20261003/windup.png
[rts] PASS installed identity unchanged across retreat QA
[art-character] hu_yanzhuo 92 checks; failures=[]
