Godot Engine v4.6.3.stable.official.7d41c59c4 - https://godotengine.org
OpenGL API 3.3.0 NVIDIA 616.56 - Compatibility - Using Device: NVIDIA - NVIDIA GeForce RTX 3070 Ti

WARNING: 2D MSAA is not yet supported for GLES3.
   at: render_target_set_msaa (drivers/gles3/storage/texture_storage.cpp:2934)
PENDING_CHECK 6759 Steam disabled true
PENDING_CHECK 6883 isolated flow enabled true
PENDING_CHECK 6937 real menu continue button true
PENDING_CHECK 8762 button exists ContinueBattle true
PENDING_CHECK 8815 restore duplicate operation denied true
PENDING_CHECK 35067 menu continue installed actual world true
PENDING_CHECK 35752 restored world still classic true
PENDING_CHECK 35810 restored saved hero control mode true
PENDING_CHECK 35836 restored expired effect allocation history true
PENDING_CHECK 35861 cross-process identity true
PENDING_CHECK 35894 paused intent restored true
PENDING_CHECK 35919 restored economy true
PENDING_CHECK 35952 restored wave phase true
PENDING_CHECK 35977 restored training queue true
PENDING_CHECK 36002 restored entity allocation true
PENDING_CHECK 37735 read retains exact disk slot true
PENDING_CHECK 37752 restored HUD includes save true
PENDING_CHECK 37777 pending fixture requests real barrier true
PENDING_CHECK 37817 pending fixture barrier reaches held boundary true
PENDING_RESOLVE_IDENTITY 37843
PENDING_IDENTITY_READY 56942
PENDING_SAVE_RESULT 72128 { "ok": false, "code": "LOCK_RELEASE", "pending_save": true, "retryable": true, "unsafe": false, "restart_required": false }
PENDING_CHECK 72148 post-commit unlock failure retains transaction true
PENDING_CHECK 72178 pending failure keeps exact session and world held true
PENDING_CHECK 74420 new store cannot impersonate live owner true
PENDING_CHECK 74439 pending session refuses disposal true
PENDING_CHECK 74466 pending save cannot dismiss or resume world true
PENDING_CHECK 74545 pending_save controls visible zh_CN true
PENDING_CHECK 74605 pending_save screenshot saved zh_CN true
PENDING_CHECK 74720 pending_save controls visible zh_TW true
PENDING_CHECK 74779 pending_save screenshot saved zh_TW true
PENDING_CHECK 74892 pending_save controls visible en true
PENDING_CHECK 74945 pending_save screenshot saved en true
PENDING_CHECK 75053 pending_save controls visible ja true
PENDING_CHECK 75114 pending_save screenshot saved ja true
PENDING_CHECK 75153 button exists RetrySave true
PENDING_CHECK 80935 save operation succeeds true
PENDING_CHECK 81140 successful save holds current battle true
PENDING_CHECK 81171 capture synchronizes derived screen geometry true
PENDING_CHECK 82864 successful save matches closed disk true
PENDING_CHECK 83064 test cannot credit Steam true
PENDING_CHECK 83115 local receipt predates slot and is resumable true
PENDING_CHECK 83300 owned retry uses original generation true
PENDING_CHECK 83381 normal save-and-exit lifecycle requested true
CONTINUE_FLOW_QA pending_retry 41 true
