Godot Engine v4.6.3.stable.official.7d41c59c4 - https://godotengine.org
OpenGL API 3.3.0 NVIDIA 616.64 - Compatibility - Using Device: NVIDIA - NVIDIA GeForce RTX 4060 Laptop GPU

WARNING: 2D MSAA is not yet supported for GLES3.
   at: render_target_set_msaa (drivers/gles3/storage/texture_storage.cpp:2934)
PENDING_CHECK 5910 Steam disabled true
PENDING_CHECK 6000 isolated flow enabled true
PENDING_CHECK 6003 real menu continue button true
PENDING_CHECK 8379 button exists ContinueBattle true
PENDING_CHECK 8390 restore duplicate operation denied true
PENDING_CHECK 24396 menu continue installed actual world true
PENDING_CHECK 24403 restored world still classic true
PENDING_CHECK 24404 restored saved hero control mode true
PENDING_CHECK 24406 restored expired effect allocation history true
PENDING_CHECK 24407 cross-process identity true
PENDING_CHECK 24408 paused intent restored true
PENDING_CHECK 24410 restored economy true
PENDING_CHECK 24411 restored wave phase true
PENDING_CHECK 24413 restored training queue true
PENDING_CHECK 24414 restored entity allocation true
PENDING_CHECK 26143 read retains exact disk slot true
PENDING_CHECK 26145 restored HUD includes save true
PENDING_CHECK 26147 pending fixture requests real barrier true
PENDING_CHECK 26163 pending fixture barrier reaches held boundary true
PENDING_RESOLVE_IDENTITY 26165
PENDING_IDENTITY_READY 34426
PENDING_SAVE_RESULT 52122 { "ok": false, "code": "LOCK_RELEASE", "pending_save": true, "retryable": true, "unsafe": false, "restart_required": false }
PENDING_CHECK 52127 post-commit unlock failure retains transaction true
PENDING_CHECK 52132 pending failure keeps exact session and world held true
PENDING_CHECK 54476 new store cannot impersonate live owner true
PENDING_CHECK 54481 pending session refuses disposal true
PENDING_CHECK 54483 pending save cannot dismiss or resume world true
PENDING_CHECK 54527 pending_save controls visible zh_CN true
PENDING_CHECK 54556 pending_save screenshot saved zh_CN true
PENDING_CHECK 54659 pending_save controls visible zh_TW true
PENDING_CHECK 54688 pending_save screenshot saved zh_TW true
PENDING_CHECK 54781 pending_save controls visible en true
PENDING_CHECK 54810 pending_save screenshot saved en true
PENDING_CHECK 54904 pending_save controls visible ja true
PENDING_CHECK 54936 pending_save screenshot saved ja true
PENDING_CHECK 54946 button exists RetrySave true
PENDING_CHECK 61325 save operation succeeds true
PENDING_CHECK 61328 successful save holds current battle true
PENDING_CHECK 61329 capture synchronizes derived screen geometry true
PENDING_CHECK 63155 successful save matches closed disk true
PENDING_CHECK 63161 test cannot credit Steam true
PENDING_CHECK 63167 local receipt predates slot and is resumable true
PENDING_CHECK 63289 owned retry uses original generation true
PENDING_CHECK 63317 normal save-and-exit lifecycle requested true
CONTINUE_FLOW_QA pending_retry 41 true
