Godot Engine v4.6.3.stable.official.7d41c59c4 - https://godotengine.org
OpenGL API 3.3.0 NVIDIA 610.88 - Compatibility - Using Device: NVIDIA - NVIDIA GeForce RTX 4060 Laptop GPU

WARNING: 2D MSAA is not yet supported for GLES3.
   at: render_target_set_msaa (drivers/gles3/storage/texture_storage.cpp:2934)
[mission-toggle] PASS level3_1280x720 starts live HUD
[mission-toggle] PASS level3_1280x720 details default collapsed with unchecked toggle
[mission-toggle] PASS level3_1280x720 collapsed panel occupies only compact control
[mission-toggle] PASS level3_1280x720 toggle cannot capture later keyboard commands
[mission-toggle] PASS level3_1280x720_collapsed actual frame saved at requested resolution
[mission-toggle] PASS level3_1280x720 expand is visible for real GUI input
[mission-toggle] PASS level3_1280x720 actual click expands original details
[mission-toggle] PASS level3_1280x720 expand click issues no world command
[mission-toggle] PASS level3_1280x720 expanded details stay inside viewport above command cards
[mission-toggle] PASS level3_1280x720 title instructions and feedback remain visible
[mission-toggle] PASS level3_1280x720_expanded actual frame saved at requested resolution
[mission-toggle] PASS level3_1280x720 has a normal locator
[mission-toggle] PASS level3_1280x720 locator is visible for real GUI input
[mission-toggle] PASS level3_1280x720 locator focuses without issuing movement
[mission-toggle] PASS level3_1280x720 collapse is visible for real GUI input
[mission-toggle] PASS level3_1280x720 closing shrinks both hit area dimensions
[mission-toggle] PASS level3_1280x720 map probe is in freed former detail area
[mission-toggle] PASS level3_1280x720 hidden detail descendants cannot receive hover
[mission-toggle] PASS level3_1280x720 freed area receives normal map left press
[mission-toggle] PASS level3_1280x720 collapsed mission keeps advancing elapsed time
[mission-toggle] PASS level3_1280x720 objective refresh cannot reopen hidden details
[mission-toggle] PASS level3_1280x720 reopen refreshed is visible for real GUI input
[mission-toggle] PASS level3_1280x720 reopening shows the latest hidden updates
[mission-toggle] PASS level3_1280x720 stage transition preserves expanded choice
[mission-toggle] PASS level3_1280x720 close before transition is visible for real GUI input
[mission-toggle] PASS level3_1280x720 stage transition preserves collapsed choice
[mission-toggle] PASS level3_1280x720 end phase hides shell and toggle
[mission-toggle] PASS level2_1280x720 starts live HUD
[mission-toggle] PASS level2_1280x720 details default collapsed with unchecked toggle
[mission-toggle] PASS level2_1280x720 collapsed panel occupies only compact control
[mission-toggle] PASS level2_1280x720 toggle cannot capture later keyboard commands
[mission-toggle] PASS level2_1280x720_collapsed actual frame saved at requested resolution
[mission-toggle] PASS level2_1280x720 expand is visible for real GUI input
[mission-toggle] PASS level2_1280x720 actual click expands original details
[mission-toggle] PASS level2_1280x720 expand click issues no world command
[mission-toggle] PASS level2_1280x720 expanded details stay inside viewport above command cards
[mission-toggle] PASS level2_1280x720 title instructions and feedback remain visible
[mission-toggle] PASS level2_1280x720 four optional goals are retained
[mission-toggle] PASS level2_1280x720_expanded actual frame saved at requested resolution
[mission-toggle] PASS level2_1280x720 has a normal locator
[mission-toggle] PASS level2_1280x720 locator is visible for real GUI input
[mission-toggle] PASS level2_1280x720 locator focuses without issuing movement
[mission-toggle] PASS level2_1280x720 collapse is visible for real GUI input
[mission-toggle] PASS level2_1280x720 closing shrinks both hit area dimensions
[mission-toggle] PASS level2_1280x720 map probe is in freed former detail area
[mission-toggle] PASS level2_1280x720 hidden detail descendants cannot receive hover
[mission-toggle] PASS level2_1280x720 freed area receives normal map left press
[mission-toggle] PASS level2_1280x720 collapsed mission keeps advancing elapsed time
[mission-toggle] PASS level2_1280x720 objective refresh cannot reopen hidden details
[mission-toggle] PASS level2_1280x720 reopen refreshed is visible for real GUI input
[mission-toggle] PASS level2_1280x720 reopening shows the latest hidden updates
[mission-toggle] PASS level2_1280x720 stage transition preserves expanded choice
[mission-toggle] PASS level2_1280x720 close before transition is visible for real GUI input
[mission-toggle] PASS level2_1280x720 stage transition preserves collapsed choice
[mission-toggle] PASS level2_1280x720 end phase hides shell and toggle
[mission-toggle] PASS level5_1280x720 starts live HUD
[mission-toggle] PASS level5_1280x720 details default collapsed with unchecked toggle
[mission-toggle] PASS level5_1280x720 collapsed panel occupies only compact control
[mission-toggle] PASS level5_1280x720 toggle cannot capture later keyboard commands
[mission-toggle] PASS level5_1280x720_collapsed actual frame saved at requested resolution
[mission-toggle] PASS level5_1280x720 expand is visible for real GUI input
[mission-toggle] PASS level5_1280x720 actual click expands original details
[mission-toggle] PASS level5_1280x720 expand click issues no world command
[mission-toggle] PASS level5_1280x720 expanded details stay inside viewport above command cards
[mission-toggle] PASS level5_1280x720 title instructions and feedback remain visible
[mission-toggle] PASS level5_1280x720_expanded actual frame saved at requested resolution
[mission-toggle] PASS level5_1280x720 has a normal locator
[mission-toggle] PASS level5_1280x720 locator is visible for real GUI input
[mission-toggle] PASS level5_1280x720 locator focuses without issuing movement
[mission-toggle] PASS level5_1280x720 collapse is visible for real GUI input
[mission-toggle] PASS level5_1280x720 closing shrinks both hit area dimensions
[mission-toggle] PASS level5_1280x720 map probe is in freed former detail area
[mission-toggle] PASS level5_1280x720 hidden detail descendants cannot receive hover
[mission-toggle] PASS level5_1280x720 freed area receives normal map left press
[mission-toggle] PASS level5_1280x720 collapsed mission keeps advancing elapsed time
[mission-toggle] PASS level5_1280x720 objective refresh cannot reopen hidden details
[mission-toggle] PASS level5_1280x720 reopen refreshed is visible for real GUI input
[mission-toggle] PASS level5_1280x720 reopening shows the latest hidden updates
[mission-toggle] PASS level5_1280x720 long list has visible scroll area
[mission-toggle] PASS level5_1280x720 long list overflows into real scrollbar
[mission-toggle] PASS level5_1280x720 actual wheel input reaches last locator
[mission-toggle] PASS level5_1280x720 long expanded list stays above command cards
[mission-toggle] PASS level5_1280x720_long_scrolled actual frame saved at requested resolution
[mission-toggle] PASS level5_1280x720 stage transition preserves expanded choice
[mission-toggle] PASS level5_1280x720 close before transition is visible for real GUI input
[mission-toggle] PASS level5_1280x720 stage transition preserves collapsed choice
[mission-toggle] PASS level5_1280x720 end phase hides shell and toggle
[mission-toggle] PASS level3_1920x1080 starts live HUD
[mission-toggle] PASS level3_1920x1080 details default collapsed with unchecked toggle
[mission-toggle] PASS level3_1920x1080 collapsed panel occupies only compact control
[mission-toggle] PASS level3_1920x1080 toggle cannot capture later keyboard commands
[mission-toggle] PASS level3_1920x1080_collapsed actual frame saved at requested resolution
[mission-toggle] PASS level3_1920x1080 expand is visible for real GUI input
[mission-toggle] PASS level3_1920x1080 actual click expands original details
[mission-toggle] PASS level3_1920x1080 expand click issues no world command
[mission-toggle] PASS level3_1920x1080 expanded details stay inside viewport above command cards
[mission-toggle] PASS level3_1920x1080 title instructions and feedback remain visible
[mission-toggle] PASS level3_1920x1080_expanded actual frame saved at requested resolution
[mission-toggle] PASS level3_1920x1080 has a normal locator
[mission-toggle] PASS level3_1920x1080 locator is visible for real GUI input
[mission-toggle] PASS level3_1920x1080 locator focuses without issuing movement
[mission-toggle] PASS level3_1920x1080 collapse is visible for real GUI input
[mission-toggle] PASS level3_1920x1080 closing shrinks both hit area dimensions
[mission-toggle] PASS level3_1920x1080 map probe is in freed former detail area
[mission-toggle] PASS level3_1920x1080 hidden detail descendants cannot receive hover
[mission-toggle] PASS level3_1920x1080 freed area receives normal map left press
[mission-toggle] PASS level3_1920x1080 collapsed mission keeps advancing elapsed time
[mission-toggle] PASS level3_1920x1080 objective refresh cannot reopen hidden details
[mission-toggle] PASS level3_1920x1080 reopen refreshed is visible for real GUI input
[mission-toggle] PASS level3_1920x1080 reopening shows the latest hidden updates
[mission-toggle] PASS level3_1920x1080 stage transition preserves expanded choice
[mission-toggle] PASS level3_1920x1080 close before transition is visible for real GUI input
[mission-toggle] PASS level3_1920x1080 stage transition preserves collapsed choice
[mission-toggle] PASS level3_1920x1080 end phase hides shell and toggle
[mission-toggle] PASS campaign save bytes unchanged
[mission-toggle-result] {"checks":115,"failures":[],"passed":true}
