Godot Engine v4.6.3.stable.official.7d41c59c4 - https://godotengine.org
OpenGL API 3.3.0 NVIDIA 616.56 - Compatibility - Using Device: NVIDIA - NVIDIA GeForce RTX 3070 Ti

WARNING: 2D MSAA is not yet supported for GLES3.
   at: render_target_set_msaa (drivers/gles3/storage/texture_storage.cpp:2934)
[rts] PASS external QA output
[rts] PASS installed content identity resolves
[rts] PASS new character file included in installed identity: assets/anim/bound_shi_qian_idle_se.tres
[rts] PASS new character file included in installed identity: assets/anim/bound_shi_qian_idle_sw.tres
[rts] PASS new character file included in installed identity: assets/anim/bound_shi_qian_idle_ne.tres
[rts] PASS new character file included in installed identity: assets/anim/bound_shi_qian_idle_nw.tres
[rts] PASS new character file included in installed identity: assets/characters/shi_qian_bound_20261005/bound.png
[rts] PASS native bound Shi Qian exact idle se
[rts] PASS authored square atlas with draw metadata se
[rts] PASS texture and frame route agree se
[rts] PASS unarmed standing fallback does not claim authored walk se
[rts] PASS unarmed standing fallback does not claim authored hurt se
[rts] PASS no generic weapon/terminal borrowing attack se
[rts] PASS no generic weapon/terminal borrowing gather se
[rts] PASS no generic weapon/terminal borrowing death se
[rts] PASS no generic weapon/terminal borrowing down se
[rts] PASS native variant query agrees se
[rts] PASS wrong owner rejected se
[rts] PASS native bound Shi Qian exact idle sw
[rts] PASS authored square atlas with draw metadata sw
[rts] PASS texture and frame route agree sw
[rts] PASS unarmed standing fallback does not claim authored walk sw
[rts] PASS unarmed standing fallback does not claim authored hurt sw
[rts] PASS no generic weapon/terminal borrowing attack sw
[rts] PASS no generic weapon/terminal borrowing gather sw
[rts] PASS no generic weapon/terminal borrowing death sw
[rts] PASS no generic weapon/terminal borrowing down sw
[rts] PASS native variant query agrees sw
[rts] PASS wrong owner rejected sw
[rts] PASS native bound Shi Qian exact idle ne
[rts] PASS authored square atlas with draw metadata ne
[rts] PASS texture and frame route agree ne
[rts] PASS unarmed standing fallback does not claim authored walk ne
[rts] PASS unarmed standing fallback does not claim authored hurt ne
[rts] PASS no generic weapon/terminal borrowing attack ne
[rts] PASS no generic weapon/terminal borrowing gather ne
[rts] PASS no generic weapon/terminal borrowing death ne
[rts] PASS no generic weapon/terminal borrowing down ne
[rts] PASS native variant query agrees ne
[rts] PASS wrong owner rejected ne
[rts] PASS native bound Shi Qian exact idle nw
[rts] PASS authored square atlas with draw metadata nw
[rts] PASS texture and frame route agree nw
[rts] PASS unarmed standing fallback does not claim authored walk nw
[rts] PASS unarmed standing fallback does not claim authored hurt nw
[rts] PASS no generic weapon/terminal borrowing attack nw
[rts] PASS no generic weapon/terminal borrowing gather nw
[rts] PASS no generic weapon/terminal borrowing death nw
[rts] PASS no generic weapon/terminal borrowing down nw
[rts] PASS native variant query agrees nw
[rts] PASS wrong owner rejected nw
[rts] PASS four independently sampled native views
[rts] PASS empty/invalid animation direction rejected 
[rts] PASS empty/invalid animation direction rejected bad
[rts] PASS invalid static direction rejected
[rts] PASS native bound registry owns Shi Qian and preserves native Qin owner
[rts] PASS actual current chapter original seven-prisoner deployment
[rts] PASS original neutral bound noncombat restrictions unchanged
[rts] PASS bound UI keeps current Shi Qian portrait cell
[rts] PASS original captive renderer selects native idle without mirror se
[rts] PASS real rendered screenshot: shi_bound_current_se
[rts] PASS original captive renderer selects native idle without mirror sw
[rts] PASS real rendered screenshot: shi_bound_current_sw
[rts] PASS original captive renderer selects native idle without mirror ne
[rts] PASS real rendered screenshot: shi_bound_current_ne
[rts] PASS original captive renderer selects native idle without mirror nw
[rts] PASS real rendered screenshot: shi_bound_current_nw
[rts] PASS other programmatic prisoner static/animation route unchanged yang_lin
[rts] PASS other programmatic prisoner static/animation route unchanged huang_xin
[rts] PASS other programmatic prisoner static/animation route unchanged wang_ying
[rts] PASS other programmatic prisoner static/animation route unchanged deng_fei
[rts] PASS native Qin captive route retained se
[rts] PASS native Qin captive route retained sw
[rts] PASS native Qin captive route retained ne
[rts] PASS native Qin captive route retained nw
[rts] PASS Qin captive portrait retained
[rts] PASS original three-second rescue action pending
[rts] PASS player right-click and ordinary timed mission callback rescue originals
[rts] PASS rescue retains original seven actors
[rts] PASS rescued wounded noncombat state unchanged shi_qian
[rts] PASS rescued wounded noncombat state unchanged shi_xiu
[rts] PASS rescued wounded noncombat state unchanged qin_ming
[rts] PASS rescued wounded noncombat state unchanged yang_lin
[rts] PASS rescued wounded noncombat state unchanged huang_xin
[rts] PASS rescued wounded noncombat state unchanged wang_ying
[rts] PASS rescued wounded noncombat state unchanged deng_fei
[rts] PASS rescue preserves combat values HP and portrait
[rts] PASS same rescued actor resumes existing generic walk/facing se
[rts] PASS real rendered screenshot: shi_rescued_current_se
[rts] PASS same rescued actor resumes existing generic walk/facing sw
[rts] PASS real rendered screenshot: shi_rescued_current_sw
[rts] PASS same rescued actor resumes existing generic walk/facing ne
[rts] PASS real rendered screenshot: shi_rescued_current_ne
[rts] PASS same rescued actor resumes existing generic walk/facing nw
[rts] PASS real rendered screenshot: shi_rescued_current_nw
[rts] PASS same rescued wounded actor executes ordinary movement
[rts] PASS no complete chapter victory claimed
[rts] PASS installed content identity resolves
[rts] PASS new character file included in installed identity: assets/anim/bound_shi_qian_idle_se.tres
[rts] PASS new character file included in installed identity: assets/anim/bound_shi_qian_idle_sw.tres
[rts] PASS new character file included in installed identity: assets/anim/bound_shi_qian_idle_ne.tres
[rts] PASS new character file included in installed identity: assets/anim/bound_shi_qian_idle_nw.tres
[rts] PASS new character file included in installed identity: assets/characters/shi_qian_bound_20261005/bound.png
[rts] PASS installed identity unchanged across actual rescue QA
[art-character] bound_shi_qian 104 checks; failures=[]
