Godot Engine v4.6.3.stable.official.7d41c59c4 - https://godotengine.org
Vulkan 1.4.351 - Forward+ - Using Device #0: NVIDIA - NVIDIA GeForce RTX 3070 Ti

[rts] PASS north starts the actual short chapter without smoke driver
[rts] PASS selection shortcut selects without walking
[rts] PASS objective panel avoids command cards at (1280, 720)
[rts] PASS last short-chapter control is visible at (1280, 720)
[rts] PASS saved live north_start
[rts] PASS north follows its route through actual movement
[rts] PASS north intercepts using an actual right-click action
[rts] PASS north reaches player-controlled escort
[rts] PASS wounded Lin cannot fight or grant combat auras
[rts] PASS rest and direct group exit are available together
[rts] PASS rescued party waits without invented movement
[rts] PASS objective panel avoids command cards at (1280, 720)
[rts] PASS last short-chapter control is visible at (1280, 720)
[rts] PASS saved live north_choice
[rts] PASS stopping one selected companion stops the whole escort
[yf-spacing] rest_stop 95.1636505126953 [0.0, "dong_chao", (837.0225, 626.3262), (927.4414, 656.0)]
[rts] PASS escort assembles within 3 seconds and maintains 96-unit spacing during rest_stop
[rts] PASS north gives one real order for four-person rest
[rts] PASS rest counts only when the real party arrives
[rts] PASS objective panel avoids command cards at (1280, 720)
[rts] PASS last short-chapter control is visible at (1280, 720)
[rts] PASS saved live north_rest
[yf-spacing] leave_forest 87.5929336547852 [0.0, "lu_zhishen", (488.0001, 656.0001), (575.577, 654.3243)]
[rts] PASS escort assembles within 3 seconds and maintains 96-unit spacing during leave_forest
[rts] PASS north gives a separate real exit order
[rts] PASS north escorts the living party to victory
[yf-party] north [["lu_zhishen", (2, 20), 0, 5], ["lin_chong", (4, 20), 0, 6], ["dong_chao", (4, 21), 0, 4], ["xue_ba", (4, 19), 0, 4]]
[rts] PASS north completes all three optional story goals
[rts] PASS saved live north_result
[yezhulin-short-result] 26 checks; failures=[]
