Godot Engine v4.6.3.stable.official.7d41c59c4 - https://godotengine.org
OpenGL API 3.3.0 NVIDIA 616.56 - Compatibility - Using Device: NVIDIA - NVIDIA GeForce RTX 3070 Ti

WARNING: 2D MSAA is not yet supported for GLES3.
   at: render_target_set_msaa (drivers/gles3/storage/texture_storage.cpp:2934)
PENDING_CHECK 7251 Steam disabled true
PENDING_CHECK 8677 isolated flow enabled true
PENDING_CHECK 8717 real menu continue button true
PENDING_CHECK 10625 button exists ContinueBattle true
PENDING_CHECK 10662 restore duplicate operation denied true
PENDING_CHECK 37375 menu continue installed actual world true
PENDING_CHECK 38083 restored world still classic true
PENDING_CHECK 38141 restored saved hero control mode true
PENDING_CHECK 38166 restored expired effect allocation history true
PENDING_CHECK 38191 cross-process identity true
PENDING_CHECK 38224 paused intent restored true
PENDING_CHECK 38249 restored economy true
PENDING_CHECK 38274 restored wave phase true
PENDING_CHECK 38299 restored training queue true
PENDING_CHECK 38325 restored entity allocation true
PENDING_CHECK 40078 read retains exact disk slot true
PENDING_CHECK 40098 restored HUD includes save true
PENDING_CHECK 40124 pending fixture requests real barrier true
PENDING_CHECK 40164 pending fixture barrier reaches held boundary true
PENDING_RESOLVE_IDENTITY 40190
PENDING_IDENTITY_READY 60726
PENDING_SAVE_RESULT 78829 { "ok": false, "code": "LOCK_RELEASE", "pending_save": true, "retryable": true, "unsafe": false, "restart_required": false }
PENDING_CHECK 78852 post-commit unlock failure retains transaction true
PENDING_CHECK 78881 pending failure keeps exact session and world held true
PENDING_CHECK 81987 new store cannot impersonate live owner true
PENDING_CHECK 82254 pending session refuses disposal true
PENDING_CHECK 82364 pending save cannot dismiss or resume world true
PENDING_CHECK 82520 pending_save controls visible zh_CN true
PENDING_CHECK 82802 pending_save screenshot saved zh_CN true
PENDING_CHECK 83116 pending_save controls visible zh_TW true
PENDING_CHECK 83203 pending_save screenshot saved zh_TW true
PENDING_CHECK 83519 pending_save controls visible en true
PENDING_CHECK 83580 pending_save screenshot saved en true
PENDING_CHECK 83700 pending_save controls visible ja true
PENDING_CHECK 83758 pending_save screenshot saved ja true
PENDING_CHECK 83790 button exists RetrySave true
PENDING_CHECK 89733 save operation succeeds true
PENDING_CHECK 90960 successful save holds current battle true
PENDING_CHECK 91009 capture synchronizes derived screen geometry true
PENDING_CHECK 92908 successful save matches closed disk true
PENDING_CHECK 93108 test cannot credit Steam true
PENDING_CHECK 93161 local receipt predates slot and is resumable true
PENDING_CHECK 93302 owned retry uses original generation true
PENDING_CHECK 93362 normal save-and-exit lifecycle requested true
CONTINUE_FLOW_QA pending_retry 41 true
