Godot Engine v4.6.3.stable.official.7d41c59c4 - https://godotengine.org
OpenGL API 3.3.0 NVIDIA 616.64 - Compatibility - Using Device: NVIDIA - NVIDIA GeForce RTX 4060 Laptop GPU

WARNING: 2D MSAA is not yet supported for GLES3.
   at: render_target_set_msaa (drivers/gles3/storage/texture_storage.cpp:2934)
[rts] PASS level3 authoritative save declarations remain registered
[rts] PASS production RNG fixed before scene attachment
[rts] PASS initial production RNG seed and zero draws verified
[rts] PASS natural recovery begins in normal fog, FIGHT and 1x simulation
[rts] PASS natural opening army present recovery UI exists
[rts] PASS natural opening army present state=hidden (actual=hidden)
[rts] PASS natural opening army present visibility matches derived state
[rts] PASS natural attack starts with exactly four original ordinary troops
[rts] PASS four starting soldiers are naturally lost to southern enemy camp within 240 game seconds
[rts] PASS heroes and camp remain alive after natural setback
[rts] PASS heroes remain out of the sampled southern engagement
[rts] PASS normal level process shows recovery after natural losses recovery UI exists
[rts] PASS normal level process shows recovery after natural losses state=ready (actual=ready)
[rts] PASS normal level process shows recovery after natural losses visibility matches derived state
[rts] PASS normal level process shows recovery after natural losses has actionable message
[rts] PASS natural recovery hint does not take camera control
[rts] PASS natural_setback_ready hint exists for screenshot
[rts] PASS natural_setback_ready hint stays inside 1280x720
[rts] PASS natural_setback_ready hint does not overlap bottom command area
[rts] PASS natural_setback_ready child fits panel: @Label@320
[rts] PASS natural_setback_ready child fits panel: @Button@322
[rts] PASS natural_setback_ready child fits panel: @Button@323
[rts] PASS natural_setback_ready message has required vertical layout space
[rts] PASS natural_setback_ready renderer PNG saved
[rts] PASS natural recovery camp locator actual control exists
[rts] PASS natural recovery camp locator actual control is visible inside viewport
[rts] PASS natural camp locator preserves current selection
[rts] PASS natural camp locator reaches surviving camp
[rts] PASS natural recovery barracks locator actual control exists
[rts] PASS natural recovery barracks locator actual control is visible inside viewport
[rts] PASS natural barracks locator does not select or order units
[rts] PASS natural barracks locator reaches surviving barracks
[rts] PASS visible building click resolves to the intended barracks
[rts] PASS actual barracks selection lies in visible viewport
[rts] FAIL separate world GUI click selects the barracks
[rts] FAIL natural recovery real spear training card exists
[rts] PASS production RNG fixed before scene attachment
[rts] PASS initial production RNG seed and zero draws verified
[rts] PASS normal fog/camp visibility settled before explicit fixture freeze
[rts] PASS frozen opening boundary recovery UI exists
[rts] PASS frozen opening boundary state=hidden (actual=hidden)
[rts] PASS frozen opening boundary visibility matches derived state
[rts] PASS destroyed hint is recreated from current battle
[rts] PASS UI recreation hidden recovery UI exists
[rts] PASS UI recreation hidden state=hidden (actual=hidden)
[rts] PASS UI recreation hidden visibility matches derived state
[rts] PASS UI recreation preserves gameplay authority: hidden
[rts] PASS one garrisoned ordinary soldier still counts as alive recovery UI exists
[rts] PASS one garrisoned ordinary soldier still counts as alive state=hidden (actual=hidden)
[rts] PASS one garrisoned ordinary soldier still counts as alive visibility matches derived state
[rts] PASS frozen four-soldier take_damage fixture preserves heroes/camp/FIGHT
[rts] PASS siege classification fixture created through production spawn API
[rts] PASS heroes/workers/captives/siege do not mask missing ordinary troops recovery UI exists
[rts] PASS heroes/workers/captives/siege do not mask missing ordinary troops state=ready (actual=ready)
[rts] PASS heroes/workers/captives/siege do not mask missing ordinary troops visibility matches derived state
[rts] PASS heroes/workers/captives/siege do not mask missing ordinary troops has actionable message
[rts] PASS destroyed hint is recreated from current battle
[rts] PASS UI recreation ready recovery UI exists
[rts] PASS UI recreation ready state=ready (actual=ready)
[rts] PASS UI recreation ready visibility matches derived state
[rts] PASS UI recreation ready has actionable message
[rts] PASS UI recreation preserves gameplay authority: ready
[rts] PASS recovery barracks locator actual control exists
[rts] PASS recovery barracks locator actual control is visible inside viewport
[rts] PASS barracks locator only moves to actual barracks
[rts] PASS barracks locator preserves selection/orders/resources/queues/tasks
[rts] PASS recovery camp locator actual control exists
[rts] PASS recovery camp locator actual control is visible inside viewport
[rts] PASS camp locator only moves to actual camp
[rts] PASS camp locator preserves selection/orders/resources/queues/tasks
[rts] PASS frozen real paid training card actual control exists
[rts] PASS frozen real paid training card actual control is visible inside viewport
[rts] PASS frozen GUI training spends normal resources
[rts] PASS frozen paid queue boundary recovery UI exists
[rts] PASS frozen paid queue boundary state=training (actual=training)
[rts] PASS frozen paid queue boundary visibility matches derived state
[rts] PASS frozen paid queue boundary has actionable message
[rts] PASS destroyed hint is recreated from current battle
[rts] PASS UI recreation training recovery UI exists
[rts] PASS UI recreation training state=training (actual=training)
[rts] PASS UI recreation training visibility matches derived state
[rts] PASS UI recreation training has actionable message
[rts] PASS UI recreation preserves gameplay authority: training
[rts] PASS frozen blocked production exit boundary recovery UI exists
[rts] PASS frozen blocked production exit boundary state=blocked (actual=blocked)
[rts] PASS frozen blocked production exit boundary visibility matches derived state
[rts] PASS frozen blocked production exit boundary has actionable message
[rts] PASS frozen actual queue cancel card actual control exists
[rts] PASS frozen actual queue cancel card actual control is visible inside viewport
[rts] PASS actual GUI cancellation refunds exact cost and clears ordinary queue
[rts] PASS queue canceled while ordinary army absent recovery UI exists
[rts] PASS queue canceled while ordinary army absent state=ready (actual=ready)
[rts] PASS queue canceled while ordinary army absent visibility matches derived state
[rts] PASS queue canceled while ordinary army absent has actionable message
[rts] PASS ready locale zh_CN recovery UI exists
[rts] PASS ready locale zh_CN state=ready (actual=ready)
[rts] PASS ready locale zh_CN visibility matches derived state
[rts] PASS ready locale zh_CN has actionable message
[rts] PASS boundary_ready_zh_CN hint exists for screenshot
[rts] PASS boundary_ready_zh_CN hint stays inside 1280x720
[rts] PASS boundary_ready_zh_CN hint does not overlap bottom command area
[rts] PASS boundary_ready_zh_CN child fits panel: @Label@793
[rts] PASS boundary_ready_zh_CN child fits panel: @Button@795
[rts] PASS boundary_ready_zh_CN child fits panel: @Button@796
[rts] PASS boundary_ready_zh_CN message has required vertical layout space
[rts] PASS boundary_ready_zh_CN renderer PNG saved
[rts] PASS ready locale zh_TW recovery UI exists
[rts] PASS ready locale zh_TW state=ready (actual=ready)
[rts] PASS ready locale zh_TW visibility matches derived state
[rts] PASS ready locale zh_TW has actionable message
[rts] PASS boundary_ready_zh_TW hint exists for screenshot
[rts] PASS boundary_ready_zh_TW hint stays inside 1280x720
[rts] PASS boundary_ready_zh_TW hint does not overlap bottom command area
[rts] PASS boundary_ready_zh_TW child fits panel: @Label@793
[rts] PASS boundary_ready_zh_TW child fits panel: @Button@795
[rts] PASS boundary_ready_zh_TW child fits panel: @Button@796
[rts] PASS boundary_ready_zh_TW message has required vertical layout space
[rts] PASS boundary_ready_zh_TW renderer PNG saved
[rts] PASS ready locale en recovery UI exists
[rts] PASS ready locale en state=ready (actual=ready)
[rts] PASS ready locale en visibility matches derived state
[rts] PASS ready locale en has actionable message
[rts] PASS boundary_ready_en hint exists for screenshot
[rts] PASS boundary_ready_en hint stays inside 1280x720
[rts] PASS boundary_ready_en hint does not overlap bottom command area
[rts] PASS boundary_ready_en child fits panel: @Label@793
[rts] PASS boundary_ready_en child fits panel: @Button@795
[rts] PASS boundary_ready_en child fits panel: @Button@796
[rts] PASS boundary_ready_en message has required vertical layout space
[rts] PASS boundary_ready_en renderer PNG saved
[rts] PASS ready locale ja recovery UI exists
[rts] PASS ready locale ja state=ready (actual=ready)
[rts] PASS ready locale ja visibility matches derived state
[rts] PASS ready locale ja has actionable message
[rts] PASS boundary_ready_ja hint exists for screenshot
[rts] PASS boundary_ready_ja hint stays inside 1280x720
[rts] PASS boundary_ready_ja hint does not overlap bottom command area
[rts] PASS boundary_ready_ja child fits panel: @Label@793
[rts] PASS boundary_ready_ja child fits panel: @Button@795
[rts] PASS boundary_ready_ja child fits panel: @Button@796
[rts] PASS boundary_ready_ja message has required vertical layout space
[rts] PASS boundary_ready_ja renderer PNG saved
[rts] PASS English and Japanese messages translate instead of falling back to Chinese
[rts] PASS zero resources boundary recovery UI exists
[rts] PASS zero resources boundary state=resources (actual=resources)
[rts] PASS zero resources boundary visibility matches derived state
[rts] PASS zero resources boundary has actionable message
[rts] PASS destroyed hint is recreated from current battle
[rts] PASS UI recreation resources recovery UI exists
[rts] PASS UI recreation resources state=resources (actual=resources)
[rts] PASS UI recreation resources visibility matches derived state
[rts] PASS UI recreation resources has actionable message
[rts] PASS UI recreation preserves gameplay authority: resources
[rts] PASS boundary_resources_zh_CN hint exists for screenshot
[rts] PASS boundary_resources_zh_CN hint stays inside 1280x720
[rts] PASS boundary_resources_zh_CN hint does not overlap bottom command area
[rts] PASS boundary_resources_zh_CN child fits panel: @Label@883
[rts] PASS boundary_resources_zh_CN child fits panel: @Button@885
[rts] PASS boundary_resources_zh_CN child fits panel: @Button@886
[rts] PASS boundary_resources_zh_CN message has required vertical layout space
[rts] PASS boundary_resources_zh_CN renderer PNG saved
[rts] PASS no free population boundary recovery UI exists
[rts] PASS no free population boundary state=population (actual=population)
[rts] PASS no free population boundary visibility matches derived state
[rts] PASS no free population boundary has actionable message
[rts] PASS busy research boundary recovery UI exists
[rts] PASS busy research boundary state=researching (actual=researching)
[rts] PASS busy research boundary visibility matches derived state
[rts] PASS busy research boundary has actionable message
[rts] PASS barracks construction boundary recovery UI exists
[rts] PASS barracks construction boundary state=constructing (actual=constructing)
[rts] PASS barracks construction boundary visibility matches derived state
[rts] PASS barracks construction boundary has actionable message
[rts] PASS all temporary boundary restrictions removed recovery UI exists
[rts] PASS all temporary boundary restrictions removed state=ready (actual=ready)
[rts] PASS all temporary boundary restrictions removed visibility matches derived state
[rts] PASS all temporary boundary restrictions removed has actionable message
[rts] PASS real barracks death boundary recovery UI exists
[rts] PASS real barracks death boundary state=no_barracks (actual=no_barracks)
[rts] PASS real barracks death boundary visibility matches derived state
[rts] PASS real barracks death boundary has actionable message
[rts] PASS barracks loss does not itself end the campaign
[rts] PASS destroyed hint is recreated from current battle
[rts] PASS UI recreation no_barracks recovery UI exists
[rts] PASS UI recreation no_barracks state=no_barracks (actual=no_barracks)
[rts] PASS UI recreation no_barracks visibility matches derived state
[rts] PASS UI recreation no_barracks has actionable message
[rts] PASS UI recreation preserves gameplay authority: no_barracks
[rts] PASS missing barracks has no actionable locator to a destroyed target
[rts] PASS boundary_no_barracks_zh_CN hint exists for screenshot
[rts] PASS boundary_no_barracks_zh_CN hint stays inside 1280x720
[rts] PASS boundary_no_barracks_zh_CN hint does not overlap bottom command area
[rts] PASS boundary_no_barracks_zh_CN child fits panel: @Label@913
[rts] PASS boundary_no_barracks_zh_CN child fits panel: @Button@915
[rts] PASS boundary_no_barracks_zh_CN child fits panel: @Button@916
[rts] PASS boundary_no_barracks_zh_CN message has required vertical layout space
[rts] PASS boundary_no_barracks_zh_CN renderer PNG saved
[rts] PASS frozen loss of workers with camp and heroes surviving recovery UI exists
[rts] PASS frozen loss of workers with camp and heroes surviving state=no_workers (actual=no_workers)
[rts] PASS frozen loss of workers with camp and heroes surviving visibility matches derived state
[rts] PASS frozen loss of workers with camp and heroes surviving has actionable message
[rts] PASS missing workforce does not falsely claim terminal defeat
[rts] PASS boundary_no_workers_zh_CN hint exists for screenshot
[rts] PASS boundary_no_workers_zh_CN hint stays inside 1280x720
[rts] PASS boundary_no_workers_zh_CN hint does not overlap bottom command area
[rts] PASS boundary_no_workers_zh_CN child fits panel: @Label@913
[rts] PASS boundary_no_workers_zh_CN child fits panel: @Button@915
[rts] PASS boundary_no_workers_zh_CN child fits panel: @Button@916
[rts] PASS boundary_no_workers_zh_CN message has required vertical layout space
[rts] PASS boundary_no_workers_zh_CN renderer PNG saved
[rts] PASS real camp death enters ordinary terminal phase
[rts] PASS terminal battle hides recovery hint recovery UI exists
[rts] PASS terminal battle hides recovery hint state=hidden (actual=hidden)
[rts] PASS terminal battle hides recovery hint visibility matches derived state
[rts] PASS destroyed hint is recreated from current battle
[rts] PASS UI recreation hidden recovery UI exists
[rts] PASS UI recreation hidden state=hidden (actual=hidden)
[rts] PASS UI recreation hidden visibility matches derived state
[rts] PASS UI recreation preserves gameplay authority: hidden
[rts] PASS boundary_terminal_zh_CN hint exists for screenshot
[rts] PASS boundary_terminal_zh_CN renderer PNG saved
[zhu-recovery] 221 checks; failures=["separate world GUI click selects the barracks", "natural recovery real spear training card exists"]
