Godot Engine v4.6.3.stable.official.7d41c59c4 - https://godotengine.org

SCRIPT ERROR: Compile Error: Identifier not found: Art
   at: GDScript::reload (res://scripts/game_map.gd:571)
SCRIPT ERROR: Compile Error: Failed to compile depended scripts.
   at: GDScript::reload (res://scripts/naval_production.gd:0)
SCRIPT ERROR: Compile Error: Failed to compile depended scripts.
   at: GDScript::reload (res://tools/naval_production_test.gd:0)
ERROR: Failed to load script "res://tools/naval_production_test.gd" with error "Compilation failed".
   at: load (modules/gdscript/gdscript.cpp:2907)
SCRIPT ERROR: Invalid call. Nonexistent function 'new' in base 'GDScript'.
   at: Battle._ready (res://scripts/battle.gd:289)
   GDScript backtrace (most recent call first):
       [0] _ready (res://scripts/battle.gd:289)
       [1] _start (res://tools/zhujiazhuang_rts_test.gd:29)
       [2] _run (res://tools/naval_production_test.gd:19)
SCRIPT ERROR: Invalid access to property or key '_intro_root' on a base object of type 'Nil'.
   at: _start (res://tools/zhujiazhuang_rts_test.gd:32)
   GDScript backtrace (most recent call first):
       [0] _start (res://tools/zhujiazhuang_rts_test.gd:32)
SCRIPT ERROR: Invalid access to property or key '_defs' on a base object of type 'Nil'.
   at: _run (res://tools/naval_production_test.gd:20)
   GDScript backtrace (most recent call first):
       [0] _run (res://tools/naval_production_test.gd:20)
       [1] _start (res://tools/zhujiazhuang_rts_test.gd:32)
