Godot Engine v4.6.3.stable.official.7d41c59c4 - https://godotengine.org

[rts] PASS accepted original stockade bitmap remains byte-identical
[rts] PASS left actual post foot lies on wall origin: (96.0, 48.0)
[rts] PASS right actual post foot lies on map endpoint: (96.0, 48.0)
[rts] PASS upright post preserves height on this axis and slope: (96.0, 48.0)
[rts] PASS left actual post foot lies on wall origin: (-96.0, 48.0)
[rts] PASS right actual post foot lies on map endpoint: (-96.0, 48.0)
[rts] PASS upright post preserves height on this axis and slope: (-96.0, 48.0)
[rts] PASS left actual post foot lies on wall origin: (-96.0, -48.0)
[rts] PASS right actual post foot lies on map endpoint: (-96.0, -48.0)
[rts] PASS upright post preserves height on this axis and slope: (-96.0, -48.0)
[rts] PASS left actual post foot lies on wall origin: (96.0, -48.0)
[rts] PASS right actual post foot lies on map endpoint: (96.0, -48.0)
[rts] PASS upright post preserves height on this axis and slope: (96.0, -48.0)
[rts] PASS left actual post foot lies on wall origin: (96.0, 62.0)
[rts] PASS right actual post foot lies on map endpoint: (96.0, 62.0)
[rts] PASS upright post preserves height on this axis and slope: (96.0, 62.0)
[rts] PASS left actual post foot lies on wall origin: (-96.0, 31.0)
[rts] PASS right actual post foot lies on map endpoint: (-96.0, 31.0)
[rts] PASS upright post preserves height on this axis and slope: (-96.0, 31.0)
[rts] PASS explicit generic timber reuse in level3
[rts] PASS explicit generic timber reuse in level5
[rts] PASS explicit generic timber reuse in level7
[rts] PASS wooden wall reuse does not leak into level1
[rts] PASS wooden wall reuse does not leak into level4
[rts] PASS wooden wall reuse does not leak into level8
[rts] PASS wooden wall reuse does not leak into arena
[rts] PASS level3 uses one consistent accepted timber source on both wall axes
[rts] PASS level3 real wall parts match both projected map endpoints
[rts] PASS level3 occlusion covers upright wall height and excludes empty sky
[rts] PASS 祝家庄正门 north wall foot meets gate foot
[rts] PASS 祝家庄正门 south wall foot meets gate foot
[rts] PASS 祝家庄偏门 north wall foot meets gate foot
[rts] PASS 祝家庄偏门 south wall foot meets gate foot
[rts] PASS visual correction preserves blocked wall/gate cell (20, 12)
[rts] PASS visual correction preserves blocked wall/gate cell (20, 28)
[rts] PASS visual correction preserves blocked wall/gate cell (20, 18)
[rts] PASS real soldier behind upright wall makes occluding wall translucent
[rts] PASS soldier behind wall remains selectable through player hit test
[rts] PASS wall opacity restores after soldier leaves
[rts] PASS level5 uses one consistent accepted timber source on both wall axes
[rts] PASS level5 real wall parts match both projected map endpoints
[rts] PASS level5 occlusion covers upright wall height and excludes empty sky
[rts] PASS skirmish uses one consistent accepted timber source on both wall axes
[rts] PASS skirmish real wall parts match both projected map endpoints
[rts] PASS skirmish occlusion covers upright wall height and excludes empty sky
[rts] FAIL level7 uses one consistent accepted timber source on both wall axes
[rts] PASS level7 real wall parts match both projected map endpoints
[rts] PASS level7 occlusion covers upright wall height and excludes empty sky
[rts] PASS Daming keeps its brick wall renderer
[wall-alignment] 49 checks, failures=1
