Godot Engine v4.6.3.stable.official.7d41c59c4 - https://godotengine.org
OpenGL API 3.3.0 NVIDIA 610.88 - Compatibility - Using Device: NVIDIA - NVIDIA GeForce RTX 4060 Laptop GPU

SCRIPT ERROR: Compile Error: Identifier not found: Art
   at: GDScript::reload (res://scripts/game_map.gd:581)
SCRIPT ERROR: Compile Error: Failed to compile depended scripts.
   at: GDScript::reload (res://scripts/campaign_mengzhou_gate.gd:0)
SCRIPT ERROR: Compile Error: Failed to compile depended scripts.
   at: GDScript::reload (res://tools/mengzhou_gate_alignment_test.gd:0)
ERROR: Failed to load script "res://tools/mengzhou_gate_alignment_test.gd" with error "Compilation failed".
   at: load (modules/gdscript/gdscript.cpp:2907)
WARNING: 2D MSAA is not yet supported for GLES3.
   at: render_target_set_msaa (drivers/gles3/storage/texture_storage.cpp:2934)
SCRIPT ERROR: Invalid call. Nonexistent function 'new' in base 'GDScript'.
   at: Battle._ready (res://scripts/battle.gd:470)
   GDScript backtrace (most recent call first):
       [0] _ready (res://scripts/battle.gd:470)
       [1] _run (res://tools/mengzhou_gate_alignment_test.gd:30)
SCRIPT ERROR: Invalid access to property or key '_intro_root' on a base object of type 'Nil'.
   at: _run (res://tools/mengzhou_gate_alignment_test.gd:33)
   GDScript backtrace (most recent call first):
       [0] _run (res://tools/mengzhou_gate_alignment_test.gd:33)
