Godot Engine v4.6.3.stable.official.7d41c59c4 - https://godotengine.org

[   0% ] [90m[1mfirst_scan_filesystem[22m | Started 项目初始化 (5 steps)[39m[0m
[   0% ] [90m[1mfirst_scan_filesystem[22m | 正在扫描文件结构……[39m[0m
[  16% ] [90m[1mfirst_scan_filesystem[22m | 正在加载全局类名……[39m[0m
[  33% ] [90m[1mfirst_scan_filesystem[22m | 正在校验 GDExtension……[39m[0m
[  50% ] [90m[1mfirst_scan_filesystem[22m | 正在创建自动加载脚本……[39m[0m
[  66% ] [90m[1mfirst_scan_filesystem[22m | 正在初始化插件……[39m[0m
[  83% ] [90m[1mfirst_scan_filesystem[22m | 正在启动文件扫描……[39m[0m
[92m[ DONE ][39m [1mfirst_scan_filesystem[22m
[0m
[   0% ] [90m[1mupdate_scripts_classes[22m | Started 正在注册全局类…… (152 steps)[39m[0m
[   0% ] [90m[1mupdate_scripts_classes[22m | [39m[0m
[   0% ] [90m[1mupdate_scripts_classes[22m | [39m[0m
[   1% ] [90m[1mupdate_scripts_classes[22m | [39m[0m
[   1% ] [90m[1mupdate_scripts_classes[22m | [39m[0m
[   2% ] [90m[1mupdate_scripts_classes[22m | [39m[0m
[   3% ] [90m[1mupdate_scripts_classes[22m | [39m[0m
[   3% ] [90m[1mupdate_scripts_classes[22m | [39m[0m
[   4% ] [90m[1mupdate_scripts_classes[22m | [39m[0m
[   5% ] [90m[1mupdate_scripts_classes[22m | [39m[0m
[   5% ] [90m[1mupdate_scripts_classes[22m | [39m[0m
[   6% ] [90m[1mupdate_scripts_classes[22m | [39m[0m
[   7% ] [90m[1mupdate_scripts_classes[22m | [39m[0m
[   7% ] [90m[1mupdate_scripts_classes[22m | [39m[0m
[   8% ] [90m[1mupdate_scripts_classes[22m | [39m[0m
[   9% ] [90m[1mupdate_scripts_classes[22m | [39m[0m
[   9% ] [90m[1mupdate_scripts_classes[22m | [39m[0m
[  10% ] [90m[1mupdate_scripts_classes[22m | [39m[0m
[  11% ] [90m[1mupdate_scripts_classes[22m | [39m[0m
[  11% ] [90m[1mupdate_scripts_classes[22m | [39m[0m
[  12% ] [90m[1mupdate_scripts_classes[22m | [39m[0m
[  13% ] [90m[1mupdate_scripts_classes[22m | AbilityVisuals[39m[0m
[  13% ] [90m[1mupdate_scripts_classes[22m | [39m[0m
[  14% ] [90m[1mupdate_scripts_classes[22m | [39m[0m
[  15% ] [90m[1mupdate_scripts_classes[22m | [39m[0m
[  15% ] [90m[1mupdate_scripts_classes[22m | Battle[39m[0m
[  16% ] [90m[1mupdate_scripts_classes[22m | Bios[39m[0m
[  16% ] [90m[1mupdate_scripts_classes[22m | [39m[0m
[  17% ] [90m[1mupdate_scripts_classes[22m | [39m[0m
[  18% ] [90m[1mupdate_scripts_classes[22m | [39m[0m
[  18% ] [90m[1mupdate_scripts_classes[22m | [39m[0m
[  19% ] [90m[1mupdate_scripts_classes[22m | [39m[0m
[  20% ] [90m[1mupdate_scripts_classes[22m | CampaignEnvironmentArt[39m[0m
[  20% ] [90m[1mupdate_scripts_classes[22m | CampaignFlagOverlay[39m[0m
[  21% ] [90m[1mupdate_scripts_classes[22m | [39m[0m
[  22% ] [90m[1mupdate_scripts_classes[22m | [39m[0m
[  22% ] [90m[1mupdate_scripts_classes[22m | [39m[0m
[  23% ] [90m[1mupdate_scripts_classes[22m | [39m[0m
[  24% ] [90m[1mupdate_scripts_classes[22m | [39m[0m
[  24% ] [90m[1mupdate_scripts_classes[22m | [39m[0m
[  25% ] [90m[1mupdate_scripts_classes[22m | [39m[0m
[  26% ] [90m[1mupdate_scripts_classes[22m | [39m[0m
[  26% ] [90m[1mupdate_scripts_classes[22m | [39m[0m
[  27% ] [90m[1mupdate_scripts_classes[22m | CustomConfig[39m[0m
[  28% ] [90m[1mupdate_scripts_classes[22m | Defs[39m[0m
[  28% ] [90m[1mupdate_scripts_classes[22m | [39m[0m
[  29% ] [90m[1mupdate_scripts_classes[22m | GameMap[39m[0m
[  30% ] [90m[1mupdate_scripts_classes[22m | HeroInventory[39m[0m
[  30% ] [90m[1mupdate_scripts_classes[22m | HUD[39m[0m
[  31% ] [90m[1mupdate_scripts_classes[22m | LevelBase[39m[0m
[  32% ] [90m[1mupdate_scripts_classes[22m | [39m[0m
[  32% ] [90m[1mupdate_scripts_classes[22m | [39m[0m
[  33% ] [90m[1mupdate_scripts_classes[22m | [39m[0m
[  33% ] [90m[1mupdate_scripts_classes[22m | [39m[0m
[  34% ] [90m[1mupdate_scripts_classes[22m | [39m[0m
[  35% ] [90m[1mupdate_scripts_classes[22m | [39m[0m
[  35% ] [90m[1mupdate_scripts_classes[22m | [39m[0m
[  36% ] [90m[1mupdate_scripts_classes[22m | [39m[0m
[  37% ] [90m[1mupdate_scripts_classes[22m | LoreData[39m[0m
[  37% ] [90m[1mupdate_scripts_classes[22m | [39m[0m
[  38% ] [90m[1mupdate_scripts_classes[22m | [39m[0m
[  39% ] [90m[1mupdate_scripts_classes[22m | [39m[0m
[  39% ] [90m[1mupdate_scripts_classes[22m | [39m[0m
[  40% ] [90m[1mupdate_scripts_classes[22m | Projectile[39m[0m
[  41% ] [90m[1mupdate_scripts_classes[22m | RTSCamera[39m[0m
[  41% ] [90m[1mupdate_scripts_classes[22m | [39m[0m
[  42% ] [90m[1mupdate_scripts_classes[22m | [39m[0m
[  43% ] [90m[1mupdate_scripts_classes[22m | [39m[0m
[  43% ] [90m[1mupdate_scripts_classes[22m | [39m[0m
[  44% ] [90m[1mupdate_scripts_classes[22m | [39m[0m
[  45% ] [90m[1mupdate_scripts_classes[22m | [39m[0m
[  45% ] [90m[1mupdate_scripts_classes[22m | [39m[0m
[  46% ] [90m[1mupdate_scripts_classes[22m | [39m[0m
[  47% ] [90m[1mupdate_scripts_classes[22m | [39m[0m
[  47% ] [90m[1mupdate_scripts_classes[22m | [39m[0m
[  48% ] [90m[1mupdate_scripts_classes[22m | [39m[0m
[  49% ] [90m[1mupdate_scripts_classes[22m | [39m[0m
[  49% ] [90m[1mupdate_scripts_classes[22m | [39m[0m
[  50% ] [90m[1mupdate_scripts_classes[22m | [39m[0m
[  50% ] [90m[1mupdate_scripts_classes[22m | [39m[0m
[  51% ] [90m[1mupdate_scripts_classes[22m | [39m[0m
[  52% ] [90m[1mupdate_scripts_classes[22m | [39m[0m
[  52% ] [90m[1mupdate_scripts_classes[22m | [39m[0m
[  53% ] [90m[1mupdate_scripts_classes[22m | [39m[0m
[  54% ] [90m[1mupdate_scripts_classes[22m | [39m[0m
[  54% ] [90m[1mupdate_scripts_classes[22m | [39m[0m
[  55% ] [90m[1mupdate_scripts_classes[22m | [39m[0m
[  56% ] [90m[1mupdate_scripts_classes[22m | [39m[0m
[  56% ] [90m[1mupdate_scripts_classes[22m | [39m[0m
[  57% ] [90m[1mupdate_scripts_classes[22m | [39m[0m
[  58% ] [90m[1mupdate_scripts_classes[22m | [39m[0m
[  58% ] [90m[1mupdate_scripts_classes[22m | [39m[0m
[  59% ] [90m[1mupdate_scripts_classes[22m | [39m[0m
[  60% ] [90m[1mupdate_scripts_classes[22m | [39m[0m
[  60% ] [90m[1mupdate_scripts_classes[22m | [39m[0m
[  61% ] [90m[1mupdate_scripts_classes[22m | [39m[0m
[  62% ] [90m[1mupdate_scripts_classes[22m | [39m[0m
[  62% ] [90m[1mupdate_scripts_classes[22m | [39m[0m
[  63% ] [90m[1mupdate_scripts_classes[22m | [39m[0m
[  64% ] [90m[1mupdate_scripts_classes[22m | [39m[0m
[  64% ] [90m[1mupdate_scripts_classes[22m | [39m[0m
[  65% ] [90m[1mupdate_scripts_classes[22m | [39m[0m
[  66% ] [90m[1mupdate_scripts_classes[22m | [39m[0m
[  66% ] [90m[1mupdate_scripts_classes[22m | [39m[0m
[  67% ] [90m[1mupdate_scripts_classes[22m | [39m[0m
[  67% ] [90m[1mupdate_scripts_classes[22m | [39m[0m
[  68% ] [90m[1mupdate_scripts_classes[22m | [39m[0m
[  69% ] [90m[1mupdate_scripts_classes[22m | [39m[0m
[  69% ] [90m[1mupdate_scripts_classes[22m | [39m[0m
[  70% ] [90m[1mupdate_scripts_classes[22m | [39m[0m
[  71% ] [90m[1mupdate_scripts_classes[22m | [39m[0m
[  71% ] [90m[1mupdate_scripts_classes[22m | [39m[0m
[  72% ] [90m[1mupdate_scripts_classes[22m | [39m[0m
[  73% ] [90m[1mupdate_scripts_classes[22m | [39m[0m
[  73% ] [90m[1mupdate_scripts_classes[22m | [39m[0m
[  74% ] [90m[1mupdate_scripts_classes[22m | [39m[0m
[  75% ] [90m[1mupdate_scripts_classes[22m | [39m[0m
[  75% ] [90m[1mupdate_scripts_classes[22m | [39m[0m
[  76% ] [90m[1mupdate_scripts_classes[22m | [39m[0m
[  77% ] [90m[1mupdate_scripts_classes[22m | [39m[0m
[  77% ] [90m[1mupdate_scripts_classes[22m | [39m[0m
[  78% ] [90m[1mupdate_scripts_classes[22m | [39m[0m
[  79% ] [90m[1mupdate_scripts_classes[22m | ScenarioStore[39m[0m
[  79% ] [90m[1mupdate_scripts_classes[22m | [39m[0m
[  80% ] [90m[1mupdate_scripts_classes[22m | [39m[0m
[  81% ] [90m[1mupdate_scripts_classes[22m | [39m[0m
[  81% ] [90m[1mupdate_scripts_classes[22m | [39m[0m
[  82% ] [90m[1mupdate_scripts_classes[22m | [39m[0m
[  83% ] [90m[1mupdate_scripts_classes[22m | [39m[0m
[  83% ] [90m[1mupdate_scripts_classes[22m | SteamAchievementCatalog[39m[0m
[  84% ] [90m[1mupdate_scripts_classes[22m | SteamAchievementState[39m[0m
[  84% ] [90m[1mupdate_scripts_classes[22m | [39m[0m
[  85% ] [90m[1mupdate_scripts_classes[22m | [39m[0m
[  86% ] [90m[1mupdate_scripts_classes[22m | SteamPanels[39m[0m
[  86% ] [90m[1mupdate_scripts_classes[22m | [39m[0m
[  87% ] [90m[1mupdate_scripts_classes[22m | [39m[0m
[  88% ] [90m[1mupdate_scripts_classes[22m | [39m[0m
[  88% ] [90m[1mupdate_scripts_classes[22m | [39m[0m
[  89% ] [90m[1mupdate_scripts_classes[22m | [39m[0m
[  90% ] [90m[1mupdate_scripts_classes[22m | [39m[0m
[  90% ] [90m[1mupdate_scripts_classes[22m | SteamRunPolicy[39m[0m
[  91% ] [90m[1mupdate_scripts_classes[22m | [39m[0m
[  92% ] [90m[1mupdate_scripts_classes[22m | [39m[0m
[  92% ] [90m[1mupdate_scripts_classes[22m | [39m[0m
[  93% ] [90m[1mupdate_scripts_classes[22m | [39m[0m
[  94% ] [90m[1mupdate_scripts_classes[22m | [39m[0m
[  94% ] [90m[1mupdate_scripts_classes[22m | UITheme[39m[0m
[  95% ] [90m[1mupdate_scripts_classes[22m | Unit[39m[0m
[  96% ] [90m[1mupdate_scripts_classes[22m | WorkshopContent[39m[0m
[  96% ] [90m[1mupdate_scripts_classes[22m | WorkshopExamples[39m[0m
[  97% ] [90m[1mupdate_scripts_classes[22m | [39m[0m
[  98% ] [90m[1mupdate_scripts_classes[22m | WorldShadow[39m[0m
[  98% ] [90m[1mupdate_scripts_classes[22m | [39m[0m
[92m[ DONE ][39m [1mupdate_scripts_classes[22m
[0m
[   0% ] [90m[1m_update_scan_actions[22m | Started 正在扫描动作…… (1867 steps)[39m[0m
[   0% ] [90m[1m_update_scan_actions[22m | an_daoquan_attack.png[39m[0m
[   0% ] [90m[1m_update_scan_actions[22m | an_daoquan_walk.png[39m[0m
[   0% ] [90m[1m_update_scan_actions[22m | bai_sheng_attack.png[39m[0m
[   0% ] [90m[1m_update_scan_actions[22m | bai_sheng_walk.png[39m[0m
[   0% ] [90m[1m_update_scan_actions[22m | bao_xu_attack.png[39m[0m
[   0% ] [90m[1m_update_scan_actions[22m | bao_xu_walk.png[39m[0m
[   0% ] [90m[1m_update_scan_actions[22m | cai_fu_attack.png[39m[0m
[   0% ] [90m[1m_update_scan_actions[22m | cai_fu_walk.png[39m[0m
[   0% ] [90m[1m_update_scan_actions[22m | cai_jiu_attack.png[39m[0m
[   0% ] [90m[1m_update_scan_actions[22m | cai_jiu_walk.png[39m[0m
[   0% ] [90m[1m_update_scan_actions[22m | cai_qing_attack.png[39m[0m
[   0% ] [90m[1m_update_scan_actions[22m | cai_qing_walk.png[39m[0m
[   0% ] [90m[1m_update_scan_actions[22m | camel_rider_attack.png[39m[0m
[   0% ] [90m[1m_update_scan_actions[22m | camel_rider_walk.png[39m[0m
[   0% ] [90m[1m_update_scan_actions[22m | cao_zheng_attack.png[39m[0m
[   0% ] [90m[1m_update_scan_actions[22m | cao_zheng_walk.png[39m[0m
[   0% ] [90m[1m_update_scan_actions[22m | chai_jin_attack.png[39m[0m
[   0% ] [90m[1m_update_scan_actions[22m | chai_jin_walk.png[39m[0m
[   0% ] [90m[1m_update_scan_actions[22m | chao_gai_attack.png[39m[0m
[   1% ] [90m[1m_update_scan_actions[22m | chao_gai_walk.png[39m[0m
[   1% ] [90m[1m_update_scan_actions[22m | chen_da_attack.png[39m[0m
[   1% ] [90m[1m_update_scan_actions[22m | chen_da_walk.png[39m[0m
[   1% ] [90m[1m_update_scan_actions[22m | dai_zong_attack.png[39m[0m
[   1% ] [90m[1m_update_scan_actions[22m | dai_zong_walk.png[39m[0m
[   1% ] [90m[1m_update_scan_actions[22m | deng_fei_attack.png[39m[0m
[   1% ] [90m[1m_update_scan_actions[22m | deng_fei_walk.png[39m[0m
[   1% ] [90m[1m_update_scan_actions[22m | ding_desun_attack.png[39m[0m
[   1% ] [90m[1m_update_scan_actions[22m | ding_desun_walk.png[39m[0m
[   1% ] [90m[1m_update_scan_actions[22m | dong_ping_attack.png[39m[0m
[   1% ] [90m[1m_update_scan_actions[22m | dong_ping_walk.png[39m[0m
[   1% ] [90m[1m_update_scan_actions[22m | dragon_summon_attack.png[39m[0m
[   1% ] [90m[1m_update_scan_actions[22m | dragon_summon_walk.png[39m[0m
[   1% ] [90m[1m_update_scan_actions[22m | duan_jingzhu_attack.png[39m[0m
[   1% ] [90m[1m_update_scan_actions[22m | duan_jingzhu_walk.png[39m[0m
[   1% ] [90m[1m_update_scan_actions[22m | duan_pengju_attack.png[39m[0m
[   1% ] [90m[1m_update_scan_actions[22m | duan_pengju_walk.png[39m[0m
[   1% ] [90m[1m_update_scan_actions[22m | du_qian_attack.png[39m[0m
[   1% ] [90m[1m_update_scan_actions[22m | du_qian_walk.png[39m[0m
[   2% ] [90m[1m_update_scan_actions[22m | du_xing_attack.png[39m[0m
[   2% ] [90m[1m_update_scan_actions[22m | du_xing_walk.png[39m[0m
[   2% ] [90m[1m_update_scan_actions[22m | fan_rui_attack.png[39m[0m
[   2% ] [90m[1m_update_scan_actions[22m | fan_rui_walk.png[39m[0m
[   2% ] [90m[1m_update_scan_actions[22m | gao_qiu_attack.png[39m[0m
[   2% ] [90m[1m_update_scan_actions[22m | gao_qiu_death.png[39m[0m
[   2% ] [90m[1m_update_scan_actions[22m | gao_qiu_idle.png[39m[0m
[   2% ] [90m[1m_update_scan_actions[22m | gao_qiu_walk.png[39m[0m
[   2% ] [90m[1m_update_scan_actions[22m | gongsun_sheng_attack.png[39m[0m
[   2% ] [90m[1m_update_scan_actions[22m | gongsun_sheng_death.png[39m[0m
[   2% ] [90m[1m_update_scan_actions[22m | gongsun_sheng_idle.png[39m[0m
[   2% ] [90m[1m_update_scan_actions[22m | gongsun_sheng_walk.png[39m[0m
[   2% ] [90m[1m_update_scan_actions[22m | gong_ren_attack.png[39m[0m
[   2% ] [90m[1m_update_scan_actions[22m | gong_ren_walk.png[39m[0m
[   2% ] [90m[1m_update_scan_actions[22m | gong_wang_attack.png[39m[0m
[   2% ] [90m[1m_update_scan_actions[22m | gong_wang_walk.png[39m[0m
[   2% ] [90m[1m_update_scan_actions[22m | gou_lian_attack.png[39m[0m
[   2% ] [90m[1m_update_scan_actions[22m | gou_lian_attack_ne.png[39m[0m
[   2% ] [90m[1m_update_scan_actions[22m | gou_lian_attack_nw.png[39m[0m
[   3% ] [90m[1m_update_scan_actions[22m | gou_lian_attack_se.png[39m[0m
[   3% ] [90m[1m_update_scan_actions[22m | gou_lian_attack_sw.png[39m[0m
[   3% ] [90m[1m_update_scan_actions[22m | gou_lian_down_ne.png[39m[0m
[   3% ] [90m[1m_update_scan_actions[22m | gou_lian_down_nw.png[39m[0m
[   3% ] [90m[1m_update_scan_actions[22m | gou_lian_down_se.png[39m[0m
[   3% ] [90m[1m_update_scan_actions[22m | gou_lian_down_sw.png[39m[0m
[   3% ] [90m[1m_update_scan_actions[22m | gou_lian_hurt_ne.png[39m[0m
[   3% ] [90m[1m_update_scan_actions[22m | gou_lian_hurt_nw.png[39m[0m
[   3% ] [90m[1m_update_scan_actions[22m | gou_lian_hurt_se.png[39m[0m
[   3% ] [90m[1m_update_scan_actions[22m | gou_lian_hurt_sw.png[39m[0m
[   3% ] [90m[1m_update_scan_actions[22m | gou_lian_idle_ne.png[39m[0m
[   3% ] [90m[1m_update_scan_actions[22m | gou_lian_idle_nw.png[39m[0m
[   3% ] [90m[1m_update_scan_actions[22m | gou_lian_idle_se.png[39m[0m
[   3% ] [90m[1m_update_scan_actions[22m | gou_lian_idle_sw.png[39m[0m
[   3% ] [90m[1m_update_scan_actions[22m | gou_lian_walk.png[39m[0m
[   3% ] [90m[1m_update_scan_actions[22m | gou_lian_walk_ne.png[39m[0m
[   3% ] [90m[1m_update_scan_actions[22m | gou_lian_walk_nw.png[39m[0m
[   3% ] [90m[1m_update_scan_actions[22m | gou_lian_walk_se.png[39m[0m
[   4% ] [90m[1m_update_scan_actions[22m | gou_lian_walk_sw.png[39m[0m
[   4% ] [90m[1m_update_scan_actions[22m | guan_bomber_attack.png[39m[0m
[   4% ] [90m[1m_update_scan_actions[22m | guan_bomber_walk.png[39m[0m
[   4% ] [90m[1m_update_scan_actions[22m | guan_dao_attack.png[39m[0m
[   4% ] [90m[1m_update_scan_actions[22m | guan_dao_attack_ne.png[39m[0m
[   4% ] [90m[1m_update_scan_actions[22m | guan_dao_attack_nw.png[39m[0m
[   4% ] [90m[1m_update_scan_actions[22m | guan_dao_attack_se.png[39m[0m
[   4% ] [90m[1m_update_scan_actions[22m | guan_dao_attack_sw.png[39m[0m
[   4% ] [90m[1m_update_scan_actions[22m | guan_dao_death.png[39m[0m
[   4% ] [90m[1m_update_scan_actions[22m | guan_dao_death_ne.png[39m[0m
[   4% ] [90m[1m_update_scan_actions[22m | guan_dao_death_nw.png[39m[0m
[   4% ] [90m[1m_update_scan_actions[22m | guan_dao_death_se.png[39m[0m
[   4% ] [90m[1m_update_scan_actions[22m | guan_dao_death_sw.png[39m[0m
[   4% ] [90m[1m_update_scan_actions[22m | guan_dao_idle.png[39m[0m
[   4% ] [90m[1m_update_scan_actions[22m | guan_dao_idle_ne.png[39m[0m
[   4% ] [90m[1m_update_scan_actions[22m | guan_dao_idle_nw.png[39m[0m
[   4% ] [90m[1m_update_scan_actions[22m | guan_dao_idle_se.png[39m[0m
[   4% ] [90m[1m_update_scan_actions[22m | guan_dao_idle_sw.png[39m[0m
[   4% ] [90m[1m_update_scan_actions[22m | guan_dao_walk.png[39m[0m
[   5% ] [90m[1m_update_scan_actions[22m | guan_dao_walk_ne.png[39m[0m
[   5% ] [90m[1m_update_scan_actions[22m | guan_dao_walk_nw.png[39m[0m
[   5% ] [90m[1m_update_scan_actions[22m | guan_dao_walk_se.png[39m[0m
[   5% ] [90m[1m_update_scan_actions[22m | guan_dao_walk_sw.png[39m[0m
[   5% ] [90m[1m_update_scan_actions[22m | guan_gong_attack.png[39m[0m
[   5% ] [90m[1m_update_scan_actions[22m | guan_gong_attack_ne.png[39m[0m
[   5% ] [90m[1m_update_scan_actions[22m | guan_gong_attack_nw.png[39m[0m
[   5% ] [90m[1m_update_scan_actions[22m | guan_gong_attack_se.png[39m[0m
[   5% ] [90m[1m_update_scan_actions[22m | guan_gong_attack_sw.png[39m[0m
[   5% ] [90m[1m_update_scan_actions[22m | guan_gong_death.png[39m[0m
[   5% ] [90m[1m_update_scan_actions[22m | guan_gong_death_ne.png[39m[0m
[   5% ] [90m[1m_update_scan_actions[22m | guan_gong_death_nw.png[39m[0m
[   5% ] [90m[1m_update_scan_actions[22m | guan_gong_death_se.png[39m[0m
[   5% ] [90m[1m_update_scan_actions[22m | guan_gong_death_sw.png[39m[0m
[   5% ] [90m[1m_update_scan_actions[22m | guan_gong_idle.png[39m[0m
[   5% ] [90m[1m_update_scan_actions[22m | guan_gong_idle_ne.png[39m[0m
[   5% ] [90m[1m_update_scan_actions[22m | guan_gong_idle_nw.png[39m[0m
[   5% ] [90m[1m_update_scan_actions[22m | guan_gong_idle_se.png[39m[0m
[   5% ] [90m[1m_update_scan_actions[22m | guan_gong_idle_sw.png[39m[0m
[   6% ] [90m[1m_update_scan_actions[22m | guan_gong_walk.png[39m[0m
[   6% ] [90m[1m_update_scan_actions[22m | guan_gong_walk_ne.png[39m[0m
[   6% ] [90m[1m_update_scan_actions[22m | guan_gong_walk_nw.png[39m[0m
[   6% ] [90m[1m_update_scan_actions[22m | guan_gong_walk_se.png[39m[0m
[   6% ] [90m[1m_update_scan_actions[22m | guan_gong_walk_sw.png[39m[0m
[   6% ] [90m[1m_update_scan_actions[22m | guan_jingqi_attack.png[39m[0m
[   6% ] [90m[1m_update_scan_actions[22m | guan_jingqi_attack_ne.png[39m[0m
[   6% ] [90m[1m_update_scan_actions[22m | guan_jingqi_attack_nw.png[39m[0m
[   6% ] [90m[1m_update_scan_actions[22m | guan_jingqi_attack_se.png[39m[0m
[   6% ] [90m[1m_update_scan_actions[22m | guan_jingqi_attack_sw.png[39m[0m
[   6% ] [90m[1m_update_scan_actions[22m | guan_jingqi_death_ne.png[39m[0m
[   6% ] [90m[1m_update_scan_actions[22m | guan_jingqi_death_nw.png[39m[0m
[   6% ] [90m[1m_update_scan_actions[22m | guan_jingqi_death_se.png[39m[0m
[   6% ] [90m[1m_update_scan_actions[22m | guan_jingqi_death_sw.png[39m[0m
[   6% ] [90m[1m_update_scan_actions[22m | guan_jingqi_idle_ne.png[39m[0m
[   6% ] [90m[1m_update_scan_actions[22m | guan_jingqi_idle_nw.png[39m[0m
[   6% ] [90m[1m_update_scan_actions[22m | guan_jingqi_idle_se.png[39m[0m
[   6% ] [90m[1m_update_scan_actions[22m | guan_jingqi_idle_sw.png[39m[0m
[   7% ] [90m[1m_update_scan_actions[22m | guan_jingqi_walk.png[39m[0m
[   7% ] [90m[1m_update_scan_actions[22m | guan_jingqi_walk_ne.png[39m[0m
[   7% ] [90m[1m_update_scan_actions[22m | guan_jingqi_walk_nw.png[39m[0m
[   7% ] [90m[1m_update_scan_actions[22m | guan_jingqi_walk_se.png[39m[0m
[   7% ] [90m[1m_update_scan_actions[22m | guan_jingqi_walk_sw.png[39m[0m
[   7% ] [90m[1m_update_scan_actions[22m | guan_laozi_attack.png[39m[0m
[   7% ] [90m[1m_update_scan_actions[22m | guan_laozi_idle_ne.png[39m[0m
[   7% ] [90m[1m_update_scan_actions[22m | guan_laozi_idle_nw.png[39m[0m
[   7% ] [90m[1m_update_scan_actions[22m | guan_laozi_idle_se.png[39m[0m
[   7% ] [90m[1m_update_scan_actions[22m | guan_laozi_idle_sw.png[39m[0m
[   7% ] [90m[1m_update_scan_actions[22m | guan_laozi_walk.png[39m[0m
[   7% ] [90m[1m_update_scan_actions[22m | guan_musket_attack.png[39m[0m
[   7% ] [90m[1m_update_scan_actions[22m | guan_musket_idle_ne.png[39m[0m
[   7% ] [90m[1m_update_scan_actions[22m | guan_musket_idle_nw.png[39m[0m
[   7% ] [90m[1m_update_scan_actions[22m | guan_musket_idle_se.png[39m[0m
[   7% ] [90m[1m_update_scan_actions[22m | guan_musket_idle_sw.png[39m[0m
[   7% ] [90m[1m_update_scan_actions[22m | guan_musket_walk.png[39m[0m
[   7% ] [90m[1m_update_scan_actions[22m | guan_qiang_walk.png[39m[0m
[   7% ] [90m[1m_update_scan_actions[22m | guan_qi_attack.png[39m[0m
[   8% ] [90m[1m_update_scan_actions[22m | guan_qi_attack_ne.png[39m[0m
[   8% ] [90m[1m_update_scan_actions[22m | guan_qi_attack_nw.png[39m[0m
[   8% ] [90m[1m_update_scan_actions[22m | guan_qi_attack_se.png[39m[0m
[   8% ] [90m[1m_update_scan_actions[22m | guan_qi_attack_sw.png[39m[0m
[   8% ] [90m[1m_update_scan_actions[22m | guan_qi_death.png[39m[0m
[   8% ] [90m[1m_update_scan_actions[22m | guan_qi_death_ne.png[39m[0m
[   8% ] [90m[1m_update_scan_actions[22m | guan_qi_death_nw.png[39m[0m
[   8% ] [90m[1m_update_scan_actions[22m | guan_qi_death_se.png[39m[0m
[   8% ] [90m[1m_update_scan_actions[22m | guan_qi_death_sw.png[39m[0m
[   8% ] [90m[1m_update_scan_actions[22m | guan_qi_idle.png[39m[0m
[   8% ] [90m[1m_update_scan_actions[22m | guan_qi_idle_ne.png[39m[0m
[   8% ] [90m[1m_update_scan_actions[22m | guan_qi_idle_nw.png[39m[0m
[   8% ] [90m[1m_update_scan_actions[22m | guan_qi_idle_se.png[39m[0m
[   8% ] [90m[1m_update_scan_actions[22m | guan_qi_idle_sw.png[39m[0m
[   8% ] [90m[1m_update_scan_actions[22m | guan_qi_walk.png[39m[0m
[   8% ] [90m[1m_update_scan_actions[22m | guan_qi_walk_ne.png[39m[0m
[   8% ] [90m[1m_update_scan_actions[22m | guan_qi_walk_nw.png[39m[0m
[   8% ] [90m[1m_update_scan_actions[22m | guan_qi_walk_se.png[39m[0m
[   8% ] [90m[1m_update_scan_actions[22m | guan_qi_walk_sw.png[39m[0m
[   9% ] [90m[1m_update_scan_actions[22m | guan_sheng_attack.png[39m[0m
[   9% ] [90m[1m_update_scan_actions[22m | guan_sheng_walk.png[39m[0m
[   9% ] [90m[1m_update_scan_actions[22m | guan_zhanzi_attack.png[39m[0m
[   9% ] [90m[1m_update_scan_actions[22m | guan_zhanzi_idle_ne.png[39m[0m
[   9% ] [90m[1m_update_scan_actions[22m | guan_zhanzi_idle_nw.png[39m[0m
[   9% ] [90m[1m_update_scan_actions[22m | guan_zhanzi_idle_se.png[39m[0m
[   9% ] [90m[1m_update_scan_actions[22m | guan_zhanzi_idle_sw.png[39m[0m
[   9% ] [90m[1m_update_scan_actions[22m | guan_zhanzi_walk.png[39m[0m
[   9% ] [90m[1m_update_scan_actions[22m | guo_sheng_attack.png[39m[0m
[   9% ] [90m[1m_update_scan_actions[22m | guo_sheng_walk.png[39m[0m
[   9% ] [90m[1m_update_scan_actions[22m | gu_dasao_attack.png[39m[0m
[   9% ] [90m[1m_update_scan_actions[22m | gu_dasao_walk.png[39m[0m
[   9% ] [90m[1m_update_scan_actions[22m | han_tao_attack.png[39m[0m
[   9% ] [90m[1m_update_scan_actions[22m | han_tao_walk.png[39m[0m
[   9% ] [90m[1m_update_scan_actions[22m | hao_siwen_attack.png[39m[0m
[   9% ] [90m[1m_update_scan_actions[22m | hao_siwen_walk.png[39m[0m
[   9% ] [90m[1m_update_scan_actions[22m | hou_jian_attack.png[39m[0m
[   9% ] [90m[1m_update_scan_actions[22m | hou_jian_walk.png[39m[0m
[  10% ] [90m[1m_update_scan_actions[22m | huangfu_duan_attack.png[39m[0m
[  10% ] [90m[1m_update_scan_actions[22m | huangfu_duan_walk.png[39m[0m
[  10% ] [90m[1m_update_scan_actions[22m | huang_xin_attack.png[39m[0m
[  10% ] [90m[1m_update_scan_actions[22m | huang_xin_walk.png[39m[0m
[  10% ] [90m[1m_update_scan_actions[22m | hua_rong_attack.png[39m[0m
[  10% ] [90m[1m_update_scan_actions[22m | hua_rong_death.png[39m[0m
[  10% ] [90m[1m_update_scan_actions[22m | hua_rong_idle.png[39m[0m
[  10% ] [90m[1m_update_scan_actions[22m | hua_rong_melee_attack.png[39m[0m
[  10% ] [90m[1m_update_scan_actions[22m | hua_rong_melee_death.png[39m[0m
[  10% ] [90m[1m_update_scan_actions[22m | hua_rong_melee_idle.png[39m[0m
[  10% ] [90m[1m_update_scan_actions[22m | hua_rong_melee_walk.png[39m[0m
[  10% ] [90m[1m_update_scan_actions[22m | hua_rong_walk.png[39m[0m
[  10% ] [90m[1m_update_scan_actions[22m | hu_sanniang_attack.png[39m[0m
[  10% ] [90m[1m_update_scan_actions[22m | hu_sanniang_death.png[39m[0m
[  10% ] [90m[1m_update_scan_actions[22m | hu_sanniang_idle.png[39m[0m
[  10% ] [90m[1m_update_scan_actions[22m | hu_sanniang_walk.png[39m[0m
[  10% ] [90m[1m_update_scan_actions[22m | hu_yanzhuo_attack.png[39m[0m
[  10% ] [90m[1m_update_scan_actions[22m | hu_yanzhuo_death.png[39m[0m
[  10% ] [90m[1m_update_scan_actions[22m | hu_yanzhuo_idle.png[39m[0m
[  11% ] [90m[1m_update_scan_actions[22m | hu_yanzhuo_walk.png[39m[0m
[  11% ] [90m[1m_update_scan_actions[22m | jiang_jing_attack.png[39m[0m
[  11% ] [90m[1m_update_scan_actions[22m | jiang_jing_walk.png[39m[0m
[  11% ] [90m[1m_update_scan_actions[22m | jiang_menshen_attack.png[39m[0m
[  11% ] [90m[1m_update_scan_actions[22m | jiang_menshen_death.png[39m[0m
[  11% ] [90m[1m_update_scan_actions[22m | jiang_menshen_idle.png[39m[0m
[  11% ] [90m[1m_update_scan_actions[22m | jiang_menshen_walk.png[39m[0m
[  11% ] [90m[1m_update_scan_actions[22m | jiang_thug_attack.png[39m[0m
