Godot Engine v4.6.3.stable.official.7d41c59c4 - https://godotengine.org

SCRIPT ERROR: Compile Error: Identifier not found: Art
   at: GDScript::reload (res://scripts/game_map.gd:581)
SCRIPT ERROR: Compile Error: Identifier not found: Sfx
   at: GDScript::reload (res://scripts/unit.gd:1006)
SCRIPT ERROR: Compile Error: Failed to compile depended scripts.
   at: GDScript::reload (res://tools/stabilization_identity/identity_smoke.gd:0)
ERROR: Failed to load script "res://tools/stabilization_identity/identity_smoke.gd" with error "Compilation failed".
   at: load (modules/gdscript/gdscript.cpp:2907)
SCRIPT ERROR: Invalid call. Nonexistent function 'new' in base 'GDScript'.
   at: _shell (res://tools/stabilization_identity/identity_smoke.gd:65)
   GDScript backtrace (most recent call first):
       [0] _shell (res://tools/stabilization_identity/identity_smoke.gd:65)
       [1] _run (res://tools/stabilization_identity/identity_smoke.gd:131)
SCRIPT ERROR: Invalid call. Nonexistent function 'new' in base 'GDScript'.
   at: _shell (res://tools/stabilization_identity/identity_smoke.gd:65)
   GDScript backtrace (most recent call first):
       [0] _shell (res://tools/stabilization_identity/identity_smoke.gd:65)
       [1] _run (res://tools/stabilization_identity/identity_smoke.gd:132)
SCRIPT ERROR: Invalid call. Nonexistent function 'new' in base 'GDScript'.
   at: _unit (res://tools/stabilization_identity/identity_smoke.gd:75)
   GDScript backtrace (most recent call first):
       [0] _unit (res://tools/stabilization_identity/identity_smoke.gd:75)
       [1] _run (res://tools/stabilization_identity/identity_smoke.gd:135)
SCRIPT ERROR: Invalid call. Nonexistent function 'new' in base 'GDScript'.
   at: _unit (res://tools/stabilization_identity/identity_smoke.gd:75)
   GDScript backtrace (most recent call first):
       [0] _unit (res://tools/stabilization_identity/identity_smoke.gd:75)
       [1] _run (res://tools/stabilization_identity/identity_smoke.gd:136)
SCRIPT ERROR: Invalid call. Nonexistent function 'new' in base 'GDScript'.
   at: _unit (res://tools/stabilization_identity/identity_smoke.gd:75)
   GDScript backtrace (most recent call first):
       [0] _unit (res://tools/stabilization_identity/identity_smoke.gd:75)
       [1] _run (res://tools/stabilization_identity/identity_smoke.gd:137)
SCRIPT ERROR: Invalid call. Nonexistent function 'new' in base 'GDScript'.
   at: _unit (res://tools/stabilization_identity/identity_smoke.gd:75)
   GDScript backtrace (most recent call first):
       [0] _unit (res://tools/stabilization_identity/identity_smoke.gd:75)
       [1] _run (res://tools/stabilization_identity/identity_smoke.gd:138)
SCRIPT ERROR: Invalid call. Nonexistent function 'new' in base 'GDScript'.
   at: _unit (res://tools/stabilization_identity/identity_smoke.gd:75)
   GDScript backtrace (most recent call first):
       [0] _unit (res://tools/stabilization_identity/identity_smoke.gd:75)
       [1] _run (res://tools/stabilization_identity/identity_smoke.gd:139)
SCRIPT ERROR: Invalid assignment of property or key 'is_building' with value of type 'bool' on a base object of type 'Nil'.
   at: _run (res://tools/stabilization_identity/identity_smoke.gd:140)
   GDScript backtrace (most recent call first):
       [0] _run (res://tools/stabilization_identity/identity_smoke.gd:140)
