Godot Engine v4.6.3.stable.official.7d41c59c4 - https://godotengine.org

[   0% ] [90m[1mfirst_scan_filesystem[22m | Started 项目初始化 (5 steps)[39m[0m
[   0% ] [90m[1mfirst_scan_filesystem[22m | 正在扫描文件结构……[39m[0m
[  16% ] [90m[1mfirst_scan_filesystem[22m | 正在加载全局类名……[39m[0m
[  33% ] [90m[1mfirst_scan_filesystem[22m | 正在校验 GDExtension……[39m[0m
[  50% ] [90m[1mfirst_scan_filesystem[22m | 正在创建自动加载脚本……[39m[0m
[  66% ] [90m[1mfirst_scan_filesystem[22m | 正在初始化插件……[39m[0m
[  83% ] [90m[1mfirst_scan_filesystem[22m | 正在启动文件扫描……[39m[0m
[92m[ DONE ][39m [1mfirst_scan_filesystem[22m
[0m
[   0% ] [90m[1m_update_scan_actions[22m | Started 正在扫描动作…… (14 steps)[39m[0m
[   0% ] [90m[1m_update_scan_actions[22m | fall.png[39m[0m
[   6% ] [90m[1m_update_scan_actions[22m | hurt.png[39m[0m
[  13% ] [90m[1m_update_scan_actions[22m | idle.png[39m[0m
[  20% ] [90m[1m_update_scan_actions[22m | strike_ne.png[39m[0m
[  26% ] [90m[1m_update_scan_actions[22m | strike_nw.png[39m[0m
[  33% ] [90m[1m_update_scan_actions[22m | strike_se.png[39m[0m
[  40% ] [90m[1m_update_scan_actions[22m | strike_sw.png[39m[0m
[  46% ] [90m[1m_update_scan_actions[22m | terminal.png[39m[0m
[  53% ] [90m[1m_update_scan_actions[22m | walk_a.png[39m[0m
[  60% ] [90m[1m_update_scan_actions[22m | walk_b.png[39m[0m
[  66% ] [90m[1m_update_scan_actions[22m | windup_ne.png[39m[0m
[  73% ] [90m[1m_update_scan_actions[22m | windup_nw.png[39m[0m
[  80% ] [90m[1m_update_scan_actions[22m | windup_se.png[39m[0m
[  86% ] [90m[1m_update_scan_actions[22m | windup_sw.png[39m[0m
[92m[ DONE ][39m [1m_update_scan_actions[22m
[0m
[   0% ] [90m[1mreimport[22m | Started 正在导入或重新导入资产 (14 steps)[39m[0m
[   0% ] [90m[1mreimport[22m | 正在准备重新导入文件……[39m[0m
[   6% ] [90m[1mreimport[22m | 正在准备重新导入文件……[39m[0m
[  13% ] [90m[1mreimport[22m | 正在准备重新导入文件……[39m[0m
[  20% ] [90m[1mreimport[22m | 正在准备重新导入文件……[39m[0m
[  26% ] [90m[1mreimport[22m | 正在准备重新导入文件……[39m[0m
[  33% ] [90m[1mreimport[22m | 正在准备重新导入文件……[39m[0m
[  40% ] [90m[1mreimport[22m | 正在准备重新导入文件……[39m[0m
[  46% ] [90m[1mreimport[22m | 正在准备重新导入文件……[39m[0m
[  53% ] [90m[1mreimport[22m | 正在准备重新导入文件……[39m[0m
[  60% ] [90m[1mreimport[22m | 正在准备重新导入文件……[39m[0m
[  66% ] [90m[1mreimport[22m | 正在准备重新导入文件……[39m[0m
[  73% ] [90m[1mreimport[22m | 正在准备重新导入文件……[39m[0m
[  80% ] [90m[1mreimport[22m | 正在准备重新导入文件……[39m[0m
[  86% ] [90m[1mreimport[22m | 正在准备重新导入文件……[39m[0m
[   0% ] [90m[1mreimport[22m | 正在执行重新导入的前置操作……[39m[0m
[   0% ] [90m[1mreimport[22m | fall.png[39m[0m
[   6% ] [90m[1mreimport[22m | hurt.png[39m[0m
[  13% ] [90m[1mreimport[22m | idle.png[39m[0m
[  20% ] [90m[1mreimport[22m | strike_ne.png[39m[0m
[  26% ] [90m[1mreimport[22m | strike_nw.png[39m[0m
[  33% ] [90m[1mreimport[22m | strike_se.png[39m[0m
[  40% ] [90m[1mreimport[22m | strike_sw.png[39m[0m
[  46% ] [90m[1mreimport[22m | terminal.png[39m[0m
[  53% ] [90m[1mreimport[22m | walk_a.png[39m[0m
[  60% ] [90m[1mreimport[22m | walk_b.png[39m[0m
[  66% ] [90m[1mreimport[22m | windup_ne.png[39m[0m
[  73% ] [90m[1mreimport[22m | windup_nw.png[39m[0m
[  80% ] [90m[1mreimport[22m | windup_se.png[39m[0m
[  86% ] [90m[1mreimport[22m | windup_sw.png[39m[0m
[  93% ] [90m[1mreimport[22m | 正在结束资产导入……[39m[0m
[92m[ DONE ][39m [1mreimport[22m
[0m
[   0% ] [90m[1mreimport[22m | Started 正在导入或重新导入资产 (14 steps)[39m[0m
[   0% ] [90m[1mreimport[22m | 正在执行重新导入的后置操作……[39m[0m
[92m[ DONE ][39m [1mreimport[22m
[0m
[   0% ] [90m[1mloading_editor_layout[22m | Started 正在加载编辑器 (5 steps)[39m[0m
[   0% ] [90m[1mloading_editor_layout[22m | 正在加载编辑器布局……[39m[0m
[  16% ] [90m[1mloading_editor_layout[22m | 正在加载停靠面板……[39m[0m
[92m[ DONE ][39m [1mloading_editor_layout[22m
[0m
