Godot Engine v4.6.3.stable.official.7d41c59c4 - https://godotengine.org

[package-contract] PASS exact exported EXE SHA256
[package-contract] PASS release PCK mounted
[package-contract] PASS no drafts development credentials or editor files in package
[package-contract] PASS packaged Art autoload
[package-contract] PASS res://assets/anim/lin_chong_attack_ne.tres is SpriteFrames
[package-contract] PASS res://assets/anim/lin_chong_attack_ne.tres exact authored frame count
[package-contract] PASS res://assets/anim/lin_chong_attack_ne.tres runtime routing preserves frame count
[package-contract] PASS res://assets/anim/lin_chong_attack_ne.tres frame 0 authored atlas with foot anchor
[package-contract] PASS res://assets/anim/lin_chong_attack_ne.tres frame 0 production source resolves
[package-contract] PASS res://assets/anim/lin_chong_attack_ne.tres frame 0 runtime frame matches
[package-contract] PASS res://assets/anim/lin_chong_attack_ne.tres frame 1 authored atlas with foot anchor
[package-contract] PASS res://assets/anim/lin_chong_attack_ne.tres frame 1 production source resolves
[package-contract] PASS res://assets/anim/lin_chong_attack_ne.tres frame 1 runtime frame matches
[package-contract] PASS res://assets/anim/lin_chong_attack_ne.tres frame 2 authored atlas with foot anchor
[package-contract] PASS res://assets/anim/lin_chong_attack_ne.tres frame 2 production source resolves
[package-contract] PASS res://assets/anim/lin_chong_attack_ne.tres frame 2 runtime frame matches
[package-contract] PASS res://assets/anim/lin_chong_attack_ne.tres frame 3 authored atlas with foot anchor
[package-contract] PASS res://assets/anim/lin_chong_attack_ne.tres frame 3 production source resolves
[package-contract] PASS res://assets/anim/lin_chong_attack_ne.tres frame 3 runtime frame matches
[package-contract] PASS res://assets/anim/lin_chong_attack_ne.tres frame 4 authored atlas with foot anchor
[package-contract] PASS res://assets/anim/lin_chong_attack_ne.tres frame 4 production source resolves
[package-contract] PASS res://assets/anim/lin_chong_attack_ne.tres frame 4 runtime frame matches
[package-contract] PASS res://assets/anim/lin_chong_attack_nw.tres is SpriteFrames
[package-contract] PASS res://assets/anim/lin_chong_attack_nw.tres exact authored frame count
[package-contract] PASS res://assets/anim/lin_chong_attack_nw.tres runtime routing preserves frame count
[package-contract] PASS res://assets/anim/lin_chong_attack_nw.tres frame 0 authored atlas with foot anchor
[package-contract] PASS res://assets/anim/lin_chong_attack_nw.tres frame 0 production source resolves
[package-contract] PASS res://assets/anim/lin_chong_attack_nw.tres frame 0 runtime frame matches
[package-contract] PASS res://assets/anim/lin_chong_attack_nw.tres frame 1 authored atlas with foot anchor
[package-contract] PASS res://assets/anim/lin_chong_attack_nw.tres frame 1 production source resolves
[package-contract] PASS res://assets/anim/lin_chong_attack_nw.tres frame 1 runtime frame matches
[package-contract] PASS res://assets/anim/lin_chong_attack_nw.tres frame 2 authored atlas with foot anchor
[package-contract] PASS res://assets/anim/lin_chong_attack_nw.tres frame 2 production source resolves
[package-contract] PASS res://assets/anim/lin_chong_attack_nw.tres frame 2 runtime frame matches
[package-contract] PASS res://assets/anim/lin_chong_attack_nw.tres frame 3 authored atlas with foot anchor
[package-contract] PASS res://assets/anim/lin_chong_attack_nw.tres frame 3 production source resolves
[package-contract] PASS res://assets/anim/lin_chong_attack_nw.tres frame 3 runtime frame matches
[package-contract] PASS res://assets/anim/lin_chong_attack_nw.tres frame 4 authored atlas with foot anchor
[package-contract] PASS res://assets/anim/lin_chong_attack_nw.tres frame 4 production source resolves
[package-contract] PASS res://assets/anim/lin_chong_attack_nw.tres frame 4 runtime frame matches
[package-contract] PASS res://assets/anim/lin_chong_attack_se.tres is SpriteFrames
[package-contract] PASS res://assets/anim/lin_chong_attack_se.tres exact authored frame count
[package-contract] PASS res://assets/anim/lin_chong_attack_se.tres runtime routing preserves frame count
[package-contract] PASS res://assets/anim/lin_chong_attack_se.tres frame 0 authored atlas with foot anchor
[package-contract] PASS res://assets/anim/lin_chong_attack_se.tres frame 0 production source resolves
[package-contract] PASS res://assets/anim/lin_chong_attack_se.tres frame 0 runtime frame matches
[package-contract] PASS res://assets/anim/lin_chong_attack_se.tres frame 1 authored atlas with foot anchor
[package-contract] PASS res://assets/anim/lin_chong_attack_se.tres frame 1 production source resolves
[package-contract] PASS res://assets/anim/lin_chong_attack_se.tres frame 1 runtime frame matches
[package-contract] PASS res://assets/anim/lin_chong_attack_se.tres frame 2 authored atlas with foot anchor
[package-contract] PASS res://assets/anim/lin_chong_attack_se.tres frame 2 production source resolves
[package-contract] PASS res://assets/anim/lin_chong_attack_se.tres frame 2 runtime frame matches
[package-contract] PASS res://assets/anim/lin_chong_attack_se.tres frame 3 authored atlas with foot anchor
[package-contract] PASS res://assets/anim/lin_chong_attack_se.tres frame 3 production source resolves
[package-contract] PASS res://assets/anim/lin_chong_attack_se.tres frame 3 runtime frame matches
[package-contract] PASS res://assets/anim/lin_chong_attack_se.tres frame 4 authored atlas with foot anchor
[package-contract] PASS res://assets/anim/lin_chong_attack_se.tres frame 4 production source resolves
[package-contract] PASS res://assets/anim/lin_chong_attack_se.tres frame 4 runtime frame matches
[package-contract] PASS res://assets/anim/lin_chong_attack_sw.tres is SpriteFrames
[package-contract] PASS res://assets/anim/lin_chong_attack_sw.tres exact authored frame count
[package-contract] PASS res://assets/anim/lin_chong_attack_sw.tres runtime routing preserves frame count
[package-contract] PASS res://assets/anim/lin_chong_attack_sw.tres frame 0 authored atlas with foot anchor
[package-contract] PASS res://assets/anim/lin_chong_attack_sw.tres frame 0 production source resolves
[package-contract] PASS res://assets/anim/lin_chong_attack_sw.tres frame 0 runtime frame matches
[package-contract] PASS res://assets/anim/lin_chong_attack_sw.tres frame 1 authored atlas with foot anchor
[package-contract] PASS res://assets/anim/lin_chong_attack_sw.tres frame 1 production source resolves
[package-contract] PASS res://assets/anim/lin_chong_attack_sw.tres frame 1 runtime frame matches
[package-contract] PASS res://assets/anim/lin_chong_attack_sw.tres frame 2 authored atlas with foot anchor
[package-contract] PASS res://assets/anim/lin_chong_attack_sw.tres frame 2 production source resolves
[package-contract] PASS res://assets/anim/lin_chong_attack_sw.tres frame 2 runtime frame matches
[package-contract] PASS res://assets/anim/lin_chong_attack_sw.tres frame 3 authored atlas with foot anchor
[package-contract] PASS res://assets/anim/lin_chong_attack_sw.tres frame 3 production source resolves
[package-contract] PASS res://assets/anim/lin_chong_attack_sw.tres frame 3 runtime frame matches
[package-contract] PASS res://assets/anim/lin_chong_attack_sw.tres frame 4 authored atlas with foot anchor
[package-contract] PASS res://assets/anim/lin_chong_attack_sw.tres frame 4 production source resolves
[package-contract] PASS res://assets/anim/lin_chong_attack_sw.tres frame 4 runtime frame matches
[package-contract] PASS res://assets/anim/lin_chong_death_ne.tres is SpriteFrames
[package-contract] PASS res://assets/anim/lin_chong_death_ne.tres exact authored frame count
[package-contract] PASS res://assets/anim/lin_chong_death_ne.tres runtime routing preserves frame count
[package-contract] PASS res://assets/anim/lin_chong_death_ne.tres frame 0 authored atlas with foot anchor
[package-contract] PASS res://assets/anim/lin_chong_death_ne.tres frame 0 production source resolves
[package-contract] PASS res://assets/anim/lin_chong_death_ne.tres frame 0 runtime frame matches
[package-contract] PASS res://assets/anim/lin_chong_death_ne.tres frame 1 authored atlas with foot anchor
[package-contract] PASS res://assets/anim/lin_chong_death_ne.tres frame 1 production source resolves
[package-contract] PASS res://assets/anim/lin_chong_death_ne.tres frame 1 runtime frame matches
[package-contract] PASS res://assets/anim/lin_chong_death_ne.tres frame 2 authored atlas with foot anchor
[package-contract] PASS res://assets/anim/lin_chong_death_ne.tres frame 2 production source resolves
[package-contract] PASS res://assets/anim/lin_chong_death_ne.tres frame 2 runtime frame matches
[package-contract] PASS res://assets/anim/lin_chong_death_ne.tres frame 3 authored atlas with foot anchor
[package-contract] PASS res://assets/anim/lin_chong_death_ne.tres frame 3 production source resolves
[package-contract] PASS res://assets/anim/lin_chong_death_ne.tres frame 3 runtime frame matches
[package-contract] PASS res://assets/anim/lin_chong_death_nw.tres is SpriteFrames
[package-contract] PASS res://assets/anim/lin_chong_death_nw.tres exact authored frame count
[package-contract] PASS res://assets/anim/lin_chong_death_nw.tres runtime routing preserves frame count
[package-contract] PASS res://assets/anim/lin_chong_death_nw.tres frame 0 authored atlas with foot anchor
[package-contract] PASS res://assets/anim/lin_chong_death_nw.tres frame 0 production source resolves
[package-contract] PASS res://assets/anim/lin_chong_death_nw.tres frame 0 runtime frame matches
[package-contract] PASS res://assets/anim/lin_chong_death_nw.tres frame 1 authored atlas with foot anchor
[package-contract] PASS res://assets/anim/lin_chong_death_nw.tres frame 1 production source resolves
[package-contract] PASS res://assets/anim/lin_chong_death_nw.tres frame 1 runtime frame matches
[package-contract] PASS res://assets/anim/lin_chong_death_nw.tres frame 2 authored atlas with foot anchor
[package-contract] PASS res://assets/anim/lin_chong_death_nw.tres frame 2 production source resolves
[package-contract] PASS res://assets/anim/lin_chong_death_nw.tres frame 2 runtime frame matches
[package-contract] PASS res://assets/anim/lin_chong_death_nw.tres frame 3 authored atlas with foot anchor
[package-contract] PASS res://assets/anim/lin_chong_death_nw.tres frame 3 production source resolves
[package-contract] PASS res://assets/anim/lin_chong_death_nw.tres frame 3 runtime frame matches
[package-contract] PASS res://assets/anim/lin_chong_death_se.tres is SpriteFrames
[package-contract] PASS res://assets/anim/lin_chong_death_se.tres exact authored frame count
[package-contract] PASS res://assets/anim/lin_chong_death_se.tres runtime routing preserves frame count
[package-contract] PASS res://assets/anim/lin_chong_death_se.tres frame 0 authored atlas with foot anchor
[package-contract] PASS res://assets/anim/lin_chong_death_se.tres frame 0 production source resolves
[package-contract] PASS res://assets/anim/lin_chong_death_se.tres frame 0 runtime frame matches
[package-contract] PASS res://assets/anim/lin_chong_death_se.tres frame 1 authored atlas with foot anchor
[package-contract] PASS res://assets/anim/lin_chong_death_se.tres frame 1 production source resolves
[package-contract] PASS res://assets/anim/lin_chong_death_se.tres frame 1 runtime frame matches
[package-contract] PASS res://assets/anim/lin_chong_death_se.tres frame 2 authored atlas with foot anchor
[package-contract] PASS res://assets/anim/lin_chong_death_se.tres frame 2 production source resolves
[package-contract] PASS res://assets/anim/lin_chong_death_se.tres frame 2 runtime frame matches
[package-contract] PASS res://assets/anim/lin_chong_death_se.tres frame 3 authored atlas with foot anchor
[package-contract] PASS res://assets/anim/lin_chong_death_se.tres frame 3 production source resolves
[package-contract] PASS res://assets/anim/lin_chong_death_se.tres frame 3 runtime frame matches
[package-contract] PASS res://assets/anim/lin_chong_death_sw.tres is SpriteFrames
[package-contract] PASS res://assets/anim/lin_chong_death_sw.tres exact authored frame count
[package-contract] PASS res://assets/anim/lin_chong_death_sw.tres runtime routing preserves frame count
[package-contract] PASS res://assets/anim/lin_chong_death_sw.tres frame 0 authored atlas with foot anchor
[package-contract] PASS res://assets/anim/lin_chong_death_sw.tres frame 0 production source resolves
[package-contract] PASS res://assets/anim/lin_chong_death_sw.tres frame 0 runtime frame matches
[package-contract] PASS res://assets/anim/lin_chong_death_sw.tres frame 1 authored atlas with foot anchor
[package-contract] PASS res://assets/anim/lin_chong_death_sw.tres frame 1 production source resolves
[package-contract] PASS res://assets/anim/lin_chong_death_sw.tres frame 1 runtime frame matches
[package-contract] PASS res://assets/anim/lin_chong_death_sw.tres frame 2 authored atlas with foot anchor
[package-contract] PASS res://assets/anim/lin_chong_death_sw.tres frame 2 production source resolves
[package-contract] PASS res://assets/anim/lin_chong_death_sw.tres frame 2 runtime frame matches
[package-contract] PASS res://assets/anim/lin_chong_death_sw.tres frame 3 authored atlas with foot anchor
[package-contract] PASS res://assets/anim/lin_chong_death_sw.tres frame 3 production source resolves
[package-contract] PASS res://assets/anim/lin_chong_death_sw.tres frame 3 runtime frame matches
[package-contract] PASS res://assets/anim/lin_chong_hurt_ne.tres is SpriteFrames
[package-contract] PASS res://assets/anim/lin_chong_hurt_ne.tres exact authored frame count
[package-contract] PASS res://assets/anim/lin_chong_hurt_ne.tres runtime routing preserves frame count
[package-contract] PASS res://assets/anim/lin_chong_hurt_ne.tres frame 0 authored atlas with foot anchor
[package-contract] PASS res://assets/anim/lin_chong_hurt_ne.tres frame 0 production source resolves
[package-contract] PASS res://assets/anim/lin_chong_hurt_ne.tres frame 0 runtime frame matches
[package-contract] PASS res://assets/anim/lin_chong_hurt_nw.tres is SpriteFrames
[package-contract] PASS res://assets/anim/lin_chong_hurt_nw.tres exact authored frame count
[package-contract] PASS res://assets/anim/lin_chong_hurt_nw.tres runtime routing preserves frame count
[package-contract] PASS res://assets/anim/lin_chong_hurt_nw.tres frame 0 authored atlas with foot anchor
[package-contract] PASS res://assets/anim/lin_chong_hurt_nw.tres frame 0 production source resolves
[package-contract] PASS res://assets/anim/lin_chong_hurt_nw.tres frame 0 runtime frame matches
[package-contract] PASS res://assets/anim/lin_chong_hurt_se.tres is SpriteFrames
[package-contract] PASS res://assets/anim/lin_chong_hurt_se.tres exact authored frame count
[package-contract] PASS res://assets/anim/lin_chong_hurt_se.tres runtime routing preserves frame count
[package-contract] PASS res://assets/anim/lin_chong_hurt_se.tres frame 0 authored atlas with foot anchor
[package-contract] PASS res://assets/anim/lin_chong_hurt_se.tres frame 0 production source resolves
[package-contract] PASS res://assets/anim/lin_chong_hurt_se.tres frame 0 runtime frame matches
[package-contract] PASS res://assets/anim/lin_chong_hurt_sw.tres is SpriteFrames
[package-contract] PASS res://assets/anim/lin_chong_hurt_sw.tres exact authored frame count
[package-contract] PASS res://assets/anim/lin_chong_hurt_sw.tres runtime routing preserves frame count
[package-contract] PASS res://assets/anim/lin_chong_hurt_sw.tres frame 0 authored atlas with foot anchor
[package-contract] PASS res://assets/anim/lin_chong_hurt_sw.tres frame 0 production source resolves
[package-contract] PASS res://assets/anim/lin_chong_hurt_sw.tres frame 0 runtime frame matches
[package-contract] PASS res://assets/anim/lin_chong_idle_ne.tres is SpriteFrames
[package-contract] PASS res://assets/anim/lin_chong_idle_ne.tres exact authored frame count
[package-contract] PASS res://assets/anim/lin_chong_idle_ne.tres runtime routing preserves frame count
[package-contract] PASS res://assets/anim/lin_chong_idle_ne.tres frame 0 authored atlas with foot anchor
[package-contract] PASS res://assets/anim/lin_chong_idle_ne.tres frame 0 production source resolves
[package-contract] PASS res://assets/anim/lin_chong_idle_ne.tres frame 0 runtime frame matches
[package-contract] PASS res://assets/anim/lin_chong_idle_nw.tres is SpriteFrames
[package-contract] PASS res://assets/anim/lin_chong_idle_nw.tres exact authored frame count
[package-contract] PASS res://assets/anim/lin_chong_idle_nw.tres runtime routing preserves frame count
[package-contract] PASS res://assets/anim/lin_chong_idle_nw.tres frame 0 authored atlas with foot anchor
[package-contract] PASS res://assets/anim/lin_chong_idle_nw.tres frame 0 production source resolves
[package-contract] PASS res://assets/anim/lin_chong_idle_nw.tres frame 0 runtime frame matches
[package-contract] PASS res://assets/anim/lin_chong_idle_se.tres is SpriteFrames
[package-contract] PASS res://assets/anim/lin_chong_idle_se.tres exact authored frame count
[package-contract] PASS res://assets/anim/lin_chong_idle_se.tres runtime routing preserves frame count
[package-contract] PASS res://assets/anim/lin_chong_idle_se.tres frame 0 authored atlas with foot anchor
[package-contract] PASS res://assets/anim/lin_chong_idle_se.tres frame 0 production source resolves
[package-contract] PASS res://assets/anim/lin_chong_idle_se.tres frame 0 runtime frame matches
[package-contract] PASS res://assets/anim/lin_chong_idle_sw.tres is SpriteFrames
[package-contract] PASS res://assets/anim/lin_chong_idle_sw.tres exact authored frame count
[package-contract] PASS res://assets/anim/lin_chong_idle_sw.tres runtime routing preserves frame count
[package-contract] PASS res://assets/anim/lin_chong_idle_sw.tres frame 0 authored atlas with foot anchor
[package-contract] PASS res://assets/anim/lin_chong_idle_sw.tres frame 0 production source resolves
[package-contract] PASS res://assets/anim/lin_chong_idle_sw.tres frame 0 runtime frame matches
[package-contract] PASS res://assets/anim/lin_chong_walk_ne.tres is SpriteFrames
[package-contract] PASS res://assets/anim/lin_chong_walk_ne.tres exact authored frame count
[package-contract] PASS res://assets/anim/lin_chong_walk_ne.tres runtime routing preserves frame count
[package-contract] PASS res://assets/anim/lin_chong_walk_ne.tres frame 0 authored atlas with foot anchor
[package-contract] PASS res://assets/anim/lin_chong_walk_ne.tres frame 0 production source resolves
[package-contract] PASS res://assets/anim/lin_chong_walk_ne.tres frame 0 runtime frame matches
[package-contract] PASS res://assets/anim/lin_chong_walk_ne.tres frame 1 authored atlas with foot anchor
[package-contract] PASS res://assets/anim/lin_chong_walk_ne.tres frame 1 production source resolves
[package-contract] PASS res://assets/anim/lin_chong_walk_ne.tres frame 1 runtime frame matches
[package-contract] PASS res://assets/anim/lin_chong_walk_ne.tres frame 2 authored atlas with foot anchor
[package-contract] PASS res://assets/anim/lin_chong_walk_ne.tres frame 2 production source resolves
[package-contract] PASS res://assets/anim/lin_chong_walk_ne.tres frame 2 runtime frame matches
[package-contract] PASS res://assets/anim/lin_chong_walk_ne.tres frame 3 authored atlas with foot anchor
[package-contract] PASS res://assets/anim/lin_chong_walk_ne.tres frame 3 production source resolves
[package-contract] PASS res://assets/anim/lin_chong_walk_ne.tres frame 3 runtime frame matches
[package-contract] PASS res://assets/anim/lin_chong_walk_nw.tres is SpriteFrames
[package-contract] PASS res://assets/anim/lin_chong_walk_nw.tres exact authored frame count
[package-contract] PASS res://assets/anim/lin_chong_walk_nw.tres runtime routing preserves frame count
[package-contract] PASS res://assets/anim/lin_chong_walk_nw.tres frame 0 authored atlas with foot anchor
[package-contract] PASS res://assets/anim/lin_chong_walk_nw.tres frame 0 production source resolves
[package-contract] PASS res://assets/anim/lin_chong_walk_nw.tres frame 0 runtime frame matches
[package-contract] PASS res://assets/anim/lin_chong_walk_nw.tres frame 1 authored atlas with foot anchor
[package-contract] PASS res://assets/anim/lin_chong_walk_nw.tres frame 1 production source resolves
[package-contract] PASS res://assets/anim/lin_chong_walk_nw.tres frame 1 runtime frame matches
[package-contract] PASS res://assets/anim/lin_chong_walk_nw.tres frame 2 authored atlas with foot anchor
[package-contract] PASS res://assets/anim/lin_chong_walk_nw.tres frame 2 production source resolves
[package-contract] PASS res://assets/anim/lin_chong_walk_nw.tres frame 2 runtime frame matches
[package-contract] PASS res://assets/anim/lin_chong_walk_nw.tres frame 3 authored atlas with foot anchor
[package-contract] PASS res://assets/anim/lin_chong_walk_nw.tres frame 3 production source resolves
[package-contract] PASS res://assets/anim/lin_chong_walk_nw.tres frame 3 runtime frame matches
[package-contract] PASS res://assets/anim/lin_chong_walk_se.tres is SpriteFrames
[package-contract] PASS res://assets/anim/lin_chong_walk_se.tres exact authored frame count
[package-contract] PASS res://assets/anim/lin_chong_walk_se.tres runtime routing preserves frame count
[package-contract] PASS res://assets/anim/lin_chong_walk_se.tres frame 0 authored atlas with foot anchor
[package-contract] PASS res://assets/anim/lin_chong_walk_se.tres frame 0 production source resolves
[package-contract] PASS res://assets/anim/lin_chong_walk_se.tres frame 0 runtime frame matches
[package-contract] PASS res://assets/anim/lin_chong_walk_se.tres frame 1 authored atlas with foot anchor
[package-contract] PASS res://assets/anim/lin_chong_walk_se.tres frame 1 production source resolves
[package-contract] PASS res://assets/anim/lin_chong_walk_se.tres frame 1 runtime frame matches
[package-contract] PASS res://assets/anim/lin_chong_walk_se.tres frame 2 authored atlas with foot anchor
[package-contract] PASS res://assets/anim/lin_chong_walk_se.tres frame 2 production source resolves
[package-contract] PASS res://assets/anim/lin_chong_walk_se.tres frame 2 runtime frame matches
[package-contract] PASS res://assets/anim/lin_chong_walk_se.tres frame 3 authored atlas with foot anchor
[package-contract] PASS res://assets/anim/lin_chong_walk_se.tres frame 3 production source resolves
[package-contract] PASS res://assets/anim/lin_chong_walk_se.tres frame 3 runtime frame matches
[package-contract] PASS res://assets/anim/lin_chong_walk_sw.tres is SpriteFrames
[package-contract] PASS res://assets/anim/lin_chong_walk_sw.tres exact authored frame count
[package-contract] PASS res://assets/anim/lin_chong_walk_sw.tres runtime routing preserves frame count
[package-contract] PASS res://assets/anim/lin_chong_walk_sw.tres frame 0 authored atlas with foot anchor
[package-contract] PASS res://assets/anim/lin_chong_walk_sw.tres frame 0 production source resolves
[package-contract] PASS res://assets/anim/lin_chong_walk_sw.tres frame 0 runtime frame matches
[package-contract] PASS res://assets/anim/lin_chong_walk_sw.tres frame 1 authored atlas with foot anchor
[package-contract] PASS res://assets/anim/lin_chong_walk_sw.tres frame 1 production source resolves
[package-contract] PASS res://assets/anim/lin_chong_walk_sw.tres frame 1 runtime frame matches
[package-contract] PASS res://assets/anim/lin_chong_walk_sw.tres frame 2 authored atlas with foot anchor
[package-contract] PASS res://assets/anim/lin_chong_walk_sw.tres frame 2 production source resolves
[package-contract] PASS res://assets/anim/lin_chong_walk_sw.tres frame 2 runtime frame matches
[package-contract] PASS res://assets/anim/lin_chong_walk_sw.tres frame 3 authored atlas with foot anchor
[package-contract] PASS res://assets/anim/lin_chong_walk_sw.tres frame 3 production source resolves
[package-contract] PASS res://assets/anim/lin_chong_walk_sw.tres frame 3 runtime frame matches
[package-contract] PASS res://assets/anim/song_jiang_attack_ne.tres is SpriteFrames
[package-contract] PASS res://assets/anim/song_jiang_attack_ne.tres exact authored frame count
[package-contract] PASS res://assets/anim/song_jiang_attack_ne.tres runtime routing preserves frame count
[package-contract] PASS res://assets/anim/song_jiang_attack_ne.tres frame 0 authored atlas with foot anchor
[package-contract] PASS res://assets/anim/song_jiang_attack_ne.tres frame 0 production source resolves
[package-contract] PASS res://assets/anim/song_jiang_attack_ne.tres frame 0 runtime frame matches
[package-contract] PASS res://assets/anim/song_jiang_attack_ne.tres frame 1 authored atlas with foot anchor
[package-contract] PASS res://assets/anim/song_jiang_attack_ne.tres frame 1 production source resolves
[package-contract] PASS res://assets/anim/song_jiang_attack_ne.tres frame 1 runtime frame matches
[package-contract] PASS res://assets/anim/song_jiang_attack_ne.tres frame 2 authored atlas with foot anchor
[package-contract] PASS res://assets/anim/song_jiang_attack_ne.tres frame 2 production source resolves
[package-contract] PASS res://assets/anim/song_jiang_attack_ne.tres frame 2 runtime frame matches
[package-contract] PASS res://assets/anim/song_jiang_attack_nw.tres is SpriteFrames
[package-contract] PASS res://assets/anim/song_jiang_attack_nw.tres exact authored frame count
[package-contract] PASS res://assets/anim/song_jiang_attack_nw.tres runtime routing preserves frame count
[package-contract] PASS res://assets/anim/song_jiang_attack_nw.tres frame 0 authored atlas with foot anchor
[package-contract] PASS res://assets/anim/song_jiang_attack_nw.tres frame 0 production source resolves
[package-contract] PASS res://assets/anim/song_jiang_attack_nw.tres frame 0 runtime frame matches
[package-contract] PASS res://assets/anim/song_jiang_attack_nw.tres frame 1 authored atlas with foot anchor
[package-contract] PASS res://assets/anim/song_jiang_attack_nw.tres frame 1 production source resolves
[package-contract] PASS res://assets/anim/song_jiang_attack_nw.tres frame 1 runtime frame matches
[package-contract] PASS res://assets/anim/song_jiang_attack_nw.tres frame 2 authored atlas with foot anchor
[package-contract] PASS res://assets/anim/song_jiang_attack_nw.tres frame 2 production source resolves
[package-contract] PASS res://assets/anim/song_jiang_attack_nw.tres frame 2 runtime frame matches
[package-contract] PASS res://assets/anim/song_jiang_attack_se.tres is SpriteFrames
[package-contract] PASS res://assets/anim/song_jiang_attack_se.tres exact authored frame count
[package-contract] PASS res://assets/anim/song_jiang_attack_se.tres runtime routing preserves frame count
[package-contract] PASS res://assets/anim/song_jiang_attack_se.tres frame 0 authored atlas with foot anchor
[package-contract] PASS res://assets/anim/song_jiang_attack_se.tres frame 0 production source resolves
[package-contract] PASS res://assets/anim/song_jiang_attack_se.tres frame 0 runtime frame matches
[package-contract] PASS res://assets/anim/song_jiang_attack_se.tres frame 1 authored atlas with foot anchor
[package-contract] PASS res://assets/anim/song_jiang_attack_se.tres frame 1 production source resolves
[package-contract] PASS res://assets/anim/song_jiang_attack_se.tres frame 1 runtime frame matches
[package-contract] PASS res://assets/anim/song_jiang_attack_se.tres frame 2 authored atlas with foot anchor
[package-contract] PASS res://assets/anim/song_jiang_attack_se.tres frame 2 production source resolves
[package-contract] PASS res://assets/anim/song_jiang_attack_se.tres frame 2 runtime frame matches
[package-contract] PASS res://assets/anim/song_jiang_attack_sw.tres is SpriteFrames
[package-contract] PASS res://assets/anim/song_jiang_attack_sw.tres exact authored frame count
[package-contract] PASS res://assets/anim/song_jiang_attack_sw.tres runtime routing preserves frame count
[package-contract] PASS res://assets/anim/song_jiang_attack_sw.tres frame 0 authored atlas with foot anchor
[package-contract] PASS res://assets/anim/song_jiang_attack_sw.tres frame 0 production source resolves
[package-contract] PASS res://assets/anim/song_jiang_attack_sw.tres frame 0 runtime frame matches
[package-contract] PASS res://assets/anim/song_jiang_attack_sw.tres frame 1 authored atlas with foot anchor
[package-contract] PASS res://assets/anim/song_jiang_attack_sw.tres frame 1 production source resolves
[package-contract] PASS res://assets/anim/song_jiang_attack_sw.tres frame 1 runtime frame matches
[package-contract] PASS res://assets/anim/song_jiang_attack_sw.tres frame 2 authored atlas with foot anchor
[package-contract] PASS res://assets/anim/song_jiang_attack_sw.tres frame 2 production source resolves
[package-contract] PASS res://assets/anim/song_jiang_attack_sw.tres frame 2 runtime frame matches
[package-contract] PASS res://assets/anim/song_jiang_death_ne.tres is SpriteFrames
[package-contract] PASS res://assets/anim/song_jiang_death_ne.tres exact authored frame count
[package-contract] PASS res://assets/anim/song_jiang_death_ne.tres runtime routing preserves frame count
[package-contract] PASS res://assets/anim/song_jiang_death_ne.tres frame 0 authored atlas with foot anchor
[package-contract] PASS res://assets/anim/song_jiang_death_ne.tres frame 0 production source resolves
[package-contract] PASS res://assets/anim/song_jiang_death_ne.tres frame 0 runtime frame matches
[package-contract] PASS res://assets/anim/song_jiang_death_ne.tres frame 1 authored atlas with foot anchor
[package-contract] PASS res://assets/anim/song_jiang_death_ne.tres frame 1 production source resolves
[package-contract] PASS res://assets/anim/song_jiang_death_ne.tres frame 1 runtime frame matches
[package-contract] PASS res://assets/anim/song_jiang_death_ne.tres frame 2 authored atlas with foot anchor
[package-contract] PASS res://assets/anim/song_jiang_death_ne.tres frame 2 production source resolves
[package-contract] PASS res://assets/anim/song_jiang_death_ne.tres frame 2 runtime frame matches
[package-contract] PASS res://assets/anim/song_jiang_death_ne.tres frame 3 authored atlas with foot anchor
[package-contract] PASS res://assets/anim/song_jiang_death_ne.tres frame 3 production source resolves
[package-contract] PASS res://assets/anim/song_jiang_death_ne.tres frame 3 runtime frame matches
[package-contract] PASS res://assets/anim/song_jiang_death_nw.tres is SpriteFrames
[package-contract] PASS res://assets/anim/song_jiang_death_nw.tres exact authored frame count
[package-contract] PASS res://assets/anim/song_jiang_death_nw.tres runtime routing preserves frame count
[package-contract] PASS res://assets/anim/song_jiang_death_nw.tres frame 0 authored atlas with foot anchor
[package-contract] PASS res://assets/anim/song_jiang_death_nw.tres frame 0 production source resolves
[package-contract] PASS res://assets/anim/song_jiang_death_nw.tres frame 0 runtime frame matches
[package-contract] PASS res://assets/anim/song_jiang_death_nw.tres frame 1 authored atlas with foot anchor
[package-contract] PASS res://assets/anim/song_jiang_death_nw.tres frame 1 production source resolves
[package-contract] PASS res://assets/anim/song_jiang_death_nw.tres frame 1 runtime frame matches
[package-contract] PASS res://assets/anim/song_jiang_death_nw.tres frame 2 authored atlas with foot anchor
[package-contract] PASS res://assets/anim/song_jiang_death_nw.tres frame 2 production source resolves
[package-contract] PASS res://assets/anim/song_jiang_death_nw.tres frame 2 runtime frame matches
[package-contract] PASS res://assets/anim/song_jiang_death_nw.tres frame 3 authored atlas with foot anchor
[package-contract] PASS res://assets/anim/song_jiang_death_nw.tres frame 3 production source resolves
[package-contract] PASS res://assets/anim/song_jiang_death_nw.tres frame 3 runtime frame matches
[package-contract] PASS res://assets/anim/song_jiang_death_se.tres is SpriteFrames
[package-contract] PASS res://assets/anim/song_jiang_death_se.tres exact authored frame count
[package-contract] PASS res://assets/anim/song_jiang_death_se.tres runtime routing preserves frame count
[package-contract] PASS res://assets/anim/song_jiang_death_se.tres frame 0 authored atlas with foot anchor
[package-contract] PASS res://assets/anim/song_jiang_death_se.tres frame 0 production source resolves
[package-contract] PASS res://assets/anim/song_jiang_death_se.tres frame 0 runtime frame matches
[package-contract] PASS res://assets/anim/song_jiang_death_se.tres frame 1 authored atlas with foot anchor
[package-contract] PASS res://assets/anim/song_jiang_death_se.tres frame 1 production source resolves
[package-contract] PASS res://assets/anim/song_jiang_death_se.tres frame 1 runtime frame matches
[package-contract] PASS res://assets/anim/song_jiang_death_se.tres frame 2 authored atlas with foot anchor
[package-contract] PASS res://assets/anim/song_jiang_death_se.tres frame 2 production source resolves
[package-contract] PASS res://assets/anim/song_jiang_death_se.tres frame 2 runtime frame matches
[package-contract] PASS res://assets/anim/song_jiang_death_se.tres frame 3 authored atlas with foot anchor
[package-contract] PASS res://assets/anim/song_jiang_death_se.tres frame 3 production source resolves
[package-contract] PASS res://assets/anim/song_jiang_death_se.tres frame 3 runtime frame matches
[package-contract] PASS res://assets/anim/song_jiang_death_sw.tres is SpriteFrames
[package-contract] PASS res://assets/anim/song_jiang_death_sw.tres exact authored frame count
[package-contract] PASS res://assets/anim/song_jiang_death_sw.tres runtime routing preserves frame count
[package-contract] PASS res://assets/anim/song_jiang_death_sw.tres frame 0 authored atlas with foot anchor
[package-contract] PASS res://assets/anim/song_jiang_death_sw.tres frame 0 production source resolves
[package-contract] PASS res://assets/anim/song_jiang_death_sw.tres frame 0 runtime frame matches
[package-contract] PASS res://assets/anim/song_jiang_death_sw.tres frame 1 authored atlas with foot anchor
[package-contract] PASS res://assets/anim/song_jiang_death_sw.tres frame 1 production source resolves
[package-contract] PASS res://assets/anim/song_jiang_death_sw.tres frame 1 runtime frame matches
[package-contract] PASS res://assets/anim/song_jiang_death_sw.tres frame 2 authored atlas with foot anchor
[package-contract] PASS res://assets/anim/song_jiang_death_sw.tres frame 2 production source resolves
[package-contract] PASS res://assets/anim/song_jiang_death_sw.tres frame 2 runtime frame matches
[package-contract] PASS res://assets/anim/song_jiang_death_sw.tres frame 3 authored atlas with foot anchor
[package-contract] PASS res://assets/anim/song_jiang_death_sw.tres frame 3 production source resolves
[package-contract] PASS res://assets/anim/song_jiang_death_sw.tres frame 3 runtime frame matches
[package-contract] PASS res://assets/anim/song_jiang_idle_ne.tres is SpriteFrames
[package-contract] PASS res://assets/anim/song_jiang_idle_ne.tres exact authored frame count
[package-contract] PASS res://assets/anim/song_jiang_idle_ne.tres runtime routing preserves frame count
[package-contract] PASS res://assets/anim/song_jiang_idle_ne.tres frame 0 authored atlas with foot anchor
[package-contract] PASS res://assets/anim/song_jiang_idle_ne.tres frame 0 production source resolves
[package-contract] PASS res://assets/anim/song_jiang_idle_ne.tres frame 0 runtime frame matches
[package-contract] PASS res://assets/anim/song_jiang_idle_nw.tres is SpriteFrames
[package-contract] PASS res://assets/anim/song_jiang_idle_nw.tres exact authored frame count
[package-contract] PASS res://assets/anim/song_jiang_idle_nw.tres runtime routing preserves frame count
[package-contract] PASS res://assets/anim/song_jiang_idle_nw.tres frame 0 authored atlas with foot anchor
[package-contract] PASS res://assets/anim/song_jiang_idle_nw.tres frame 0 production source resolves
[package-contract] PASS res://assets/anim/song_jiang_idle_nw.tres frame 0 runtime frame matches
[package-contract] PASS res://assets/anim/song_jiang_idle_se.tres is SpriteFrames
[package-contract] PASS res://assets/anim/song_jiang_idle_se.tres exact authored frame count
[package-contract] PASS res://assets/anim/song_jiang_idle_se.tres runtime routing preserves frame count
[package-contract] PASS res://assets/anim/song_jiang_idle_se.tres frame 0 authored atlas with foot anchor
[package-contract] PASS res://assets/anim/song_jiang_idle_se.tres frame 0 production source resolves
[package-contract] PASS res://assets/anim/song_jiang_idle_se.tres frame 0 runtime frame matches
[package-contract] PASS res://assets/anim/song_jiang_idle_sw.tres is SpriteFrames
[package-contract] PASS res://assets/anim/song_jiang_idle_sw.tres exact authored frame count
[package-contract] PASS res://assets/anim/song_jiang_idle_sw.tres runtime routing preserves frame count
[package-contract] PASS res://assets/anim/song_jiang_idle_sw.tres frame 0 authored atlas with foot anchor
[package-contract] PASS res://assets/anim/song_jiang_idle_sw.tres frame 0 production source resolves
[package-contract] PASS res://assets/anim/song_jiang_idle_sw.tres frame 0 runtime frame matches
[package-contract] PASS res://assets/anim/song_jiang_walk_ne.tres is SpriteFrames
[package-contract] PASS res://assets/anim/song_jiang_walk_ne.tres exact authored frame count
[package-contract] PASS res://assets/anim/song_jiang_walk_ne.tres runtime routing preserves frame count
[package-contract] PASS res://assets/anim/song_jiang_walk_ne.tres frame 0 authored atlas with foot anchor
[package-contract] PASS res://assets/anim/song_jiang_walk_ne.tres frame 0 production source resolves
[package-contract] PASS res://assets/anim/song_jiang_walk_ne.tres frame 0 runtime frame matches
[package-contract] PASS res://assets/anim/song_jiang_walk_ne.tres frame 1 authored atlas with foot anchor
[package-contract] PASS res://assets/anim/song_jiang_walk_ne.tres frame 1 production source resolves
[package-contract] PASS res://assets/anim/song_jiang_walk_ne.tres frame 1 runtime frame matches
[package-contract] PASS res://assets/anim/song_jiang_walk_nw.tres is SpriteFrames
[package-contract] PASS res://assets/anim/song_jiang_walk_nw.tres exact authored frame count
[package-contract] PASS res://assets/anim/song_jiang_walk_nw.tres runtime routing preserves frame count
[package-contract] PASS res://assets/anim/song_jiang_walk_nw.tres frame 0 authored atlas with foot anchor
[package-contract] PASS res://assets/anim/song_jiang_walk_nw.tres frame 0 production source resolves
[package-contract] PASS res://assets/anim/song_jiang_walk_nw.tres frame 0 runtime frame matches
[package-contract] PASS res://assets/anim/song_jiang_walk_nw.tres frame 1 authored atlas with foot anchor
[package-contract] PASS res://assets/anim/song_jiang_walk_nw.tres frame 1 production source resolves
[package-contract] PASS res://assets/anim/song_jiang_walk_nw.tres frame 1 runtime frame matches
[package-contract] PASS res://assets/anim/song_jiang_walk_se.tres is SpriteFrames
[package-contract] PASS res://assets/anim/song_jiang_walk_se.tres exact authored frame count
[package-contract] PASS res://assets/anim/song_jiang_walk_se.tres runtime routing preserves frame count
[package-contract] PASS res://assets/anim/song_jiang_walk_se.tres frame 0 authored atlas with foot anchor
[package-contract] PASS res://assets/anim/song_jiang_walk_se.tres frame 0 production source resolves
[package-contract] PASS res://assets/anim/song_jiang_walk_se.tres frame 0 runtime frame matches
[package-contract] PASS res://assets/anim/song_jiang_walk_se.tres frame 1 authored atlas with foot anchor
[package-contract] PASS res://assets/anim/song_jiang_walk_se.tres frame 1 production source resolves
[package-contract] PASS res://assets/anim/song_jiang_walk_se.tres frame 1 runtime frame matches
[package-contract] PASS res://assets/anim/song_jiang_walk_sw.tres is SpriteFrames
[package-contract] PASS res://assets/anim/song_jiang_walk_sw.tres exact authored frame count
[package-contract] PASS res://assets/anim/song_jiang_walk_sw.tres runtime routing preserves frame count
[package-contract] PASS res://assets/anim/song_jiang_walk_sw.tres frame 0 authored atlas with foot anchor
[package-contract] PASS res://assets/anim/song_jiang_walk_sw.tres frame 0 production source resolves
[package-contract] PASS res://assets/anim/song_jiang_walk_sw.tres frame 0 runtime frame matches
[package-contract] PASS res://assets/anim/song_jiang_walk_sw.tres frame 1 authored atlas with foot anchor
[package-contract] PASS res://assets/anim/song_jiang_walk_sw.tres frame 1 production source resolves
[package-contract] PASS res://assets/anim/song_jiang_walk_sw.tres frame 1 runtime frame matches
[package-contract] PASS res://assets/characters/lin_chong_direction4_20260906/ne.png imported production source
[package-contract] PASS res://assets/characters/lin_chong_direction4_20260906/ne_walk.png imported production source
[package-contract] PASS res://assets/characters/lin_chong_direction4_20260906/nw.png imported production source
[package-contract] PASS res://assets/characters/lin_chong_direction4_20260906/se.png imported production source
[package-contract] PASS res://assets/characters/lin_chong_direction4_20260906/sw.png imported production source
[package-contract] PASS res://assets/characters/lin_chong_direction4_20260906/sw_walk.png imported production source
[package-contract] PASS res://assets/characters/lin_chong_direction4_20260906/sw_windup.png imported production source
[package-contract] PASS res://assets/characters/song_jiang_direction4_20260906/attack_ne.png imported production source
[package-contract] PASS res://assets/characters/song_jiang_direction4_20260906/attack_nw.png imported production source
[package-contract] PASS res://assets/characters/song_jiang_direction4_20260906/attack_se.png imported production source
[package-contract] PASS res://assets/characters/song_jiang_direction4_20260906/attack_sw.png imported production source
[package-contract] PASS res://assets/characters/song_jiang_direction4_20260906/down_atlas.png imported production source
[package-contract] PASS res://assets/characters/song_jiang_direction4_20260906/fall_ne.png imported production source
[package-contract] PASS res://assets/characters/song_jiang_direction4_20260906/fall_nw.png imported production source
[package-contract] PASS res://assets/characters/song_jiang_direction4_20260906/fall_se.png imported production source
[package-contract] PASS res://assets/characters/song_jiang_direction4_20260906/fall_sw.png imported production source
[package-contract] PASS res://assets/characters/song_jiang_direction4_20260906/idle_ne.png imported production source
[package-contract] PASS res://assets/characters/song_jiang_direction4_20260906/idle_nw.png imported production source
[package-contract] PASS res://assets/characters/song_jiang_direction4_20260906/idle_se.png imported production source
[package-contract] PASS res://assets/characters/song_jiang_direction4_20260906/idle_sw.png imported production source
[package-contract] PASS res://assets/characters/song_jiang_direction4_20260906/walk_atlas.png imported production source
[package-contract] PASS res://assets/characters/song_jiang_direction4_20260906/walk_sw.png imported production source
[package-contract] PASS all 36 current hero SpriteFrames checked
[package-contract] PASS all 22 native production sources checked
[package-contract] PASS all 100 authored timeline entries checked
PACKAGE_CONTRACT_RESULT {"checks":437,"failures":[],"frames":100,"passed":true}
