Godot Engine v4.6.3.stable.official.7d41c59c4 - https://godotengine.org

[runtime-check] PASS frozen complete bf3e1a6 acquire hash matches
[runtime-check] PASS frozen complete acquire method compiles on actual Unit
[prof] bench(def): 200 敌 vs 6 英雄
[runtime-check] PASS same filtered identities and order for every query: ordinary
[runtime-check] PASS query leaves input grid/list membership and order unchanged: ordinary
[runtime-check] PASS same filtered identities and order for every query: reverse
[runtime-check] PASS query leaves input grid/list membership and order unchanged: reverse
[runtime-check] PASS same filtered identities and order for every query: duplicates
[runtime-check] PASS query leaves input grid/list membership and order unchanged: duplicates
[runtime-check] PASS same filtered identities and order for every query: empty_bucket
[runtime-check] PASS query leaves input grid/list membership and order unchanged: empty_bucket
[runtime-check] PASS same filtered identities and order for every query: moved_after_grid
[runtime-check] PASS query leaves input grid/list membership and order unchanged: moved_after_grid
[runtime-check] PASS same filtered identities and order for every query: faction_changes
[runtime-check] PASS query leaves input grid/list membership and order unchanged: faction_changes
[runtime-check] PASS same filtered identities and order for every query: invalid_entries
[runtime-check] PASS query leaves input grid/list membership and order unchanged: invalid_entries
[runtime-check] PASS same filtered identities and order for every query: no_grid
[runtime-check] PASS query leaves input grid/list membership and order unchanged: no_grid
[runtime-check] PASS complete acquire state and exact selected object match: normal
[runtime-check] PASS complete acquire state and exact selected object match: ties
[runtime-check] PASS complete acquire state and exact selected object match: reverse_ties
[runtime-check] PASS complete acquire state and exact selected object match: same_target
[runtime-check] PASS complete acquire state and exact selected object match: closer_target
[runtime-check] PASS complete acquire state and exact selected object match: wounded
[runtime-check] PASS complete acquire state and exact selected object match: hero
[runtime-check] PASS complete acquire state and exact selected object match: siege
[runtime-check] PASS complete acquire state and exact selected object match: ranged
[runtime-check] PASS complete acquire state and exact selected object match: attacking_self
[runtime-check] PASS complete acquire state and exact selected object match: focus_counts
[runtime-check] PASS complete acquire state and exact selected object match: hidden_reeds
[runtime-check] PASS complete acquire state and exact selected object match: invisible
[runtime-check] PASS complete acquire state and exact selected object match: resource
[runtime-check] PASS complete acquire state and exact selected object match: garrisoned
[runtime-check] PASS complete acquire state and exact selected object match: story
[runtime-check] PASS complete acquire state and exact selected object match: captive
[runtime-check] PASS complete acquire state and exact selected object match: pending_build
[runtime-check] PASS complete acquire state and exact selected object match: no_auto_target
[runtime-check] PASS complete acquire state and exact selected object match: dead
[runtime-check] PASS complete acquire state and exact selected object match: giveup
[runtime-check] PASS complete acquire state and exact selected object match: convert_enemy
[runtime-check] PASS complete acquire state and exact selected object match: convert_ally
[runtime-check] PASS complete acquire state and exact selected object match: duplicate_bucket
[runtime-check] PASS complete acquire state and exact selected object match: bucket_only
[runtime-check] PASS complete acquire state and exact selected object match: moved_after_grid
[runtime-check] PASS complete acquire state and exact selected object match: no_grid
SCRIPT ERROR: Out of bounds get index '1028' (on base: 'PackedByteArray')
   at: Battle.is_visible_world (res://scripts/battle.gd:3912)
   GDScript backtrace (most recent call first):
       [0] is_visible_world (res://scripts/battle.gd:3912)
       [1] target_visible_to (res://scripts/battle.gd:3963)
       [2] _qa_reference_acquire (gdscript://-9223371949512587172.gd:28)
       [3] _decision_pair (res://tools/enemy_candidates_qa.gd:23)
       [4] _decision_cases (res://tools/enemy_candidates_qa.gd:117)
       [5] _run (res://tools/enemy_candidates_qa.gd:176)
SCRIPT ERROR: Out of bounds get index '1029' (on base: 'PackedByteArray')
   at: Battle.is_visible_world (res://scripts/battle.gd:3912)
   GDScript backtrace (most recent call first):
       [0] is_visible_world (res://scripts/battle.gd:3912)
       [1] target_visible_to (res://scripts/battle.gd:3963)
       [2] _qa_reference_acquire (gdscript://-9223371949512587172.gd:28)
       [3] _decision_pair (res://tools/enemy_candidates_qa.gd:23)
       [4] _decision_cases (res://tools/enemy_candidates_qa.gd:117)
       [5] _run (res://tools/enemy_candidates_qa.gd:176)
SCRIPT ERROR: Out of bounds get index '1030' (on base: 'PackedByteArray')
   at: Battle.is_visible_world (res://scripts/battle.gd:3912)
   GDScript backtrace (most recent call first):
       [0] is_visible_world (res://scripts/battle.gd:3912)
       [1] target_visible_to (res://scripts/battle.gd:3963)
       [2] _qa_reference_acquire (gdscript://-9223371949512587172.gd:28)
       [3] _decision_pair (res://tools/enemy_candidates_qa.gd:23)
       [4] _decision_cases (res://tools/enemy_candidates_qa.gd:117)
       [5] _run (res://tools/enemy_candidates_qa.gd:176)
SCRIPT ERROR: Out of bounds get index '1028' (on base: 'PackedByteArray')
   at: Battle.is_visible_world (res://scripts/battle.gd:3912)
   GDScript backtrace (most recent call first):
       [0] is_visible_world (res://scripts/battle.gd:3912)
       [1] target_visible_to (res://scripts/battle.gd:3963)
       [2] _acquire (res://scripts/unit.gd:2189)
       [3] _decision_pair (res://tools/enemy_candidates_qa.gd:25)
       [4] _decision_cases (res://tools/enemy_candidates_qa.gd:117)
       [5] _run (res://tools/enemy_candidates_qa.gd:176)
SCRIPT ERROR: Out of bounds get index '1029' (on base: 'PackedByteArray')
   at: Battle.is_visible_world (res://scripts/battle.gd:3912)
   GDScript backtrace (most recent call first):
       [0] is_visible_world (res://scripts/battle.gd:3912)
       [1] target_visible_to (res://scripts/battle.gd:3963)
       [2] _acquire (res://scripts/unit.gd:2189)
       [3] _decision_pair (res://tools/enemy_candidates_qa.gd:25)
       [4] _decision_cases (res://tools/enemy_candidates_qa.gd:117)
       [5] _run (res://tools/enemy_candidates_qa.gd:176)
SCRIPT ERROR: Out of bounds get index '1030' (on base: 'PackedByteArray')
   at: Battle.is_visible_world (res://scripts/battle.gd:3912)
   GDScript backtrace (most recent call first):
       [0] is_visible_world (res://scripts/battle.gd:3912)
       [1] target_visible_to (res://scripts/battle.gd:3963)
       [2] _acquire (res://scripts/unit.gd:2189)
       [3] _decision_pair (res://tools/enemy_candidates_qa.gd:25)
       [4] _decision_cases (res://tools/enemy_candidates_qa.gd:117)
       [5] _run (res://tools/enemy_candidates_qa.gd:176)
SCRIPT ERROR: Out of bounds get index '1028' (on base: 'PackedByteArray')
   at: Battle.is_visible_world (res://scripts/battle.gd:3912)
   GDScript backtrace (most recent call first):
       [0] is_visible_world (res://scripts/battle.gd:3912)
       [1] target_visible_to (res://scripts/battle.gd:3963)
       [2] _qa_reference_acquire (gdscript://-9223371949512587172.gd:28)
       [3] _decision_pair (res://tools/enemy_candidates_qa.gd:23)
       [4] _decision_cases (res://tools/enemy_candidates_qa.gd:117)
       [5] _run (res://tools/enemy_candidates_qa.gd:176)
SCRIPT ERROR: Out of bounds get index '1029' (on base: 'PackedByteArray')
   at: Battle.is_visible_world (res://scripts/battle.gd:3912)
   GDScript backtrace (most recent call first):
       [0] is_visible_world (res://scripts/battle.gd:3912)
       [1] target_visible_to (res://scripts/battle.gd:3963)
       [2] _qa_reference_acquire (gdscript://-9223371949512587172.gd:28)
       [3] _decision_pair (res://tools/enemy_candidates_qa.gd:23)
       [4] _decision_cases (res://tools/enemy_candidates_qa.gd:117)
       [5] _run (res://tools/enemy_candidates_qa.gd:176)
SCRIPT ERROR: Out of bounds get index '1030' (on base: 'PackedByteArray')
   at: Battle.is_visible_world (res://scripts/battle.gd:3912)
   GDScript backtrace (most recent call first):
       [0] is_visible_world (res://scripts/battle.gd:3912)
       [1] target_visible_to (res://scripts/battle.gd:3963)
       [2] _qa_reference_acquire (gdscript://-9223371949512587172.gd:28)
       [3] _decision_pair (res://tools/enemy_candidates_qa.gd:23)
       [4] _decision_cases (res://tools/enemy_candidates_qa.gd:117)
       [5] _run (res://tools/enemy_candidates_qa.gd:176)
SCRIPT ERROR: Out of bounds get index '1028' (on base: 'PackedByteArray')
   at: Battle.is_visible_world (res://scripts/battle.gd:3912)
   GDScript backtrace (most recent call first):
       [0] is_visible_world (res://scripts/battle.gd:3912)
       [1] target_visible_to (res://scripts/battle.gd:3963)
       [2] _acquire (res://scripts/unit.gd:2189)
       [3] _decision_pair (res://tools/enemy_candidates_qa.gd:25)
       [4] _decision_cases (res://tools/enemy_candidates_qa.gd:117)
       [5] _run (res://tools/enemy_candidates_qa.gd:176)
SCRIPT ERROR: Out of bounds get index '1029' (on base: 'PackedByteArray')
   at: Battle.is_visible_world (res://scripts/battle.gd:3912)
   GDScript backtrace (most recent call first):
       [0] is_visible_world (res://scripts/battle.gd:3912)
       [1] target_visible_to (res://scripts/battle.gd:3963)
       [2] _acquire (res://scripts/unit.gd:2189)
       [3] _decision_pair (res://tools/enemy_candidates_qa.gd:25)
       [4] _decision_cases (res://tools/enemy_candidates_qa.gd:117)
       [5] _run (res://tools/enemy_candidates_qa.gd:176)
SCRIPT ERROR: Out of bounds get index '1030' (on base: 'PackedByteArray')
   at: Battle.is_visible_world (res://scripts/battle.gd:3912)
   GDScript backtrace (most recent call first):
       [0] is_visible_world (res://scripts/battle.gd:3912)
       [1] target_visible_to (res://scripts/battle.gd:3963)
       [2] _acquire (res://scripts/unit.gd:2189)
       [3] _decision_pair (res://tools/enemy_candidates_qa.gd:25)
       [4] _decision_cases (res://tools/enemy_candidates_qa.gd:117)
       [5] _run (res://tools/enemy_candidates_qa.gd:176)
SCRIPT ERROR: Out of bounds get index '1028' (on base: 'PackedByteArray')
   at: Battle.is_visible_world (res://scripts/battle.gd:3912)
   GDScript backtrace (most recent call first):
       [0] is_visible_world (res://scripts/battle.gd:3912)
       [1] target_visible_to (res://scripts/battle.gd:3963)
       [2] _qa_reference_acquire (gdscript://-9223371949512587172.gd:28)
       [3] _decision_pair (res://tools/enemy_candidates_qa.gd:23)
       [4] _decision_cases (res://tools/enemy_candidates_qa.gd:117)
       [5] _run (res://tools/enemy_candidates_qa.gd:176)
SCRIPT ERROR: Out of bounds get index '1029' (on base: 'PackedByteArray')
   at: Battle.is_visible_world (res://scripts/battle.gd:3912)
   GDScript backtrace (most recent call first):
       [0] is_visible_world (res://scripts/battle.gd:3912)
       [1] target_visible_to (res://scripts/battle.gd:3963)
       [2] _qa_reference_acquire (gdscript://-9223371949512587172.gd:28)
       [3] _decision_pair (res://tools/enemy_candidates_qa.gd:23)
       [4] _decision_cases (res://tools/enemy_candidates_qa.gd:117)
       [5] _run (res://tools/enemy_candidates_qa.gd:176)
SCRIPT ERROR: Out of bounds get index '1028' (on base: 'PackedByteArray')
   at: Battle.is_visible_world (res://scripts/battle.gd:3912)
   GDScript backtrace (most recent call first):
       [0] is_visible_world (res://scripts/battle.gd:3912)
       [1] target_visible_to (res://scripts/battle.gd:3963)
       [2] _acquire (res://scripts/unit.gd:2189)
       [3] _decision_pair (res://tools/enemy_candidates_qa.gd:25)
       [4] _decision_cases (res://tools/enemy_candidates_qa.gd:117)
       [5] _run (res://tools/enemy_candidates_qa.gd:176)
SCRIPT ERROR: Out of bounds get index '1029' (on base: 'PackedByteArray')
   at: Battle.is_visible_world (res://scripts/battle.gd:3912)
   GDScript backtrace (most recent call first):
       [0] is_visible_world (res://scripts/battle.gd:3912)
       [1] target_visible_to (res://scripts/battle.gd:3963)
       [2] _acquire (res://scripts/unit.gd:2189)
       [3] _decision_pair (res://tools/enemy_candidates_qa.gd:25)
       [4] _decision_cases (res://tools/enemy_candidates_qa.gd:117)
       [5] _run (res://tools/enemy_candidates_qa.gd:176)
SCRIPT ERROR: Out of bounds get index '1028' (on base: 'PackedByteArray')
   at: Battle.is_visible_world (res://scripts/battle.gd:3912)
   GDScript backtrace (most recent call first):
       [0] is_visible_world (res://scripts/battle.gd:3912)
       [1] target_visible_to (res://scripts/battle.gd:3963)
       [2] _qa_reference_acquire (gdscript://-9223371949512587172.gd:28)
       [3] _decision_pair (res://tools/enemy_candidates_qa.gd:23)
       [4] _decision_cases (res://tools/enemy_candidates_qa.gd:117)
       [5] _run (res://tools/enemy_candidates_qa.gd:176)
SCRIPT ERROR: Out of bounds get index '1029' (on base: 'PackedByteArray')
   at: Battle.is_visible_world (res://scripts/battle.gd:3912)
   GDScript backtrace (most recent call first):
       [0] is_visible_world (res://scripts/battle.gd:3912)
       [1] target_visible_to (res://scripts/battle.gd:3963)
       [2] _qa_reference_acquire (gdscript://-9223371949512587172.gd:28)
       [3] _decision_pair (res://tools/enemy_candidates_qa.gd:23)
       [4] _decision_cases (res://tools/enemy_candidates_qa.gd:117)
       [5] _run (res://tools/enemy_candidates_qa.gd:176)
SCRIPT ERROR: Out of bounds get index '1028' (on base: 'PackedByteArray')
   at: Battle.is_visible_world (res://scripts/battle.gd:3912)
   GDScript backtrace (most recent call first):
       [0] is_visible_world (res://scripts/battle.gd:3912)
       [1] target_visible_to (res://scripts/battle.gd:3963)
       [2] _acquire (res://scripts/unit.gd:2189)
       [3] _decision_pair (res://tools/enemy_candidates_qa.gd:25)
       [4] _decision_cases (res://tools/enemy_candidates_qa.gd:117)
       [5] _run (res://tools/enemy_candidates_qa.gd:176)
SCRIPT ERROR: Out of bounds get index '1029' (on base: 'PackedByteArray')
   at: Battle.is_visible_world (res://scripts/battle.gd:3912)
   GDScript backtrace (most recent call first):
       [0] is_visible_world (res://scripts/battle.gd:3912)
       [1] target_visible_to (res://scripts/battle.gd:3963)
       [2] _acquire (res://scripts/unit.gd:2189)
       [3] _decision_pair (res://tools/enemy_candidates_qa.gd:25)
       [4] _decision_cases (res://tools/enemy_candidates_qa.gd:117)
       [5] _run (res://tools/enemy_candidates_qa.gd:176)
SCRIPT ERROR: Out of bounds get index '1028' (on base: 'PackedByteArray')
   at: Battle.is_visible_world (res://scripts/battle.gd:3912)
   GDScript backtrace (most recent call first):
       [0] is_visible_world (res://scripts/battle.gd:3912)
       [1] target_visible_to (res://scripts/battle.gd:3963)
       [2] _qa_reference_acquire (gdscript://-9223371949512587172.gd:28)
       [3] _decision_pair (res://tools/enemy_candidates_qa.gd:23)
       [4] _decision_cases (res://tools/enemy_candidates_qa.gd:117)
       [5] _run (res://tools/enemy_candidates_qa.gd:176)
SCRIPT ERROR: Out of bounds get index '1029' (on base: 'PackedByteArray')
   at: Battle.is_visible_world (res://scripts/battle.gd:3912)
   GDScript backtrace (most recent call first):
       [0] is_visible_world (res://scripts/battle.gd:3912)
       [1] target_visible_to (res://scripts/battle.gd:3963)
       [2] _qa_reference_acquire (gdscript://-9223371949512587172.gd:28)
       [3] _decision_pair (res://tools/enemy_candidates_qa.gd:23)
       [4] _decision_cases (res://tools/enemy_candidates_qa.gd:117)
       [5] _run (res://tools/enemy_candidates_qa.gd:176)
SCRIPT ERROR: Out of bounds get index '1030' (on base: 'PackedByteArray')
   at: Battle.is_visible_world (res://scripts/battle.gd:3912)
   GDScript backtrace (most recent call first):
       [0] is_visible_world (res://scripts/battle.gd:3912)
       [1] target_visible_to (res://scripts/battle.gd:3963)
       [2] _qa_reference_acquire (gdscript://-9223371949512587172.gd:28)
       [3] _decision_pair (res://tools/enemy_candidates_qa.gd:23)
       [4] _decision_cases (res://tools/enemy_candidates_qa.gd:117)
       [5] _run (res://tools/enemy_candidates_qa.gd:176)
SCRIPT ERROR: Out of bounds get index '1028' (on base: 'PackedByteArray')
   at: Battle.is_visible_world (res://scripts/battle.gd:3912)
   GDScript backtrace (most recent call first):
       [0] is_visible_world (res://scripts/battle.gd:3912)
       [1] target_visible_to (res://scripts/battle.gd:3963)
       [2] _acquire (res://scripts/unit.gd:2189)
       [3] _decision_pair (res://tools/enemy_candidates_qa.gd:25)
       [4] _decision_cases (res://tools/enemy_candidates_qa.gd:117)
       [5] _run (res://tools/enemy_candidates_qa.gd:176)
SCRIPT ERROR: Out of bounds get index '1029' (on base: 'PackedByteArray')
   at: Battle.is_visible_world (res://scripts/battle.gd:3912)
   GDScript backtrace (most recent call first):
       [0] is_visible_world (res://scripts/battle.gd:3912)
       [1] target_visible_to (res://scripts/battle.gd:3963)
       [2] _acquire (res://scripts/unit.gd:2189)
       [3] _decision_pair (res://tools/enemy_candidates_qa.gd:25)
       [4] _decision_cases (res://tools/enemy_candidates_qa.gd:117)
       [5] _run (res://tools/enemy_candidates_qa.gd:176)
SCRIPT ERROR: Out of bounds get index '1030' (on base: 'PackedByteArray')
   at: Battle.is_visible_world (res://scripts/battle.gd:3912)
   GDScript backtrace (most recent call first):
       [0] is_visible_world (res://scripts/battle.gd:3912)
       [1] target_visible_to (res://scripts/battle.gd:3963)
       [2] _acquire (res://scripts/unit.gd:2189)
       [3] _decision_pair (res://tools/enemy_candidates_qa.gd:25)
       [4] _decision_cases (res://tools/enemy_candidates_qa.gd:117)
       [5] _run (res://tools/enemy_candidates_qa.gd:176)
SCRIPT ERROR: Out of bounds get index '1028' (on base: 'PackedByteArray')
   at: Battle.is_visible_world (res://scripts/battle.gd:3912)
   GDScript backtrace (most recent call first):
       [0] is_visible_world (res://scripts/battle.gd:3912)
       [1] target_visible_to (res://scripts/battle.gd:3963)
       [2] _qa_reference_acquire (gdscript://-9223371949512587172.gd:28)
       [3] _decision_pair (res://tools/enemy_candidates_qa.gd:23)
       [4] _decision_cases (res://tools/enemy_candidates_qa.gd:117)
       [5] _run (res://tools/enemy_candidates_qa.gd:176)
SCRIPT ERROR: Out of bounds get index '1029' (on base: 'PackedByteArray')
   at: Battle.is_visible_world (res://scripts/battle.gd:3912)
   GDScript backtrace (most recent call first):
       [0] is_visible_world (res://scripts/battle.gd:3912)
       [1] target_visible_to (res://scripts/battle.gd:3963)
       [2] _qa_reference_acquire (gdscript://-9223371949512587172.gd:28)
       [3] _decision_pair (res://tools/enemy_candidates_qa.gd:23)
       [4] _decision_cases (res://tools/enemy_candidates_qa.gd:117)
       [5] _run (res://tools/enemy_candidates_qa.gd:176)
SCRIPT ERROR: Out of bounds get index '1030' (on base: 'PackedByteArray')
   at: Battle.is_visible_world (res://scripts/battle.gd:3912)
   GDScript backtrace (most recent call first):
       [0] is_visible_world (res://scripts/battle.gd:3912)
       [1] target_visible_to (res://scripts/battle.gd:3963)
       [2] _qa_reference_acquire (gdscript://-9223371949512587172.gd:28)
       [3] _decision_pair (res://tools/enemy_candidates_qa.gd:23)
       [4] _decision_cases (res://tools/enemy_candidates_qa.gd:117)
       [5] _run (res://tools/enemy_candidates_qa.gd:176)
SCRIPT ERROR: Out of bounds get index '1028' (on base: 'PackedByteArray')
   at: Battle.is_visible_world (res://scripts/battle.gd:3912)
   GDScript backtrace (most recent call first):
       [0] is_visible_world (res://scripts/battle.gd:3912)
       [1] target_visible_to (res://scripts/battle.gd:3963)
       [2] _acquire (res://scripts/unit.gd:2189)
       [3] _decision_pair (res://tools/enemy_candidates_qa.gd:25)
       [4] _decision_cases (res://tools/enemy_candidates_qa.gd:117)
       [5] _run (res://tools/enemy_candidates_qa.gd:176)
SCRIPT ERROR: Out of bounds get index '1029' (on base: 'PackedByteArray')
   at: Battle.is_visible_world (res://scripts/battle.gd:3912)
   GDScript backtrace (most recent call first):
       [0] is_visible_world (res://scripts/battle.gd:3912)
       [1] target_visible_to (res://scripts/battle.gd:3963)
       [2] _acquire (res://scripts/unit.gd:2189)
       [3] _decision_pair (res://tools/enemy_candidates_qa.gd:25)
       [4] _decision_cases (res://tools/enemy_candidates_qa.gd:117)
       [5] _run (res://tools/enemy_candidates_qa.gd:176)
SCRIPT ERROR: Out of bounds get index '1030' (on base: 'PackedByteArray')
   at: Battle.is_visible_world (res://scripts/battle.gd:3912)
   GDScript backtrace (most recent call first):
       [0] is_visible_world (res://scripts/battle.gd:3912)
       [1] target_visible_to (res://scripts/battle.gd:3963)
       [2] _acquire (res://scripts/unit.gd:2189)
       [3] _decision_pair (res://tools/enemy_candidates_qa.gd:25)
       [4] _decision_cases (res://tools/enemy_candidates_qa.gd:117)
       [5] _run (res://tools/enemy_candidates_qa.gd:176)
SCRIPT ERROR: Out of bounds get index '1028' (on base: 'PackedByteArray')
   at: Battle.is_visible_world (res://scripts/battle.gd:3912)
   GDScript backtrace (most recent call first):
       [0] is_visible_world (res://scripts/battle.gd:3912)
       [1] target_visible_to (res://scripts/battle.gd:3963)
       [2] _qa_reference_acquire (gdscript://-9223371949512587172.gd:28)
       [3] _decision_pair (res://tools/enemy_candidates_qa.gd:23)
       [4] _decision_cases (res://tools/enemy_candidates_qa.gd:117)
       [5] _run (res://tools/enemy_candidates_qa.gd:176)
SCRIPT ERROR: Out of bounds get index '1029' (on base: 'PackedByteArray')
   at: Battle.is_visible_world (res://scripts/battle.gd:3912)
   GDScript backtrace (most recent call first):
       [0] is_visible_world (res://scripts/battle.gd:3912)
       [1] target_visible_to (res://scripts/battle.gd:3963)
       [2] _qa_reference_acquire (gdscript://-9223371949512587172.gd:28)
       [3] _decision_pair (res://tools/enemy_candidates_qa.gd:23)
       [4] _decision_cases (res://tools/enemy_candidates_qa.gd:117)
       [5] _run (res://tools/enemy_candidates_qa.gd:176)
SCRIPT ERROR: Out of bounds get index '1030' (on base: 'PackedByteArray')
   at: Battle.is_visible_world (res://scripts/battle.gd:3912)
   GDScript backtrace (most recent call first):
       [0] is_visible_world (res://scripts/battle.gd:3912)
       [1] target_visible_to (res://scripts/battle.gd:3963)
       [2] _qa_reference_acquire (gdscript://-9223371949512587172.gd:28)
       [3] _decision_pair (res://tools/enemy_candidates_qa.gd:23)
       [4] _decision_cases (res://tools/enemy_candidates_qa.gd:117)
       [5] _run (res://tools/enemy_candidates_qa.gd:176)
SCRIPT ERROR: Out of bounds get index '1028' (on base: 'PackedByteArray')
   at: Battle.is_visible_world (res://scripts/battle.gd:3912)
   GDScript backtrace (most recent call first):
       [0] is_visible_world (res://scripts/battle.gd:3912)
       [1] target_visible_to (res://scripts/battle.gd:3963)
       [2] _acquire (res://scripts/unit.gd:2189)
       [3] _decision_pair (res://tools/enemy_candidates_qa.gd:25)
       [4] _decision_cases (res://tools/enemy_candidates_qa.gd:117)
       [5] _run (res://tools/enemy_candidates_qa.gd:176)
SCRIPT ERROR: Out of bounds get index '1029' (on base: 'PackedByteArray')
   at: Battle.is_visible_world (res://scripts/battle.gd:3912)
   GDScript backtrace (most recent call first):
       [0] is_visible_world (res://scripts/battle.gd:3912)
       [1] target_visible_to (res://scripts/battle.gd:3963)
       [2] _acquire (res://scripts/unit.gd:2189)
       [3] _decision_pair (res://tools/enemy_candidates_qa.gd:25)
       [4] _decision_cases (res://tools/enemy_candidates_qa.gd:117)
       [5] _run (res://tools/enemy_candidates_qa.gd:176)
SCRIPT ERROR: Out of bounds get index '1030' (on base: 'PackedByteArray')
   at: Battle.is_visible_world (res://scripts/battle.gd:3912)
   GDScript backtrace (most recent call first):
       [0] is_visible_world (res://scripts/battle.gd:3912)
       [1] target_visible_to (res://scripts/battle.gd:3963)
       [2] _acquire (res://scripts/unit.gd:2189)
       [3] _decision_pair (res://tools/enemy_candidates_qa.gd:25)
       [4] _decision_cases (res://tools/enemy_candidates_qa.gd:117)
       [5] _run (res://tools/enemy_candidates_qa.gd:176)
SCRIPT ERROR: Out of bounds get index '1028' (on base: 'PackedByteArray')
   at: Battle.is_visible_world (res://scripts/battle.gd:3912)
   GDScript backtrace (most recent call first):
       [0] is_visible_world (res://scripts/battle.gd:3912)
       [1] target_visible_to (res://scripts/battle.gd:3963)
       [2] _qa_reference_acquire (gdscript://-9223371949512587172.gd:28)
       [3] _decision_pair (res://tools/enemy_candidates_qa.gd:23)
       [4] _decision_cases (res://tools/enemy_candidates_qa.gd:117)
       [5] _run (res://tools/enemy_candidates_qa.gd:176)
SCRIPT ERROR: Out of bounds get index '1029' (on base: 'PackedByteArray')
   at: Battle.is_visible_world (res://scripts/battle.gd:3912)
   GDScript backtrace (most recent call first):
       [0] is_visible_world (res://scripts/battle.gd:3912)
       [1] target_visible_to (res://scripts/battle.gd:3963)
       [2] _qa_reference_acquire (gdscript://-9223371949512587172.gd:28)
       [3] _decision_pair (res://tools/enemy_candidates_qa.gd:23)
       [4] _decision_cases (res://tools/enemy_candidates_qa.gd:117)
       [5] _run (res://tools/enemy_candidates_qa.gd:176)
SCRIPT ERROR: Out of bounds get index '1030' (on base: 'PackedByteArray')
   at: Battle.is_visible_world (res://scripts/battle.gd:3912)
   GDScript backtrace (most recent call first):
       [0] is_visible_world (res://scripts/battle.gd:3912)
       [1] target_visible_to (res://scripts/battle.gd:3963)
       [2] _qa_reference_acquire (gdscript://-9223371949512587172.gd:28)
       [3] _decision_pair (res://tools/enemy_candidates_qa.gd:23)
       [4] _decision_cases (res://tools/enemy_candidates_qa.gd:117)
       [5] _run (res://tools/enemy_candidates_qa.gd:176)
SCRIPT ERROR: Out of bounds get index '1028' (on base: 'PackedByteArray')
   at: Battle.is_visible_world (res://scripts/battle.gd:3912)
   GDScript backtrace (most recent call first):
       [0] is_visible_world (res://scripts/battle.gd:3912)
       [1] target_visible_to (res://scripts/battle.gd:3963)
       [2] _acquire (res://scripts/unit.gd:2189)
       [3] _decision_pair (res://tools/enemy_candidates_qa.gd:25)
       [4] _decision_cases (res://tools/enemy_candidates_qa.gd:117)
       [5] _run (res://tools/enemy_candidates_qa.gd:176)
SCRIPT ERROR: Out of bounds get index '1029' (on base: 'PackedByteArray')
   at: Battle.is_visible_world (res://scripts/battle.gd:3912)
   GDScript backtrace (most recent call first):
       [0] is_visible_world (res://scripts/battle.gd:3912)
       [1] target_visible_to (res://scripts/battle.gd:3963)
       [2] _acquire (res://scripts/unit.gd:2189)
       [3] _decision_pair (res://tools/enemy_candidates_qa.gd:25)
       [4] _decision_cases (res://tools/enemy_candidates_qa.gd:117)
       [5] _run (res://tools/enemy_candidates_qa.gd:176)
SCRIPT ERROR: Out of bounds get index '1030' (on base: 'PackedByteArray')
   at: Battle.is_visible_world (res://scripts/battle.gd:3912)
   GDScript backtrace (most recent call first):
       [0] is_visible_world (res://scripts/battle.gd:3912)
       [1] target_visible_to (res://scripts/battle.gd:3963)
       [2] _acquire (res://scripts/unit.gd:2189)
       [3] _decision_pair (res://tools/enemy_candidates_qa.gd:25)
       [4] _decision_cases (res://tools/enemy_candidates_qa.gd:117)
       [5] _run (res://tools/enemy_candidates_qa.gd:176)
SCRIPT ERROR: Out of bounds get index '1028' (on base: 'PackedByteArray')
   at: Battle.is_visible_world (res://scripts/battle.gd:3912)
   GDScript backtrace (most recent call first):
       [0] is_visible_world (res://scripts/battle.gd:3912)
       [1] target_visible_to (res://scripts/battle.gd:3963)
       [2] _qa_reference_acquire (gdscript://-9223371949512587172.gd:28)
       [3] _decision_pair (res://tools/enemy_candidates_qa.gd:23)
       [4] _decision_cases (res://tools/enemy_candidates_qa.gd:117)
       [5] _run (res://tools/enemy_candidates_qa.gd:176)
SCRIPT ERROR: Out of bounds get index '1029' (on base: 'PackedByteArray')
   at: Battle.is_visible_world (res://scripts/battle.gd:3912)
   GDScript backtrace (most recent call first):
       [0] is_visible_world (res://scripts/battle.gd:3912)
       [1] target_visible_to (res://scripts/battle.gd:3963)
       [2] _qa_reference_acquire (gdscript://-9223371949512587172.gd:28)
       [3] _decision_pair (res://tools/enemy_candidates_qa.gd:23)
       [4] _decision_cases (res://tools/enemy_candidates_qa.gd:117)
       [5] _run (res://tools/enemy_candidates_qa.gd:176)
SCRIPT ERROR: Out of bounds get index '1030' (on base: 'PackedByteArray')
   at: Battle.is_visible_world (res://scripts/battle.gd:3912)
   GDScript backtrace (most recent call first):
       [0] is_visible_world (res://scripts/battle.gd:3912)
       [1] target_visible_to (res://scripts/battle.gd:3963)
       [2] _qa_reference_acquire (gdscript://-9223371949512587172.gd:28)
       [3] _decision_pair (res://tools/enemy_candidates_qa.gd:23)
       [4] _decision_cases (res://tools/enemy_candidates_qa.gd:117)
       [5] _run (res://tools/enemy_candidates_qa.gd:176)
SCRIPT ERROR: Out of bounds get index '1028' (on base: 'PackedByteArray')
   at: Battle.is_visible_world (res://scripts/battle.gd:3912)
   GDScript backtrace (most recent call first):
       [0] is_visible_world (res://scripts/battle.gd:3912)
       [1] target_visible_to (res://scripts/battle.gd:3963)
       [2] _acquire (res://scripts/unit.gd:2189)
       [3] _decision_pair (res://tools/enemy_candidates_qa.gd:25)
       [4] _decision_cases (res://tools/enemy_candidates_qa.gd:117)
       [5] _run (res://tools/enemy_candidates_qa.gd:176)
SCRIPT ERROR: Out of bounds get index '1029' (on base: 'PackedByteArray')
   at: Battle.is_visible_world (res://scripts/battle.gd:3912)
   GDScript backtrace (most recent call first):
       [0] is_visible_world (res://scripts/battle.gd:3912)
       [1] target_visible_to (res://scripts/battle.gd:3963)
       [2] _acquire (res://scripts/unit.gd:2189)
       [3] _decision_pair (res://tools/enemy_candidates_qa.gd:25)
       [4] _decision_cases (res://tools/enemy_candidates_qa.gd:117)
       [5] _run (res://tools/enemy_candidates_qa.gd:176)
SCRIPT ERROR: Out of bounds get index '1030' (on base: 'PackedByteArray')
   at: Battle.is_visible_world (res://scripts/battle.gd:3912)
   GDScript backtrace (most recent call first):
       [0] is_visible_world (res://scripts/battle.gd:3912)
       [1] target_visible_to (res://scripts/battle.gd:3963)
       [2] _acquire (res://scripts/unit.gd:2189)
       [3] _decision_pair (res://tools/enemy_candidates_qa.gd:25)
       [4] _decision_cases (res://tools/enemy_candidates_qa.gd:117)
       [5] _run (res://tools/enemy_candidates_qa.gd:176)
SCRIPT ERROR: Out of bounds get index '1028' (on base: 'PackedByteArray')
   at: Battle.is_visible_world (res://scripts/battle.gd:3912)
   GDScript backtrace (most recent call first):
       [0] is_visible_world (res://scripts/battle.gd:3912)
       [1] target_visible_to (res://scripts/battle.gd:3963)
       [2] _qa_reference_acquire (gdscript://-9223371949512587172.gd:28)
       [3] _decision_pair (res://tools/enemy_candidates_qa.gd:23)
       [4] _decision_cases (res://tools/enemy_candidates_qa.gd:117)
       [5] _run (res://tools/enemy_candidates_qa.gd:176)
SCRIPT ERROR: Out of bounds get index '1029' (on base: 'PackedByteArray')
   at: Battle.is_visible_world (res://scripts/battle.gd:3912)
   GDScript backtrace (most recent call first):
       [0] is_visible_world (res://scripts/battle.gd:3912)
       [1] target_visible_to (res://scripts/battle.gd:3963)
       [2] _qa_reference_acquire (gdscript://-9223371949512587172.gd:28)
       [3] _decision_pair (res://tools/enemy_candidates_qa.gd:23)
       [4] _decision_cases (res://tools/enemy_candidates_qa.gd:117)
       [5] _run (res://tools/enemy_candidates_qa.gd:176)
SCRIPT ERROR: Out of bounds get index '1030' (on base: 'PackedByteArray')
   at: Battle.is_visible_world (res://scripts/battle.gd:3912)
   GDScript backtrace (most recent call first):
       [0] is_visible_world (res://scripts/battle.gd:3912)
       [1] target_visible_to (res://scripts/battle.gd:3963)
       [2] _qa_reference_acquire (gdscript://-9223371949512587172.gd:28)
       [3] _decision_pair (res://tools/enemy_candidates_qa.gd:23)
       [4] _decision_cases (res://tools/enemy_candidates_qa.gd:117)
       [5] _run (res://tools/enemy_candidates_qa.gd:176)
SCRIPT ERROR: Out of bounds get index '1028' (on base: 'PackedByteArray')
   at: Battle.is_visible_world (res://scripts/battle.gd:3912)
   GDScript backtrace (most recent call first):
       [0] is_visible_world (res://scripts/battle.gd:3912)
       [1] target_visible_to (res://scripts/battle.gd:3963)
       [2] _acquire (res://scripts/unit.gd:2189)
       [3] _decision_pair (res://tools/enemy_candidates_qa.gd:25)
       [4] _decision_cases (res://tools/enemy_candidates_qa.gd:117)
       [5] _run (res://tools/enemy_candidates_qa.gd:176)
SCRIPT ERROR: Out of bounds get index '1029' (on base: 'PackedByteArray')
   at: Battle.is_visible_world (res://scripts/battle.gd:3912)
   GDScript backtrace (most recent call first):
       [0] is_visible_world (res://scripts/battle.gd:3912)
       [1] target_visible_to (res://scripts/battle.gd:3963)
       [2] _acquire (res://scripts/unit.gd:2189)
       [3] _decision_pair (res://tools/enemy_candidates_qa.gd:25)
       [4] _decision_cases (res://tools/enemy_candidates_qa.gd:117)
       [5] _run (res://tools/enemy_candidates_qa.gd:176)
SCRIPT ERROR: Out of bounds get index '1030' (on base: 'PackedByteArray')
   at: Battle.is_visible_world (res://scripts/battle.gd:3912)
   GDScript backtrace (most recent call first):
       [0] is_visible_world (res://scripts/battle.gd:3912)
       [1] target_visible_to (res://scripts/battle.gd:3963)
       [2] _acquire (res://scripts/unit.gd:2189)
       [3] _decision_pair (res://tools/enemy_candidates_qa.gd:25)
       [4] _decision_cases (res://tools/enemy_candidates_qa.gd:117)
       [5] _run (res://tools/enemy_candidates_qa.gd:176)
SCRIPT ERROR: Out of bounds get index '1028' (on base: 'PackedByteArray')
   at: Battle.is_visible_world (res://scripts/battle.gd:3912)
   GDScript backtrace (most recent call first):
       [0] is_visible_world (res://scripts/battle.gd:3912)
       [1] target_visible_to (res://scripts/battle.gd:3963)
       [2] _qa_reference_acquire (gdscript://-9223371949512587172.gd:28)
       [3] _decision_pair (res://tools/enemy_candidates_qa.gd:23)
       [4] _decision_cases (res://tools/enemy_candidates_qa.gd:117)
       [5] _run (res://tools/enemy_candidates_qa.gd:176)
SCRIPT ERROR: Out of bounds get index '1029' (on base: 'PackedByteArray')
   at: Battle.is_visible_world (res://scripts/battle.gd:3912)
   GDScript backtrace (most recent call first):
       [0] is_visible_world (res://scripts/battle.gd:3912)
       [1] target_visible_to (res://scripts/battle.gd:3963)
       [2] _qa_reference_acquire (gdscript://-9223371949512587172.gd:28)
       [3] _decision_pair (res://tools/enemy_candidates_qa.gd:23)
       [4] _decision_cases (res://tools/enemy_candidates_qa.gd:117)
       [5] _run (res://tools/enemy_candidates_qa.gd:176)
SCRIPT ERROR: Out of bounds get index '1030' (on base: 'PackedByteArray')
   at: Battle.is_visible_world (res://scripts/battle.gd:3912)
   GDScript backtrace (most recent call first):
       [0] is_visible_world (res://scripts/battle.gd:3912)
       [1] target_visible_to (res://scripts/battle.gd:3963)
       [2] _qa_reference_acquire (gdscript://-9223371949512587172.gd:28)
       [3] _decision_pair (res://tools/enemy_candidates_qa.gd:23)
       [4] _decision_cases (res://tools/enemy_candidates_qa.gd:117)
       [5] _run (res://tools/enemy_candidates_qa.gd:176)
SCRIPT ERROR: Out of bounds get index '1028' (on base: 'PackedByteArray')
   at: Battle.is_visible_world (res://scripts/battle.gd:3912)
   GDScript backtrace (most recent call first):
       [0] is_visible_world (res://scripts/battle.gd:3912)
       [1] target_visible_to (res://scripts/battle.gd:3963)
       [2] _acquire (res://scripts/unit.gd:2189)
       [3] _decision_pair (res://tools/enemy_candidates_qa.gd:25)
       [4] _decision_cases (res://tools/enemy_candidates_qa.gd:117)
       [5] _run (res://tools/enemy_candidates_qa.gd:176)
SCRIPT ERROR: Out of bounds get index '1029' (on base: 'PackedByteArray')
   at: Battle.is_visible_world (res://scripts/battle.gd:3912)
   GDScript backtrace (most recent call first):
       [0] is_visible_world (res://scripts/battle.gd:3912)
       [1] target_visible_to (res://scripts/battle.gd:3963)
       [2] _acquire (res://scripts/unit.gd:2189)
       [3] _decision_pair (res://tools/enemy_candidates_qa.gd:25)
       [4] _decision_cases (res://tools/enemy_candidates_qa.gd:117)
       [5] _run (res://tools/enemy_candidates_qa.gd:176)
SCRIPT ERROR: Out of bounds get index '1030' (on base: 'PackedByteArray')
   at: Battle.is_visible_world (res://scripts/battle.gd:3912)
   GDScript backtrace (most recent call first):
       [0] is_visible_world (res://scripts/battle.gd:3912)
       [1] target_visible_to (res://scripts/battle.gd:3963)
       [2] _acquire (res://scripts/unit.gd:2189)
       [3] _decision_pair (res://tools/enemy_candidates_qa.gd:25)
       [4] _decision_cases (res://tools/enemy_candidates_qa.gd:117)
       [5] _run (res://tools/enemy_candidates_qa.gd:176)
SCRIPT ERROR: Out of bounds get index '1028' (on base: 'PackedByteArray')
   at: Battle.is_visible_world (res://scripts/battle.gd:3912)
   GDScript backtrace (most recent call first):
       [0] is_visible_world (res://scripts/battle.gd:3912)
       [1] target_visible_to (res://scripts/battle.gd:3963)
       [2] _qa_reference_acquire (gdscript://-9223371949512587172.gd:28)
       [3] _decision_pair (res://tools/enemy_candidates_qa.gd:23)
       [4] _decision_cases (res://tools/enemy_candidates_qa.gd:117)
       [5] _run (res://tools/enemy_candidates_qa.gd:176)
SCRIPT ERROR: Out of bounds get index '1029' (on base: 'PackedByteArray')
   at: Battle.is_visible_world (res://scripts/battle.gd:3912)
   GDScript backtrace (most recent call first):
       [0] is_visible_world (res://scripts/battle.gd:3912)
       [1] target_visible_to (res://scripts/battle.gd:3963)
       [2] _qa_reference_acquire (gdscript://-9223371949512587172.gd:28)
       [3] _decision_pair (res://tools/enemy_candidates_qa.gd:23)
       [4] _decision_cases (res://tools/enemy_candidates_qa.gd:117)
       [5] _run (res://tools/enemy_candidates_qa.gd:176)
SCRIPT ERROR: Out of bounds get index '1030' (on base: 'PackedByteArray')
   at: Battle.is_visible_world (res://scripts/battle.gd:3912)
   GDScript backtrace (most recent call first):
       [0] is_visible_world (res://scripts/battle.gd:3912)
       [1] target_visible_to (res://scripts/battle.gd:3963)
       [2] _qa_reference_acquire (gdscript://-9223371949512587172.gd:28)
       [3] _decision_pair (res://tools/enemy_candidates_qa.gd:23)
       [4] _decision_cases (res://tools/enemy_candidates_qa.gd:117)
       [5] _run (res://tools/enemy_candidates_qa.gd:176)
SCRIPT ERROR: Out of bounds get index '1028' (on base: 'PackedByteArray')
   at: Battle.is_visible_world (res://scripts/battle.gd:3912)
   GDScript backtrace (most recent call first):
       [0] is_visible_world (res://scripts/battle.gd:3912)
       [1] target_visible_to (res://scripts/battle.gd:3963)
       [2] _acquire (res://scripts/unit.gd:2189)
       [3] _decision_pair (res://tools/enemy_candidates_qa.gd:25)
       [4] _decision_cases (res://tools/enemy_candidates_qa.gd:117)
       [5] _run (res://tools/enemy_candidates_qa.gd:176)
SCRIPT ERROR: Out of bounds get index '1029' (on base: 'PackedByteArray')
   at: Battle.is_visible_world (res://scripts/battle.gd:3912)
   GDScript backtrace (most recent call first):
       [0] is_visible_world (res://scripts/battle.gd:3912)
       [1] target_visible_to (res://scripts/battle.gd:3963)
       [2] _acquire (res://scripts/unit.gd:2189)
       [3] _decision_pair (res://tools/enemy_candidates_qa.gd:25)
       [4] _decision_cases (res://tools/enemy_candidates_qa.gd:117)
       [5] _run (res://tools/enemy_candidates_qa.gd:176)
SCRIPT ERROR: Out of bounds get index '1030' (on base: 'PackedByteArray')
   at: Battle.is_visible_world (res://scripts/battle.gd:3912)
   GDScript backtrace (most recent call first):
       [0] is_visible_world (res://scripts/battle.gd:3912)
       [1] target_visible_to (res://scripts/battle.gd:3963)
       [2] _acquire (res://scripts/unit.gd:2189)
       [3] _decision_pair (res://tools/enemy_candidates_qa.gd:25)
       [4] _decision_cases (res://tools/enemy_candidates_qa.gd:117)
       [5] _run (res://tools/enemy_candidates_qa.gd:176)
SCRIPT ERROR: Out of bounds get index '1028' (on base: 'PackedByteArray')
   at: Battle.is_visible_world (res://scripts/battle.gd:3912)
   GDScript backtrace (most recent call first):
       [0] is_visible_world (res://scripts/battle.gd:3912)
       [1] target_visible_to (res://scripts/battle.gd:3963)
       [2] _qa_reference_acquire (gdscript://-9223371949512587172.gd:28)
       [3] _decision_pair (res://tools/enemy_candidates_qa.gd:23)
       [4] _decision_cases (res://tools/enemy_candidates_qa.gd:117)
       [5] _run (res://tools/enemy_candidates_qa.gd:176)
SCRIPT ERROR: Out of bounds get index '1029' (on base: 'PackedByteArray')
   at: Battle.is_visible_world (res://scripts/battle.gd:3912)
   GDScript backtrace (most recent call first):
       [0] is_visible_world (res://scripts/battle.gd:3912)
       [1] target_visible_to (res://scripts/battle.gd:3963)
       [2] _qa_reference_acquire (gdscript://-9223371949512587172.gd:28)
       [3] _decision_pair (res://tools/enemy_candidates_qa.gd:23)
       [4] _decision_cases (res://tools/enemy_candidates_qa.gd:117)
       [5] _run (res://tools/enemy_candidates_qa.gd:176)
SCRIPT ERROR: Out of bounds get index '1028' (on base: 'PackedByteArray')
   at: Battle.is_visible_world (res://scripts/battle.gd:3912)
   GDScript backtrace (most recent call first):
       [0] is_visible_world (res://scripts/battle.gd:3912)
       [1] target_visible_to (res://scripts/battle.gd:3963)
       [2] _acquire (res://scripts/unit.gd:2189)
       [3] _decision_pair (res://tools/enemy_candidates_qa.gd:25)
       [4] _decision_cases (res://tools/enemy_candidates_qa.gd:117)
       [5] _run (res://tools/enemy_candidates_qa.gd:176)
SCRIPT ERROR: Out of bounds get index '1029' (on base: 'PackedByteArray')
   at: Battle.is_visible_world (res://scripts/battle.gd:3912)
   GDScript backtrace (most recent call first):
       [0] is_visible_world (res://scripts/battle.gd:3912)
       [1] target_visible_to (res://scripts/battle.gd:3963)
       [2] _acquire (res://scripts/unit.gd:2189)
       [3] _decision_pair (res://tools/enemy_candidates_qa.gd:25)
       [4] _decision_cases (res://tools/enemy_candidates_qa.gd:117)
       [5] _run (res://tools/enemy_candidates_qa.gd:176)
SCRIPT ERROR: Out of bounds get index '1028' (on base: 'PackedByteArray')
   at: Battle.is_visible_world (res://scripts/battle.gd:3912)
   GDScript backtrace (most recent call first):
       [0] is_visible_world (res://scripts/battle.gd:3912)
       [1] target_visible_to (res://scripts/battle.gd:3963)
       [2] _qa_reference_acquire (gdscript://-9223371949512587172.gd:28)
       [3] _decision_pair (res://tools/enemy_candidates_qa.gd:23)
       [4] _decision_cases (res://tools/enemy_candidates_qa.gd:117)
       [5] _run (res://tools/enemy_candidates_qa.gd:176)
SCRIPT ERROR: Out of bounds get index '1029' (on base: 'PackedByteArray')
   at: Battle.is_visible_world (res://scripts/battle.gd:3912)
   GDScript backtrace (most recent call first):
       [0] is_visible_world (res://scripts/battle.gd:3912)
       [1] target_visible_to (res://scripts/battle.gd:3963)
       [2] _qa_reference_acquire (gdscript://-9223371949512587172.gd:28)
       [3] _decision_pair (res://tools/enemy_candidates_qa.gd:23)
       [4] _decision_cases (res://tools/enemy_candidates_qa.gd:117)
       [5] _run (res://tools/enemy_candidates_qa.gd:176)
SCRIPT ERROR: Out of bounds get index '1028' (on base: 'PackedByteArray')
   at: Battle.is_visible_world (res://scripts/battle.gd:3912)
   GDScript backtrace (most recent call first):
       [0] is_visible_world (res://scripts/battle.gd:3912)
       [1] target_visible_to (res://scripts/battle.gd:3963)
       [2] _acquire (res://scripts/unit.gd:2189)
       [3] _decision_pair (res://tools/enemy_candidates_qa.gd:25)
       [4] _decision_cases (res://tools/enemy_candidates_qa.gd:117)
       [5] _run (res://tools/enemy_candidates_qa.gd:176)
SCRIPT ERROR: Out of bounds get index '1029' (on base: 'PackedByteArray')
   at: Battle.is_visible_world (res://scripts/battle.gd:3912)
   GDScript backtrace (most recent call first):
       [0] is_visible_world (res://scripts/battle.gd:3912)
       [1] target_visible_to (res://scripts/battle.gd:3963)
       [2] _acquire (res://scripts/unit.gd:2189)
       [3] _decision_pair (res://tools/enemy_candidates_qa.gd:25)
       [4] _decision_cases (res://tools/enemy_candidates_qa.gd:117)
       [5] _run (res://tools/enemy_candidates_qa.gd:176)
SCRIPT ERROR: Out of bounds get index '1028' (on base: 'PackedByteArray')
   at: Battle.is_visible_world (res://scripts/battle.gd:3912)
   GDScript backtrace (most recent call first):
       [0] is_visible_world (res://scripts/battle.gd:3912)
       [1] target_visible_to (res://scripts/battle.gd:3963)
       [2] _qa_reference_acquire (gdscript://-9223371949512587172.gd:28)
       [3] _decision_pair (res://tools/enemy_candidates_qa.gd:23)
       [4] _decision_cases (res://tools/enemy_candidates_qa.gd:117)
       [5] _run (res://tools/enemy_candidates_qa.gd:176)
SCRIPT ERROR: Out of bounds get index '1029' (on base: 'PackedByteArray')
   at: Battle.is_visible_world (res://scripts/battle.gd:3912)
   GDScript backtrace (most recent call first):
       [0] is_visible_world (res://scripts/battle.gd:3912)
       [1] target_visible_to (res://scripts/battle.gd:3963)
       [2] _qa_reference_acquire (gdscript://-9223371949512587172.gd:28)
       [3] _decision_pair (res://tools/enemy_candidates_qa.gd:23)
       [4] _decision_cases (res://tools/enemy_candidates_qa.gd:117)
       [5] _run (res://tools/enemy_candidates_qa.gd:176)
SCRIPT ERROR: Out of bounds get index '1030' (on base: 'PackedByteArray')
   at: Battle.is_visible_world (res://scripts/battle.gd:3912)
   GDScript backtrace (most recent call first):
       [0] is_visible_world (res://scripts/battle.gd:3912)
       [1] target_visible_to (res://scripts/battle.gd:3963)
       [2] _qa_reference_acquire (gdscript://-9223371949512587172.gd:28)
       [3] _decision_pair (res://tools/enemy_candidates_qa.gd:23)
       [4] _decision_cases (res://tools/enemy_candidates_qa.gd:117)
       [5] _run (res://tools/enemy_candidates_qa.gd:176)
SCRIPT ERROR: Out of bounds get index '1028' (on base: 'PackedByteArray')
   at: Battle.is_visible_world (res://scripts/battle.gd:3912)
   GDScript backtrace (most recent call first):
       [0] is_visible_world (res://scripts/battle.gd:3912)
       [1] target_visible_to (res://scripts/battle.gd:3963)
       [2] _acquire (res://scripts/unit.gd:2189)
       [3] _decision_pair (res://tools/enemy_candidates_qa.gd:25)
       [4] _decision_cases (res://tools/enemy_candidates_qa.gd:117)
       [5] _run (res://tools/enemy_candidates_qa.gd:176)
SCRIPT ERROR: Out of bounds get index '1029' (on base: 'PackedByteArray')
   at: Battle.is_visible_world (res://scripts/battle.gd:3912)
   GDScript backtrace (most recent call first):
       [0] is_visible_world (res://scripts/battle.gd:3912)
       [1] target_visible_to (res://scripts/battle.gd:3963)
       [2] _acquire (res://scripts/unit.gd:2189)
       [3] _decision_pair (res://tools/enemy_candidates_qa.gd:25)
       [4] _decision_cases (res://tools/enemy_candidates_qa.gd:117)
       [5] _run (res://tools/enemy_candidates_qa.gd:176)
SCRIPT ERROR: Out of bounds get index '1030' (on base: 'PackedByteArray')
   at: Battle.is_visible_world (res://scripts/battle.gd:3912)
   GDScript backtrace (most recent call first):
       [0] is_visible_world (res://scripts/battle.gd:3912)
       [1] target_visible_to (res://scripts/battle.gd:3963)
       [2] _acquire (res://scripts/unit.gd:2189)
       [3] _decision_pair (res://tools/enemy_candidates_qa.gd:25)
       [4] _decision_cases (res://tools/enemy_candidates_qa.gd:117)
       [5] _run (res://tools/enemy_candidates_qa.gd:176)
SCRIPT ERROR: Out of bounds get index '1028' (on base: 'PackedByteArray')
   at: Battle.is_visible_world (res://scripts/battle.gd:3912)
   GDScript backtrace (most recent call first):
       [0] is_visible_world (res://scripts/battle.gd:3912)
       [1] target_visible_to (res://scripts/battle.gd:3963)
       [2] _qa_reference_acquire (gdscript://-9223371949512587172.gd:28)
       [3] _decision_pair (res://tools/enemy_candidates_qa.gd:23)
       [4] _decision_cases (res://tools/enemy_candidates_qa.gd:117)
       [5] _run (res://tools/enemy_candidates_qa.gd:176)
SCRIPT ERROR: Out of bounds get index '1029' (on base: 'PackedByteArray')
   at: Battle.is_visible_world (res://scripts/battle.gd:3912)
   GDScript backtrace (most recent call first):
       [0] is_visible_world (res://scripts/battle.gd:3912)
       [1] target_visible_to (res://scripts/battle.gd:3963)
       [2] _qa_reference_acquire (gdscript://-9223371949512587172.gd:28)
       [3] _decision_pair (res://tools/enemy_candidates_qa.gd:23)
       [4] _decision_cases (res://tools/enemy_candidates_qa.gd:117)
       [5] _run (res://tools/enemy_candidates_qa.gd:176)
SCRIPT ERROR: Out of bounds get index '1030' (on base: 'PackedByteArray')
   at: Battle.is_visible_world (res://scripts/battle.gd:3912)
   GDScript backtrace (most recent call first):
       [0] is_visible_world (res://scripts/battle.gd:3912)
       [1] target_visible_to (res://scripts/battle.gd:3963)
       [2] _qa_reference_acquire (gdscript://-9223371949512587172.gd:28)
       [3] _decision_pair (res://tools/enemy_candidates_qa.gd:23)
       [4] _decision_cases (res://tools/enemy_candidates_qa.gd:117)
       [5] _run (res://tools/enemy_candidates_qa.gd:176)
SCRIPT ERROR: Out of bounds get index '1028' (on base: 'PackedByteArray')
   at: Battle.is_visible_world (res://scripts/battle.gd:3912)
   GDScript backtrace (most recent call first):
       [0] is_visible_world (res://scripts/battle.gd:3912)
       [1] target_visible_to (res://scripts/battle.gd:3963)
       [2] _acquire (res://scripts/unit.gd:2189)
       [3] _decision_pair (res://tools/enemy_candidates_qa.gd:25)
       [4] _decision_cases (res://tools/enemy_candidates_qa.gd:117)
       [5] _run (res://tools/enemy_candidates_qa.gd:176)
SCRIPT ERROR: Out of bounds get index '1029' (on base: 'PackedByteArray')
   at: Battle.is_visible_world (res://scripts/battle.gd:3912)
   GDScript backtrace (most recent call first):
       [0] is_visible_world (res://scripts/battle.gd:3912)
       [1] target_visible_to (res://scripts/battle.gd:3963)
       [2] _acquire (res://scripts/unit.gd:2189)
       [3] _decision_pair (res://tools/enemy_candidates_qa.gd:25)
       [4] _decision_cases (res://tools/enemy_candidates_qa.gd:117)
       [5] _run (res://tools/enemy_candidates_qa.gd:176)
SCRIPT ERROR: Out of bounds get index '1030' (on base: 'PackedByteArray')
   at: Battle.is_visible_world (res://scripts/battle.gd:3912)
   GDScript backtrace (most recent call first):
       [0] is_visible_world (res://scripts/battle.gd:3912)
       [1] target_visible_to (res://scripts/battle.gd:3963)
       [2] _acquire (res://scripts/unit.gd:2189)
       [3] _decision_pair (res://tools/enemy_candidates_qa.gd:25)
       [4] _decision_cases (res://tools/enemy_candidates_qa.gd:117)
       [5] _run (res://tools/enemy_candidates_qa.gd:176)
SCRIPT ERROR: Out of bounds get index '1028' (on base: 'PackedByteArray')
   at: Battle.is_visible_world (res://scripts/battle.gd:3912)
   GDScript backtrace (most recent call first):
       [0] is_visible_world (res://scripts/battle.gd:3912)
       [1] target_visible_to (res://scripts/battle.gd:3963)
       [2] _qa_reference_acquire (gdscript://-9223371949512587172.gd:28)
       [3] _decision_pair (res://tools/enemy_candidates_qa.gd:23)
       [4] _decision_cases (res://tools/enemy_candidates_qa.gd:117)
       [5] _run (res://tools/enemy_candidates_qa.gd:176)
SCRIPT ERROR: Out of bounds get index '1029' (on base: 'PackedByteArray')
   at: Battle.is_visible_world (res://scripts/battle.gd:3912)
   GDScript backtrace (most recent call first):
       [0] is_visible_world (res://scripts/battle.gd:3912)
       [1] target_visible_to (res://scripts/battle.gd:3963)
       [2] _qa_reference_acquire (gdscript://-9223371949512587172.gd:28)
       [3] _decision_pair (res://tools/enemy_candidates_qa.gd:23)
       [4] _decision_cases (res://tools/enemy_candidates_qa.gd:117)
       [5] _run (res://tools/enemy_candidates_qa.gd:176)
SCRIPT ERROR: Out of bounds get index '1030' (on base: 'PackedByteArray')
   at: Battle.is_visible_world (res://scripts/battle.gd:3912)
   GDScript backtrace (most recent call first):
       [0] is_visible_world (res://scripts/battle.gd:3912)
       [1] target_visible_to (res://scripts/battle.gd:3963)
       [2] _qa_reference_acquire (gdscript://-9223371949512587172.gd:28)
       [3] _decision_pair (res://tools/enemy_candidates_qa.gd:23)
       [4] _decision_cases (res://tools/enemy_candidates_qa.gd:117)
       [5] _run (res://tools/enemy_candidates_qa.gd:176)
SCRIPT ERROR: Out of bounds get index '1028' (on base: 'PackedByteArray')
   at: Battle.is_visible_world (res://scripts/battle.gd:3912)
   GDScript backtrace (most recent call first):
       [0] is_visible_world (res://scripts/battle.gd:3912)
       [1] target_visible_to (res://scripts/battle.gd:3963)
       [2] _acquire (res://scripts/unit.gd:2189)
       [3] _decision_pair (res://tools/enemy_candidates_qa.gd:25)
       [4] _decision_cases (res://tools/enemy_candidates_qa.gd:117)
       [5] _run (res://tools/enemy_candidates_qa.gd:176)
SCRIPT ERROR: Out of bounds get index '1029' (on base: 'PackedByteArray')
   at: Battle.is_visible_world (res://scripts/battle.gd:3912)
   GDScript backtrace (most recent call first):
       [0] is_visible_world (res://scripts/battle.gd:3912)
       [1] target_visible_to (res://scripts/battle.gd:3963)
       [2] _acquire (res://scripts/unit.gd:2189)
       [3] _decision_pair (res://tools/enemy_candidates_qa.gd:25)
       [4] _decision_cases (res://tools/enemy_candidates_qa.gd:117)
       [5] _run (res://tools/enemy_candidates_qa.gd:176)
SCRIPT ERROR: Out of bounds get index '1030' (on base: 'PackedByteArray')
   at: Battle.is_visible_world (res://scripts/battle.gd:3912)
   GDScript backtrace (most recent call first):
       [0] is_visible_world (res://scripts/battle.gd:3912)
       [1] target_visible_to (res://scripts/battle.gd:3963)
       [2] _acquire (res://scripts/unit.gd:2189)
       [3] _decision_pair (res://tools/enemy_candidates_qa.gd:25)
       [4] _decision_cases (res://tools/enemy_candidates_qa.gd:117)
       [5] _run (res://tools/enemy_candidates_qa.gd:176)
SCRIPT ERROR: Out of bounds get index '1028' (on base: 'PackedByteArray')
   at: Battle.is_visible_world (res://scripts/battle.gd:3912)
   GDScript backtrace (most recent call first):
       [0] is_visible_world (res://scripts/battle.gd:3912)
       [1] target_visible_to (res://scripts/battle.gd:3963)
       [2] _qa_reference_acquire (gdscript://-9223371949512587172.gd:28)
       [3] _decision_pair (res://tools/enemy_candidates_qa.gd:23)
       [4] _decision_cases (res://tools/enemy_candidates_qa.gd:117)
       [5] _run (res://tools/enemy_candidates_qa.gd:176)
SCRIPT ERROR: Out of bounds get index '1029' (on base: 'PackedByteArray')
   at: Battle.is_visible_world (res://scripts/battle.gd:3912)
   GDScript backtrace (most recent call first):
       [0] is_visible_world (res://scripts/battle.gd:3912)
       [1] target_visible_to (res://scripts/battle.gd:3963)
       [2] _qa_reference_acquire (gdscript://-9223371949512587172.gd:28)
       [3] _decision_pair (res://tools/enemy_candidates_qa.gd:23)
       [4] _decision_cases (res://tools/enemy_candidates_qa.gd:117)
       [5] _run (res://tools/enemy_candidates_qa.gd:176)
SCRIPT ERROR: Out of bounds get index '1030' (on base: 'PackedByteArray')
   at: Battle.is_visible_world (res://scripts/battle.gd:3912)
   GDScript backtrace (most recent call first):
       [0] is_visible_world (res://scripts/battle.gd:3912)
       [1] target_visible_to (res://scripts/battle.gd:3963)
       [2] _qa_reference_acquire (gdscript://-9223371949512587172.gd:28)
       [3] _decision_pair (res://tools/enemy_candidates_qa.gd:23)
       [4] _decision_cases (res://tools/enemy_candidates_qa.gd:117)
       [5] _run (res://tools/enemy_candidates_qa.gd:176)
SCRIPT ERROR: Out of bounds get index '1028' (on base: 'PackedByteArray')
   at: Battle.is_visible_world (res://scripts/battle.gd:3912)
   GDScript backtrace (most recent call first):
       [0] is_visible_world (res://scripts/battle.gd:3912)
       [1] target_visible_to (res://scripts/battle.gd:3963)
       [2] _acquire (res://scripts/unit.gd:2189)
       [3] _decision_pair (res://tools/enemy_candidates_qa.gd:25)
       [4] _decision_cases (res://tools/enemy_candidates_qa.gd:117)
       [5] _run (res://tools/enemy_candidates_qa.gd:176)
SCRIPT ERROR: Out of bounds get index '1029' (on base: 'PackedByteArray')
   at: Battle.is_visible_world (res://scripts/battle.gd:3912)
   GDScript backtrace (most recent call first):
       [0] is_visible_world (res://scripts/battle.gd:3912)
       [1] target_visible_to (res://scripts/battle.gd:3963)
       [2] _acquire (res://scripts/unit.gd:2189)
       [3] _decision_pair (res://tools/enemy_candidates_qa.gd:25)
       [4] _decision_cases (res://tools/enemy_candidates_qa.gd:117)
       [5] _run (res://tools/enemy_candidates_qa.gd:176)
SCRIPT ERROR: Out of bounds get index '1030' (on base: 'PackedByteArray')
   at: Battle.is_visible_world (res://scripts/battle.gd:3912)
   GDScript backtrace (most recent call first):
       [0] is_visible_world (res://scripts/battle.gd:3912)
       [1] target_visible_to (res://scripts/battle.gd:3963)
       [2] _acquire (res://scripts/unit.gd:2189)
       [3] _decision_pair (res://tools/enemy_candidates_qa.gd:25)
       [4] _decision_cases (res://tools/enemy_candidates_qa.gd:117)
       [5] _run (res://tools/enemy_candidates_qa.gd:176)
SCRIPT ERROR: Out of bounds get index '1028' (on base: 'PackedByteArray')
   at: Battle.is_visible_world (res://scripts/battle.gd:3912)
   GDScript backtrace (most recent call first):
       [0] is_visible_world (res://scripts/battle.gd:3912)
       [1] target_visible_to (res://scripts/battle.gd:3963)
       [2] _qa_reference_acquire (gdscript://-9223371949512587172.gd:28)
       [3] _decision_pair (res://tools/enemy_candidates_qa.gd:23)
       [4] _decision_cases (res://tools/enemy_candidates_qa.gd:117)
       [5] _run (res://tools/enemy_candidates_qa.gd:176)
SCRIPT ERROR: Out of bounds get index '1029' (on base: 'PackedByteArray')
   at: Battle.is_visible_world (res://scripts/battle.gd:3912)
   GDScript backtrace (most recent call first):
       [0] is_visible_world (res://scripts/battle.gd:3912)
       [1] target_visible_to (res://scripts/battle.gd:3963)
       [2] _qa_reference_acquire (gdscript://-9223371949512587172.gd:28)
       [3] _decision_pair (res://tools/enemy_candidates_qa.gd:23)
       [4] _decision_cases (res://tools/enemy_candidates_qa.gd:117)
       [5] _run (res://tools/enemy_candidates_qa.gd:176)
SCRIPT ERROR: Out of bounds get index '1030' (on base: 'PackedByteArray')
   at: Battle.is_visible_world (res://scripts/battle.gd:3912)
   GDScript backtrace (most recent call first):
       [0] is_visible_world (res://scripts/battle.gd:3912)
       [1] target_visible_to (res://scripts/battle.gd:3963)
       [2] _qa_reference_acquire (gdscript://-9223371949512587172.gd:28)
       [3] _decision_pair (res://tools/enemy_candidates_qa.gd:23)
       [4] _decision_cases (res://tools/enemy_candidates_qa.gd:117)
       [5] _run (res://tools/enemy_candidates_qa.gd:176)
SCRIPT ERROR: Out of bounds get index '1028' (on base: 'PackedByteArray')
   at: Battle.is_visible_world (res://scripts/battle.gd:3912)
   GDScript backtrace (most recent call first):
       [0] is_visible_world (res://scripts/battle.gd:3912)
       [1] target_visible_to (res://scripts/battle.gd:3963)
       [2] _acquire (res://scripts/unit.gd:2189)
       [3] _decision_pair (res://tools/enemy_candidates_qa.gd:25)
       [4] _decision_cases (res://tools/enemy_candidates_qa.gd:117)
       [5] _run (res://tools/enemy_candidates_qa.gd:176)
SCRIPT ERROR: Out of bounds get index '1029' (on base: 'PackedByteArray')
   at: Battle.is_visible_world (res://scripts/battle.gd:3912)
   GDScript backtrace (most recent call first):
       [0] is_visible_world (res://scripts/battle.gd:3912)
       [1] target_visible_to (res://scripts/battle.gd:3963)
       [2] _acquire (res://scripts/unit.gd:2189)
       [3] _decision_pair (res://tools/enemy_candidates_qa.gd:25)
       [4] _decision_cases (res://tools/enemy_candidates_qa.gd:117)
       [5] _run (res://tools/enemy_candidates_qa.gd:176)
SCRIPT ERROR: Out of bounds get index '1030' (on base: 'PackedByteArray')
   at: Battle.is_visible_world (res://scripts/battle.gd:3912)
   GDScript backtrace (most recent call first):
       [0] is_visible_world (res://scripts/battle.gd:3912)
       [1] target_visible_to (res://scripts/battle.gd:3963)
       [2] _acquire (res://scripts/unit.gd:2189)
       [3] _decision_pair (res://tools/enemy_candidates_qa.gd:25)
       [4] _decision_cases (res://tools/enemy_candidates_qa.gd:117)
       [5] _run (res://tools/enemy_candidates_qa.gd:176)
SCRIPT ERROR: Out of bounds get index '1028' (on base: 'PackedByteArray')
   at: Battle.is_visible_world (res://scripts/battle.gd:3912)
   GDScript backtrace (most recent call first):
       [0] is_visible_world (res://scripts/battle.gd:3912)
       [1] target_visible_to (res://scripts/battle.gd:3963)
       [2] _qa_reference_acquire (gdscript://-9223371949512587172.gd:28)
       [3] _decision_pair (res://tools/enemy_candidates_qa.gd:23)
       [4] _decision_cases (res://tools/enemy_candidates_qa.gd:117)
       [5] _run (res://tools/enemy_candidates_qa.gd:176)
SCRIPT ERROR: Out of bounds get index '1029' (on base: 'PackedByteArray')
   at: Battle.is_visible_world (res://scripts/battle.gd:3912)
   GDScript backtrace (most recent call first):
       [0] is_visible_world (res://scripts/battle.gd:3912)
       [1] target_visible_to (res://scripts/battle.gd:3963)
       [2] _qa_reference_acquire (gdscript://-9223371949512587172.gd:28)
       [3] _decision_pair (res://tools/enemy_candidates_qa.gd:23)
       [4] _decision_cases (res://tools/enemy_candidates_qa.gd:117)
       [5] _run (res://tools/enemy_candidates_qa.gd:176)
SCRIPT ERROR: Out of bounds get index '1030' (on base: 'PackedByteArray')
   at: Battle.is_visible_world (res://scripts/battle.gd:3912)
   GDScript backtrace (most recent call first):
       [0] is_visible_world (res://scripts/battle.gd:3912)
       [1] target_visible_to (res://scripts/battle.gd:3963)
       [2] _qa_reference_acquire (gdscript://-9223371949512587172.gd:28)
       [3] _decision_pair (res://tools/enemy_candidates_qa.gd:23)
       [4] _decision_cases (res://tools/enemy_candidates_qa.gd:117)
       [5] _run (res://tools/enemy_candidates_qa.gd:176)
SCRIPT ERROR: Out of bounds get index '1028' (on base: 'PackedByteArray')
   at: Battle.is_visible_world (res://scripts/battle.gd:3912)
   GDScript backtrace (most recent call first):
       [0] is_visible_world (res://scripts/battle.gd:3912)
       [1] target_visible_to (res://scripts/battle.gd:3963)
       [2] _acquire (res://scripts/unit.gd:2189)
       [3] _decision_pair (res://tools/enemy_candidates_qa.gd:25)
       [4] _decision_cases (res://tools/enemy_candidates_qa.gd:117)
       [5] _run (res://tools/enemy_candidates_qa.gd:176)
SCRIPT ERROR: Out of bounds get index '1029' (on base: 'PackedByteArray')
   at: Battle.is_visible_world (res://scripts/battle.gd:3912)
   GDScript backtrace (most recent call first):
       [0] is_visible_world (res://scripts/battle.gd:3912)
       [1] target_visible_to (res://scripts/battle.gd:3963)
       [2] _acquire (res://scripts/unit.gd:2189)
       [3] _decision_pair (res://tools/enemy_candidates_qa.gd:25)
       [4] _decision_cases (res://tools/enemy_candidates_qa.gd:117)
       [5] _run (res://tools/enemy_candidates_qa.gd:176)
SCRIPT ERROR: Out of bounds get index '1030' (on base: 'PackedByteArray')
   at: Battle.is_visible_world (res://scripts/battle.gd:3912)
   GDScript backtrace (most recent call first):
       [0] is_visible_world (res://scripts/battle.gd:3912)
       [1] target_visible_to (res://scripts/battle.gd:3963)
       [2] _acquire (res://scripts/unit.gd:2189)
       [3] _decision_pair (res://tools/enemy_candidates_qa.gd:25)
       [4] _decision_cases (res://tools/enemy_candidates_qa.gd:117)
       [5] _run (res://tools/enemy_candidates_qa.gd:176)
SCRIPT ERROR: Out of bounds get index '1028' (on base: 'PackedByteArray')
   at: Battle.is_visible_world (res://scripts/battle.gd:3912)
   GDScript backtrace (most recent call first):
       [0] is_visible_world (res://scripts/battle.gd:3912)
       [1] target_visible_to (res://scripts/battle.gd:3963)
       [2] _qa_reference_acquire (gdscript://-9223371949512587172.gd:28)
       [3] _decision_pair (res://tools/enemy_candidates_qa.gd:23)
       [4] _decision_cases (res://tools/enemy_candidates_qa.gd:117)
       [5] _run (res://tools/enemy_candidates_qa.gd:176)
SCRIPT ERROR: Out of bounds get index '1029' (on base: 'PackedByteArray')
   at: Battle.is_visible_world (res://scripts/battle.gd:3912)
   GDScript backtrace (most recent call first):
       [0] is_visible_world (res://scripts/battle.gd:3912)
       [1] target_visible_to (res://scripts/battle.gd:3963)
       [2] _qa_reference_acquire (gdscript://-9223371949512587172.gd:28)
       [3] _decision_pair (res://tools/enemy_candidates_qa.gd:23)
       [4] _decision_cases (res://tools/enemy_candidates_qa.gd:117)
       [5] _run (res://tools/enemy_candidates_qa.gd:176)
SCRIPT ERROR: Out of bounds get index '1028' (on base: 'PackedByteArray')
   at: Battle.is_visible_world (res://scripts/battle.gd:3912)
   GDScript backtrace (most recent call first):
       [0] is_visible_world (res://scripts/battle.gd:3912)
       [1] target_visible_to (res://scripts/battle.gd:3963)
       [2] _acquire (res://scripts/unit.gd:2189)
       [3] _decision_pair (res://tools/enemy_candidates_qa.gd:25)
       [4] _decision_cases (res://tools/enemy_candidates_qa.gd:117)
       [5] _run (res://tools/enemy_candidates_qa.gd:176)
SCRIPT ERROR: Out of bounds get index '1029' (on base: 'PackedByteArray')
   at: Battle.is_visible_world (res://scripts/battle.gd:3912)
   GDScript backtrace (most recent call first):
       [0] is_visible_world (res://scripts/battle.gd:3912)
       [1] target_visible_to (res://scripts/battle.gd:3963)
       [2] _acquire (res://scripts/unit.gd:2189)
       [3] _decision_pair (res://tools/enemy_candidates_qa.gd:25)
       [4] _decision_cases (res://tools/enemy_candidates_qa.gd:117)
       [5] _run (res://tools/enemy_candidates_qa.gd:176)
SCRIPT ERROR: Out of bounds get index '1028' (on base: 'PackedByteArray')
   at: Battle.is_visible_world (res://scripts/battle.gd:3912)
   GDScript backtrace (most recent call first):
       [0] is_visible_world (res://scripts/battle.gd:3912)
       [1] target_visible_to (res://scripts/battle.gd:3963)
       [2] _qa_reference_acquire (gdscript://-9223371949512587172.gd:28)
       [3] _decision_pair (res://tools/enemy_candidates_qa.gd:23)
       [4] _decision_cases (res://tools/enemy_candidates_qa.gd:117)
       [5] _run (res://tools/enemy_candidates_qa.gd:176)
SCRIPT ERROR: Out of bounds get index '1029' (on base: 'PackedByteArray')
   at: Battle.is_visible_world (res://scripts/battle.gd:3912)
   GDScript backtrace (most recent call first):
       [0] is_visible_world (res://scripts/battle.gd:3912)
       [1] target_visible_to (res://scripts/battle.gd:3963)
       [2] _qa_reference_acquire (gdscript://-9223371949512587172.gd:28)
       [3] _decision_pair (res://tools/enemy_candidates_qa.gd:23)
       [4] _decision_cases (res://tools/enemy_candidates_qa.gd:117)
       [5] _run (res://tools/enemy_candidates_qa.gd:176)
SCRIPT ERROR: Out of bounds get index '1028' (on base: 'PackedByteArray')
   at: Battle.is_visible_world (res://scripts/battle.gd:3912)
   GDScript backtrace (most recent call first):
       [0] is_visible_world (res://scripts/battle.gd:3912)
       [1] target_visible_to (res://scripts/battle.gd:3963)
       [2] _acquire (res://scripts/unit.gd:2189)
       [3] _decision_pair (res://tools/enemy_candidates_qa.gd:25)
       [4] _decision_cases (res://tools/enemy_candidates_qa.gd:117)
       [5] _run (res://tools/enemy_candidates_qa.gd:176)
SCRIPT ERROR: Out of bounds get index '1029' (on base: 'PackedByteArray')
   at: Battle.is_visible_world (res://scripts/battle.gd:3912)
   GDScript backtrace (most recent call first):
       [0] is_visible_world (res://scripts/battle.gd:3912)
       [1] target_visible_to (res://scripts/battle.gd:3963)
       [2] _acquire (res://scripts/unit.gd:2189)
       [3] _decision_pair (res://tools/enemy_candidates_qa.gd:25)
       [4] _decision_cases (res://tools/enemy_candidates_qa.gd:117)
       [5] _run (res://tools/enemy_candidates_qa.gd:176)
SCRIPT ERROR: Out of bounds get index '1028' (on base: 'PackedByteArray')
   at: Battle.is_visible_world (res://scripts/battle.gd:3912)
   GDScript backtrace (most recent call first):
       [0] is_visible_world (res://scripts/battle.gd:3912)
       [1] target_visible_to (res://scripts/battle.gd:3963)
       [2] _qa_reference_acquire (gdscript://-9223371949512587172.gd:28)
       [3] _decision_pair (res://tools/enemy_candidates_qa.gd:23)
       [4] _decision_cases (res://tools/enemy_candidates_qa.gd:117)
       [5] _run (res://tools/enemy_candidates_qa.gd:176)
SCRIPT ERROR: Out of bounds get index '1029' (on base: 'PackedByteArray')
   at: Battle.is_visible_world (res://scripts/battle.gd:3912)
   GDScript backtrace (most recent call first):
       [0] is_visible_world (res://scripts/battle.gd:3912)
       [1] target_visible_to (res://scripts/battle.gd:3963)
       [2] _qa_reference_acquire (gdscript://-9223371949512587172.gd:28)
       [3] _decision_pair (res://tools/enemy_candidates_qa.gd:23)
       [4] _decision_cases (res://tools/enemy_candidates_qa.gd:117)
       [5] _run (res://tools/enemy_candidates_qa.gd:176)
SCRIPT ERROR: Out of bounds get index '1028' (on base: 'PackedByteArray')
   at: Battle.is_visible_world (res://scripts/battle.gd:3912)
   GDScript backtrace (most recent call first):
       [0] is_visible_world (res://scripts/battle.gd:3912)
       [1] target_visible_to (res://scripts/battle.gd:3963)
       [2] _acquire (res://scripts/unit.gd:2189)
       [3] _decision_pair (res://tools/enemy_candidates_qa.gd:25)
       [4] _decision_cases (res://tools/enemy_candidates_qa.gd:117)
       [5] _run (res://tools/enemy_candidates_qa.gd:176)
SCRIPT ERROR: Out of bounds get index '1029' (on base: 'PackedByteArray')
   at: Battle.is_visible_world (res://scripts/battle.gd:3912)
   GDScript backtrace (most recent call first):
       [0] is_visible_world (res://scripts/battle.gd:3912)
       [1] target_visible_to (res://scripts/battle.gd:3963)
       [2] _acquire (res://scripts/unit.gd:2189)
       [3] _decision_pair (res://tools/enemy_candidates_qa.gd:25)
       [4] _decision_cases (res://tools/enemy_candidates_qa.gd:117)
       [5] _run (res://tools/enemy_candidates_qa.gd:176)
SCRIPT ERROR: Out of bounds get index '1028' (on base: 'PackedByteArray')
   at: Battle.is_visible_world (res://scripts/battle.gd:3912)
   GDScript backtrace (most recent call first):
       [0] is_visible_world (res://scripts/battle.gd:3912)
       [1] target_visible_to (res://scripts/battle.gd:3963)
       [2] _qa_reference_acquire (gdscript://-9223371949512587172.gd:28)
       [3] _decision_pair (res://tools/enemy_candidates_qa.gd:23)
       [4] _decision_cases (res://tools/enemy_candidates_qa.gd:117)
       [5] _run (res://tools/enemy_candidates_qa.gd:176)
SCRIPT ERROR: Out of bounds get index '1029' (on base: 'PackedByteArray')
   at: Battle.is_visible_world (res://scripts/battle.gd:3912)
   GDScript backtrace (most recent call first):
       [0] is_visible_world (res://scripts/battle.gd:3912)
       [1] target_visible_to (res://scripts/battle.gd:3963)
       [2] _qa_reference_acquire (gdscript://-9223371949512587172.gd:28)
       [3] _decision_pair (res://tools/enemy_candidates_qa.gd:23)
       [4] _decision_cases (res://tools/enemy_candidates_qa.gd:117)
       [5] _run (res://tools/enemy_candidates_qa.gd:176)
SCRIPT ERROR: Out of bounds get index '1028' (on base: 'PackedByteArray')
   at: Battle.is_visible_world (res://scripts/battle.gd:3912)
   GDScript backtrace (most recent call first):
       [0] is_visible_world (res://scripts/battle.gd:3912)
       [1] target_visible_to (res://scripts/battle.gd:3963)
       [2] _acquire (res://scripts/unit.gd:2189)
       [3] _decision_pair (res://tools/enemy_candidates_qa.gd:25)
       [4] _decision_cases (res://tools/enemy_candidates_qa.gd:117)
       [5] _run (res://tools/enemy_candidates_qa.gd:176)
SCRIPT ERROR: Out of bounds get index '1029' (on base: 'PackedByteArray')
   at: Battle.is_visible_world (res://scripts/battle.gd:3912)
   GDScript backtrace (most recent call first):
       [0] is_visible_world (res://scripts/battle.gd:3912)
       [1] target_visible_to (res://scripts/battle.gd:3963)
       [2] _acquire (res://scripts/unit.gd:2189)
       [3] _decision_pair (res://tools/enemy_candidates_qa.gd:25)
       [4] _decision_cases (res://tools/enemy_candidates_qa.gd:117)
       [5] _run (res://tools/enemy_candidates_qa.gd:176)
SCRIPT ERROR: Out of bounds get index '1028' (on base: 'PackedByteArray')
   at: Battle.is_visible_world (res://scripts/battle.gd:3912)
   GDScript backtrace (most recent call first):
       [0] is_visible_world (res://scripts/battle.gd:3912)
       [1] target_visible_to (res://scripts/battle.gd:3963)
       [2] _qa_reference_acquire (gdscript://-9223371949512587172.gd:28)
       [3] _decision_pair (res://tools/enemy_candidates_qa.gd:23)
       [4] _decision_cases (res://tools/enemy_candidates_qa.gd:117)
       [5] _run (res://tools/enemy_candidates_qa.gd:176)
SCRIPT ERROR: Out of bounds get index '1029' (on base: 'PackedByteArray')
   at: Battle.is_visible_world (res://scripts/battle.gd:3912)
   GDScript backtrace (most recent call first):
       [0] is_visible_world (res://scripts/battle.gd:3912)
       [1] target_visible_to (res://scripts/battle.gd:3963)
       [2] _qa_reference_acquire (gdscript://-9223371949512587172.gd:28)
       [3] _decision_pair (res://tools/enemy_candidates_qa.gd:23)
       [4] _decision_cases (res://tools/enemy_candidates_qa.gd:117)
       [5] _run (res://tools/enemy_candidates_qa.gd:176)
SCRIPT ERROR: Out of bounds get index '1028' (on base: 'PackedByteArray')
   at: Battle.is_visible_world (res://scripts/battle.gd:3912)
   GDScript backtrace (most recent call first):
       [0] is_visible_world (res://scripts/battle.gd:3912)
       [1] target_visible_to (res://scripts/battle.gd:3963)
       [2] _acquire (res://scripts/unit.gd:2189)
       [3] _decision_pair (res://tools/enemy_candidates_qa.gd:25)
       [4] _decision_cases (res://tools/enemy_candidates_qa.gd:117)
       [5] _run (res://tools/enemy_candidates_qa.gd:176)
SCRIPT ERROR: Out of bounds get index '1029' (on base: 'PackedByteArray')
   at: Battle.is_visible_world (res://scripts/battle.gd:3912)
   GDScript backtrace (most recent call first):
       [0] is_visible_world (res://scripts/battle.gd:3912)
       [1] target_visible_to (res://scripts/battle.gd:3963)
       [2] _acquire (res://scripts/unit.gd:2189)
       [3] _decision_pair (res://tools/enemy_candidates_qa.gd:25)
       [4] _decision_cases (res://tools/enemy_candidates_qa.gd:117)
       [5] _run (res://tools/enemy_candidates_qa.gd:176)
SCRIPT ERROR: Out of bounds get index '1028' (on base: 'PackedByteArray')
   at: Battle.is_visible_world (res://scripts/battle.gd:3912)
   GDScript backtrace (most recent call first):
       [0] is_visible_world (res://scripts/battle.gd:3912)
       [1] target_visible_to (res://scripts/battle.gd:3963)
       [2] _qa_reference_acquire (gdscript://-9223371949512587172.gd:28)
       [3] _decision_pair (res://tools/enemy_candidates_qa.gd:23)
       [4] _decision_cases (res://tools/enemy_candidates_qa.gd:117)
       [5] _run (res://tools/enemy_candidates_qa.gd:176)
SCRIPT ERROR: Out of bounds get index '1029' (on base: 'PackedByteArray')
   at: Battle.is_visible_world (res://scripts/battle.gd:3912)
   GDScript backtrace (most recent call first):
       [0] is_visible_world (res://scripts/battle.gd:3912)
       [1] target_visible_to (res://scripts/battle.gd:3963)
       [2] _qa_reference_acquire (gdscript://-9223371949512587172.gd:28)
       [3] _decision_pair (res://tools/enemy_candidates_qa.gd:23)
       [4] _decision_cases (res://tools/enemy_candidates_qa.gd:117)
       [5] _run (res://tools/enemy_candidates_qa.gd:176)
SCRIPT ERROR: Out of bounds get index '1028' (on base: 'PackedByteArray')
   at: Battle.is_visible_world (res://scripts/battle.gd:3912)
   GDScript backtrace (most recent call first):
       [0] is_visible_world (res://scripts/battle.gd:3912)
       [1] target_visible_to (res://scripts/battle.gd:3963)
       [2] _acquire (res://scripts/unit.gd:2189)
       [3] _decision_pair (res://tools/enemy_candidates_qa.gd:25)
       [4] _decision_cases (res://tools/enemy_candidates_qa.gd:117)
       [5] _run (res://tools/enemy_candidates_qa.gd:176)
SCRIPT ERROR: Out of bounds get index '1029' (on base: 'PackedByteArray')
   at: Battle.is_visible_world (res://scripts/battle.gd:3912)
   GDScript backtrace (most recent call first):
       [0] is_visible_world (res://scripts/battle.gd:3912)
       [1] target_visible_to (res://scripts/battle.gd:3963)
       [2] _acquire (res://scripts/unit.gd:2189)
       [3] _decision_pair (res://tools/enemy_candidates_qa.gd:25)
       [4] _decision_cases (res://tools/enemy_candidates_qa.gd:117)
       [5] _run (res://tools/enemy_candidates_qa.gd:176)
SCRIPT ERROR: Out of bounds get index '1028' (on base: 'PackedByteArray')
   at: Battle.is_visible_world (res://scripts/battle.gd:3912)
   GDScript backtrace (most recent call first):
       [0] is_visible_world (res://scripts/battle.gd:3912)
       [1] target_visible_to (res://scripts/battle.gd:3963)
       [2] _qa_reference_acquire (gdscript://-9223371949512587172.gd:28)
       [3] _decision_pair (res://tools/enemy_candidates_qa.gd:23)
       [4] _decision_cases (res://tools/enemy_candidates_qa.gd:117)
       [5] _run (res://tools/enemy_candidates_qa.gd:176)
SCRIPT ERROR: Out of bounds get index '1029' (on base: 'PackedByteArray')
   at: Battle.is_visible_world (res://scripts/battle.gd:3912)
   GDScript backtrace (most recent call first):
       [0] is_visible_world (res://scripts/battle.gd:3912)
       [1] target_visible_to (res://scripts/battle.gd:3963)
       [2] _qa_reference_acquire (gdscript://-9223371949512587172.gd:28)
       [3] _decision_pair (res://tools/enemy_candidates_qa.gd:23)
       [4] _decision_cases (res://tools/enemy_candidates_qa.gd:117)
       [5] _run (res://tools/enemy_candidates_qa.gd:176)
SCRIPT ERROR: Out of bounds get index '1028' (on base: 'PackedByteArray')
   at: Battle.is_visible_world (res://scripts/battle.gd:3912)
   GDScript backtrace (most recent call first):
       [0] is_visible_world (res://scripts/battle.gd:3912)
       [1] target_visible_to (res://scripts/battle.gd:3963)
       [2] _acquire (res://scripts/unit.gd:2189)
       [3] _decision_pair (res://tools/enemy_candidates_qa.gd:25)
       [4] _decision_cases (res://tools/enemy_candidates_qa.gd:117)
       [5] _run (res://tools/enemy_candidates_qa.gd:176)
SCRIPT ERROR: Out of bounds get index '1029' (on base: 'PackedByteArray')
   at: Battle.is_visible_world (res://scripts/battle.gd:3912)
   GDScript backtrace (most recent call first):
       [0] is_visible_world (res://scripts/battle.gd:3912)
       [1] target_visible_to (res://scripts/battle.gd:3963)
       [2] _acquire (res://scripts/unit.gd:2189)
       [3] _decision_pair (res://tools/enemy_candidates_qa.gd:25)
       [4] _decision_cases (res://tools/enemy_candidates_qa.gd:117)
       [5] _run (res://tools/enemy_candidates_qa.gd:176)
SCRIPT ERROR: Out of bounds get index '1028' (on base: 'PackedByteArray')
   at: Battle.is_visible_world (res://scripts/battle.gd:3912)
   GDScript backtrace (most recent call first):
       [0] is_visible_world (res://scripts/battle.gd:3912)
       [1] target_visible_to (res://scripts/battle.gd:3963)
       [2] _qa_reference_acquire (gdscript://-9223371949512587172.gd:28)
       [3] _decision_pair (res://tools/enemy_candidates_qa.gd:23)
       [4] _decision_cases (res://tools/enemy_candidates_qa.gd:117)
       [5] _run (res://tools/enemy_candidates_qa.gd:176)
SCRIPT ERROR: Out of bounds get index '1029' (on base: 'PackedByteArray')
   at: Battle.is_visible_world (res://scripts/battle.gd:3912)
   GDScript backtrace (most recent call first):
       [0] is_visible_world (res://scripts/battle.gd:3912)
       [1] target_visible_to (res://scripts/battle.gd:3963)
       [2] _qa_reference_acquire (gdscript://-9223371949512587172.gd:28)
       [3] _decision_pair (res://tools/enemy_candidates_qa.gd:23)
       [4] _decision_cases (res://tools/enemy_candidates_qa.gd:117)
       [5] _run (res://tools/enemy_candidates_qa.gd:176)
SCRIPT ERROR: Out of bounds get index '1028' (on base: 'PackedByteArray')
   at: Battle.is_visible_world (res://scripts/battle.gd:3912)
   GDScript backtrace (most recent call first):
       [0] is_visible_world (res://scripts/battle.gd:3912)
       [1] target_visible_to (res://scripts/battle.gd:3963)
       [2] _acquire (res://scripts/unit.gd:2189)
       [3] _decision_pair (res://tools/enemy_candidates_qa.gd:25)
       [4] _decision_cases (res://tools/enemy_candidates_qa.gd:117)
       [5] _run (res://tools/enemy_candidates_qa.gd:176)
SCRIPT ERROR: Out of bounds get index '1029' (on base: 'PackedByteArray')
   at: Battle.is_visible_world (res://scripts/battle.gd:3912)
   GDScript backtrace (most recent call first):
       [0] is_visible_world (res://scripts/battle.gd:3912)
       [1] target_visible_to (res://scripts/battle.gd:3963)
       [2] _acquire (res://scripts/unit.gd:2189)
       [3] _decision_pair (res://tools/enemy_candidates_qa.gd:25)
       [4] _decision_cases (res://tools/enemy_candidates_qa.gd:117)
       [5] _run (res://tools/enemy_candidates_qa.gd:176)
SCRIPT ERROR: Out of bounds get index '1028' (on base: 'PackedByteArray')
   at: Battle.is_visible_world (res://scripts/battle.gd:3912)
   GDScript backtrace (most recent call first):
       [0] is_visible_world (res://scripts/battle.gd:3912)
       [1] target_visible_to (res://scripts/battle.gd:3963)
       [2] _qa_reference_acquire (gdscript://-9223371949512587172.gd:28)
       [3] _decision_pair (res://tools/enemy_candidates_qa.gd:23)
       [4] _decision_cases (res://tools/enemy_candidates_qa.gd:117)
       [5] _run (res://tools/enemy_candidates_qa.gd:176)
SCRIPT ERROR: Out of bounds get index '1029' (on base: 'PackedByteArray')
   at: Battle.is_visible_world (res://scripts/battle.gd:3912)
   GDScript backtrace (most recent call first):
       [0] is_visible_world (res://scripts/battle.gd:3912)
       [1] target_visible_to (res://scripts/battle.gd:3963)
       [2] _qa_reference_acquire (gdscript://-9223371949512587172.gd:28)
       [3] _decision_pair (res://tools/enemy_candidates_qa.gd:23)
       [4] _decision_cases (res://tools/enemy_candidates_qa.gd:117)
       [5] _run (res://tools/enemy_candidates_qa.gd:176)
SCRIPT ERROR: Out of bounds get index '1028' (on base: 'PackedByteArray')
   at: Battle.is_visible_world (res://scripts/battle.gd:3912)
   GDScript backtrace (most recent call first):
       [0] is_visible_world (res://scripts/battle.gd:3912)
       [1] target_visible_to (res://scripts/battle.gd:3963)
       [2] _acquire (res://scripts/unit.gd:2189)
       [3] _decision_pair (res://tools/enemy_candidates_qa.gd:25)
       [4] _decision_cases (res://tools/enemy_candidates_qa.gd:117)
       [5] _run (res://tools/enemy_candidates_qa.gd:176)
SCRIPT ERROR: Out of bounds get index '1029' (on base: 'PackedByteArray')
   at: Battle.is_visible_world (res://scripts/battle.gd:3912)
   GDScript backtrace (most recent call first):
       [0] is_visible_world (res://scripts/battle.gd:3912)
       [1] target_visible_to (res://scripts/battle.gd:3963)
       [2] _acquire (res://scripts/unit.gd:2189)
       [3] _decision_pair (res://tools/enemy_candidates_qa.gd:25)
       [4] _decision_cases (res://tools/enemy_candidates_qa.gd:117)
       [5] _run (res://tools/enemy_candidates_qa.gd:176)
SCRIPT ERROR: Out of bounds get index '1028' (on base: 'PackedByteArray')
   at: Battle.is_visible_world (res://scripts/battle.gd:3912)
   GDScript backtrace (most recent call first):
       [0] is_visible_world (res://scripts/battle.gd:3912)
       [1] target_visible_to (res://scripts/battle.gd:3963)
       [2] _qa_reference_acquire (gdscript://-9223371949512587172.gd:28)
       [3] _decision_pair (res://tools/enemy_candidates_qa.gd:23)
       [4] _decision_cases (res://tools/enemy_candidates_qa.gd:117)
       [5] _run (res://tools/enemy_candidates_qa.gd:176)
SCRIPT ERROR: Out of bounds get index '1029' (on base: 'PackedByteArray')
   at: Battle.is_visible_world (res://scripts/battle.gd:3912)
   GDScript backtrace (most recent call first):
       [0] is_visible_world (res://scripts/battle.gd:3912)
       [1] target_visible_to (res://scripts/battle.gd:3963)
       [2] _qa_reference_acquire (gdscript://-9223371949512587172.gd:28)
       [3] _decision_pair (res://tools/enemy_candidates_qa.gd:23)
       [4] _decision_cases (res://tools/enemy_candidates_qa.gd:117)
       [5] _run (res://tools/enemy_candidates_qa.gd:176)
SCRIPT ERROR: Out of bounds get index '1028' (on base: 'PackedByteArray')
   at: Battle.is_visible_world (res://scripts/battle.gd:3912)
   GDScript backtrace (most recent call first):
       [0] is_visible_world (res://scripts/battle.gd:3912)
       [1] target_visible_to (res://scripts/battle.gd:3963)
       [2] _acquire (res://scripts/unit.gd:2189)
       [3] _decision_pair (res://tools/enemy_candidates_qa.gd:25)
       [4] _decision_cases (res://tools/enemy_candidates_qa.gd:117)
       [5] _run (res://tools/enemy_candidates_qa.gd:176)
SCRIPT ERROR: Out of bounds get index '1029' (on base: 'PackedByteArray')
   at: Battle.is_visible_world (res://scripts/battle.gd:3912)
   GDScript backtrace (most recent call first):
       [0] is_visible_world (res://scripts/battle.gd:3912)
       [1] target_visible_to (res://scripts/battle.gd:3963)
       [2] _acquire (res://scripts/unit.gd:2189)
       [3] _decision_pair (res://tools/enemy_candidates_qa.gd:25)
       [4] _decision_cases (res://tools/enemy_candidates_qa.gd:117)
       [5] _run (res://tools/enemy_candidates_qa.gd:176)
[runtime-check] PASS complete acquire state and exact selected object match: fog
[runtime-check] PASS complete acquire state and exact selected object match: nonstandard_faction
[runtime-check] PASS float32 predecessor/exact/successor distance and reed limits preserve decisions
[prof] bench(def): 58 敌 vs 6 英雄
[runtime-check] PASS timed complete acquire selects same target 64 homogeneous 0
[runtime-check] PASS timed complete acquire selects same target 64 homogeneous 1
[runtime-check] PASS timed complete acquire selects same target 64 mixed 0
[runtime-check] PASS timed complete acquire selects same target 64 mixed 1
[prof] bench(def): 200 敌 vs 6 英雄
[runtime-check] PASS timed complete acquire selects same target 206 homogeneous 0
[runtime-check] PASS timed complete acquire selects same target 206 homogeneous 1
[runtime-check] PASS timed complete acquire selects same target 206 mixed 0
[runtime-check] PASS timed complete acquire selects same target 206 mixed 1
[prof] bench(def): 500 敌 vs 6 英雄
[runtime-check] PASS timed complete acquire selects same target 506 homogeneous 0
[runtime-check] PASS timed complete acquire selects same target 506 homogeneous 1
[runtime-check] PASS timed complete acquire selects same target 506 mixed 0
[runtime-check] PASS timed complete acquire selects same target 506 mixed 1
[runtime-check] PASS previous scene, map and units actually freed
[runtime-check] PASS player campaign save bytes unchanged
[enemy-candidates-qa] {"checks":62,"decisions":1428,"failures":[],"passed":true,"queries":4032}
