Godot Engine v4.6.3.stable.official.7d41c59c4 - https://godotengine.org
OpenGL API 3.3.0 NVIDIA 616.56 - Compatibility - Using Device: NVIDIA - NVIDIA GeForce RTX 3070 Ti

WARNING: 2D MSAA is not yet supported for GLES3.
   at: render_target_set_msaa (drivers/gles3/storage/texture_storage.cpp:2934)
LEVEL6_COMPONENT_ROUNDTRIP stalk
FAIL stalk only installed selection callback
FAIL stalk only installed selection callback
LEVEL6_COMPONENT_ROUNDTRIP subdued
FAIL subdued only installed selection callback
LEVEL6_COMPONENT_ROUNDTRIP untied
LEVEL6_COMPONENT_ROUNDTRIP escort
FAIL escort only installed selection callback
FAIL escort only installed selection callback
LEVEL6_COMPONENT_ROUNDTRIP dying_guard
FAIL dying_guard only installed selection callback
FAIL dying_guard only installed selection callback
LEVEL6_COMPONENT_ROUNDTRIP expired_guard
FAIL expired_guard only installed selection callback
FAIL expired_guard only installed selection callback
LEVEL6_COMPONENT_COMPLETE 192 false
