Godot Engine v4.6.3.stable.official.7d41c59c4 - https://godotengine.org
OpenGL API 3.3.0 NVIDIA 616.56 - Compatibility - Using Device: NVIDIA - NVIDIA GeForce RTX 3070 Ti

WARNING: 2D MSAA is not yet supported for GLES3.
   at: render_target_set_msaa (drivers/gles3/storage/texture_storage.cpp:2934)
PENDING_CHECK 8237 Steam disabled true
PENDING_CHECK 9629 isolated flow enabled true
PENDING_CHECK 9678 real menu continue button true
PENDING_CHECK 11630 button exists ContinueBattle true
PENDING_CHECK 11665 restore duplicate operation denied true
PENDING_CHECK 45007 menu continue installed actual world true
PENDING_CHECK 45224 restored world still classic true
PENDING_CHECK 45274 restored saved hero control mode true
PENDING_CHECK 45300 restored expired effect allocation history true
PENDING_CHECK 45325 cross-process identity true
PENDING_CHECK 45350 paused intent restored true
PENDING_CHECK 45375 restored economy true
PENDING_CHECK 45408 restored wave phase true
PENDING_CHECK 45433 restored training queue true
PENDING_CHECK 45458 restored entity allocation true
PENDING_CHECK 47456 read retains exact disk slot true
PENDING_CHECK 47474 restored HUD includes save true
PENDING_CHECK 47499 pending fixture requests real barrier true
PENDING_CHECK 47543 pending fixture barrier reaches held boundary true
PENDING_RESOLVE_IDENTITY 47574
PENDING_IDENTITY_READY 69886
PENDING_SAVE_RESULT 88826 { "ok": false, "code": "LOCK_RELEASE", "pending_save": true, "retryable": true, "unsafe": false, "restart_required": false }
PENDING_CHECK 88868 post-commit unlock failure retains transaction true
PENDING_CHECK 88898 pending failure keeps exact session and world held true
PENDING_CHECK 91644 new store cannot impersonate live owner true
PENDING_CHECK 91667 pending session refuses disposal true
PENDING_CHECK 91693 pending save cannot dismiss or resume world true
PENDING_CHECK 91774 pending_save controls visible zh_CN true
PENDING_CHECK 91835 pending_save screenshot saved zh_CN true
PENDING_CHECK 91965 pending_save controls visible zh_TW true
PENDING_CHECK 92024 pending_save screenshot saved zh_TW true
PENDING_CHECK 92153 pending_save controls visible en true
PENDING_CHECK 92217 pending_save screenshot saved en true
PENDING_CHECK 92336 pending_save controls visible ja true
PENDING_CHECK 92403 pending_save screenshot saved ja true
PENDING_CHECK 92432 button exists RetrySave true
PENDING_CHECK 99268 save operation succeeds true
PENDING_CHECK 99718 successful save holds current battle true
PENDING_CHECK 99748 capture synchronizes derived screen geometry true
PENDING_CHECK 101871 successful save matches closed disk true
PENDING_CHECK 102817 test cannot credit Steam true
PENDING_CHECK 102871 local receipt predates slot and is resumable true
PENDING_CHECK 103010 owned retry uses original generation true
PENDING_CHECK 103073 normal save-and-exit lifecycle requested true
CONTINUE_FLOW_QA pending_retry 41 true
