Godot Engine v4.6.3.stable.official.7d41c59c4 - https://godotengine.org

WARNING: Exponent too high
   at: built_in_strtod (core/string/ustring.cpp:2556)
   GDScript backtrace (most recent call first):
       [0] _parse (res://tools/daming_campaign_world_negative_v1.gd:96)
       [1] run (res://tools/daming_campaign_world_negative_v1.gd:129)
WARNING: Exponent too high
   at: built_in_strtod (core/string/ustring.cpp:2556)
   GDScript backtrace (most recent call first):
       [0] _parse (res://tools/daming_campaign_world_negative_v1.gd:96)
       [1] run (res://tools/daming_campaign_world_negative_v1.gd:129)
WARNING: Exponent too high
   at: built_in_strtod (core/string/ustring.cpp:2556)
   GDScript backtrace (most recent call first):
       [0] _parse (res://tools/daming_campaign_world_negative_v1.gd:96)
       [1] run (res://tools/daming_campaign_world_negative_v1.gd:129)
WARNING: Exponent too high
   at: built_in_strtod (core/string/ustring.cpp:2556)
   GDScript backtrace (most recent call first):
       [0] _parse (res://tools/daming_campaign_world_negative_v1.gd:96)
       [1] run (res://tools/daming_campaign_world_negative_v1.gd:129)
WARNING: Exponent too high
   at: built_in_strtod (core/string/ustring.cpp:2556)
   GDScript backtrace (most recent call first):
       [0] _parse (res://tools/daming_campaign_world_negative_v1.gd:96)
       [1] run (res://tools/daming_campaign_world_negative_v1.gd:129)
WARNING: Exponent too high
   at: built_in_strtod (core/string/ustring.cpp:2556)
   GDScript backtrace (most recent call first):
       [0] _parse (res://tools/daming_campaign_world_negative_v1.gd:96)
       [1] run (res://tools/daming_campaign_world_negative_v1.gd:129)
WARNING: Exponent too high
   at: built_in_strtod (core/string/ustring.cpp:2556)
   GDScript backtrace (most recent call first):
       [0] _parse (res://tools/daming_campaign_world_negative_v1.gd:96)
       [1] run (res://tools/daming_campaign_world_negative_v1.gd:129)
WARNING: Exponent too high
   at: built_in_strtod (core/string/ustring.cpp:2556)
   GDScript backtrace (most recent call first):
       [0] _parse (res://tools/daming_campaign_world_negative_v1.gd:96)
       [1] run (res://tools/daming_campaign_world_negative_v1.gd:129)
WARNING: Exponent too high
   at: built_in_strtod (core/string/ustring.cpp:2556)
   GDScript backtrace (most recent call first):
       [0] _parse (res://tools/daming_campaign_world_negative_v1.gd:96)
       [1] run (res://tools/daming_campaign_world_negative_v1.gd:129)
WARNING: Exponent too high
   at: built_in_strtod (core/string/ustring.cpp:2556)
   GDScript backtrace (most recent call first):
       [0] _parse (res://tools/daming_campaign_world_negative_v1.gd:96)
       [1] run (res://tools/daming_campaign_world_negative_v1.gd:129)
WARNING: Exponent too high
   at: built_in_strtod (core/string/ustring.cpp:2556)
   GDScript backtrace (most recent call first):
       [0] _parse (res://tools/daming_campaign_world_negative_v1.gd:96)
       [1] run (res://tools/daming_campaign_world_negative_v1.gd:129)
WARNING: Exponent too high
   at: built_in_strtod (core/string/ustring.cpp:2556)
   GDScript backtrace (most recent call first):
       [0] _parse (res://tools/daming_campaign_world_negative_v1.gd:96)
       [1] run (res://tools/daming_campaign_world_negative_v1.gd:129)
WARNING: Exponent too high
   at: built_in_strtod (core/string/ustring.cpp:2556)
   GDScript backtrace (most recent call first):
       [0] _parse (res://tools/daming_campaign_world_negative_v1.gd:96)
       [1] run (res://tools/daming_campaign_world_negative_v1.gd:129)
WARNING: Exponent too high
   at: built_in_strtod (core/string/ustring.cpp:2556)
   GDScript backtrace (most recent call first):
       [0] _parse (res://tools/daming_campaign_world_negative_v1.gd:96)
       [1] run (res://tools/daming_campaign_world_negative_v1.gd:129)
WARNING: Exponent too high
   at: built_in_strtod (core/string/ustring.cpp:2556)
   GDScript backtrace (most recent call first):
       [0] _parse (res://tools/daming_campaign_world_negative_v1.gd:96)
       [1] run (res://tools/daming_campaign_world_negative_v1.gd:129)
WARNING: Exponent too high
   at: built_in_strtod (core/string/ustring.cpp:2556)
   GDScript backtrace (most recent call first):
       [0] _parse (res://tools/daming_campaign_world_negative_v1.gd:96)
       [1] run (res://tools/daming_campaign_world_negative_v1.gd:129)
WARNING: Exponent too high
   at: built_in_strtod (core/string/ustring.cpp:2556)
   GDScript backtrace (most recent call first):
       [0] _parse (res://tools/daming_campaign_world_negative_v1.gd:96)
       [1] run (res://tools/daming_campaign_world_negative_v1.gd:129)
WARNING: Exponent too high
   at: built_in_strtod (core/string/ustring.cpp:2556)
   GDScript backtrace (most recent call first):
       [0] _parse (res://tools/daming_campaign_world_negative_v1.gd:96)
       [1] run (res://tools/daming_campaign_world_negative_v1.gd:129)
WARNING: Exponent too high
   at: built_in_strtod (core/string/ustring.cpp:2556)
   GDScript backtrace (most recent call first):
       [0] _parse (res://tools/daming_campaign_world_negative_v1.gd:96)
       [1] run (res://tools/daming_campaign_world_negative_v1.gd:129)
WARNING: Exponent too high
   at: built_in_strtod (core/string/ustring.cpp:2556)
   GDScript backtrace (most recent call first):
       [0] _parse (res://tools/daming_campaign_world_negative_v1.gd:96)
       [1] run (res://tools/daming_campaign_world_negative_v1.gd:129)
WARNING: Exponent too high
   at: built_in_strtod (core/string/ustring.cpp:2556)
   GDScript backtrace (most recent call first):
       [0] _parse (res://tools/daming_campaign_world_negative_v1.gd:96)
       [1] run (res://tools/daming_campaign_world_negative_v1.gd:129)
WARNING: Exponent too high
   at: built_in_strtod (core/string/ustring.cpp:2556)
   GDScript backtrace (most recent call first):
       [0] _parse (res://tools/daming_campaign_world_negative_v1.gd:96)
       [1] run (res://tools/daming_campaign_world_negative_v1.gd:129)
WARNING: Exponent too high
   at: built_in_strtod (core/string/ustring.cpp:2556)
   GDScript backtrace (most recent call first):
       [0] _parse (res://tools/daming_campaign_world_negative_v1.gd:96)
       [1] run (res://tools/daming_campaign_world_negative_v1.gd:130)
WARNING: Exponent too high
   at: built_in_strtod (core/string/ustring.cpp:2556)
   GDScript backtrace (most recent call first):
       [0] _parse (res://tools/daming_campaign_world_negative_v1.gd:96)
       [1] run (res://tools/daming_campaign_world_negative_v1.gd:130)
WARNING: Exponent too high
   at: built_in_strtod (core/string/ustring.cpp:2556)
   GDScript backtrace (most recent call first):
       [0] _parse (res://tools/daming_campaign_world_negative_v1.gd:96)
       [1] run (res://tools/daming_campaign_world_negative_v1.gd:130)
WARNING: Exponent too high
   at: built_in_strtod (core/string/ustring.cpp:2556)
   GDScript backtrace (most recent call first):
       [0] _parse (res://tools/daming_campaign_world_negative_v1.gd:96)
       [1] run (res://tools/daming_campaign_world_negative_v1.gd:130)
DAMING_SAFE_NEGATIVE_WORLD_V25_COMPLETE true executed_rows=264
