Godot Engine v4.6.3.stable.official.7d41c59c4 - https://godotengine.org
OpenGL API 3.3.0 NVIDIA 616.56 - Compatibility - Using Device: NVIDIA - NVIDIA GeForce RTX 3070 Ti

WARNING: 2D MSAA is not yet supported for GLES3.
   at: render_target_set_msaa (drivers/gles3/storage/texture_storage.cpp:2934)
[rts] PASS supported selected character
[rts] PASS explicit candidate manifest exists
[rts] PASS manifest JSON is a dictionary
[rts] PASS manifest belongs to selected character
[rts] PASS manifest has authored idle
[rts] PASS manifest has authored walk
[rts] PASS manifest has authored attack
[rts] PASS manifest has authored hurt
[rts] PASS manifest has authored death
[rts] PASS hurt manifest has the single recoil frame consumed by Unit
[rts] PASS native source SHA: res://assets/characters/hu_sanniang_direction4_20260913/se.png
[rts] PASS source imports as Texture2D: res://assets/characters/hu_sanniang_direction4_20260913/se.png
[rts] PASS actual imported dimensions: res://assets/characters/hu_sanniang_direction4_20260913/se.png
[rts] PASS native source SHA: res://assets/characters/hu_sanniang_direction4_20260913/sw.png
[rts] PASS source imports as Texture2D: res://assets/characters/hu_sanniang_direction4_20260913/sw.png
[rts] PASS actual imported dimensions: res://assets/characters/hu_sanniang_direction4_20260913/sw.png
[rts] PASS native source SHA: res://assets/characters/hu_sanniang_direction4_20260913/ne.png
[rts] PASS source imports as Texture2D: res://assets/characters/hu_sanniang_direction4_20260913/ne.png
[rts] PASS actual imported dimensions: res://assets/characters/hu_sanniang_direction4_20260913/ne.png
[rts] PASS native source SHA: res://assets/characters/hu_sanniang_direction4_20260913/nw.png
[rts] PASS source imports as Texture2D: res://assets/characters/hu_sanniang_direction4_20260913/nw.png
[rts] PASS actual imported dimensions: res://assets/characters/hu_sanniang_direction4_20260913/nw.png
[rts] PASS native source SHA: res://assets/characters/hu_sanniang_direction4_20260913/se_walk_b.png
[rts] PASS source imports as Texture2D: res://assets/characters/hu_sanniang_direction4_20260913/se_walk_b.png
[rts] PASS actual imported dimensions: res://assets/characters/hu_sanniang_direction4_20260913/se_walk_b.png
[rts] PASS native source SHA: res://assets/characters/hu_sanniang_direction4_20260913/sw_walk_b.png
[rts] PASS source imports as Texture2D: res://assets/characters/hu_sanniang_direction4_20260913/sw_walk_b.png
[rts] PASS actual imported dimensions: res://assets/characters/hu_sanniang_direction4_20260913/sw_walk_b.png
[rts] PASS native source SHA: res://assets/characters/hu_sanniang_direction4_20260913/sw_spacing.png
[rts] PASS source imports as Texture2D: res://assets/characters/hu_sanniang_direction4_20260913/sw_spacing.png
[rts] PASS actual imported dimensions: res://assets/characters/hu_sanniang_direction4_20260913/sw_spacing.png
[rts] PASS native source SHA: res://assets/characters/hu_sanniang_direction4_20260913/ne_spacing.png
[rts] PASS source imports as Texture2D: res://assets/characters/hu_sanniang_direction4_20260913/ne_spacing.png
[rts] PASS actual imported dimensions: res://assets/characters/hu_sanniang_direction4_20260913/ne_spacing.png
[rts] PASS native source SHA: res://assets/characters/hu_sanniang_direction4_20260913/nw_spacing.png
[rts] PASS source imports as Texture2D: res://assets/characters/hu_sanniang_direction4_20260913/nw_spacing.png
[rts] PASS actual imported dimensions: res://assets/characters/hu_sanniang_direction4_20260913/nw_spacing.png
[rts] PASS exact TRES routing: idle se
[rts] PASS manifest frame count: idle se
[rts] PASS authored direction is not mirrored: idle se
[rts] PASS pose present: idle_se
[rts] PASS square AtlasTexture: idle_se
[rts] PASS exact source: idle_se
[rts] PASS exact crop/padding and clipping: idle_se
[rts] PASS authored ground metadata within 0.00002 texture pixels: idle_se
[rts] PASS pose body scale: idle_se
[rts] PASS exact TRES routing: walk se
[rts] PASS manifest frame count: walk se
[rts] PASS authored direction is not mirrored: walk se
[rts] PASS pose present: walk_a_se
[rts] PASS square AtlasTexture: walk_a_se
[rts] PASS exact source: walk_a_se
[rts] PASS exact crop/padding and clipping: walk_a_se
[rts] PASS authored ground metadata within 0.00002 texture pixels: walk_a_se
[rts] PASS pose body scale: walk_a_se
[rts] PASS pose present: walk_b_se
[rts] PASS square AtlasTexture: walk_b_se
[rts] PASS exact source: walk_b_se
[rts] PASS exact crop/padding and clipping: walk_b_se
[rts] PASS authored ground metadata within 0.00002 texture pixels: walk_b_se
[rts] PASS pose body scale: walk_b_se
[rts] PASS pose present: walk_a_se
[rts] PASS square AtlasTexture: walk_a_se
[rts] PASS exact source: walk_a_se
[rts] PASS exact crop/padding and clipping: walk_a_se
[rts] PASS authored ground metadata within 0.00002 texture pixels: walk_a_se
[rts] PASS pose body scale: walk_a_se
[rts] PASS pose present: walk_b_se
[rts] PASS square AtlasTexture: walk_b_se
[rts] PASS exact source: walk_b_se
[rts] PASS exact crop/padding and clipping: walk_b_se
[rts] PASS authored ground metadata within 0.00002 texture pixels: walk_b_se
[rts] PASS pose body scale: walk_b_se
[rts] PASS exact TRES routing: attack se
[rts] PASS manifest frame count: attack se
[rts] PASS authored direction is not mirrored: attack se
[rts] PASS pose present: windup_se
[rts] PASS square AtlasTexture: windup_se
[rts] PASS exact source: windup_se
[rts] PASS exact crop/padding and clipping: windup_se
[rts] PASS authored ground metadata within 0.00002 texture pixels: windup_se
[rts] PASS pose body scale: windup_se
[rts] PASS pose present: windup_se
[rts] PASS square AtlasTexture: windup_se
[rts] PASS exact source: windup_se
[rts] PASS exact crop/padding and clipping: windup_se
[rts] PASS authored ground metadata within 0.00002 texture pixels: windup_se
[rts] PASS pose body scale: windup_se
[rts] PASS pose present: strike_se
[rts] PASS square AtlasTexture: strike_se
[rts] PASS exact source: strike_se
[rts] PASS exact crop/padding and clipping: strike_se
[rts] PASS authored ground metadata within 0.00002 texture pixels: strike_se
[rts] PASS pose body scale: strike_se
[rts] PASS pose present: strike_se
[rts] PASS square AtlasTexture: strike_se
[rts] PASS exact source: strike_se
[rts] PASS exact crop/padding and clipping: strike_se
[rts] PASS authored ground metadata within 0.00002 texture pixels: strike_se
[rts] PASS pose body scale: strike_se
[rts] PASS pose present: idle_se
[rts] PASS square AtlasTexture: idle_se
[rts] PASS exact source: idle_se
[rts] PASS exact crop/padding and clipping: idle_se
[rts] PASS authored ground metadata within 0.00002 texture pixels: idle_se
[rts] PASS pose body scale: idle_se
[rts] PASS exact TRES routing: hurt se
[rts] PASS manifest frame count: hurt se
[rts] PASS authored direction is not mirrored: hurt se
[rts] PASS pose present: hurt_se
[rts] PASS square AtlasTexture: hurt_se
[rts] PASS exact source: hurt_se
[rts] PASS exact crop/padding and clipping: hurt_se
[rts] PASS authored ground metadata within 0.00002 texture pixels: hurt_se
[rts] PASS pose body scale: hurt_se
[rts] PASS exact TRES routing: death se
[rts] PASS manifest frame count: death se
[rts] PASS authored direction is not mirrored: death se
[rts] PASS pose present: hurt_se
[rts] PASS square AtlasTexture: hurt_se
[rts] PASS exact source: hurt_se
[rts] PASS exact crop/padding and clipping: hurt_se
[rts] PASS authored ground metadata within 0.00002 texture pixels: hurt_se
[rts] PASS pose body scale: hurt_se
[rts] PASS pose present: fall_se
[rts] PASS square AtlasTexture: fall_se
[rts] PASS exact source: fall_se
[rts] PASS exact crop/padding and clipping: fall_se
[rts] PASS authored ground metadata within 0.00002 texture pixels: fall_se
[rts] PASS pose body scale: fall_se
[rts] PASS pose present: ground_se
[rts] PASS square AtlasTexture: ground_se
[rts] PASS exact source: ground_se
[rts] PASS exact crop/padding and clipping: ground_se
[rts] PASS authored ground metadata within 0.00002 texture pixels: ground_se
[rts] PASS pose body scale: ground_se
[rts] PASS pose present: ground_se
[rts] PASS square AtlasTexture: ground_se
[rts] PASS exact source: ground_se
[rts] PASS exact crop/padding and clipping: ground_se
[rts] PASS authored ground metadata within 0.00002 texture pixels: ground_se
[rts] PASS pose body scale: ground_se
[rts] PASS living down cannot borrow death: se
[rts] PASS exact TRES routing: idle sw
[rts] PASS manifest frame count: idle sw
[rts] PASS authored direction is not mirrored: idle sw
[rts] PASS pose present: idle_sw
[rts] PASS square AtlasTexture: idle_sw
[rts] PASS exact source: idle_sw
[rts] PASS exact crop/padding and clipping: idle_sw
[rts] PASS authored ground metadata within 0.00002 texture pixels: idle_sw
[rts] PASS pose body scale: idle_sw
[rts] FAIL exact TRES routing: walk sw
[rts] PASS manifest frame count: walk sw
[rts] FAIL authored direction is not mirrored: walk sw
[rts] PASS pose present: walk_a_sw
[rts] PASS square AtlasTexture: walk_a_sw
[rts] FAIL exact source: walk_a_sw
[rts] FAIL exact crop/padding and clipping: walk_a_sw
ERROR: The object does not have any 'meta' values with the key 'draw_offset_px'.
