Godot Engine v4.6.3.stable.official.7d41c59c4 - https://godotengine.org
Vulkan 1.4.351 - Forward+ - Using Device #0: NVIDIA - NVIDIA GeForce RTX 3070 Ti

[rts] PASS pixel comparison uses real rendering
[rts] PASS reversed authoring retains all world source points (156.0, 78.0)
[rts] PASS source poles stay vertical at authored height (156.0, 78.0)
[rts] PASS pixel fixture contains visible wall art (156.0, 78.0)
[rts] PASS forward/reverse actual pixels identical (156.0, 78.0)
[rts] PASS saved representative pixel comparison
[rts] PASS reversed authoring retains all world source points (-156.0, 78.0)
[rts] PASS source poles stay vertical at authored height (-156.0, 78.0)
[rts] PASS pixel fixture contains visible wall art (-156.0, 78.0)
[rts] PASS forward/reverse actual pixels identical (-156.0, 78.0)
[rts] PASS reversed authoring retains all world source points (156.0, 62.0)
[rts] PASS source poles stay vertical at authored height (156.0, 62.0)
[rts] PASS pixel fixture contains visible wall art (156.0, 62.0)
[rts] PASS forward/reverse actual pixels identical (156.0, 62.0)
[rts] PASS reversed authoring retains all world source points (-156.0, 94.0)
[rts] PASS source poles stay vertical at authored height (-156.0, 94.0)
[rts] PASS pixel fixture contains visible wall art (-156.0, 94.0)
[rts] PASS forward/reverse actual pixels identical (-156.0, 94.0)
[rts] PASS reversed authoring retains all world source points (156.0, 0.0)
[rts] PASS source poles stay vertical at authored height (156.0, 0.0)
[rts] PASS pixel fixture contains visible wall art (156.0, 0.0)
[rts] PASS forward/reverse actual pixels identical (156.0, 0.0)
[rts] PASS reversed authoring retains all world source points (-156.0, 0.000001)
[rts] PASS source poles stay vertical at authored height (-156.0, 0.000001)
[rts] PASS pixel fixture contains visible wall art (-156.0, 0.000001)
[rts] PASS forward/reverse actual pixels identical (-156.0, 0.000001)
[rts] PASS zhu panels preserve source proportions within measured tolerance
[rts] PASS zhu source cross-axis correction stays below 18 percent
[rts] PASS liangshan panels preserve source proportions within measured tolerance
[rts] PASS liangshan source cross-axis correction stays below 18 percent
[rts] PASS defense panels preserve source proportions within measured tolerance
[rts] PASS defense source cross-axis correction stays below 18 percent
[wall-direction] 32 checks, failures=0
