Godot Engine v4.6.3.stable.official.7d41c59c4 - https://godotengine.org
Vulkan 1.4.351 - Forward+ - Using Device #0: NVIDIA - NVIDIA GeForce RTX 3070 Ti

SCRIPT ERROR: Compile Error: Identifier not found: Art
   at: GDScript::reload (res://scripts/game_map.gd:581)
SCRIPT ERROR: Compile Error: Failed to compile depended scripts.
   at: GDScript::reload (res://tools/wall_direction_qa.gd:0)
ERROR: Failed to load script "res://tools/wall_direction_qa.gd" with error "Compilation failed".
   at: load (modules/gdscript/gdscript.cpp:2907)
[rts] PASS pixel comparison uses real rendering
[rts] PASS reversed authoring retains all world source points (156.0, 78.0)
[rts] PASS source poles stay vertical at authored height (156.0, 78.0)
SCRIPT ERROR: Invalid assignment of property or key 'own_world_2d' with value of type 'bool' on a base object of type 'SubViewport'.
   at: _render (res://tools/wall_direction_qa.gd:65)
   GDScript backtrace (most recent call first):
       [0] _render (res://tools/wall_direction_qa.gd:65)
       [1] _run (res://tools/wall_direction_qa.gd:33)
SCRIPT ERROR: Invalid assignment of property or key 'own_world_2d' with value of type 'bool' on a base object of type 'SubViewport'.
   at: _render (res://tools/wall_direction_qa.gd:65)
   GDScript backtrace (most recent call first):
       [0] _render (res://tools/wall_direction_qa.gd:65)
       [1] _run (res://tools/wall_direction_qa.gd:34)
SCRIPT ERROR: Invalid call. Nonexistent function 'get_data' in base 'Nil'.
   at: _run (res://tools/wall_direction_qa.gd:35)
   GDScript backtrace (most recent call first):
       [0] _run (res://tools/wall_direction_qa.gd:35)
