Godot Engine v4.6.3.stable.official.7d41c59c4 - https://godotengine.org

[runtime-check] PASS frozen old function hash matches
[runtime-check] PASS reference compiles against unchanged map helpers
[runtime-check] PASS same open cell
[runtime-check] PASS same blocked cell
[runtime-check] PASS diagonal corner blocked on both sides
[runtime-check] PASS exact tile edge reaches wall
[runtime-check] PASS negative endpoint
[runtime-check] PASS right map boundary
[runtime-check] PASS bottom map boundary
[runtime-check] PASS inclusive top left boundary
[runtime-check] PASS infinite endpoint
[runtime-check] PASS NaN endpoint
[runtime-check] PASS water passage
[runtime-check] PASS land cannot traverse water
[runtime-check] PASS ship cannot traverse land
[runtime-check] PASS open dynamic passage before blocking
[runtime-check] PASS new dynamic blocker is seen immediately
[runtime-check] PASS removed dynamic blocker opens passage immediately
[runtime-check] PASS synthetic boundaries and obstacles matches frozen reference for land water and fallback profiles
[runtime-check] PASS float32 neighbors of every grid line agree on 1x1 map
[runtime-check] PASS float32 neighbors of every grid line agree on 7x5 map
[runtime-check] PASS float32 neighbors of every grid line agree on 65x33 map
[runtime-check] PASS same-cell direct navigation mutation starts open
[runtime-check] PASS direct AStar blocking affects the very next query
[runtime-check] PASS direct AStar unblocking affects the very next query
[runtime-check] PASS water navigation uses its own live grid
[runtime-check] PASS water reblocking leaves land passage open
[runtime-check] PASS same-size map rebake updates endpoint blocking
[runtime-check] PASS same-size map rebake restores open endpoint
[runtime-check] PASS all grid-edge precision fixtures completed
[runtime-check] PASS level1 matches frozen reference for land water and fallback profiles
[runtime-check] PASS previous scene, map and units actually freed
[runtime-check] PASS level2 matches frozen reference for land water and fallback profiles
[runtime-check] PASS previous scene, map and units actually freed
[runtime-check] PASS level3 matches frozen reference for land water and fallback profiles
[runtime-check] PASS paired CPU windows return equal counts
[runtime-check] PASS previous scene, map and units actually freed
[runtime-check] PASS level4 matches frozen reference for land water and fallback profiles
[runtime-check] PASS previous scene, map and units actually freed
[runtime-check] PASS level5 matches frozen reference for land water and fallback profiles
[runtime-check] PASS previous scene, map and units actually freed
[runtime-check] PASS level6 matches frozen reference for land water and fallback profiles
[runtime-check] PASS previous scene, map and units actually freed
[runtime-check] PASS level7 matches frozen reference for land water and fallback profiles
[runtime-check] PASS previous scene, map and units actually freed
[runtime-check] PASS level8 matches frozen reference for land water and fallback profiles
[runtime-check] PASS previous scene, map and units actually freed
[prof] bench(def): 200 敌 vs 6 英雄
[runtime-check] PASS crowd exact positions spacing=0.65 phase=0 stagger=false
[runtime-check] PASS crowd exact positions spacing=0.65 phase=0 stagger=true
[runtime-check] PASS crowd exact positions spacing=0.65 phase=1 stagger=false
[runtime-check] PASS crowd exact positions spacing=0.65 phase=1 stagger=true
[runtime-check] PASS crowd exact positions spacing=0.65 phase=2 stagger=false
[runtime-check] PASS crowd exact positions spacing=0.65 phase=2 stagger=true
[runtime-check] PASS crowd exact positions spacing=1.0 phase=0 stagger=false
[runtime-check] PASS crowd exact positions spacing=1.0 phase=0 stagger=true
[runtime-check] PASS crowd exact positions spacing=1.0 phase=1 stagger=false
[runtime-check] PASS crowd exact positions spacing=1.0 phase=1 stagger=true
[runtime-check] PASS crowd exact positions spacing=1.0 phase=2 stagger=false
[runtime-check] PASS crowd exact positions spacing=1.0 phase=2 stagger=true
[runtime-check] PASS crowd exact positions spacing=1.7 phase=0 stagger=false
[runtime-check] PASS crowd exact positions spacing=1.7 phase=0 stagger=true
[runtime-check] PASS crowd exact positions spacing=1.7 phase=1 stagger=false
[runtime-check] PASS crowd exact positions spacing=1.7 phase=1 stagger=true
[runtime-check] PASS crowd exact positions spacing=1.7 phase=2 stagger=false
[runtime-check] PASS crowd exact positions spacing=1.7 phase=2 stagger=true
[runtime-check] PASS all dense crowd and stagger fixtures actually ran
[runtime-check] PASS previous scene, map and units actually freed
[runtime-check] PASS all eight chapters and boundary grid comparisons completed
[runtime-check] PASS player campaign save bytes unchanged
[segment-navigation-summary] {"checks":69,"comparisons":81000,"cpu_timing":{"median_optimized_us":166465,"median_reference_us":289813,"optimized_over_reference":0.574387622363386,"scope":"100000 short segment queries per window in frozen authored level3 collision grid, not game FPS","windows":[{"implementation":"reference","microseconds":289813,"open_results":79490,"queries":100000},{"implementation":"optimized","microseconds":170062,"open_results":79490,"queries":100000},{"implementation":"optimized","microseconds":160048,"open_results":79490,"queries":100000},{"implementation":"reference","microseconds":280077,"open_results":79490,"queries":100000},{"implementation":"reference","microseconds":290915,"open_results":79490,"queries":100000},{"implementation":"optimized","microseconds":166465,"open_results":79490,"queries":100000}]},"passed":true}
