Godot Engine v4.6.3.stable.official.7d41c59c4 - https://godotengine.org

[rts] PASS menu uses limited-supply rescue with compatible chapter ID
[rts] PASS finite starting purse and fog are enabled
[rts] PASS emergency chapter has no mining, chopping or automatic income units
[rts] PASS both real reinforcement camps share the normal troop roster
[rts] PASS emergency camp offers no tech waiting loop
[rts] PASS shared combat and troop cost unchanged: chao_gai
[rts] PASS shared combat and troop cost unchanged: li_kui
[rts] PASS shared combat and troop cost unchanged: hua_rong
[rts] PASS shared combat and troop cost unchanged: yan_shun
[rts] PASS shared combat and troop cost unchanged: liang_dao
[rts] PASS shared combat and troop cost unchanged: liang_qiang
[rts] PASS shared combat and troop cost unchanged: liang_gong
[rts] PASS shared combat and troop cost unchanged: liang_ma
[rts] PASS shared combat and troop cost unchanged: arrow_tower
[rts] PASS Jiangzhou keeps its accepted bare-chested Li Kui variant
[rts] PASS real reserve, route defenses and Cai Jiu exist from deployment
[jiangzhou-contract] initial_pop=22 cap=36
[rts] PASS initial army leaves honest population room for paid reinforcements
[rts] PASS real land route reaches (29, 19)
[rts] PASS real land route reaches (13, 25)
[rts] PASS real land route reaches (28, 43)
[rts] PASS real land route reaches (14, 43)
[rts] PASS real land route reaches (10, 50)
[rts] PASS real land route reaches (12, 50)
[rts] PASS waiting guards and arrow towers cannot damage heroes before uprising
[rts] PASS waiting alone generates no gold or wood
[rts] PASS spear order pays shared price
[rts] PASS second camp spends the same finite purse independently
[rts] PASS paid queues reserve two population before units exist
[rts] PASS both troops finish after real training time and population transfers once
[rts] PASS enemy post cannot create reinforcements without resources
[rts] PASS enemy reinforcement debits its own actual budget
[rts] PASS enemy source respects its normal training interval
[rts] PASS destroyed post immediately stops its source
[rts] PASS nearby guard denies supplies without consuming the action or paying
[rts] PASS real manual movement claims cleared supplies
[rts] PASS cleared cache credits exactly 100 gold and 60 wood
[rts] PASS same cache cannot be claimed twice
[rts] PASS unreleased reserve is still waiting before rescue
[rts] PASS actual executioner deaths unlock separate rescue actions
[rts] PASS stopping execution stops the deadline permanently
[rts] PASS ambiguous midpoint command cannot rescue either prisoner
[rts] PASS real manual command separately frees Song
[rts] PASS freeing Song does not silently free Dai
[rts] FAIL rescued Song keeps his wound and cannot fight, cast or grant auras
[rts] PASS first rescue gives a real 20-second pursuit warning
[rts] PASS a fresh independent command frees Dai
[rts] PASS freeing both is not victory
[rts] PASS existing north reserve starts after its warning
[rts] PASS pursuit moves existing soldiers without spawning a replacement group
[rts] PASS Song actually walks to dock and boards through a manual command
[rts] PASS one passenger is insufficient to offer victory
[rts] PASS Dai actually reaches the adjacent non-action dock point
[rts] PASS standing near a boarding flag does not auto-board without the right command
[rts] PASS live pursuer blocks boarding and leaves it retryable
[rts] PASS boarding succeeds after clearing the actual dock threat
[rts] PASS both passengers offer explicit departure without requiring optional goals
[rts] PASS departure button completes core rescue without fake meeting or full-army credit
[rts] PASS uninterrupted execution deadline fails the mission
[rts] PASS prisoner death cannot be replaced by a stale finish call
[rts] PASS skirmish keeps normal heroes and research roster after Jiangzhou
[rts] PASS skirmish_ai keeps normal heroes and research roster after Jiangzhou
[rts] PASS restarting resets resources, caches, alarm and enemy production
[jiangzhou-contract-result] 62 checks, failures=1
