Godot Engine v4.6.3.stable.official.7d41c59c4 - https://godotengine.org

SCRIPT ERROR: Parse Error: Assigned value for constant "RESCUERS" isn't a constant expression.
   at: GDScript::reload (res://scripts/levels/level2_jiangzhou_rts.gd:15)
   GDScript backtrace (most recent call first):
       [0] make_level (res://scripts/campaign.gd:154)
       [1] _resolve_level (res://scripts/battle.gd:531)
       [2] _ready (res://scripts/battle.gd:262)
ERROR: Failed to load script "res://scripts/levels/level2_jiangzhou_rts.gd" with error "Parse error".
   at: load (modules/gdscript/gdscript.cpp:2907)
   GDScript backtrace (most recent call first):
       [0] make_level (res://scripts/campaign.gd:154)
       [1] _resolve_level (res://scripts/battle.gd:531)
       [2] _ready (res://scripts/battle.gd:262)
SCRIPT ERROR: Invalid call. Nonexistent function 'new' in base 'GDScript'.
   at: make_level (res://scripts/campaign.gd:154)
   GDScript backtrace (most recent call first):
       [0] make_level (res://scripts/campaign.gd:154)
       [1] _resolve_level (res://scripts/battle.gd:531)
       [2] _ready (res://scripts/battle.gd:262)
SCRIPT ERROR: Invalid call. Nonexistent function 'id' in base 'Nil'.
   at: Battle._ready (res://scripts/battle.gd:270)
   GDScript backtrace (most recent call first):
       [0] _ready (res://scripts/battle.gd:270)
