Godot Engine v4.6.3.stable.official.7d41c59c4 - https://godotengine.org
Vulkan 1.4.351 - Forward+ - Using Device #0: NVIDIA - NVIDIA GeForce RTX 3070 Ti

[runtime-check] PASS fixture reached an active battle before pausing
[runtime-check] PASS requested GUI button is visible
[runtime-check] PASS 重新开始本局 first click keeps scene paused
[runtime-check] PASS 重新开始本局 default keyboard action is cancel
[runtime-check] PASS 重新开始本局 units health and mission stay unchanged during confirmation
[runtime-check] PASS requested GUI button is visible
[runtime-check] PASS modal blocks the underlying information drawer button
[runtime-check] PASS restart_1280 confirmation fits viewport
[runtime-check] PASS restart_1280 warning text is not truncated
[runtime-check] PASS restart_1280 actual renderer capture saved
[runtime-check] PASS restart_960 confirmation fits viewport
[runtime-check] PASS restart_960 warning text is not truncated
[runtime-check] PASS restart_960 actual renderer capture saved
[runtime-check] PASS 重新开始本局 cancel returns to pause without dispatch
[runtime-check] PASS requested GUI button is visible
[runtime-check] PASS 返回主菜单 first click keeps scene paused
[runtime-check] PASS 返回主菜单 default keyboard action is cancel
[runtime-check] PASS 返回主菜单 units health and mission stay unchanged during confirmation
[runtime-check] PASS 返回主菜单 cancel returns to pause without dispatch
[runtime-check] PASS requested GUI button is visible
[runtime-check] PASS 退出游戏 first click keeps scene paused
[runtime-check] PASS 退出游戏 default keyboard action is cancel
[runtime-check] PASS 退出游戏 units health and mission stay unchanged during confirmation
[runtime-check] PASS requested GUI button is visible
[runtime-check] PASS 退出游戏 cancel returns to pause without dispatch
[runtime-check] PASS requested GUI button is visible
[runtime-check] PASS Android back cancels confirmation and stays paused
[runtime-check] PASS second Android back resumes battle
[runtime-check] PASS Escape from ordinary pause resumes battle
[runtime-check] PASS requested GUI button is visible
[runtime-check] PASS reopening pause clears stale departure
[runtime-check] PASS requested GUI button is visible
[runtime-check] PASS requested GUI button is visible
[runtime-check] PASS confirmed quit dispatches exactly once despite repeated callback
[runtime-check] PASS QA intercepts quit before application shutdown
[runtime-check] PASS requested GUI button is visible
[runtime-check] PASS requested GUI button is visible
[runtime-check] PASS confirmed restart actually frees old battle and reloads main scene
[runtime-check] PASS restart preserves chapter and resets mission while unpaused
[runtime-check] PASS requested GUI button is visible
[runtime-check] PASS requested GUI button is visible
[runtime-check] PASS confirmed return actually reaches main menu and releases paused scene
[runtime-check] PASS requested GUI button is visible
[runtime-check] PASS sandbox mode also protects active battle
[runtime-check] PASS requested GUI button is visible
[runtime-check] PASS modal blocks the underlying touch menu button
[runtime-check] PASS requested GUI button is visible
[runtime-check] PASS requested GUI button is visible
[runtime-check] PASS sandbox cancel and continue resume same scene
[runtime-check] PASS requested GUI button is visible
[runtime-check] PASS settled battle keeps its direct replay action
[runtime-check] PASS previous scene, map and units actually freed
[runtime-check] PASS chapter records and unlocks are unchanged
[runtime-check] PASS player campaign save bytes unchanged
[runtime-check] PASS both actual renderer size captures completed
[pause-menu-summary] {"captures":2,"checks":55,"passed":true}
