Godot Engine v4.6.3.stable.official.7d41c59c4 - https://godotengine.org

[skirmish-top4-actions] PASS Art autoload available
[skirmish-top4-actions] PASS guan_dao idle se exact baseline :: {"expected":"res://assets/anim/guan_dao_idle_se.png","frames":1,"selected":["res://assets/anim/guan_dao_idle_se.png"]}
[skirmish-top4-actions] PASS guan_dao walk se exact directional source :: {"expected":"res://assets/anim/guan_dao_walk_se.png","imported":true,"physical":true,"selected":["res://assets/anim/guan_dao_walk_se.png","res://assets/anim/guan_dao_walk_se.png"]}
[skirmish-top4-actions] PASS guan_dao walk se directional routing flag :: {"directional":true,"exact":true}
[skirmish-top4-actions] PASS guan_dao walk se frame minimum :: {"actual":2,"required":2}
[skirmish-top4-actions] PASS guan_dao walk se square-frame strip :: [512,256]
[skirmish-top4-actions] PASS guan_dao walk se differs from idle :: {"has_non_idle_frame":true,"idle_exact":true}
[skirmish-top4-actions] PASS guan_dao attack se exact directional source :: {"expected":"res://assets/anim/guan_dao_attack_se.png","imported":true,"physical":true,"selected":["res://assets/anim/guan_dao_attack_se.png","res://assets/anim/guan_dao_attack_se.png","res://assets/anim/guan_dao_attack_se.png"]}
[skirmish-top4-actions] PASS guan_dao attack se directional routing flag :: {"directional":true,"exact":true}
[skirmish-top4-actions] PASS guan_dao attack se frame minimum :: {"actual":3,"required":3}
[skirmish-top4-actions] PASS guan_dao attack se square-frame strip :: [768,256]
[skirmish-top4-actions] PASS guan_dao attack se differs from idle :: {"has_non_idle_frame":true,"idle_exact":true}
[skirmish-top4-actions] PASS guan_dao death se exact directional source :: {"expected":"res://assets/anim/guan_dao_death_se.png","imported":true,"physical":true,"selected":["res://assets/anim/guan_dao_death_se.png","res://assets/anim/guan_dao_death_se.png","res://assets/anim/guan_dao_death_se.png","res://assets/anim/guan_dao_death_se.png"]}
[skirmish-top4-actions] PASS guan_dao death se directional routing flag :: {"directional":true,"exact":true}
[skirmish-top4-actions] PASS guan_dao death se frame minimum :: {"actual":4,"required":4}
[skirmish-top4-actions] PASS guan_dao death se square-frame strip :: [1024,256]
[skirmish-top4-actions] PASS guan_dao death se differs from idle :: {"has_non_idle_frame":true,"idle_exact":true}
[skirmish-top4-actions] PASS guan_dao idle sw exact baseline :: {"expected":"res://assets/anim/guan_dao_idle_sw.png","frames":1,"selected":["res://assets/anim/guan_dao_idle_sw.png"]}
[skirmish-top4-actions] PASS guan_dao walk sw exact directional source :: {"expected":"res://assets/anim/guan_dao_walk_sw.png","imported":true,"physical":true,"selected":["res://assets/anim/guan_dao_walk_sw.png","res://assets/anim/guan_dao_walk_sw.png"]}
[skirmish-top4-actions] PASS guan_dao walk sw directional routing flag :: {"directional":true,"exact":true}
[skirmish-top4-actions] PASS guan_dao walk sw frame minimum :: {"actual":2,"required":2}
[skirmish-top4-actions] PASS guan_dao walk sw square-frame strip :: [512,256]
[skirmish-top4-actions] PASS guan_dao walk sw differs from idle :: {"has_non_idle_frame":true,"idle_exact":true}
[skirmish-top4-actions] PASS guan_dao attack sw exact directional source :: {"expected":"res://assets/anim/guan_dao_attack_sw.png","imported":true,"physical":true,"selected":["res://assets/anim/guan_dao_attack_sw.png","res://assets/anim/guan_dao_attack_sw.png","res://assets/anim/guan_dao_attack_sw.png"]}
[skirmish-top4-actions] PASS guan_dao attack sw directional routing flag :: {"directional":true,"exact":true}
[skirmish-top4-actions] PASS guan_dao attack sw frame minimum :: {"actual":3,"required":3}
[skirmish-top4-actions] PASS guan_dao attack sw square-frame strip :: [768,256]
[skirmish-top4-actions] PASS guan_dao attack sw differs from idle :: {"has_non_idle_frame":true,"idle_exact":true}
[skirmish-top4-actions] PASS guan_dao death sw exact directional source :: {"expected":"res://assets/anim/guan_dao_death_sw.png","imported":true,"physical":true,"selected":["res://assets/anim/guan_dao_death_sw.png","res://assets/anim/guan_dao_death_sw.png","res://assets/anim/guan_dao_death_sw.png","res://assets/anim/guan_dao_death_sw.png"]}
[skirmish-top4-actions] PASS guan_dao death sw directional routing flag :: {"directional":true,"exact":true}
[skirmish-top4-actions] PASS guan_dao death sw frame minimum :: {"actual":4,"required":4}
[skirmish-top4-actions] PASS guan_dao death sw square-frame strip :: [1024,256]
[skirmish-top4-actions] PASS guan_dao death sw differs from idle :: {"has_non_idle_frame":true,"idle_exact":true}
[skirmish-top4-actions] PASS guan_dao idle ne exact baseline :: {"expected":"res://assets/anim/guan_dao_idle_ne.png","frames":1,"selected":["res://assets/anim/guan_dao_idle_ne.png"]}
[skirmish-top4-actions] PASS guan_dao walk ne exact directional source :: {"expected":"res://assets/anim/guan_dao_walk_ne.png","imported":true,"physical":true,"selected":["res://assets/anim/guan_dao_walk_ne.png","res://assets/anim/guan_dao_walk_ne.png"]}
[skirmish-top4-actions] PASS guan_dao walk ne directional routing flag :: {"directional":true,"exact":true}
[skirmish-top4-actions] PASS guan_dao walk ne frame minimum :: {"actual":2,"required":2}
[skirmish-top4-actions] PASS guan_dao walk ne square-frame strip :: [512,256]
[skirmish-top4-actions] PASS guan_dao walk ne differs from idle :: {"has_non_idle_frame":true,"idle_exact":true}
[skirmish-top4-actions] PASS guan_dao attack ne exact directional source :: {"expected":"res://assets/anim/guan_dao_attack_ne.png","imported":true,"physical":true,"selected":["res://assets/anim/guan_dao_attack_ne.png","res://assets/anim/guan_dao_attack_ne.png","res://assets/anim/guan_dao_attack_ne.png"]}
[skirmish-top4-actions] PASS guan_dao attack ne directional routing flag :: {"directional":true,"exact":true}
[skirmish-top4-actions] PASS guan_dao attack ne frame minimum :: {"actual":3,"required":3}
[skirmish-top4-actions] PASS guan_dao attack ne square-frame strip :: [768,256]
[skirmish-top4-actions] PASS guan_dao attack ne differs from idle :: {"has_non_idle_frame":true,"idle_exact":true}
[skirmish-top4-actions] PASS guan_dao death ne exact directional source :: {"expected":"res://assets/anim/guan_dao_death_ne.png","imported":true,"physical":true,"selected":["res://assets/anim/guan_dao_death_ne.png","res://assets/anim/guan_dao_death_ne.png","res://assets/anim/guan_dao_death_ne.png","res://assets/anim/guan_dao_death_ne.png"]}
[skirmish-top4-actions] PASS guan_dao death ne directional routing flag :: {"directional":true,"exact":true}
[skirmish-top4-actions] PASS guan_dao death ne frame minimum :: {"actual":4,"required":4}
[skirmish-top4-actions] PASS guan_dao death ne square-frame strip :: [1024,256]
[skirmish-top4-actions] PASS guan_dao death ne differs from idle :: {"has_non_idle_frame":true,"idle_exact":true}
[skirmish-top4-actions] PASS guan_dao idle nw exact baseline :: {"expected":"res://assets/anim/guan_dao_idle_nw.png","frames":1,"selected":["res://assets/anim/guan_dao_idle_nw.png"]}
[skirmish-top4-actions] PASS guan_dao walk nw exact directional source :: {"expected":"res://assets/anim/guan_dao_walk_nw.png","imported":true,"physical":true,"selected":["res://assets/anim/guan_dao_walk_nw.png","res://assets/anim/guan_dao_walk_nw.png"]}
[skirmish-top4-actions] PASS guan_dao walk nw directional routing flag :: {"directional":true,"exact":true}
[skirmish-top4-actions] PASS guan_dao walk nw frame minimum :: {"actual":2,"required":2}
[skirmish-top4-actions] PASS guan_dao walk nw square-frame strip :: [512,256]
[skirmish-top4-actions] PASS guan_dao walk nw differs from idle :: {"has_non_idle_frame":true,"idle_exact":true}
[skirmish-top4-actions] PASS guan_dao attack nw exact directional source :: {"expected":"res://assets/anim/guan_dao_attack_nw.png","imported":true,"physical":true,"selected":["res://assets/anim/guan_dao_attack_nw.png","res://assets/anim/guan_dao_attack_nw.png","res://assets/anim/guan_dao_attack_nw.png"]}
[skirmish-top4-actions] PASS guan_dao attack nw directional routing flag :: {"directional":true,"exact":true}
[skirmish-top4-actions] PASS guan_dao attack nw frame minimum :: {"actual":3,"required":3}
[skirmish-top4-actions] PASS guan_dao attack nw square-frame strip :: [768,256]
[skirmish-top4-actions] PASS guan_dao attack nw differs from idle :: {"has_non_idle_frame":true,"idle_exact":true}
[skirmish-top4-actions] PASS guan_dao death nw exact directional source :: {"expected":"res://assets/anim/guan_dao_death_nw.png","imported":true,"physical":true,"selected":["res://assets/anim/guan_dao_death_nw.png","res://assets/anim/guan_dao_death_nw.png","res://assets/anim/guan_dao_death_nw.png","res://assets/anim/guan_dao_death_nw.png"]}
[skirmish-top4-actions] PASS guan_dao death nw directional routing flag :: {"directional":true,"exact":true}
[skirmish-top4-actions] PASS guan_dao death nw frame minimum :: {"actual":4,"required":4}
[skirmish-top4-actions] PASS guan_dao death nw square-frame strip :: [1024,256]
[skirmish-top4-actions] PASS guan_dao death nw differs from idle :: {"has_non_idle_frame":true,"idle_exact":true}
[skirmish-top4-actions] PASS guan_gong idle se exact baseline :: {"expected":"res://assets/anim/guan_gong_idle_se.png","frames":1,"selected":["res://assets/anim/guan_gong_idle_se.png"]}
[skirmish-top4-actions] PASS guan_gong walk se exact directional source :: {"expected":"res://assets/anim/guan_gong_walk_se.png","imported":true,"physical":true,"selected":["res://assets/anim/guan_gong_walk_se.png","res://assets/anim/guan_gong_walk_se.png"]}
[skirmish-top4-actions] PASS guan_gong walk se directional routing flag :: {"directional":true,"exact":true}
[skirmish-top4-actions] PASS guan_gong walk se frame minimum :: {"actual":2,"required":2}
[skirmish-top4-actions] PASS guan_gong walk se square-frame strip :: [512,256]
[skirmish-top4-actions] PASS guan_gong walk se differs from idle :: {"has_non_idle_frame":true,"idle_exact":true}
[skirmish-top4-actions] PASS guan_gong attack se exact directional source :: {"expected":"res://assets/anim/guan_gong_attack_se.png","imported":true,"physical":true,"selected":["res://assets/anim/guan_gong_attack_se.png","res://assets/anim/guan_gong_attack_se.png","res://assets/anim/guan_gong_attack_se.png"]}
[skirmish-top4-actions] PASS guan_gong attack se directional routing flag :: {"directional":true,"exact":true}
[skirmish-top4-actions] PASS guan_gong attack se frame minimum :: {"actual":3,"required":3}
[skirmish-top4-actions] PASS guan_gong attack se square-frame strip :: [768,256]
[skirmish-top4-actions] PASS guan_gong attack se differs from idle :: {"has_non_idle_frame":true,"idle_exact":true}
[skirmish-top4-actions] PASS guan_gong death se exact directional source :: {"expected":"res://assets/anim/guan_gong_death_se.png","imported":true,"physical":true,"selected":["res://assets/anim/guan_gong_death_se.png","res://assets/anim/guan_gong_death_se.png","res://assets/anim/guan_gong_death_se.png","res://assets/anim/guan_gong_death_se.png"]}
[skirmish-top4-actions] PASS guan_gong death se directional routing flag :: {"directional":true,"exact":true}
[skirmish-top4-actions] PASS guan_gong death se frame minimum :: {"actual":4,"required":4}
[skirmish-top4-actions] PASS guan_gong death se square-frame strip :: [1024,256]
[skirmish-top4-actions] PASS guan_gong death se differs from idle :: {"has_non_idle_frame":true,"idle_exact":true}
[skirmish-top4-actions] PASS guan_gong idle sw exact baseline :: {"expected":"res://assets/anim/guan_gong_idle_sw.png","frames":1,"selected":["res://assets/anim/guan_gong_idle_sw.png"]}
[skirmish-top4-actions] PASS guan_gong walk sw exact directional source :: {"expected":"res://assets/anim/guan_gong_walk_sw.png","imported":true,"physical":true,"selected":["res://assets/anim/guan_gong_walk_sw.png","res://assets/anim/guan_gong_walk_sw.png"]}
[skirmish-top4-actions] PASS guan_gong walk sw directional routing flag :: {"directional":true,"exact":true}
[skirmish-top4-actions] PASS guan_gong walk sw frame minimum :: {"actual":2,"required":2}
[skirmish-top4-actions] PASS guan_gong walk sw square-frame strip :: [512,256]
[skirmish-top4-actions] PASS guan_gong walk sw differs from idle :: {"has_non_idle_frame":true,"idle_exact":true}
[skirmish-top4-actions] PASS guan_gong attack sw exact directional source :: {"expected":"res://assets/anim/guan_gong_attack_sw.png","imported":true,"physical":true,"selected":["res://assets/anim/guan_gong_attack_sw.png","res://assets/anim/guan_gong_attack_sw.png","res://assets/anim/guan_gong_attack_sw.png"]}
[skirmish-top4-actions] PASS guan_gong attack sw directional routing flag :: {"directional":true,"exact":true}
[skirmish-top4-actions] PASS guan_gong attack sw frame minimum :: {"actual":3,"required":3}
[skirmish-top4-actions] PASS guan_gong attack sw square-frame strip :: [768,256]
[skirmish-top4-actions] PASS guan_gong attack sw differs from idle :: {"has_non_idle_frame":true,"idle_exact":true}
[skirmish-top4-actions] PASS guan_gong death sw exact directional source :: {"expected":"res://assets/anim/guan_gong_death_sw.png","imported":true,"physical":true,"selected":["res://assets/anim/guan_gong_death_sw.png","res://assets/anim/guan_gong_death_sw.png","res://assets/anim/guan_gong_death_sw.png","res://assets/anim/guan_gong_death_sw.png"]}
[skirmish-top4-actions] PASS guan_gong death sw directional routing flag :: {"directional":true,"exact":true}
[skirmish-top4-actions] PASS guan_gong death sw frame minimum :: {"actual":4,"required":4}
[skirmish-top4-actions] PASS guan_gong death sw square-frame strip :: [1024,256]
[skirmish-top4-actions] PASS guan_gong death sw differs from idle :: {"has_non_idle_frame":true,"idle_exact":true}
[skirmish-top4-actions] PASS guan_gong idle ne exact baseline :: {"expected":"res://assets/anim/guan_gong_idle_ne.png","frames":1,"selected":["res://assets/anim/guan_gong_idle_ne.png"]}
[skirmish-top4-actions] PASS guan_gong walk ne exact directional source :: {"expected":"res://assets/anim/guan_gong_walk_ne.png","imported":true,"physical":true,"selected":["res://assets/anim/guan_gong_walk_ne.png","res://assets/anim/guan_gong_walk_ne.png"]}
[skirmish-top4-actions] PASS guan_gong walk ne directional routing flag :: {"directional":true,"exact":true}
[skirmish-top4-actions] PASS guan_gong walk ne frame minimum :: {"actual":2,"required":2}
[skirmish-top4-actions] PASS guan_gong walk ne square-frame strip :: [512,256]
[skirmish-top4-actions] PASS guan_gong walk ne differs from idle :: {"has_non_idle_frame":true,"idle_exact":true}
[skirmish-top4-actions] PASS guan_gong attack ne exact directional source :: {"expected":"res://assets/anim/guan_gong_attack_ne.png","imported":true,"physical":true,"selected":["res://assets/anim/guan_gong_attack_ne.png","res://assets/anim/guan_gong_attack_ne.png","res://assets/anim/guan_gong_attack_ne.png"]}
[skirmish-top4-actions] PASS guan_gong attack ne directional routing flag :: {"directional":true,"exact":true}
[skirmish-top4-actions] PASS guan_gong attack ne frame minimum :: {"actual":3,"required":3}
[skirmish-top4-actions] PASS guan_gong attack ne square-frame strip :: [768,256]
[skirmish-top4-actions] PASS guan_gong attack ne differs from idle :: {"has_non_idle_frame":true,"idle_exact":true}
[skirmish-top4-actions] PASS guan_gong death ne exact directional source :: {"expected":"res://assets/anim/guan_gong_death_ne.png","imported":true,"physical":true,"selected":["res://assets/anim/guan_gong_death_ne.png","res://assets/anim/guan_gong_death_ne.png","res://assets/anim/guan_gong_death_ne.png","res://assets/anim/guan_gong_death_ne.png"]}
[skirmish-top4-actions] PASS guan_gong death ne directional routing flag :: {"directional":true,"exact":true}
[skirmish-top4-actions] PASS guan_gong death ne frame minimum :: {"actual":4,"required":4}
[skirmish-top4-actions] PASS guan_gong death ne square-frame strip :: [1024,256]
[skirmish-top4-actions] PASS guan_gong death ne differs from idle :: {"has_non_idle_frame":true,"idle_exact":true}
[skirmish-top4-actions] PASS guan_gong idle nw exact baseline :: {"expected":"res://assets/anim/guan_gong_idle_nw.png","frames":1,"selected":["res://assets/anim/guan_gong_idle_nw.png"]}
[skirmish-top4-actions] PASS guan_gong walk nw exact directional source :: {"expected":"res://assets/anim/guan_gong_walk_nw.png","imported":true,"physical":true,"selected":["res://assets/anim/guan_gong_walk_nw.png","res://assets/anim/guan_gong_walk_nw.png"]}
[skirmish-top4-actions] PASS guan_gong walk nw directional routing flag :: {"directional":true,"exact":true}
[skirmish-top4-actions] PASS guan_gong walk nw frame minimum :: {"actual":2,"required":2}
[skirmish-top4-actions] PASS guan_gong walk nw square-frame strip :: [512,256]
[skirmish-top4-actions] PASS guan_gong walk nw differs from idle :: {"has_non_idle_frame":true,"idle_exact":true}
[skirmish-top4-actions] PASS guan_gong attack nw exact directional source :: {"expected":"res://assets/anim/guan_gong_attack_nw.png","imported":true,"physical":true,"selected":["res://assets/anim/guan_gong_attack_nw.png","res://assets/anim/guan_gong_attack_nw.png","res://assets/anim/guan_gong_attack_nw.png"]}
[skirmish-top4-actions] PASS guan_gong attack nw directional routing flag :: {"directional":true,"exact":true}
[skirmish-top4-actions] PASS guan_gong attack nw frame minimum :: {"actual":3,"required":3}
[skirmish-top4-actions] PASS guan_gong attack nw square-frame strip :: [768,256]
[skirmish-top4-actions] PASS guan_gong attack nw differs from idle :: {"has_non_idle_frame":true,"idle_exact":true}
[skirmish-top4-actions] PASS guan_gong death nw exact directional source :: {"expected":"res://assets/anim/guan_gong_death_nw.png","imported":true,"physical":true,"selected":["res://assets/anim/guan_gong_death_nw.png","res://assets/anim/guan_gong_death_nw.png","res://assets/anim/guan_gong_death_nw.png","res://assets/anim/guan_gong_death_nw.png"]}
[skirmish-top4-actions] PASS guan_gong death nw directional routing flag :: {"directional":true,"exact":true}
[skirmish-top4-actions] PASS guan_gong death nw frame minimum :: {"actual":4,"required":4}
[skirmish-top4-actions] PASS guan_gong death nw square-frame strip :: [1024,256]
[skirmish-top4-actions] PASS guan_gong death nw differs from idle :: {"has_non_idle_frame":true,"idle_exact":true}
[skirmish-top4-actions] PASS guan_jingqi idle se exact baseline :: {"expected":"res://assets/anim/guan_jingqi_idle_se.png","frames":1,"selected":["res://assets/anim/guan_jingqi_idle_se.png"]}
[skirmish-top4-actions] PASS guan_jingqi walk se exact directional source :: {"expected":"res://assets/anim/guan_jingqi_walk_se.png","imported":true,"physical":true,"selected":["res://assets/anim/guan_jingqi_walk_se.png","res://assets/anim/guan_jingqi_walk_se.png"]}
[skirmish-top4-actions] PASS guan_jingqi walk se directional routing flag :: {"directional":true,"exact":true}
[skirmish-top4-actions] PASS guan_jingqi walk se frame minimum :: {"actual":2,"required":2}
[skirmish-top4-actions] PASS guan_jingqi walk se square-frame strip :: [512,256]
[skirmish-top4-actions] PASS guan_jingqi walk se differs from idle :: {"has_non_idle_frame":true,"idle_exact":true}
[skirmish-top4-actions] PASS guan_jingqi attack se exact directional source :: {"expected":"res://assets/anim/guan_jingqi_attack_se.png","imported":true,"physical":true,"selected":["res://assets/anim/guan_jingqi_attack_se.png","res://assets/anim/guan_jingqi_attack_se.png","res://assets/anim/guan_jingqi_attack_se.png"]}
[skirmish-top4-actions] PASS guan_jingqi attack se directional routing flag :: {"directional":true,"exact":true}
[skirmish-top4-actions] PASS guan_jingqi attack se frame minimum :: {"actual":3,"required":3}
[skirmish-top4-actions] PASS guan_jingqi attack se square-frame strip :: [768,256]
[skirmish-top4-actions] PASS guan_jingqi attack se differs from idle :: {"has_non_idle_frame":true,"idle_exact":true}
[skirmish-top4-actions] PASS guan_jingqi death se exact directional source :: {"expected":"res://assets/anim/guan_jingqi_death_se.png","imported":true,"physical":true,"selected":["res://assets/anim/guan_jingqi_death_se.png","res://assets/anim/guan_jingqi_death_se.png","res://assets/anim/guan_jingqi_death_se.png","res://assets/anim/guan_jingqi_death_se.png"]}
[skirmish-top4-actions] PASS guan_jingqi death se directional routing flag :: {"directional":true,"exact":true}
[skirmish-top4-actions] PASS guan_jingqi death se frame minimum :: {"actual":4,"required":4}
[skirmish-top4-actions] PASS guan_jingqi death se square-frame strip :: [1024,256]
[skirmish-top4-actions] PASS guan_jingqi death se differs from idle :: {"has_non_idle_frame":true,"idle_exact":true}
[skirmish-top4-actions] PASS guan_jingqi idle sw exact baseline :: {"expected":"res://assets/anim/guan_jingqi_idle_sw.png","frames":1,"selected":["res://assets/anim/guan_jingqi_idle_sw.png"]}
[skirmish-top4-actions] PASS guan_jingqi walk sw exact directional source :: {"expected":"res://assets/anim/guan_jingqi_walk_sw.png","imported":true,"physical":true,"selected":["res://assets/anim/guan_jingqi_walk_sw.png","res://assets/anim/guan_jingqi_walk_sw.png"]}
[skirmish-top4-actions] PASS guan_jingqi walk sw directional routing flag :: {"directional":true,"exact":true}
[skirmish-top4-actions] PASS guan_jingqi walk sw frame minimum :: {"actual":2,"required":2}
[skirmish-top4-actions] PASS guan_jingqi walk sw square-frame strip :: [512,256]
[skirmish-top4-actions] PASS guan_jingqi walk sw differs from idle :: {"has_non_idle_frame":true,"idle_exact":true}
[skirmish-top4-actions] PASS guan_jingqi attack sw exact directional source :: {"expected":"res://assets/anim/guan_jingqi_attack_sw.png","imported":true,"physical":true,"selected":["res://assets/anim/guan_jingqi_attack_sw.png","res://assets/anim/guan_jingqi_attack_sw.png","res://assets/anim/guan_jingqi_attack_sw.png"]}
[skirmish-top4-actions] PASS guan_jingqi attack sw directional routing flag :: {"directional":true,"exact":true}
[skirmish-top4-actions] PASS guan_jingqi attack sw frame minimum :: {"actual":3,"required":3}
[skirmish-top4-actions] PASS guan_jingqi attack sw square-frame strip :: [768,256]
[skirmish-top4-actions] PASS guan_jingqi attack sw differs from idle :: {"has_non_idle_frame":true,"idle_exact":true}
[skirmish-top4-actions] PASS guan_jingqi death sw exact directional source :: {"expected":"res://assets/anim/guan_jingqi_death_sw.png","imported":true,"physical":true,"selected":["res://assets/anim/guan_jingqi_death_sw.png","res://assets/anim/guan_jingqi_death_sw.png","res://assets/anim/guan_jingqi_death_sw.png","res://assets/anim/guan_jingqi_death_sw.png"]}
[skirmish-top4-actions] PASS guan_jingqi death sw directional routing flag :: {"directional":true,"exact":true}
[skirmish-top4-actions] PASS guan_jingqi death sw frame minimum :: {"actual":4,"required":4}
[skirmish-top4-actions] PASS guan_jingqi death sw square-frame strip :: [1024,256]
[skirmish-top4-actions] PASS guan_jingqi death sw differs from idle :: {"has_non_idle_frame":true,"idle_exact":true}
[skirmish-top4-actions] PASS guan_jingqi idle ne exact baseline :: {"expected":"res://assets/anim/guan_jingqi_idle_ne.png","frames":1,"selected":["res://assets/anim/guan_jingqi_idle_ne.png"]}
[skirmish-top4-actions] PASS guan_jingqi walk ne exact directional source :: {"expected":"res://assets/anim/guan_jingqi_walk_ne.png","imported":true,"physical":true,"selected":["res://assets/anim/guan_jingqi_walk_ne.png","res://assets/anim/guan_jingqi_walk_ne.png"]}
[skirmish-top4-actions] PASS guan_jingqi walk ne directional routing flag :: {"directional":true,"exact":true}
[skirmish-top4-actions] PASS guan_jingqi walk ne frame minimum :: {"actual":2,"required":2}
[skirmish-top4-actions] PASS guan_jingqi walk ne square-frame strip :: [512,256]
[skirmish-top4-actions] PASS guan_jingqi walk ne differs from idle :: {"has_non_idle_frame":true,"idle_exact":true}
[skirmish-top4-actions] PASS guan_jingqi attack ne exact directional source :: {"expected":"res://assets/anim/guan_jingqi_attack_ne.png","imported":true,"physical":true,"selected":["res://assets/anim/guan_jingqi_attack_ne.png","res://assets/anim/guan_jingqi_attack_ne.png","res://assets/anim/guan_jingqi_attack_ne.png"]}
[skirmish-top4-actions] PASS guan_jingqi attack ne directional routing flag :: {"directional":true,"exact":true}
[skirmish-top4-actions] PASS guan_jingqi attack ne frame minimum :: {"actual":3,"required":3}
[skirmish-top4-actions] PASS guan_jingqi attack ne square-frame strip :: [768,256]
[skirmish-top4-actions] PASS guan_jingqi attack ne differs from idle :: {"has_non_idle_frame":true,"idle_exact":true}
[skirmish-top4-actions] PASS guan_jingqi death ne exact directional source :: {"expected":"res://assets/anim/guan_jingqi_death_ne.png","imported":true,"physical":true,"selected":["res://assets/anim/guan_jingqi_death_ne.png","res://assets/anim/guan_jingqi_death_ne.png","res://assets/anim/guan_jingqi_death_ne.png","res://assets/anim/guan_jingqi_death_ne.png"]}
[skirmish-top4-actions] PASS guan_jingqi death ne directional routing flag :: {"directional":true,"exact":true}
[skirmish-top4-actions] PASS guan_jingqi death ne frame minimum :: {"actual":4,"required":4}
[skirmish-top4-actions] PASS guan_jingqi death ne square-frame strip :: [1024,256]
[skirmish-top4-actions] PASS guan_jingqi death ne differs from idle :: {"has_non_idle_frame":true,"idle_exact":true}
[skirmish-top4-actions] PASS guan_jingqi idle nw exact baseline :: {"expected":"res://assets/anim/guan_jingqi_idle_nw.png","frames":1,"selected":["res://assets/anim/guan_jingqi_idle_nw.png"]}
[skirmish-top4-actions] PASS guan_jingqi walk nw exact directional source :: {"expected":"res://assets/anim/guan_jingqi_walk_nw.png","imported":true,"physical":true,"selected":["res://assets/anim/guan_jingqi_walk_nw.png","res://assets/anim/guan_jingqi_walk_nw.png"]}
[skirmish-top4-actions] PASS guan_jingqi walk nw directional routing flag :: {"directional":true,"exact":true}
[skirmish-top4-actions] PASS guan_jingqi walk nw frame minimum :: {"actual":2,"required":2}
[skirmish-top4-actions] PASS guan_jingqi walk nw square-frame strip :: [512,256]
[skirmish-top4-actions] PASS guan_jingqi walk nw differs from idle :: {"has_non_idle_frame":true,"idle_exact":true}
[skirmish-top4-actions] PASS guan_jingqi attack nw exact directional source :: {"expected":"res://assets/anim/guan_jingqi_attack_nw.png","imported":true,"physical":true,"selected":["res://assets/anim/guan_jingqi_attack_nw.png","res://assets/anim/guan_jingqi_attack_nw.png","res://assets/anim/guan_jingqi_attack_nw.png"]}
[skirmish-top4-actions] PASS guan_jingqi attack nw directional routing flag :: {"directional":true,"exact":true}
[skirmish-top4-actions] PASS guan_jingqi attack nw frame minimum :: {"actual":3,"required":3}
[skirmish-top4-actions] PASS guan_jingqi attack nw square-frame strip :: [768,256]
[skirmish-top4-actions] PASS guan_jingqi attack nw differs from idle :: {"has_non_idle_frame":true,"idle_exact":true}
[skirmish-top4-actions] PASS guan_jingqi death nw exact directional source :: {"expected":"res://assets/anim/guan_jingqi_death_nw.png","imported":true,"physical":true,"selected":["res://assets/anim/guan_jingqi_death_nw.png","res://assets/anim/guan_jingqi_death_nw.png","res://assets/anim/guan_jingqi_death_nw.png","res://assets/anim/guan_jingqi_death_nw.png"]}
[skirmish-top4-actions] PASS guan_jingqi death nw directional routing flag :: {"directional":true,"exact":true}
[skirmish-top4-actions] PASS guan_jingqi death nw frame minimum :: {"actual":4,"required":4}
[skirmish-top4-actions] PASS guan_jingqi death nw square-frame strip :: [1024,256]
[skirmish-top4-actions] PASS guan_jingqi death nw differs from idle :: {"has_non_idle_frame":true,"idle_exact":true}
[skirmish-top4-actions] PASS guan_qi idle se exact baseline :: {"expected":"res://assets/anim/guan_qi_idle_se.png","frames":1,"selected":["res://assets/anim/guan_qi_idle_se.png"]}
[skirmish-top4-actions] PASS guan_qi walk se exact directional source :: {"expected":"res://assets/anim/guan_qi_walk_se.png","imported":true,"physical":true,"selected":["res://assets/anim/guan_qi_walk_se.png","res://assets/anim/guan_qi_walk_se.png"]}
[skirmish-top4-actions] PASS guan_qi walk se directional routing flag :: {"directional":true,"exact":true}
[skirmish-top4-actions] PASS guan_qi walk se frame minimum :: {"actual":2,"required":2}
[skirmish-top4-actions] PASS guan_qi walk se square-frame strip :: [512,256]
[skirmish-top4-actions] PASS guan_qi walk se differs from idle :: {"has_non_idle_frame":true,"idle_exact":true}
[skirmish-top4-actions] PASS guan_qi attack se exact directional source :: {"expected":"res://assets/anim/guan_qi_attack_se.png","imported":true,"physical":true,"selected":["res://assets/anim/guan_qi_attack_se.png","res://assets/anim/guan_qi_attack_se.png","res://assets/anim/guan_qi_attack_se.png"]}
[skirmish-top4-actions] PASS guan_qi attack se directional routing flag :: {"directional":true,"exact":true}
[skirmish-top4-actions] PASS guan_qi attack se frame minimum :: {"actual":3,"required":3}
[skirmish-top4-actions] PASS guan_qi attack se square-frame strip :: [768,256]
[skirmish-top4-actions] PASS guan_qi attack se differs from idle :: {"has_non_idle_frame":true,"idle_exact":true}
[skirmish-top4-actions] PASS guan_qi death se exact directional source :: {"expected":"res://assets/anim/guan_qi_death_se.png","imported":true,"physical":true,"selected":["res://assets/anim/guan_qi_death_se.png","res://assets/anim/guan_qi_death_se.png","res://assets/anim/guan_qi_death_se.png","res://assets/anim/guan_qi_death_se.png"]}
[skirmish-top4-actions] PASS guan_qi death se directional routing flag :: {"directional":true,"exact":true}
[skirmish-top4-actions] PASS guan_qi death se frame minimum :: {"actual":4,"required":4}
[skirmish-top4-actions] PASS guan_qi death se square-frame strip :: [1024,256]
[skirmish-top4-actions] PASS guan_qi death se differs from idle :: {"has_non_idle_frame":true,"idle_exact":true}
[skirmish-top4-actions] PASS guan_qi idle sw exact baseline :: {"expected":"res://assets/anim/guan_qi_idle_sw.png","frames":1,"selected":["res://assets/anim/guan_qi_idle_sw.png"]}
[skirmish-top4-actions] PASS guan_qi walk sw exact directional source :: {"expected":"res://assets/anim/guan_qi_walk_sw.png","imported":true,"physical":true,"selected":["res://assets/anim/guan_qi_walk_sw.png","res://assets/anim/guan_qi_walk_sw.png"]}
[skirmish-top4-actions] PASS guan_qi walk sw directional routing flag :: {"directional":true,"exact":true}
[skirmish-top4-actions] PASS guan_qi walk sw frame minimum :: {"actual":2,"required":2}
[skirmish-top4-actions] PASS guan_qi walk sw square-frame strip :: [512,256]
[skirmish-top4-actions] PASS guan_qi walk sw differs from idle :: {"has_non_idle_frame":true,"idle_exact":true}
[skirmish-top4-actions] PASS guan_qi attack sw exact directional source :: {"expected":"res://assets/anim/guan_qi_attack_sw.png","imported":true,"physical":true,"selected":["res://assets/anim/guan_qi_attack_sw.png","res://assets/anim/guan_qi_attack_sw.png","res://assets/anim/guan_qi_attack_sw.png"]}
[skirmish-top4-actions] PASS guan_qi attack sw directional routing flag :: {"directional":true,"exact":true}
[skirmish-top4-actions] PASS guan_qi attack sw frame minimum :: {"actual":3,"required":3}
[skirmish-top4-actions] PASS guan_qi attack sw square-frame strip :: [768,256]
[skirmish-top4-actions] PASS guan_qi attack sw differs from idle :: {"has_non_idle_frame":true,"idle_exact":true}
[skirmish-top4-actions] PASS guan_qi death sw exact directional source :: {"expected":"res://assets/anim/guan_qi_death_sw.png","imported":true,"physical":true,"selected":["res://assets/anim/guan_qi_death_sw.png","res://assets/anim/guan_qi_death_sw.png","res://assets/anim/guan_qi_death_sw.png","res://assets/anim/guan_qi_death_sw.png"]}
[skirmish-top4-actions] PASS guan_qi death sw directional routing flag :: {"directional":true,"exact":true}
[skirmish-top4-actions] PASS guan_qi death sw frame minimum :: {"actual":4,"required":4}
[skirmish-top4-actions] PASS guan_qi death sw square-frame strip :: [1024,256]
[skirmish-top4-actions] PASS guan_qi death sw differs from idle :: {"has_non_idle_frame":true,"idle_exact":true}
[skirmish-top4-actions] PASS guan_qi idle ne exact baseline :: {"expected":"res://assets/anim/guan_qi_idle_ne.png","frames":1,"selected":["res://assets/anim/guan_qi_idle_ne.png"]}
[skirmish-top4-actions] PASS guan_qi walk ne exact directional source :: {"expected":"res://assets/anim/guan_qi_walk_ne.png","imported":true,"physical":true,"selected":["res://assets/anim/guan_qi_walk_ne.png","res://assets/anim/guan_qi_walk_ne.png"]}
[skirmish-top4-actions] PASS guan_qi walk ne directional routing flag :: {"directional":true,"exact":true}
[skirmish-top4-actions] PASS guan_qi walk ne frame minimum :: {"actual":2,"required":2}
[skirmish-top4-actions] PASS guan_qi walk ne square-frame strip :: [512,256]
[skirmish-top4-actions] PASS guan_qi walk ne differs from idle :: {"has_non_idle_frame":true,"idle_exact":true}
[skirmish-top4-actions] PASS guan_qi attack ne exact directional source :: {"expected":"res://assets/anim/guan_qi_attack_ne.png","imported":true,"physical":true,"selected":["res://assets/anim/guan_qi_attack_ne.png","res://assets/anim/guan_qi_attack_ne.png","res://assets/anim/guan_qi_attack_ne.png"]}
[skirmish-top4-actions] PASS guan_qi attack ne directional routing flag :: {"directional":true,"exact":true}
[skirmish-top4-actions] PASS guan_qi attack ne frame minimum :: {"actual":3,"required":3}
[skirmish-top4-actions] PASS guan_qi attack ne square-frame strip :: [768,256]
[skirmish-top4-actions] PASS guan_qi attack ne differs from idle :: {"has_non_idle_frame":true,"idle_exact":true}
[skirmish-top4-actions] PASS guan_qi death ne exact directional source :: {"expected":"res://assets/anim/guan_qi_death_ne.png","imported":true,"physical":true,"selected":["res://assets/anim/guan_qi_death_ne.png","res://assets/anim/guan_qi_death_ne.png","res://assets/anim/guan_qi_death_ne.png","res://assets/anim/guan_qi_death_ne.png"]}
[skirmish-top4-actions] PASS guan_qi death ne directional routing flag :: {"directional":true,"exact":true}
[skirmish-top4-actions] PASS guan_qi death ne frame minimum :: {"actual":4,"required":4}
[skirmish-top4-actions] PASS guan_qi death ne square-frame strip :: [1024,256]
[skirmish-top4-actions] PASS guan_qi death ne differs from idle :: {"has_non_idle_frame":true,"idle_exact":true}
[skirmish-top4-actions] PASS guan_qi idle nw exact baseline :: {"expected":"res://assets/anim/guan_qi_idle_nw.png","frames":1,"selected":["res://assets/anim/guan_qi_idle_nw.png"]}
[skirmish-top4-actions] PASS guan_qi walk nw exact directional source :: {"expected":"res://assets/anim/guan_qi_walk_nw.png","imported":true,"physical":true,"selected":["res://assets/anim/guan_qi_walk_nw.png","res://assets/anim/guan_qi_walk_nw.png"]}
[skirmish-top4-actions] PASS guan_qi walk nw directional routing flag :: {"directional":true,"exact":true}
[skirmish-top4-actions] PASS guan_qi walk nw frame minimum :: {"actual":2,"required":2}
[skirmish-top4-actions] PASS guan_qi walk nw square-frame strip :: [512,256]
[skirmish-top4-actions] PASS guan_qi walk nw differs from idle :: {"has_non_idle_frame":true,"idle_exact":true}
[skirmish-top4-actions] PASS guan_qi attack nw exact directional source :: {"expected":"res://assets/anim/guan_qi_attack_nw.png","imported":true,"physical":true,"selected":["res://assets/anim/guan_qi_attack_nw.png","res://assets/anim/guan_qi_attack_nw.png","res://assets/anim/guan_qi_attack_nw.png"]}
[skirmish-top4-actions] PASS guan_qi attack nw directional routing flag :: {"directional":true,"exact":true}
[skirmish-top4-actions] PASS guan_qi attack nw frame minimum :: {"actual":3,"required":3}
[skirmish-top4-actions] PASS guan_qi attack nw square-frame strip :: [768,256]
[skirmish-top4-actions] PASS guan_qi attack nw differs from idle :: {"has_non_idle_frame":true,"idle_exact":true}
[skirmish-top4-actions] PASS guan_qi death nw exact directional source :: {"expected":"res://assets/anim/guan_qi_death_nw.png","imported":true,"physical":true,"selected":["res://assets/anim/guan_qi_death_nw.png","res://assets/anim/guan_qi_death_nw.png","res://assets/anim/guan_qi_death_nw.png","res://assets/anim/guan_qi_death_nw.png"]}
[skirmish-top4-actions] PASS guan_qi death nw directional routing flag :: {"directional":true,"exact":true}
[skirmish-top4-actions] PASS guan_qi death nw frame minimum :: {"actual":4,"required":4}
[skirmish-top4-actions] PASS guan_qi death nw square-frame strip :: [1024,256]
[skirmish-top4-actions] PASS guan_qi death nw differs from idle :: {"has_non_idle_frame":true,"idle_exact":true}
SKIRMISH_TOP4_DIRECTION4_ACTIONS_RESULT {"accepted_cells":48,"expected_cells":48,"failures":0,"passed":true,"report":"res://qa/skirmish_direction4_fix_20260905/action_contract.json","report_written":true}
