Godot Engine v4.6.3.stable.official.7d41c59c4 - https://godotengine.org
Vulkan 1.4.351 - Forward+ - Using Device #0: NVIDIA - NVIDIA GeForce RTX 3070 Ti

[rts] PASS background music synthesis finished before battle setup
[rts] PASS production 60Hz physics configuration
[prof] bench(def): 200 敌 vs 6 英雄
[rts] PASS original complete fixture is disabled before unchanged 300-step warmup
[rts] PASS no runnable Unit descendant before preparation
[rts] PASS finite animation preparation completes with frozen Unit state
[rts] PASS preparation does not advance original M1 state/tick
[rts] PASS observed runtime source bytes unchanged through preparation
[rts] PASS animation preparation sidecar opens
[rts] PASS animation preparation sidecar closes complete bytes
[rts] PASS requested effects quality applied and unchanged at setup, sample boundaries and trajectory checks
[rts] PASS fixed camera transform has no drift
[rts] PASS unmodified simulation speed and frequency
[rts] PASS planned scenario input was issued
[rts] PASS observed runtime source bytes unchanged through measurement
[rts] PASS animation preparation sidecar opens
[rts] PASS animation preparation sidecar closes complete bytes
[rts] PASS sample battle actually freed
[rts] PASS player campaign and settings files unchanged
[polish-performance] {"camera":"fixed","checks":18,"complete":true,"failures":[],"fps":29.5718298748612,"p95_ms":77.461,"scenario":"defense200","seconds":10.009526}
