Godot Engine v4.6.3.stable.official.7d41c59c4 - https://godotengine.org

[recovery-pack] PASS packed chapter3 starts in FIGHT with normal fog
[recovery-pack] PASS packed level hook creates recovery panel without test refresh
[recovery-pack] PASS opening ordinary soldiers keep hint hidden
[recovery-pack] PASS fixture excludes living hero and changes four ordinary soldiers
[recovery-pack] PASS packed loss fixture displays actionable ready hint
[recovery-pack] PASS production resource observer remains a no-op
[recovery-pack] PASS production spend succeeds with normal funds
[recovery-pack] PASS production refund restores exactly the spent resources
[recovery-pack] PASS packed ready translation matches shipped catalog: zh_CN
[recovery-pack] PASS packed locator translations match catalog: zh_CN
[recovery-pack] PASS headless layout keeps panel inside viewport: zh_CN
[recovery-pack] PASS packed ready translation matches shipped catalog: zh_TW
[recovery-pack] PASS packed locator translations match catalog: zh_TW
[recovery-pack] PASS headless layout keeps panel inside viewport: zh_TW
[recovery-pack] PASS packed ready translation matches shipped catalog: en
[recovery-pack] PASS packed locator translations match catalog: en
[recovery-pack] PASS headless layout keeps panel inside viewport: en
[recovery-pack] PASS packed ready translation matches shipped catalog: ja
[recovery-pack] PASS packed locator translations match catalog: ja
[recovery-pack] PASS headless layout keeps panel inside viewport: ja
[recovery-pack] PASS packed barracks signal resolves actual barracks
[recovery-pack] PASS packed barracks signal preserves authority
[recovery-pack] PASS packed camp signal resolves actual camp
[recovery-pack] PASS packed camp signal preserves authority
[recovery-pack] PASS packed normal production API accepts paid spear recruit
[recovery-pack] PASS packed queue changes hint to training
[recovery-pack] PASS packed cancel refunds and restores ready hint
[recovery-pack] PASS restored ordinary soldier state hides packed hint
[recovery-pack] PASS packed END hides recovery panel without level processing
