Godot Engine v4.6.3.stable.official.7d41c59c4 - https://godotengine.org

ERROR: Condition "len == 0" is true. Returning: FAILED
   at: update (core/crypto/hashing_context.cpp:53)
   GDScript backtrace (most recent call first):
       [0] _hash (res://qa/qa_driver.gd:31)
       [1] _snapshot (res://qa/qa_driver.gd:64)
       [2] _single (res://qa/qa_driver.gd:168)
       [3] _run (res://qa/qa_driver.gd:224)
ERROR: Condition "len == 0" is true. Returning: FAILED
   at: update (core/crypto/hashing_context.cpp:53)
   GDScript backtrace (most recent call first):
       [0] _hash (res://qa/qa_driver.gd:31)
       [1] _snapshot (res://qa/qa_driver.gd:64)
       [2] _single (res://qa/qa_driver.gd:173)
       [3] _run (res://qa/qa_driver.gd:224)
ERROR: Condition "len == 0" is true. Returning: FAILED
   at: update (core/crypto/hashing_context.cpp:53)
   GDScript backtrace (most recent call first):
       [0] _hash (res://qa/qa_driver.gd:31)
       [1] _snapshot (res://qa/qa_driver.gd:64)
       [2] _assert_state (res://qa/qa_driver.gd:79)
       [3] _single (res://qa/qa_driver.gd:204)
       [4] _run (res://qa/qa_driver.gd:224)
ERROR: Condition "len == 0" is true. Returning: FAILED
   at: update (core/crypto/hashing_context.cpp:53)
   GDScript backtrace (most recent call first):
       [0] _hash (res://qa/qa_driver.gd:31)
       [1] _snapshot (res://qa/qa_driver.gd:64)
       [2] _finish (res://qa/qa_driver.gd:250)
       [3] _run (res://qa/qa_driver.gd:245)
[store-disk QA] case=empty_file phase=single checks=25 failures=0
