Godot Engine v4.6.3.stable.official.7d41c59c4 - https://godotengine.org
OpenGL API 3.3.0 NVIDIA 616.64 - Compatibility - Using Device: NVIDIA - NVIDIA GeForce RTX 4060 Laptop GPU

WARNING: 2D MSAA is not yet supported for GLES3.
   at: render_target_set_msaa (drivers/gles3/storage/texture_storage.cpp:2934)
STAGE2_PROGRESS t=0.1 prog=0.0 actor=林冲 dist=842.6
STAGE2_PROGRESS t=5.0 prog=0.0 actor=林冲 dist=678.2
STAGE2_PROGRESS t=10.0 prog=0.0 actor=林冲 dist=511.4
STAGE2_PROGRESS t=10.1 prog=0.0 actor=林冲 dist=509.1
STAGE2_PROGRESS t=15.0 prog=0.0 actor=林冲 dist=348.3
STAGE2_PROGRESS t=15.1 prog=0.0 actor=林冲 dist=348.3
STAGE2_PROGRESS t=20.0 prog=0.0 actor=林冲 dist=210.3
STAGE2_PROGRESS t=20.1 prog=0.0 actor=林冲 dist=208.5
STAGE2_PROGRESS t=25.0 prog=0.6 actor=林冲 dist=95.0
STAGE2_PROGRESS t=30.0 prog=3.1 actor=林冲 dist=95.0
STAGE2_PROGRESS t=30.1 prog=3.13333333333333 actor=林冲 dist=95.0
STAGE2_SCENERY blocked=0 sample=[]
STAGE3_PROGRESS t=0.0 prog=0.01666666666667 active=zhu_rts_rescue
STAGE3_PROGRESS t=0.0 prog=0.03333333333333 active=zhu_rts_rescue
STAGE3_PROGRESS t=0.0 prog=0.03333333333333 active=zhu_rts_rescue
STAGE3_PROGRESS t=0.1 prog=0.05 active=zhu_rts_rescue
STAGE3_PROGRESS t=0.1 prog=0.06666666666667 active=zhu_rts_rescue
STAGE3_PROGRESS t=0.1 prog=0.08333333333333 active=zhu_rts_rescue
STAGE3_PROGRESS t=0.1 prog=0.08333333333333 active=zhu_rts_rescue
STAGE3_PROGRESS t=0.1 prog=0.1 active=zhu_rts_rescue
LEVEL3_WORLD_RESTORE_QA_COMPLETE 67 true
