Godot Engine v4.6.3.stable.official.7d41c59c4 - https://godotengine.org

[runtime-check] PASS campaign uses Mengzhou appearance and four fist skills
[runtime-check] PASS campaign HUD portrait uses same variant
[runtime-check] PASS campaign attack cache is keyed by se
[runtime-check] PASS campaign attack cache is keyed by sw
[runtime-check] PASS campaign attack cache is keyed by ne
[runtime-check] PASS campaign attack cache is keyed by nw
[runtime-check] PASS four attack directions contain distinct bitmap pixels
[runtime-check] PASS campaign first actual land movement
[runtime-check] PASS previous scene, map and units actually freed
[runtime-check] PASS arena constructs its own sandbox scene
[runtime-check] PASS arena recruits Wu Song through normal training queue
[runtime-check] PASS arena training creates Wu Song
[runtime-check] PASS arena restores original appearance and four original skills
[runtime-check] PASS arena HUD portrait does not reuse Mengzhou portrait
[runtime-check] PASS arena animation uses legacy cache despite warmed campaign cache
[runtime-check] PASS arena has no captured state or old cooldown
[runtime-check] PASS arena actual land movement
[runtime-check] PASS previous scene, map and units actually freed
[runtime-check] PASS returning campaign restores identical portrait, direction caches, skills and ranks
[runtime-check] PASS returning campaign has fresh state and cooldowns
[runtime-check] PASS mode overrides did not mutate global definitions
[runtime-check] PASS campaign return actual land movement
[runtime-check] PASS previous scene, map and units actually freed
[runtime-check] PASS all 23 mode assertions actually executed
[runtime-check] PASS CAMPAIGN_QA leaves campaign progress bytes unchanged
[runtime-result] {"failures":[],"output":"res://.godot/polish_runtime_adapter/modes","passed":true}
