Godot Engine v4.6.1.stable.official.14d19694e - https://godotengine.org

[combat-controls] PASS production Battle startup provides a healthy gameplay RNG
[combat-controls] PASS wu_song rate 0.65 completes every started attack except the final in-flight hit
[combat-controls] PASS wu_song rate 0.65 melee damage matches authored animation hit phase
[combat-controls] PASS wu_song rate 0.65 keeps the gameplay RNG healthy
[combat-controls] PASS wu_song rate 1.00 completes every started attack except the final in-flight hit
[combat-controls] PASS wu_song rate 1.00 melee damage matches authored animation hit phase
[combat-controls] PASS wu_song rate 1.00 keeps the gameplay RNG healthy
[combat-controls] PASS wu_song rate 1.90 completes every started attack except the final in-flight hit
[combat-controls] PASS wu_song rate 1.90 melee damage matches authored animation hit phase
[combat-controls] PASS wu_song rate 1.90 keeps the gameplay RNG healthy
[combat-controls] PASS wu_song rate 3.42 completes every started attack except the final in-flight hit
[combat-controls] PASS wu_song rate 3.42 melee damage matches authored animation hit phase
[combat-controls] PASS wu_song rate 3.42 keeps the gameplay RNG healthy
[combat-controls] PASS wu_song attack-speed gains scale actual damage-event frequency without a fixed windup cap
[combat-controls] PASS wu_song first-hit response scales with the same attack rate
[combat-controls] PASS lin_chong rate 0.65 completes every started attack except the final in-flight hit
[combat-controls] PASS lin_chong rate 0.65 melee damage matches authored animation hit phase
[combat-controls] PASS lin_chong rate 0.65 keeps the gameplay RNG healthy
[combat-controls] PASS lin_chong rate 1.00 completes every started attack except the final in-flight hit
[combat-controls] PASS lin_chong rate 1.00 melee damage matches authored animation hit phase
[combat-controls] PASS lin_chong rate 1.00 keeps the gameplay RNG healthy
[combat-controls] PASS lin_chong rate 1.90 completes every started attack except the final in-flight hit
[combat-controls] PASS lin_chong rate 1.90 melee damage matches authored animation hit phase
[combat-controls] PASS lin_chong rate 1.90 keeps the gameplay RNG healthy
[combat-controls] PASS lin_chong rate 3.42 completes every started attack except the final in-flight hit
[combat-controls] PASS lin_chong rate 3.42 melee damage matches authored animation hit phase
[combat-controls] PASS lin_chong rate 3.42 keeps the gameplay RNG healthy
[combat-controls] PASS lin_chong attack-speed gains scale actual damage-event frequency without a fixed windup cap
[combat-controls] PASS lin_chong first-hit response scales with the same attack rate
[combat-controls] PASS li_kui rate 0.65 completes every started attack except the final in-flight hit
[combat-controls] PASS li_kui rate 0.65 melee damage matches authored animation hit phase
[combat-controls] PASS li_kui rate 0.65 keeps the gameplay RNG healthy
[combat-controls] PASS li_kui rate 1.00 completes every started attack except the final in-flight hit
[combat-controls] PASS li_kui rate 1.00 melee damage matches authored animation hit phase
[combat-controls] PASS li_kui rate 1.00 keeps the gameplay RNG healthy
[combat-controls] PASS li_kui rate 1.90 completes every started attack except the final in-flight hit
[combat-controls] PASS li_kui rate 1.90 melee damage matches authored animation hit phase
[combat-controls] PASS li_kui rate 1.90 keeps the gameplay RNG healthy
[combat-controls] PASS li_kui rate 3.42 completes every started attack except the final in-flight hit
[combat-controls] PASS li_kui rate 3.42 melee damage matches authored animation hit phase
[combat-controls] PASS li_kui rate 3.42 keeps the gameplay RNG healthy
[combat-controls] PASS li_kui attack-speed gains scale actual damage-event frequency without a fixed windup cap
[combat-controls] PASS li_kui first-hit response scales with the same attack rate
[combat-controls] PASS lu_zhishen rate 0.65 completes every started attack except the final in-flight hit
[combat-controls] PASS lu_zhishen rate 0.65 melee damage matches authored animation hit phase
[combat-controls] PASS lu_zhishen rate 0.65 keeps the gameplay RNG healthy
[combat-controls] PASS lu_zhishen rate 1.00 completes every started attack except the final in-flight hit
[combat-controls] PASS lu_zhishen rate 1.00 melee damage matches authored animation hit phase
[combat-controls] PASS lu_zhishen rate 1.00 keeps the gameplay RNG healthy
[combat-controls] PASS lu_zhishen rate 1.90 completes every started attack except the final in-flight hit
[combat-controls] PASS lu_zhishen rate 1.90 melee damage matches authored animation hit phase
[combat-controls] PASS lu_zhishen rate 1.90 keeps the gameplay RNG healthy
[combat-controls] PASS lu_zhishen rate 3.42 completes every started attack except the final in-flight hit
[combat-controls] PASS lu_zhishen rate 3.42 melee damage matches authored animation hit phase
[combat-controls] PASS lu_zhishen rate 3.42 keeps the gameplay RNG healthy
[combat-controls] PASS lu_zhishen attack-speed gains scale actual damage-event frequency without a fixed windup cap
[combat-controls] PASS lu_zhishen first-hit response scales with the same attack rate
[combat-controls] PASS hua_rong rate 0.65 completes every started attack except the final in-flight hit
[combat-controls] PASS hua_rong rate 0.65 melee damage matches authored animation hit phase
[combat-controls] PASS hua_rong rate 0.65 keeps the gameplay RNG healthy
[combat-controls] PASS hua_rong rate 1.00 completes every started attack except the final in-flight hit
[combat-controls] PASS hua_rong rate 1.00 melee damage matches authored animation hit phase
[combat-controls] PASS hua_rong rate 1.00 keeps the gameplay RNG healthy
[combat-controls] PASS hua_rong rate 1.90 completes every started attack except the final in-flight hit
[combat-controls] PASS hua_rong rate 1.90 melee damage matches authored animation hit phase
[combat-controls] PASS hua_rong rate 1.90 keeps the gameplay RNG healthy
[combat-controls] PASS hua_rong rate 3.42 completes every started attack except the final in-flight hit
[combat-controls] PASS hua_rong rate 3.42 melee damage matches authored animation hit phase
[combat-controls] PASS hua_rong rate 3.42 keeps the gameplay RNG healthy
[combat-controls] PASS hua_rong attack-speed gains scale actual damage-event frequency without a fixed windup cap
[combat-controls] PASS hua_rong first-hit response scales with the same attack rate
[combat-controls] PASS Wu retains his authored sword weapon
[combat-controls] PASS legal drunk high roll plus righteous flag produces at least five real hits in 1.2s
[combat-controls] PASS house from (8, 12) via explicit attack actually takes natural melee hits
[combat-controls] PASS house from (8, 12) via explicit attack never enters or crosses the solid footprint
[combat-controls] PASS house from (8, 12) via explicit attack retains a legal attack position
[combat-controls] PASS house from (9, 5) via explicit attack actually takes natural melee hits
[combat-controls] PASS house from (9, 5) via explicit attack never enters or crosses the solid footprint
[combat-controls] PASS house from (9, 5) via explicit attack retains a legal attack position
[combat-controls] PASS house from (8, 12) via blocker AI actually takes natural melee hits
[combat-controls] PASS house from (8, 12) via blocker AI never enters or crosses the solid footprint
[combat-controls] PASS house from (8, 12) via blocker AI retains a legal attack position
[combat-controls] PASS hall from (8, 12) via explicit attack actually takes natural melee hits
[combat-controls] PASS hall from (8, 12) via explicit attack never enters or crosses the solid footprint
[combat-controls] PASS hall from (8, 12) via explicit attack retains a legal attack position
[combat-controls] PASS melee cannot hit a building through separate wall
[combat-controls] PASS melee cannot cross separate wall
[combat-controls] PASS opening separate wall makes the same attack command succeed
[combat-controls] PASS melee cannot hit a building through water strip
[combat-controls] PASS melee cannot cross water strip
[combat-controls] PASS opening water strip makes the same attack command succeed
[combat-controls] PASS building attack does not bypass an enemy body's collision radius
[combat-controls] PASS building attack resumes after the physical blocker leaves
[combat-controls] PASS water-profile melee does not cross a land divider
[combat-controls] PASS water-profile melee reaches and damages an accessible footprint without leaving water
[combat-controls-result] {"checks":95,"failures":[],"passed":true,"samples":[{"damage":188.0,"first_hit_frames":23,"hits":7,"rate":0.65,"seconds":8,"starts":7,"swing_speed":1.365,"unit":"wu_song","weapon":0},{"damage":264.0,"first_hit_frames":15,"hits":10,"rate":1.0,"seconds":8,"starts":11,"swing_speed":2.1,"unit":"wu_song","weapon":0},{"damage":444.0,"first_hit_frames":8,"hits":19,"rate":1.9,"seconds":8,"starts":20,"swing_speed":3.99,"unit":"wu_song","weapon":0},{"damage":776.0,"first_hit_frames":5,"hits":34,"rate":3.42,"seconds":8,"starts":35,"swing_speed":7.182,"unit":"wu_song","weapon":0},{"damage":162.782608695794,"first_hit_frames":19,"hits":7,"rate":0.65,"seconds":8,"starts":7,"swing_speed":1.82,"unit":"lin_chong","weapon":1},{"damage":242.086956521962,"first_hit_frames":12,"hits":10,"rate":1.0,"seconds":8,"starts":10,"swing_speed":2.8,"unit":"lin_chong","weapon":1},{"damage":446.608695652569,"first_hit_frames":7,"hits":19,"rate":1.9,"seconds":8,"starts":19,"swing_speed":5.32,"unit":"lin_chong","weapon":1},{"damage":851.478260870441,"first_hit_frames":4,"hits":32,"rate":3.42,"seconds":8,"starts":32,"swing_speed":9.576,"unit":"lin_chong","weapon":1},{"damage":142.434782608529,"first_hit_frames":34,"hits":7,"rate":0.65,"seconds":8,"starts":7,"swing_speed":1.17,"unit":"li_kui","weapon":2},{"damage":244.695652173716,"first_hit_frames":22,"hits":11,"rate":1.0,"seconds":8,"starts":11,"swing_speed":1.8,"unit":"li_kui","weapon":2},{"damage":409.043478260399,"first_hit_frames":12,"hits":20,"rate":1.9,"seconds":8,"starts":20,"swing_speed":3.42,"unit":"li_kui","weapon":2},{"damage":737.739130434114,"first_hit_frames":7,"hits":34,"rate":3.42,"seconds":8,"starts":35,"swing_speed":6.156,"unit":"li_kui","weapon":2},{"damage":209.391304347664,"first_hit_frames":31,"hits":7,"rate":0.65,"seconds":8,"starts":7,"swing_speed":1.235,"unit":"lu_zhishen","weapon":5},{"damage":301.913043478038,"first_hit_frames":20,"hits":10,"rate":1.0,"seconds":8,"starts":11,"swing_speed":1.9,"unit":"lu_zhishen","weapon":5},{"damage":482.086956521031,"first_hit_frames":11,"hits":19,"rate":1.9,"seconds":8,"starts":20,"swing_speed":3.61,"unit":"lu_zhishen","weapon":5},{"damage":925.217391303275,"first_hit_frames":6,"hits":34,"rate":3.42,"seconds":8,"starts":35,"swing_speed":6.498,"unit":"lu_zhishen","weapon":5},{"damage":91.8260869563092,"first_hit_frames":32,"hits":6,"rate":0.65,"seconds":8,"starts":6,"swing_speed":1.235,"unit":"hua_rong","weapon":3},{"damage":162.226086956332,"first_hit_frames":22,"hits":9,"rate":1.0,"seconds":8,"starts":9,"swing_speed":1.9,"unit":"hua_rong","weapon":3},{"damage":333.634782608482,"first_hit_frames":13,"hits":17,"rate":1.9,"seconds":8,"starts":17,"swing_speed":3.61,"unit":"hua_rong","weapon":3},{"damage":544.834782608086,"first_hit_frames":9,"hits":30,"rate":3.42,"seconds":8,"starts":30,"swing_speed":6.498,"unit":"hua_rong","weapon":3},{"case":"Wu legal drunk plus flag","damage":100.0,"hits":5,"seconds":1.2},{"case":"house from (8, 12) via explicit attack","damage":99.0,"distance_to_center":82.8135375976562,"position":"(445.1865, 400.0)"},{"case":"house from (9, 5) via explicit attack","damage":90.0,"distance_to_center":102.768028259277,"position":"(455.332, 327.332)"},{"case":"house from (8, 12) via blocker AI","damage":99.0,"distance_to_center":82.8135375976562,"position":"(445.1865, 400.0)"},{"case":"hall from (8, 12) via explicit attack","damage":108.0,"distance_to_center":114.493988037109,"position":"(413.506, 400.0)"}],"scope":"isolated natural combat ticks, not a full campaign playthrough"}
