Godot Engine v4.6.3.stable.official.7d41c59c4 - https://godotengine.org

SCRIPT ERROR: Compile Error: Identifier not found: Sfx
   at: GDScript::reload (res://scripts/unit.gd:987)
SCRIPT ERROR: Compile Error: Failed to compile depended scripts.
   at: GDScript::reload (res://tools/lianhuanma_drill_test.gd:0)
ERROR: Failed to load script "res://tools/lianhuanma_drill_test.gd" with error "Compilation failed".
   at: load (modules/gdscript/gdscript.cpp:2907)
SCRIPT ERROR: Invalid call. Nonexistent function 'new' in base 'GDScript'.
   at: Battle.spawn_unit (res://scripts/battle.gd:576)
   GDScript backtrace (most recent call first):
       [0] spawn_unit (res://scripts/battle.gd:576)
       [1] spawn_at (res://scripts/battle.gd:617)
       [2] deploy (res://scripts/levels/level4_lianhuanma_rts.gd:112)
       [3] _ready (res://scripts/battle.gd:361)
       [4] _start (res://tools/zhujiazhuang_rts_test.gd:29)
       [5] _run (res://tools/lianhuanma_drill_test.gd:12)
SCRIPT ERROR: Cannot call method 'set_meta' on a null value.
   at: Battle.spawn_at (res://scripts/battle.gd:619)
   GDScript backtrace (most recent call first):
       [0] spawn_at (res://scripts/battle.gd:619)
       [1] deploy (res://scripts/levels/level4_lianhuanma_rts.gd:112)
       [2] _ready (res://scripts/battle.gd:361)
       [3] _start (res://tools/zhujiazhuang_rts_test.gd:29)
       [4] _run (res://tools/lianhuanma_drill_test.gd:12)
SCRIPT ERROR: Invalid assignment of property or key 'display_name' with value of type 'String' on a base object of type 'Nil'.
   at: deploy (res://scripts/levels/level4_lianhuanma_rts.gd:113)
   GDScript backtrace (most recent call first):
       [0] deploy (res://scripts/levels/level4_lianhuanma_rts.gd:113)
       [1] _ready (res://scripts/battle.gd:361)
       [2] _start (res://tools/zhujiazhuang_rts_test.gd:29)
       [3] _run (res://tools/lianhuanma_drill_test.gd:12)
SCRIPT ERROR: Invalid assignment of property or key 'position' with value of type 'Vector2' on a base object of type 'Nil'.
   at: _run (res://tools/lianhuanma_drill_test.gd:22)
   GDScript backtrace (most recent call first):
       [0] _run (res://tools/lianhuanma_drill_test.gd:22)
       [1] _start (res://tools/zhujiazhuang_rts_test.gd:35)
