Godot Engine v4.6.3.stable.official.7d41c59c4 - https://godotengine.org

[lhm-play] t=0 phase=north army=7 riders=0 hooks=0 posts=2 g=124 w=102 hall=1500.0
[lhm-play] t=60 phase=north army=11 riders=0 hooks=0 posts=2 g=24 w=211 hall=1500.0
[lhm-play] t=120 phase=north army=16 riders=0 hooks=0 posts=2 g=7 w=333 hall=1500.0
[lhm-play] t=180 phase=south army=20 riders=6 hooks=5 posts=2 g=20 w=425 hall=1500.0
[lhm-play] t=240 phase=south army=25 riders=6 hooks=5 posts=2 g=4 w=406 hall=1500.0
[lhm-play] t=300 phase=counter army=3 riders=12 hooks=11 posts=2 g=48 w=362 hall=1500.0
[lhm-play] t=360 phase=counter army=4 riders=12 hooks=11 posts=2 g=50 w=351 hall=1500.0
[lhm-play] t=420 phase=counter army=4 riders=12 hooks=11 posts=2 g=13 w=334 hall=1500.0
[lhm-play] t=480 phase=counter army=3 riders=12 hooks=11 posts=2 g=4 w=341 hall=1500.0
[lhm-play] t=540 phase=counter army=2 riders=12 hooks=11 posts=2 g=19 w=362 hall=1500.0
[lhm-play] t=600 phase=counter army=3 riders=12 hooks=11 posts=2 g=24 w=383 hall=1500.0
[lhm-play] t=660 phase=counter army=2 riders=12 hooks=11 posts=2 g=13 w=350 hall=1500.0
[lhm-play] t=720 phase=counter army=2 riders=12 hooks=11 posts=2 g=3 w=348 hall=1500.0
[lhm-play] t=780 phase=counter army=1 riders=12 hooks=11 posts=2 g=18 w=339 hall=1500.0
[lhm-play] t=840 phase=counter army=2 riders=12 hooks=11 posts=2 g=33 w=345 hall=1500.0
[rts] FAIL defend route wins through real economy and combat
[rts] PASS defend route uses building and paid recruitment
[rts] PASS defend keeps original camp alive across phases
[rts] FAIL defend clears finite riders and enemy headquarters
[rts] PASS defend army performs actual hook counterplay
[rts] PASS all expected route assertions executed
[lhm-rts] {"checks":6,"failures":["defend route wins through real economy and combat","defend clears finite riders and enemy headquarters"],"metrics":{"ai_trained":24,"buildings_started":6,"camp_hp":1500.0,"events":["lhm_break_1","lhm_break_2","lhm_break_3","lhm_break_4","lhm_break_5","lhm_direct_break","lhm_break_6","lhm_break_7","lhm_break_8","lhm_break_9","lhm_break_10","lhm_break_11"],"game_seconds":900.0,"hook_broken":11,"orders":707,"result":{"contract_version":2,"core_cleared":false,"core_goal":"守住梁山中军，击溃十二骑连环马并摧毁官军大营。宋江与中军必须存活。","done_ids":[],"goals":[{"id":"lhm_training","label":"教场诱骑撤步，徐宁与钩镰手协同下钩","note":"","reason":"","state":"pending"},{"id":"lhm_hooks","label":"十二骑均先由钩镰枪破阵","note":"","reason":"本局已偏离“十二骑均先由钩镰枪破阵”的原著条件","state":"missed"},{"id":"lhm_han","label":"生擒韩滔","note":"","reason":"","state":"pending"},{"id":"lhm_hu","label":"呼延灼败走青州","note":"","reason":"","state":"pending"}],"missed_ids":["lhm_hooks"],"pending_ids":["lhm_training","lhm_han","lhm_hu"],"story_complete":false,"story_done":0,"story_total":4},"riders_defeated":12,"song_hp":347.2,"units_queued":86,"units_queued_by_key":{"gou_lian":33,"hua_rong":1,"liang_dao":17,"liang_gong":17,"liang_qiang":17,"siege_cata":1}},"passed":false,"route":"defend","scope":"automated actual economy/combat, not human fun acceptance"}
