Godot Engine v4.6.3.stable.official.7d41c59c4 - https://godotengine.org

[lhm-play] t=0 phase=north army=7 riders=0 hooks=0 posts=2 g=256 w=146 hall=1500.0
[lhm-play] t=60 phase=north army=9 riders=0 hooks=0 posts=2 g=78 w=225 hall=1500.0
[lhm-play] t=120 phase=hold_north army=11 riders=0 hooks=0 posts=0 g=70 w=271 hall=1500.0
[lhm-play] t=180 phase=hold_north army=20 riders=0 hooks=0 posts=0 g=136 w=288 hall=1500.0
[lhm-play] t=240 phase=hold_south army=26 riders=6 hooks=5 posts=0 g=306 w=307 hall=1500.0
[lhm-play] t=300 phase=hold_south army=32 riders=6 hooks=5 posts=0 g=521 w=353 hall=1500.0
[lhm-play] t=360 phase=counter army=4 riders=12 hooks=11 posts=0 g=766 w=309 hall=1500.0
[lhm-play] t=420 phase=counter army=8 riders=12 hooks=11 posts=0 g=850 w=238 hall=1500.0
[lhm-play] t=480 phase=counter army=6 riders=12 hooks=11 posts=0 g=1051 w=275 hall=1500.0
[lhm-play] t=540 phase=counter army=6 riders=12 hooks=11 posts=0 g=1026 w=113 hall=1500.0
[lhm-play] t=600 phase=counter army=7 riders=12 hooks=11 posts=0 g=1101 w=151 hall=1500.0
[lhm-play] t=660 phase=counter army=7 riders=12 hooks=11 posts=0 g=820 w=78 hall=1500.0
[lhm-play] t=720 phase=counter army=6 riders=12 hooks=11 posts=0 g=576 w=117 hall=1500.0
[lhm-play] t=780 phase=counter army=6 riders=12 hooks=11 posts=0 g=335 w=189 hall=1500.0
[lhm-play] t=840 phase=counter army=5 riders=12 hooks=11 posts=0 g=91 w=223 hall=1500.0
[rts] FAIL raid route wins through real economy and combat
[rts] PASS raid route uses building and paid recruitment
[rts] PASS raid keeps original camp alive across phases
[rts] FAIL raid clears finite riders and enemy headquarters
[rts] PASS raid army performs actual hook counterplay
[rts] PASS raiding stops both escort sources
[rts] PASS all expected route assertions executed
[lhm-rts] {"checks":7,"failures":["raid route wins through real economy and combat","raid clears finite riders and enemy headquarters"],"metrics":{"ai_trained":4,"buildings_started":6,"camp_hp":1500.0,"events":["lhm_supply_0","lhm_supply_1","lhm_break_1","lhm_break_2","lhm_break_3","lhm_direct_break","lhm_break_4","lhm_break_5","lhm_break_6","lhm_break_7","lhm_break_8","lhm_break_9","lhm_break_10","lhm_break_11"],"game_seconds":900.0,"hook_broken":11,"orders":712,"result":{"contract_version":2,"core_cleared":false,"core_goal":"守住梁山中军，击溃十二骑连环马并摧毁官军大营。宋江与中军必须存活。","done_ids":[],"goals":[{"id":"lhm_training","label":"教场诱骑撤步，徐宁与钩镰手协同下钩","note":"","reason":"","state":"pending"},{"id":"lhm_hooks","label":"十二骑均先由钩镰枪破阵","note":"","reason":"本局已偏离“十二骑均先由钩镰枪破阵”的原著条件","state":"missed"},{"id":"lhm_han","label":"生擒韩滔","note":"","reason":"","state":"pending"},{"id":"lhm_hu","label":"呼延灼败走青州","note":"","reason":"","state":"pending"}],"missed_ids":["lhm_hooks"],"pending_ids":["lhm_training","lhm_han","lhm_hu"],"story_complete":false,"story_done":0,"story_total":4},"riders_defeated":12,"skill_orders":20,"song_hp":280.0,"units_queued":108,"units_queued_by_key":{"gou_lian":37,"liang_dao":16,"liang_gong":20,"liang_qiang":17,"lou_luo":7,"siege_ram":11}},"passed":false,"route":"raid","scope":"automated actual economy/combat, not human fun acceptance"}
