Godot Engine v4.6.3.stable.official.7d41c59c4 - https://godotengine.org

[rts] PASS campaign uses economy, fog and available siege age
[rts] PASS opening population excludes seven captives
[rts] PASS chapter hero recruitment is bounded
[rts] PASS shared definition unchanged: liang_qiang
[rts] PASS shared definition unchanged: liang_gong
[rts] PASS shared definition unchanged: liang_ma
[rts] PASS shared definition unchanged: siege_ram
[rts] PASS shared definition unchanged: siege_cata
[rts] PASS shared definition unchanged: arrow_tower
[rts] PASS both gates block actual navigation without boundary bypass
[rts] PASS army route reachable: (42, 22)
[rts] PASS army route reachable: (36, 16)
[rts] PASS army route reachable: (36, 39)
[rts] PASS army route reachable: (25, 18)
[rts] PASS workers collect and unload real resources
[rts] PASS workers chop solid tree tiles and return actual wood
[rts] PASS enemy workers fund independent economy
[rts] PASS place house through player build command
[rts] PASS worker construction finishes and adds population
[rts] PASS production debits shared troop cost
[rts] PASS normal training finishes without instant-spawn fixture
[rts] PASS heading update preserves army, camp and actions
[rts] PASS enemy cannot train without resources
[rts] PASS enemy training spends finite faction funds
[rts] PASS destroyed outpost stops future raids
[rts] PASS gate destruction releases crossing
[rts] PASS victory requires manor and actual rescue/return
[rts] PASS camp loss terminates with defeat
[rts] PASS skirmish actual mining/chopping/unloading survives mode switch
[rts] PASS skirmish has original roster and no captive overrides
[rts] PASS skirmish_ai actual mining/chopping/unloading survives mode switch
[rts] PASS skirmish_ai has original roster and no captive overrides
[rts] PASS other chapter startup: level1
[rts] PASS other chapter startup: level2
[rts] FAIL other chapter startup: level4
[rts] PASS other chapter startup: level5
[rts] PASS other chapter startup: level6
[rts] PASS other chapter startup: level7
[rts] PASS other chapter startup: level8
[rts-result] {"checks":39,"failures":["other chapter startup: level4"],"metrics":{},"passed":false,"route":"contracts","scope":"boundary contracts"}
