Godot Engine v4.6.3.stable.official.7d41c59c4 - https://godotengine.org
Vulkan 1.4.351 - Forward+ - Using Device #0: NVIDIA - NVIDIA GeForce RTX 3070 Ti

[frame-scale] PASS legacy frame defaults to original size
[frame-scale] PASS null frame defaults to original size
[frame-scale] PASS expanded authored frame reports its declared size
[frame-scale] PASS invalid direct frame scale falls back safely 2
[frame-scale] PASS invalid direct frame scale falls back safely 0.0
[frame-scale] PASS invalid direct frame scale falls back safely -1.0
[frame-scale] PASS invalid direct frame scale falls back safely 0.2
[frame-scale] PASS invalid direct frame scale falls back safely 4.1
[frame-scale] PASS invalid direct frame scale falls back safely inf
[frame-scale] PASS invalid direct frame scale falls back safely nan
[frame-scale] PASS save scale decoding fixture 0.25
[frame-scale] PASS resource decoder validates scale 0.25
[frame-scale] PASS save scale decoding fixture 1.0
[frame-scale] PASS resource decoder validates scale 1.0
[frame-scale] PASS save scale decoding fixture 2.0
[frame-scale] PASS resource decoder validates scale 2.0
[frame-scale] PASS save scale decoding fixture 4.0
[frame-scale] PASS resource decoder validates scale 4.0
[frame-scale] PASS save scale decoding fixture 0.0
[frame-scale] PASS resource decoder validates scale 0.0
[frame-scale] PASS save scale decoding fixture 0.2
[frame-scale] PASS resource decoder validates scale 0.2
[frame-scale] PASS save scale decoding fixture 4.1
[frame-scale] PASS resource decoder validates scale 4.1
[frame-scale] PASS save scale decoding fixture 2
[frame-scale] PASS resource decoder validates scale 2
[frame-scale] PASS fixture contains an actual rendered Unit
[frame-scale] PASS uncorrected padding reproduces body shrink
[frame-scale] PASS authored scale restores the original Unit bounds
[frame-scale] PASS authored scale restores real sprite pixels within one channel level
[frame-scale] PASS render comparisons saved

