Godot Engine v4.6.3.stable.official.7d41c59c4 - https://godotengine.org

[rts] PASS level8 enters persistent RTS chapter
[rts] PASS opening real economy/population matches deployed troops
[rts] PASS Song Jiang remains on Liangshan; Wu Yong commands field camp
[rts] PASS shared combat and costs unchanged: liang_dao
[rts] PASS shared combat and costs unchanged: liang_qiang
[rts] PASS shared combat and costs unchanged: liang_gong
[rts] PASS shared combat and costs unchanged: siege_cata
[rts] PASS shared combat and costs unchanged: siege_ram
[rts] PASS shared combat and costs unchanged: arrow_tower
[rts] PASS shared combat and costs unchanged: wu_yong
[rts] PASS shared combat and costs unchanged: lu_zhishen
[rts] PASS shared combat and costs unchanged: wu_song
[rts] PASS bound prisoners are neutral and cannot reveal city or fill field hero bar
[rts] PASS all diversion and pursuit soldiers exist before trigger
[rts] PASS closed gates prevent outside army from entering city
[rts] PASS inside agents can reach prison check without outside gate
[rts] PASS locked prison prevents walking through inner wall
[rts] PASS camp workers really harvest and unload both resources
[rts] PASS normal player building placement works in expanded camp
[rts] PASS worker completes house without scripted stage reset
[rts] PASS ordinary troop recruitment debits real account
[rts] PASS recruited troop appears after actual timer
[rts] PASS unfunded camps cannot add reinforcements
[rts] PASS both camps pay shared troop costs
[rts] PASS signal pauses only inner production, outside threat remains
[rts] PASS destroyed outside camp plus signal stops both active sources
[rts] PASS inner camp resumes paid recruitment after signal window
[rts] PASS early signal rejects absent prison agents and remains retryable
[rts] PASS failed spy task preserves established economy
[rts] PASS authored city gate feet meet correct wall ends
[rts] PASS mirrored city gate roof stays upright
[rts] PASS direct gate damage opens route without choosing a story action
[rts] PASS destroyed gate restores actual outside-to-city path
[rts] PASS lost scout blocks optional fire but leaves core rescue playable
[rts] PASS bound prisoner death correctly fails the core mission
[rts] PASS spy/population/roster overrides do not leak to defense
[rts] PASS all expected route assertions executed
[daming-rts] {"checks":37,"failures":[],"metrics":{},"passed":true,"route":"contracts","scope":"isolated contract fixtures"}
