Godot Engine v4.6.3.stable.official.7d41c59c4 - https://godotengine.org

[rts] PASS safehouse locator preserves selection and issues no movement
[rts] PASS pure location button does not create an accidental mission task
[rts] PASS brief guard proximity raises suspicion without instant reveal
[rts] PASS leaving patrol before deadline restores cover margin
[rts] PASS continuous close inspection reveals spy through actual timer
[rts] PASS safehouse cannot restore cover with a nearby enemy
[rts] PASS leaving safehouse cancels partial recovery
[rts] PASS three unguarded seconds restore disguise for retry
[rts] PASS lone Chai Jin fails admission with retry still available
[rts] PASS fresh player order admits both agents through real prison gate
[rts] PASS both agents physically enter prison interior
[rts] PASS ordinary interior gathering order cannot accidentally unlock prisoners
[rts] PASS fire requires a real timed action
[rts] PASS new Hold command cancels fire without automatic resumption
[rts] PASS fresh order lights fire and starts real 90-second window
[rts] PASS signal dispatches the same finite six-person reserve
[rts] PASS lighting fire actually breaks scout concealment
[rts] PASS field commander with two companions opens intact gate by player order
[rts] PASS completed gate task removes its marker
[rts] PASS inner agent really holds at locks and frees prisoners
[rts] PASS freed prisoners remain still until player orders movement
[rts] PASS same prisoners become controllable noncombat wounded without combat abilities
[rts] PASS rescued art preserves story-specific wounded identities
[rts] PASS one actual evacuee alone cannot complete two-person objective
[rts] PASS leaving prison sends existing pursuit after warning and timer
[rts] PASS second original prisoner must physically reach exit for victory
[rts] PASS ordered spy/field/escort chain completes all story conditions
[rts] PASS camp destruction fails core objective immediately
[rts] PASS all expected infiltration assertions executed
