Godot Engine v4.6.3.stable.official.7d41c59c4 - https://godotengine.org

[rts] PASS ordinary move rejects a closed compartment
[rts] PASS ranged approach follows only reachable land and legal segments
[rts] PASS ranged endpoint is actually within attack range
[rts] PASS target beyond range across wall has no fake approach
[rts] PASS outside-map origin cannot be clamped onto land
[rts] PASS blocked origin cannot teleport out
[rts] PASS zero-range weapon gets no firing path
[rts] PASS enemy faction uses its own legal navigation
[rts] PASS opening wall restores ordinary route
[rts] PASS reclosed dynamic gate blocks ordinary route again
[rts] PASS ranged approach recomputes after gate closes
[rts] PASS ship firing approach never crosses land divider
[rts] PASS ship endpoint is in weapon range
[rts] PASS land profile cannot use ship origin
[rts] PASS actual Daming tower compartment is closed
[rts] PASS Daming partial search average below 20 ms on QA host
[rts] PASS one player click dispatches actual explicit tower attack
[rts] PASS catapult approaches from distant field without manual staging
[rts] PASS single attack order actually damages tower across closed wall
[rts] PASS actual movement never crosses wall or opens gate
[rts] PASS melee receives no ranged fallback through wall
[rts] PASS Hold Position never advances toward out-of-range target
[rts] PASS all expected ranged navigation assertions executed
