Godot Engine v4.6.3.stable.official.7d41c59c4 - https://godotengine.org
Vulkan 1.4.351 - Forward+ - Using Device #0: NVIDIA - NVIDIA GeForce RTX 3070 Ti

[runtime-check] PASS manifest retains the complete shared source enumeration scope
[runtime-check] PASS full source path set and directory presence match preparation
[runtime-check] PASS source paths remain stable while hashing
[runtime-check] PASS actual source matches this run's prepared snapshot
[runtime-check] PASS normal audio synthesis completes before fixture
[runtime-check] PASS actual level5 heightfield supplies non-flat anchor
[runtime-check] PASS Battle projection includes real elevation
[runtime-check] PASS no-probe complete old/new timing Unit class loads
[runtime-check] PASS real projected view classification: { "method": "motion", "mob": 260, "selected": false, "location": "center", "lite": true, "timer": 0.04, "force": false }
[runtime-check] PASS three complete paired timing windows: { "method": "motion", "mob": 260, "selected": false, "location": "center", "lite": true, "timer": 0.04, "force": false }
[runtime-check] PASS all full-helper blocks use the same real instance and physics callback
[runtime-check] PASS real projected view classification: { "method": "motion", "mob": 260, "selected": false, "location": "inside_edge", "lite": true, "timer": 0.04, "force": false }
[runtime-check] PASS three complete paired timing windows: { "method": "motion", "mob": 260, "selected": false, "location": "inside_edge", "lite": true, "timer": 0.04, "force": false }
[runtime-check] PASS all full-helper blocks use the same real instance and physics callback
[runtime-check] PASS real projected view classification: { "method": "motion", "mob": 260, "selected": false, "location": "outside_edge", "lite": true, "timer": 0.04, "force": false }
[runtime-check] PASS three complete paired timing windows: { "method": "motion", "mob": 260, "selected": false, "location": "outside_edge", "lite": true, "timer": 0.04, "force": false }
[runtime-check] PASS all full-helper blocks use the same real instance and physics callback
[runtime-check] PASS real projected view classification: { "method": "motion", "mob": 260, "selected": true, "location": "center", "lite": true, "timer": 0.04, "force": false }
[runtime-check] PASS three complete paired timing windows: { "method": "motion", "mob": 260, "selected": true, "location": "center", "lite": true, "timer": 0.04, "force": false }
[runtime-check] PASS all full-helper blocks use the same real instance and physics callback
[runtime-check] PASS real projected view classification: { "method": "motion", "mob": 260, "selected": true, "location": "inside_edge", "lite": true, "timer": 0.04, "force": false }
[runtime-check] PASS three complete paired timing windows: { "method": "motion", "mob": 260, "selected": true, "location": "inside_edge", "lite": true, "timer": 0.04, "force": false }
[runtime-check] PASS all full-helper blocks use the same real instance and physics callback
[runtime-check] PASS real projected view classification: { "method": "motion", "mob": 260, "selected": true, "location": "outside_edge", "lite": true, "timer": 0.04, "force": false }
[runtime-check] PASS three complete paired timing windows: { "method": "motion", "mob": 260, "selected": true, "location": "outside_edge", "lite": true, "timer": 0.04, "force": false }
[runtime-check] PASS all full-helper blocks use the same real instance and physics callback
[runtime-check] PASS real projected view classification: { "method": "motion", "mob": 261, "selected": false, "location": "center", "lite": true, "timer": 0.04, "force": false }
[runtime-check] PASS three complete paired timing windows: { "method": "motion", "mob": 261, "selected": false, "location": "center", "lite": true, "timer": 0.04, "force": false }
[runtime-check] PASS all full-helper blocks use the same real instance and physics callback
[runtime-check] PASS real projected view classification: { "method": "motion", "mob": 261, "selected": false, "location": "inside_edge", "lite": true, "timer": 0.04, "force": false }
[runtime-check] PASS three complete paired timing windows: { "method": "motion", "mob": 261, "selected": false, "location": "inside_edge", "lite": true, "timer": 0.04, "force": false }
[runtime-check] PASS all full-helper blocks use the same real instance and physics callback
[runtime-check] PASS real projected view classification: { "method": "motion", "mob": 261, "selected": false, "location": "outside_edge", "lite": true, "timer": 0.04, "force": false }
[runtime-check] PASS three complete paired timing windows: { "method": "motion", "mob": 261, "selected": false, "location": "outside_edge", "lite": true, "timer": 0.04, "force": false }
[runtime-check] PASS all full-helper blocks use the same real instance and physics callback
[runtime-check] PASS real projected view classification: { "method": "motion", "mob": 261, "selected": true, "location": "center", "lite": true, "timer": 0.04, "force": false }
[runtime-check] PASS three complete paired timing windows: { "method": "motion", "mob": 261, "selected": true, "location": "center", "lite": true, "timer": 0.04, "force": false }
[runtime-check] PASS all full-helper blocks use the same real instance and physics callback
[runtime-check] PASS real projected view classification: { "method": "motion", "mob": 261, "selected": true, "location": "inside_edge", "lite": true, "timer": 0.04, "force": false }
[runtime-check] PASS three complete paired timing windows: { "method": "motion", "mob": 261, "selected": true, "location": "inside_edge", "lite": true, "timer": 0.04, "force": false }
[runtime-check] PASS all full-helper blocks use the same real instance and physics callback
[runtime-check] PASS real projected view classification: { "method": "motion", "mob": 261, "selected": true, "location": "outside_edge", "lite": true, "timer": 0.04, "force": false }
[runtime-check] PASS three complete paired timing windows: { "method": "motion", "mob": 261, "selected": true, "location": "outside_edge", "lite": true, "timer": 0.04, "force": false }
[runtime-check] PASS all full-helper blocks use the same real instance and physics callback
[runtime-check] PASS real projected view classification: { "method": "motion", "mob": 500, "selected": false, "location": "center", "lite": true, "timer": 0.04, "force": false }
[runtime-check] PASS three complete paired timing windows: { "method": "motion", "mob": 500, "selected": false, "location": "center", "lite": true, "timer": 0.04, "force": false }
[runtime-check] PASS all full-helper blocks use the same real instance and physics callback
[runtime-check] PASS real projected view classification: { "method": "motion", "mob": 500, "selected": false, "location": "inside_edge", "lite": true, "timer": 0.04, "force": false }
[runtime-check] PASS three complete paired timing windows: { "method": "motion", "mob": 500, "selected": false, "location": "inside_edge", "lite": true, "timer": 0.04, "force": false }
[runtime-check] PASS all full-helper blocks use the same real instance and physics callback
[runtime-check] PASS real projected view classification: { "method": "motion", "mob": 500, "selected": false, "location": "outside_edge", "lite": true, "timer": 0.04, "force": false }
[runtime-check] PASS three complete paired timing windows: { "method": "motion", "mob": 500, "selected": false, "location": "outside_edge", "lite": true, "timer": 0.04, "force": false }
[runtime-check] PASS all full-helper blocks use the same real instance and physics callback
[runtime-check] PASS real projected view classification: { "method": "motion", "mob": 500, "selected": true, "location": "center", "lite": true, "timer": 0.04, "force": false }
[runtime-check] PASS three complete paired timing windows: { "method": "motion", "mob": 500, "selected": true, "location": "center", "lite": true, "timer": 0.04, "force": false }
[runtime-check] PASS all full-helper blocks use the same real instance and physics callback
[runtime-check] PASS real projected view classification: { "method": "motion", "mob": 500, "selected": true, "location": "inside_edge", "lite": true, "timer": 0.04, "force": false }
[runtime-check] PASS three complete paired timing windows: { "method": "motion", "mob": 500, "selected": true, "location": "inside_edge", "lite": true, "timer": 0.04, "force": false }
[runtime-check] PASS all full-helper blocks use the same real instance and physics callback
[runtime-check] PASS real projected view classification: { "method": "motion", "mob": 500, "selected": true, "location": "outside_edge", "lite": true, "timer": 0.04, "force": false }
[runtime-check] PASS three complete paired timing windows: { "method": "motion", "mob": 500, "selected": true, "location": "outside_edge", "lite": true, "timer": 0.04, "force": false }
[runtime-check] PASS all full-helper blocks use the same real instance and physics callback
[runtime-check] PASS real projected view classification: { "method": "motion", "mob": 501, "selected": false, "location": "center", "lite": true, "timer": 0.04, "force": false }
[runtime-check] PASS three complete paired timing windows: { "method": "motion", "mob": 501, "selected": false, "location": "center", "lite": true, "timer": 0.04, "force": false }
[runtime-check] PASS all full-helper blocks use the same real instance and physics callback
[runtime-check] PASS real projected view classification: { "method": "motion", "mob": 501, "selected": false, "location": "inside_edge", "lite": true, "timer": 0.04, "force": false }
[runtime-check] PASS three complete paired timing windows: { "method": "motion", "mob": 501, "selected": false, "location": "inside_edge", "lite": true, "timer": 0.04, "force": false }
[runtime-check] PASS all full-helper blocks use the same real instance and physics callback
[runtime-check] PASS real projected view classification: { "method": "motion", "mob": 501, "selected": false, "location": "outside_edge", "lite": true, "timer": 0.04, "force": false }
[runtime-check] PASS three complete paired timing windows: { "method": "motion", "mob": 501, "selected": false, "location": "outside_edge", "lite": true, "timer": 0.04, "force": false }
[runtime-check] PASS all full-helper blocks use the same real instance and physics callback
[runtime-check] PASS real projected view classification: { "method": "motion", "mob": 501, "selected": true, "location": "center", "lite": true, "timer": 0.04, "force": false }
[runtime-check] PASS three complete paired timing windows: { "method": "motion", "mob": 501, "selected": true, "location": "center", "lite": true, "timer": 0.04, "force": false }
[runtime-check] PASS all full-helper blocks use the same real instance and physics callback
[runtime-check] PASS real projected view classification: { "method": "motion", "mob": 501, "selected": true, "location": "inside_edge", "lite": true, "timer": 0.04, "force": false }
[runtime-check] PASS three complete paired timing windows: { "method": "motion", "mob": 501, "selected": true, "location": "inside_edge", "lite": true, "timer": 0.04, "force": false }
[runtime-check] PASS all full-helper blocks use the same real instance and physics callback
[runtime-check] PASS real projected view classification: { "method": "motion", "mob": 501, "selected": true, "location": "outside_edge", "lite": true, "timer": 0.04, "force": false }
[runtime-check] PASS three complete paired timing windows: { "method": "motion", "mob": 501, "selected": true, "location": "outside_edge", "lite": true, "timer": 0.04, "force": false }
[runtime-check] PASS all full-helper blocks use the same real instance and physics callback
[runtime-check] PASS real projected view classification: { "method": "animated", "mob": 501, "selected": false, "location": "center", "lite": true, "timer": 0.0, "force": false }
[runtime-check] PASS three complete paired timing windows: { "method": "animated", "mob": 501, "selected": false, "location": "center", "lite": true, "timer": 0.0, "force": false }
[runtime-check] PASS all full-helper blocks use the same real instance and physics callback
[runtime-check] PASS real projected view classification: { "method": "animated", "mob": 501, "selected": false, "location": "inside_edge", "lite": true, "timer": 0.0, "force": false }
[runtime-check] PASS three complete paired timing windows: { "method": "animated", "mob": 501, "selected": false, "location": "inside_edge", "lite": true, "timer": 0.0, "force": false }
[runtime-check] PASS all full-helper blocks use the same real instance and physics callback
[runtime-check] PASS real projected view classification: { "method": "animated", "mob": 501, "selected": false, "location": "offscreen", "lite": true, "timer": 0.0, "force": false }
[runtime-check] PASS three complete paired timing windows: { "method": "animated", "mob": 501, "selected": false, "location": "offscreen", "lite": true, "timer": 0.0, "force": false }
[runtime-check] PASS all full-helper blocks use the same real instance and physics callback
[runtime-check] PASS real projected view classification: { "method": "animated", "mob": 501, "selected": false, "location": "center", "lite": true, "timer": 0.0, "force": true }
[runtime-check] PASS three complete paired timing windows: { "method": "animated", "mob": 501, "selected": false, "location": "center", "lite": true, "timer": 0.0, "force": true }
[runtime-check] PASS all full-helper blocks use the same real instance and physics callback
[runtime-check] PASS real projected view classification: { "method": "animated", "mob": 501, "selected": false, "location": "inside_edge", "lite": true, "timer": 0.0, "force": true }
[runtime-check] PASS three complete paired timing windows: { "method": "animated", "mob": 501, "selected": false, "location": "inside_edge", "lite": true, "timer": 0.0, "force": true }
[runtime-check] PASS all full-helper blocks use the same real instance and physics callback
[runtime-check] PASS real projected view classification: { "method": "animated", "mob": 501, "selected": false, "location": "offscreen", "lite": true, "timer": 0.0, "force": true }
[runtime-check] PASS three complete paired timing windows: { "method": "animated", "mob": 501, "selected": false, "location": "offscreen", "lite": true, "timer": 0.0, "force": true }
[runtime-check] PASS all full-helper blocks use the same real instance and physics callback
[runtime-check] PASS real projected view classification: { "method": "animated", "mob": 501, "selected": false, "location": "center", "lite": true, "timer": 0.04, "force": false }
[runtime-check] PASS three complete paired timing windows: { "method": "animated", "mob": 501, "selected": false, "location": "center", "lite": true, "timer": 0.04, "force": false }
[runtime-check] PASS all full-helper blocks use the same real instance and physics callback
[runtime-check] PASS real projected view classification: { "method": "animated", "mob": 501, "selected": false, "location": "inside_edge", "lite": true, "timer": 0.04, "force": false }
[runtime-check] PASS three complete paired timing windows: { "method": "animated", "mob": 501, "selected": false, "location": "inside_edge", "lite": true, "timer": 0.04, "force": false }
[runtime-check] PASS all full-helper blocks use the same real instance and physics callback
[runtime-check] PASS real projected view classification: { "method": "animated", "mob": 501, "selected": false, "location": "offscreen", "lite": true, "timer": 0.04, "force": false }
[runtime-check] PASS three complete paired timing windows: { "method": "animated", "mob": 501, "selected": false, "location": "offscreen", "lite": true, "timer": 0.04, "force": false }
[runtime-check] PASS all full-helper blocks use the same real instance and physics callback
[runtime-check] PASS real projected view classification: { "method": "animated", "mob": 501, "selected": false, "location": "center", "lite": true, "timer": 0.04, "force": true }
[runtime-check] PASS three complete paired timing windows: { "method": "animated", "mob": 501, "selected": false, "location": "center", "lite": true, "timer": 0.04, "force": true }
[runtime-check] PASS all full-helper blocks use the same real instance and physics callback
[runtime-check] PASS real projected view classification: { "method": "animated", "mob": 501, "selected": false, "location": "inside_edge", "lite": true, "timer": 0.04, "force": true }
[runtime-check] PASS three complete paired timing windows: { "method": "animated", "mob": 501, "selected": false, "location": "inside_edge", "lite": true, "timer": 0.04, "force": true }
[runtime-check] PASS all full-helper blocks use the same real instance and physics callback
[runtime-check] PASS real projected view classification: { "method": "animated", "mob": 501, "selected": false, "location": "offscreen", "lite": true, "timer": 0.04, "force": true }
[runtime-check] PASS three complete paired timing windows: { "method": "animated", "mob": 501, "selected": false, "location": "offscreen", "lite": true, "timer": 0.04, "force": true }
[runtime-check] PASS all full-helper blocks use the same real instance and physics callback
[runtime-check] PASS real projected view classification: { "method": "animated", "mob": 501, "selected": false, "location": "offscreen", "lite": false, "timer": 0.04, "force": false }
[runtime-check] PASS three complete paired timing windows: { "method": "animated", "mob": 501, "selected": false, "location": "offscreen", "lite": false, "timer": 0.04, "force": false }
[runtime-check] PASS all full-helper blocks use the same real instance and physics callback
[runtime-check] PASS real projected view classification: { "method": "motion", "mob": 501, "selected": false, "location": "offscreen", "lite": false, "timer": 0.04, "force": false }
[runtime-check] PASS three complete paired timing windows: { "method": "motion", "mob": 501, "selected": false, "location": "offscreen", "lite": false, "timer": 0.04, "force": false }
[runtime-check] PASS all full-helper blocks use the same real instance and physics callback
[runtime-check] PASS previous scene, map and units actually freed
[runtime-check] PASS full source path set and directory presence match preparation
[runtime-check] PASS source paths remain stable while hashing
[runtime-check] PASS actual source unchanged through validation and disposal
[runtime-check] PASS campaign/settings save bytes unchanged
[redraw-validation] {"checks":127,"failures":[],"passed":true}
