Godot Engine v4.6.3.stable.official.7d41c59c4 - https://godotengine.org

[runtime-check] PASS frozen entrance source hash matches
[runtime-check] PASS frozen production entrance compiles
[runtime-check] PASS projection-count map compiles
[runtime-check] PASS (96.0, 48.0) inside exact wall/gate RGBA, seal and cadence
[runtime-check] PASS (96.0, 48.0) inside expected wall alpha
[runtime-check] PASS (96.0, 48.0) left touches exact wall/gate RGBA, seal and cadence
[runtime-check] PASS (96.0, 48.0) left touches expected wall alpha
[runtime-check] PASS (96.0, 48.0) left enters exact wall/gate RGBA, seal and cadence
[runtime-check] PASS (96.0, 48.0) left enters expected wall alpha
[runtime-check] PASS (96.0, 48.0) right touches exact wall/gate RGBA, seal and cadence
[runtime-check] PASS (96.0, 48.0) right touches expected wall alpha
[runtime-check] PASS (96.0, 48.0) right enters exact wall/gate RGBA, seal and cadence
[runtime-check] PASS (96.0, 48.0) right enters expected wall alpha
[runtime-check] PASS (96.0, 48.0) top touches exact wall/gate RGBA, seal and cadence
[runtime-check] PASS (96.0, 48.0) top touches expected wall alpha
[runtime-check] PASS (96.0, 48.0) top enters exact wall/gate RGBA, seal and cadence
[runtime-check] PASS (96.0, 48.0) top enters expected wall alpha
[runtime-check] PASS (96.0, 48.0) bottom touches exact wall/gate RGBA, seal and cadence
[runtime-check] PASS (96.0, 48.0) bottom touches expected wall alpha
[runtime-check] PASS (96.0, 48.0) bottom enters exact wall/gate RGBA, seal and cadence
[runtime-check] PASS (96.0, 48.0) bottom enters expected wall alpha
[runtime-check] PASS (96.0, 48.0) outside exact wall/gate RGBA, seal and cadence
[runtime-check] PASS (96.0, 48.0) outside expected wall alpha
[runtime-check] PASS (-96.0, 48.0) inside exact wall/gate RGBA, seal and cadence
[runtime-check] PASS (-96.0, 48.0) inside expected wall alpha
[runtime-check] PASS (-96.0, 48.0) left touches exact wall/gate RGBA, seal and cadence
[runtime-check] PASS (-96.0, 48.0) left touches expected wall alpha
[runtime-check] PASS (-96.0, 48.0) left enters exact wall/gate RGBA, seal and cadence
[runtime-check] PASS (-96.0, 48.0) left enters expected wall alpha
[runtime-check] PASS (-96.0, 48.0) right touches exact wall/gate RGBA, seal and cadence
[runtime-check] PASS (-96.0, 48.0) right touches expected wall alpha
[runtime-check] PASS (-96.0, 48.0) right enters exact wall/gate RGBA, seal and cadence
[runtime-check] PASS (-96.0, 48.0) right enters expected wall alpha
[runtime-check] PASS (-96.0, 48.0) top touches exact wall/gate RGBA, seal and cadence
[runtime-check] PASS (-96.0, 48.0) top touches expected wall alpha
[runtime-check] PASS (-96.0, 48.0) top enters exact wall/gate RGBA, seal and cadence
[runtime-check] PASS (-96.0, 48.0) top enters expected wall alpha
[runtime-check] PASS (-96.0, 48.0) bottom touches exact wall/gate RGBA, seal and cadence
[runtime-check] PASS (-96.0, 48.0) bottom touches expected wall alpha
[runtime-check] PASS (-96.0, 48.0) bottom enters exact wall/gate RGBA, seal and cadence
[runtime-check] PASS (-96.0, 48.0) bottom enters expected wall alpha
[runtime-check] PASS (-96.0, 48.0) outside exact wall/gate RGBA, seal and cadence
[runtime-check] PASS (-96.0, 48.0) outside expected wall alpha
[runtime-check] PASS (-96.0, -48.0) inside exact wall/gate RGBA, seal and cadence
[runtime-check] PASS (-96.0, -48.0) inside expected wall alpha
[runtime-check] PASS (-96.0, -48.0) left touches exact wall/gate RGBA, seal and cadence
[runtime-check] PASS (-96.0, -48.0) left touches expected wall alpha
[runtime-check] PASS (-96.0, -48.0) left enters exact wall/gate RGBA, seal and cadence
[runtime-check] PASS (-96.0, -48.0) left enters expected wall alpha
[runtime-check] PASS (-96.0, -48.0) right touches exact wall/gate RGBA, seal and cadence
[runtime-check] PASS (-96.0, -48.0) right touches expected wall alpha
[runtime-check] PASS (-96.0, -48.0) right enters exact wall/gate RGBA, seal and cadence
[runtime-check] PASS (-96.0, -48.0) right enters expected wall alpha
[runtime-check] PASS (-96.0, -48.0) top touches exact wall/gate RGBA, seal and cadence
[runtime-check] PASS (-96.0, -48.0) top touches expected wall alpha
[runtime-check] PASS (-96.0, -48.0) top enters exact wall/gate RGBA, seal and cadence
[runtime-check] PASS (-96.0, -48.0) top enters expected wall alpha
[runtime-check] PASS (-96.0, -48.0) bottom touches exact wall/gate RGBA, seal and cadence
[runtime-check] PASS (-96.0, -48.0) bottom touches expected wall alpha
[runtime-check] PASS (-96.0, -48.0) bottom enters exact wall/gate RGBA, seal and cadence
[runtime-check] PASS (-96.0, -48.0) bottom enters expected wall alpha
[runtime-check] PASS (-96.0, -48.0) outside exact wall/gate RGBA, seal and cadence
[runtime-check] PASS (-96.0, -48.0) outside expected wall alpha
[runtime-check] PASS (96.0, -48.0) inside exact wall/gate RGBA, seal and cadence
[runtime-check] PASS (96.0, -48.0) inside expected wall alpha
[runtime-check] PASS (96.0, -48.0) left touches exact wall/gate RGBA, seal and cadence
[runtime-check] PASS (96.0, -48.0) left touches expected wall alpha
[runtime-check] PASS (96.0, -48.0) left enters exact wall/gate RGBA, seal and cadence
[runtime-check] PASS (96.0, -48.0) left enters expected wall alpha
[runtime-check] PASS (96.0, -48.0) right touches exact wall/gate RGBA, seal and cadence
[runtime-check] PASS (96.0, -48.0) right touches expected wall alpha
[runtime-check] PASS (96.0, -48.0) right enters exact wall/gate RGBA, seal and cadence
[runtime-check] PASS (96.0, -48.0) right enters expected wall alpha
[runtime-check] PASS (96.0, -48.0) top touches exact wall/gate RGBA, seal and cadence
[runtime-check] PASS (96.0, -48.0) top touches expected wall alpha
[runtime-check] PASS (96.0, -48.0) top enters exact wall/gate RGBA, seal and cadence
[runtime-check] PASS (96.0, -48.0) top enters expected wall alpha
[runtime-check] PASS (96.0, -48.0) bottom touches exact wall/gate RGBA, seal and cadence
[runtime-check] PASS (96.0, -48.0) bottom touches expected wall alpha
[runtime-check] PASS (96.0, -48.0) bottom enters exact wall/gate RGBA, seal and cadence
[runtime-check] PASS (96.0, -48.0) bottom enters expected wall alpha
[runtime-check] PASS (96.0, -48.0) outside exact wall/gate RGBA, seal and cadence
[runtime-check] PASS (96.0, -48.0) outside expected wall alpha
[runtime-check] PASS (96.0, 62.0) inside exact wall/gate RGBA, seal and cadence
[runtime-check] PASS (96.0, 62.0) inside expected wall alpha
[runtime-check] PASS (96.0, 62.0) left touches exact wall/gate RGBA, seal and cadence
[runtime-check] PASS (96.0, 62.0) left touches expected wall alpha
[runtime-check] PASS (96.0, 62.0) left enters exact wall/gate RGBA, seal and cadence
[runtime-check] PASS (96.0, 62.0) left enters expected wall alpha
[runtime-check] PASS (96.0, 62.0) right touches exact wall/gate RGBA, seal and cadence
[runtime-check] PASS (96.0, 62.0) right touches expected wall alpha
[runtime-check] PASS (96.0, 62.0) right enters exact wall/gate RGBA, seal and cadence
[runtime-check] PASS (96.0, 62.0) right enters expected wall alpha
[runtime-check] PASS (96.0, 62.0) top touches exact wall/gate RGBA, seal and cadence
[runtime-check] PASS (96.0, 62.0) top touches expected wall alpha
[runtime-check] PASS (96.0, 62.0) top enters exact wall/gate RGBA, seal and cadence
[runtime-check] PASS (96.0, 62.0) top enters expected wall alpha
[runtime-check] PASS (96.0, 62.0) bottom touches exact wall/gate RGBA, seal and cadence
[runtime-check] PASS (96.0, 62.0) bottom touches expected wall alpha
[runtime-check] PASS (96.0, 62.0) bottom enters exact wall/gate RGBA, seal and cadence
[runtime-check] PASS (96.0, 62.0) bottom enters expected wall alpha
[runtime-check] PASS (96.0, 62.0) outside exact wall/gate RGBA, seal and cadence
[runtime-check] PASS (96.0, 62.0) outside expected wall alpha
[runtime-check] PASS (-96.0, 31.0) inside exact wall/gate RGBA, seal and cadence
[runtime-check] PASS (-96.0, 31.0) inside expected wall alpha
[runtime-check] PASS (-96.0, 31.0) left touches exact wall/gate RGBA, seal and cadence
[runtime-check] PASS (-96.0, 31.0) left touches expected wall alpha
[runtime-check] PASS (-96.0, 31.0) left enters exact wall/gate RGBA, seal and cadence
[runtime-check] PASS (-96.0, 31.0) left enters expected wall alpha
[runtime-check] PASS (-96.0, 31.0) right touches exact wall/gate RGBA, seal and cadence
[runtime-check] PASS (-96.0, 31.0) right touches expected wall alpha
[runtime-check] PASS (-96.0, 31.0) right enters exact wall/gate RGBA, seal and cadence
[runtime-check] PASS (-96.0, 31.0) right enters expected wall alpha
[runtime-check] PASS (-96.0, 31.0) top touches exact wall/gate RGBA, seal and cadence
[runtime-check] PASS (-96.0, 31.0) top touches expected wall alpha
[runtime-check] PASS (-96.0, 31.0) top enters exact wall/gate RGBA, seal and cadence
[runtime-check] PASS (-96.0, 31.0) top enters expected wall alpha
[runtime-check] PASS (-96.0, 31.0) bottom touches exact wall/gate RGBA, seal and cadence
[runtime-check] PASS (-96.0, 31.0) bottom touches expected wall alpha
[runtime-check] PASS (-96.0, 31.0) bottom enters exact wall/gate RGBA, seal and cadence
[runtime-check] PASS (-96.0, 31.0) bottom enters expected wall alpha
[runtime-check] PASS (-96.0, 31.0) outside exact wall/gate RGBA, seal and cadence
[runtime-check] PASS (-96.0, 31.0) outside expected wall alpha
[runtime-check] PASS (0.0, 0.0) inside exact wall/gate RGBA, seal and cadence
[runtime-check] PASS (0.0, 0.0) inside expected wall alpha
[runtime-check] PASS (0.0, 0.0) left touches exact wall/gate RGBA, seal and cadence
[runtime-check] PASS (0.0, 0.0) left touches expected wall alpha
[runtime-check] PASS (0.0, 0.0) left enters exact wall/gate RGBA, seal and cadence
[runtime-check] PASS (0.0, 0.0) left enters expected wall alpha
[runtime-check] PASS (0.0, 0.0) right touches exact wall/gate RGBA, seal and cadence
[runtime-check] PASS (0.0, 0.0) right touches expected wall alpha
[runtime-check] PASS (0.0, 0.0) right enters exact wall/gate RGBA, seal and cadence
[runtime-check] PASS (0.0, 0.0) right enters expected wall alpha
[runtime-check] PASS (0.0, 0.0) top touches exact wall/gate RGBA, seal and cadence
[runtime-check] PASS (0.0, 0.0) top touches expected wall alpha
[runtime-check] PASS (0.0, 0.0) top enters exact wall/gate RGBA, seal and cadence
[runtime-check] PASS (0.0, 0.0) top enters expected wall alpha
[runtime-check] PASS (0.0, 0.0) bottom touches exact wall/gate RGBA, seal and cadence
[runtime-check] PASS (0.0, 0.0) bottom touches expected wall alpha
[runtime-check] PASS (0.0, 0.0) bottom enters exact wall/gate RGBA, seal and cadence
[runtime-check] PASS (0.0, 0.0) bottom enters expected wall alpha
[runtime-check] PASS (0.0, 0.0) outside exact wall/gate RGBA, seal and cadence
[runtime-check] PASS (0.0, 0.0) outside expected wall alpha
[runtime-check] PASS same depth exact wall/gate RGBA, seal and cadence
[runtime-check] PASS same depth expected wall alpha
[runtime-check] PASS in front exact wall/gate RGBA, seal and cadence
[runtime-check] PASS in front expected wall alpha
[runtime-check] PASS negative depth exact wall/gate RGBA, seal and cadence
[runtime-check] PASS negative depth expected wall alpha
[runtime-check] PASS hidden exact wall/gate RGBA, seal and cadence
[runtime-check] PASS hidden expected wall alpha
[runtime-check] PASS dead exact wall/gate RGBA, seal and cadence
[runtime-check] PASS dead expected wall alpha
[runtime-check] PASS negative hp exact wall/gate RGBA, seal and cadence
[runtime-check] PASS negative hp expected wall alpha
[runtime-check] PASS NaN hp exact wall/gate RGBA, seal and cadence
[runtime-check] PASS NaN hp expected wall alpha
[runtime-check] PASS building exact wall/gate RGBA, seal and cadence
[runtime-check] PASS building expected wall alpha
[runtime-check] PASS story still visible exact wall/gate RGBA, seal and cadence
[runtime-check] PASS story still visible expected wall alpha
[runtime-check] PASS garrison still visible exact wall/gate RGBA, seal and cadence
[runtime-check] PASS garrison still visible expected wall alpha
[runtime-check] PASS duplicate, null and freed candidates exact wall/gate RGBA, seal and cadence
[runtime-check] PASS duplicate wall references exact wall/gate RGBA, seal and cadence
[runtime-check] PASS gate state main exact wall/gate RGBA, seal and cadence
[runtime-check] PASS living gate metadata controls leaves main
[runtime-check] PASS gate state east exact wall/gate RGBA, seal and cadence
[runtime-check] PASS living gate metadata controls leaves east
[runtime-check] PASS gate state  exact wall/gate RGBA, seal and cadence
[runtime-check] PASS living gate metadata controls leaves 
[runtime-check] PASS unit enters main gate fade zone exact wall/gate RGBA, seal and cadence
[runtime-check] PASS open gate fades to authored alpha
[runtime-check] PASS sealed main gate fade zone exact wall/gate RGBA, seal and cadence
[runtime-check] PASS sealed gate keeps authored alpha
[runtime-check] PASS sub-tick first exact wall/gate RGBA, seal and cadence
[runtime-check] PASS sub-tick boundary exact wall/gate RGBA, seal and cadence
[runtime-check] PASS no walls exact wall/gate RGBA, seal and cadence
[runtime-check] PASS no units restores opacity exact wall/gate RGBA, seal and cadence
[runtime-check] PASS 206 units outside 100 walls exact wall/gate RGBA, seal and cadence
[runtime-check] PASS complete entrance projections fall from pairs to units plus walls
[runtime-check] PASS synthetic_206_outside_100_walls exact wall/gate RGBA, seal and cadence
[runtime-check] PASS real entrance exists level5
[runtime-check] PASS level5_authored exact wall/gate RGBA, seal and cadence
[prof] bench(def): 200 敌 vs 6 英雄
[runtime-check] PASS level5_200_enemy_bench exact wall/gate RGBA, seal and cadence
[runtime-check] PASS level5_all_units_shown exact wall/gate RGBA, seal and cadence
[runtime-check] PASS level5 changed visibility and prior alpha exact wall/gate RGBA, seal and cadence
[runtime-check] PASS previous scene, map and units actually freed
SCRIPT ERROR: Invalid access to property or key '_entrance' on a base object of type 'Nil'.
   at: _run (res://tools/wall_visibility_qa.gd:173)
   GDScript backtrace (most recent call first):
       [0] _run (res://tools/wall_visibility_qa.gd:173)
       [1] _start (res://tools/campaign_mode_performance_test.gd:31)
