Godot Engine v4.6.3.stable.official.7d41c59c4 - https://godotengine.org

SCRIPT ERROR: Compile Error: Identifier not found: Art
   at: GDScript::reload (res://scripts/liangshan_entrance.gd:192)
SCRIPT ERROR: Compile Error: Identifier not found: Art
   at: GDScript::reload (res://scripts/liangshan_stockade.gd:38)
SCRIPT ERROR: Compile Error: Identifier not found: Art
   at: GDScript::reload (res://scripts/game_map.gd:581)
SCRIPT ERROR: Compile Error: Failed to compile depended scripts.
   at: GDScript::reload (res://scripts/liangshan_gate.gd:0)
SCRIPT ERROR: Compile Error: Failed to compile depended scripts.
   at: GDScript::reload (res://tools/wall_visibility_qa.gd:0)
ERROR: Failed to load script "res://tools/wall_visibility_qa.gd" with error "Compilation failed".
   at: load (modules/gdscript/gdscript.cpp:2907)
[runtime-check] PASS frozen entrance source hash matches
[runtime-check] PASS frozen production entrance compiles
[runtime-check] PASS projection-count map compiles
ERROR: Parameter "p_script->implicit_initializer" is null.
   at: _super_implicit_constructor (modules/gdscript/gdscript.cpp:143)
   GDScript backtrace (most recent call first):
       [0] _fixtures (res://tools/wall_visibility_qa.gd:71)
       [1] _run (res://tools/wall_visibility_qa.gd:165)
SCRIPT ERROR: Invalid call. Nonexistent function 'new' in base 'GDScript'.
   at: _fixtures (res://tools/wall_visibility_qa.gd:73)
   GDScript backtrace (most recent call first):
       [0] _fixtures (res://tools/wall_visibility_qa.gd:73)
       [1] _run (res://tools/wall_visibility_qa.gd:165)
SCRIPT ERROR: Invalid call. Nonexistent function 'new' in base 'GDScript'.
   at: Battle._ready (res://scripts/battle.gd:289)
   GDScript backtrace (most recent call first):
       [0] _ready (res://scripts/battle.gd:289)
       [1] _start (res://tools/campaign_mode_performance_test.gd:28)
       [2] _run (res://tools/wall_visibility_qa.gd:167)
SCRIPT ERROR: Invalid access to property or key '_intro_root' on a base object of type 'Nil'.
   at: _start (res://tools/campaign_mode_performance_test.gd:30)
   GDScript backtrace (most recent call first):
       [0] _start (res://tools/campaign_mode_performance_test.gd:30)
SCRIPT ERROR: Invalid assignment of property or key 'process_mode' with value of type 'int' on a base object of type 'Nil'.
   at: _run (res://tools/wall_visibility_qa.gd:168)
   GDScript backtrace (most recent call first):
       [0] _run (res://tools/wall_visibility_qa.gd:168)
       [1] _start (res://tools/campaign_mode_performance_test.gd:30)
