Godot Engine v4.6.3.stable.official.7d41c59c4 - https://godotengine.org

SCRIPT ERROR: Compile Error: Identifier not found: Campaign
   at: GDScript::reload (res://scripts/levels/skirmish.gd:125)
SCRIPT ERROR: Compile Error: Failed to compile depended scripts.
   at: GDScript::reload (res://scripts/custom_config.gd:0)
SCRIPT ERROR: Compile Error: Identifier not found: SteamService
   at: GDScript::reload (res://scripts/steam_panels.gd:48)
SCRIPT ERROR: Compile Error: Failed to compile depended scripts.
   at: GDScript::reload (res://tools/steam_integration_qa.gd:0)
ERROR: Failed to load script "res://tools/steam_integration_qa.gd" with error "Compilation failed".
   at: load (modules/gdscript/gdscript.cpp:2907)
FAIL defense editor default accepted
VALIDATOR 关卡数据过大、层级过深或包含不支持的值
SCRIPT ERROR: Out of bounds get index '0' (on base: 'Array')
   at: HUD._show_intro_line (res://scripts/hud.gd:2314)
   GDScript backtrace (most recent call first):
       [0] _show_intro_line (res://scripts/hud.gd:2314)
       [1] show_intro (res://scripts/hud.gd:2310)
       [2] _ready (res://scripts/battle.gd:422)
       [3] _run (res://tools/steam_integration_qa.gd:101)
STEAM_QA FAIL 151 checks
