Input #0, mov,mp4,m4a,3gp,3g2,mj2, from 'D:\AI项目\水浒\开发工程\marketing\steam_store_20260909_female\video\LiangshanHeroes-Gameplay-20260909.mp4':
  Metadata:
    major_brand     : isom
    minor_version   : 512
    compatible_brands: isomiso2avc1mp41
    encoder         : Lavf62.3.100
  Duration: 00:00:45.11, start: 0.000000, bitrate: 6980 kb/s
  Stream #0:0[0x1](und): Video: h264 (High) (avc1 / 0x31637661), yuv420p(tv, bt709/unknown/unknown, progressive), 1920x1080 [SAR 1:1 DAR 16:9], 6793 kb/s, 30 fps, 30 tbr, 15360 tbn, start 0.021029 (default)
    Metadata:
      handler_name    : VideoHandler
      vendor_id       : [0][0][0][0]
      encoder         : Lavc62.11.100 libx264
  Stream #0:1[0x2](und): Audio: aac (LC) (mp4a / 0x6134706D), 48000 Hz, stereo, fltp, 194 kb/s (default)
    Metadata:
      handler_name    : SoundHandler
      vendor_id       : [0][0][0][0]
Stream mapping:
  Stream #0:0 -> #0:0 (h264 (native) -> wrapped_avframe (native))
Press [q] to stop, [?] for help
Output #0, null, to 'pipe:':
  Metadata:
    major_brand     : isom
    minor_version   : 512
    compatible_brands: isomiso2avc1mp41
    encoder         : Lavf62.3.100
  Stream #0:0(und): Video: wrapped_avframe, yuv420p(tv, bt709/unknown/unknown, progressive), 1920x1080 [SAR 1:1 DAR 16:9], q=2-31, 200 kb/s, 30 fps, 30 tbn (default)
    Metadata:
      encoder         : Lavc62.11.100 wrapped_avframe
      handler_name    : VideoHandler
      vendor_id       : [0][0][0][0]
frame=  628 fps=0.0 q=-0.0 size=N/A time=00:00:20.96 bitrate=N/A speed=41.3x elapsed=0:00:00.50    
frame= 1318 fps=1280 q=-0.0 size=N/A time=00:00:43.96 bitrate=N/A speed=42.7x elapsed=0:00:01.02    
[out#0/null @ 0000027e369ced80] video:548KiB audio:0KiB subtitle:0KiB other streams:0KiB global headers:0KiB muxing overhead: unknown
frame= 1350 fps=1238 q=-0.0 Lsize=N/A time=00:00:45.03 bitrate=N/A speed=41.3x elapsed=0:00:01.09    
