Godot Engine v4.6.3.stable.official.7d41c59c4 - https://godotengine.org

SCRIPT ERROR: Compile Error: Identifier not found: Art
   at: GDScript::reload (res://scripts/game_map.gd:581)
SCRIPT ERROR: Compile Error: Identifier not found: Sfx
   at: GDScript::reload (res://scripts/unit.gd:991)
SCRIPT ERROR: Compile Error: Failed to compile depended scripts.
   at: GDScript::reload (res://scripts/crowd_separation.gd:0)
SCRIPT ERROR: Compile Error: Failed to compile depended scripts.
   at: GDScript::reload (res://tools/crowd_nav_qa.gd:0)
ERROR: Failed to load script "res://tools/crowd_nav_qa.gd" with error "Compilation failed".
   at: load (modules/gdscript/gdscript.cpp:2907)
[runtime-check] PASS frozen separation reference hash matches
SCRIPT ERROR: Invalid call. Nonexistent function 'new' in base 'GDScript'.
   at: Battle._ready (res://scripts/battle.gd:292)
   GDScript backtrace (most recent call first):
       [0] _ready (res://scripts/battle.gd:292)
       [1] _start (res://tools/campaign_mode_performance_test.gd:28)
       [2] _run (res://tools/crowd_separation_qa.gd:69)
SCRIPT ERROR: Invalid access to property or key '_intro_root' on a base object of type 'Nil'.
   at: _start (res://tools/campaign_mode_performance_test.gd:30)
   GDScript backtrace (most recent call first):
       [0] _start (res://tools/campaign_mode_performance_test.gd:30)
SCRIPT ERROR: Invalid call. Nonexistent function '_perf_bench_setup' in base 'Nil'.
   at: _run (res://tools/crowd_separation_qa.gd:70)
   GDScript backtrace (most recent call first):
       [0] _run (res://tools/crowd_separation_qa.gd:70)
       [1] _start (res://tools/campaign_mode_performance_test.gd:30)
