Godot Engine v4.6.3.stable.official.7d41c59c4 - https://godotengine.org

[prof] bench(def): 58 敌 vs 6 英雄
[runtime-check] PASS same complete solver positions n=64 spread=false
[sorted-probe] 64 spread=false before=57757 after=56541 ratio=0.9789462749104
[runtime-check] PASS same complete solver positions n=64 spread=true
[sorted-probe] 64 spread=true before=30257 after=47198 ratio=1.55990349340648
[prof] bench(def): 122 敌 vs 6 英雄
[runtime-check] PASS same complete solver positions n=128 spread=false
[sorted-probe] 128 spread=false before=123707 after=129774 ratio=1.04904330393591
[runtime-check] PASS same complete solver positions n=128 spread=true
[sorted-probe] 128 spread=true before=66302 after=72384 ratio=1.0917317727972
[prof] bench(def): 200 敌 vs 6 英雄
[runtime-check] PASS same complete solver positions n=206 spread=false
[sorted-probe] 206 spread=false before=234199 after=237572 ratio=1.01440228182016
[runtime-check] PASS same complete solver positions n=206 spread=true
[sorted-probe] 206 spread=true before=114765 after=127069 ratio=1.10721038644186
[prof] bench(def): 314 敌 vs 6 英雄
[runtime-check] PASS same complete solver positions n=320 spread=false
[sorted-probe] 320 spread=false before=363400 after=381384 ratio=1.04948816730875
[runtime-check] PASS same complete solver positions n=320 spread=true
[sorted-probe] 320 spread=true before=182266 after=193495 ratio=1.06160776008691
