Godot Engine v4.6.3.stable.official.7d41c59c4 - https://godotengine.org

[   0% ] [90m[1mfirst_scan_filesystem[22m | Started 项目初始化 (5 steps)[39m[0m
[   0% ] [90m[1mfirst_scan_filesystem[22m | 正在扫描文件结构……[39m[0m
[  16% ] [90m[1mfirst_scan_filesystem[22m | 正在加载全局类名……[39m[0m
[  33% ] [90m[1mfirst_scan_filesystem[22m | 正在校验 GDExtension……[39m[0m
[  50% ] [90m[1mfirst_scan_filesystem[22m | 正在创建自动加载脚本……[39m[0m
[  66% ] [90m[1mfirst_scan_filesystem[22m | 正在初始化插件……[39m[0m
[  83% ] [90m[1mfirst_scan_filesystem[22m | 正在启动文件扫描……[39m[0m
[92m[ DONE ][39m [1mfirst_scan_filesystem[22m
[0m
[   0% ] [90m[1m_update_scan_actions[22m | Started 正在扫描动作…… (25 steps)[39m[0m
[   0% ] [90m[1m_update_scan_actions[22m | fall_initial.png[39m[0m
[   3% ] [90m[1m_update_scan_actions[22m | fall_sw.png[39m[0m
[   7% ] [90m[1m_update_scan_actions[22m | hurt_initial.png[39m[0m
[  11% ] [90m[1m_update_scan_actions[22m | hurt_ne.png[39m[0m
[  15% ] [90m[1m_update_scan_actions[22m | hurt_nw.png[39m[0m
[  19% ] [90m[1m_update_scan_actions[22m | hurt_sw.png[39m[0m
[  23% ] [90m[1m_update_scan_actions[22m | idle_initial.png[39m[0m
[  26% ] [90m[1m_update_scan_actions[22m | idle_ne_v4.png[39m[0m
[  30% ] [90m[1m_update_scan_actions[22m | idle_sw_v2.png[39m[0m
[  34% ] [90m[1m_update_scan_actions[22m | strike_initial.png[39m[0m
[  38% ] [90m[1m_update_scan_actions[22m | strike_ne.png[39m[0m
[  42% ] [90m[1m_update_scan_actions[22m | strike_se.png[39m[0m
[  46% ] [90m[1m_update_scan_actions[22m | strike_sw_v5.png[39m[0m
[  50% ] [90m[1m_update_scan_actions[22m | terminal_initial.png[39m[0m
[  53% ] [90m[1m_update_scan_actions[22m | walk_a_ne.png[39m[0m
[  57% ] [90m[1m_update_scan_actions[22m | walk_a_nw_v3.png[39m[0m
[  61% ] [90m[1m_update_scan_actions[22m | walk_a_se.png[39m[0m
[  65% ] [90m[1m_update_scan_actions[22m | walk_a_sw.png[39m[0m
[  69% ] [90m[1m_update_scan_actions[22m | walk_b_ne.png[39m[0m
[  73% ] [90m[1m_update_scan_actions[22m | walk_b_nw.png[39m[0m
[  76% ] [90m[1m_update_scan_actions[22m | walk_b_se_v2.png[39m[0m
[  80% ] [90m[1m_update_scan_actions[22m | walk_b_sw.png[39m[0m
[  84% ] [90m[1m_update_scan_actions[22m | windup_initial.png[39m[0m
[  88% ] [90m[1m_update_scan_actions[22m | windup_ne_v2.png[39m[0m
[  92% ] [90m[1m_update_scan_actions[22m | windup_sw_v2.png[39m[0m
[92m[ DONE ][39m [1m_update_scan_actions[22m
[0m
[   0% ] [90m[1mreimport[22m | Started 正在导入或重新导入资产 (25 steps)[39m[0m
[   0% ] [90m[1mreimport[22m | 正在准备重新导入文件……[39m[0m
[   3% ] [90m[1mreimport[22m | 正在准备重新导入文件……[39m[0m
[   7% ] [90m[1mreimport[22m | 正在准备重新导入文件……[39m[0m
[  11% ] [90m[1mreimport[22m | 正在准备重新导入文件……[39m[0m
[  15% ] [90m[1mreimport[22m | 正在准备重新导入文件……[39m[0m
[  19% ] [90m[1mreimport[22m | 正在准备重新导入文件……[39m[0m
[  23% ] [90m[1mreimport[22m | 正在准备重新导入文件……[39m[0m
[  26% ] [90m[1mreimport[22m | 正在准备重新导入文件……[39m[0m
[  30% ] [90m[1mreimport[22m | 正在准备重新导入文件……[39m[0m
[  34% ] [90m[1mreimport[22m | 正在准备重新导入文件……[39m[0m
[  38% ] [90m[1mreimport[22m | 正在准备重新导入文件……[39m[0m
[  42% ] [90m[1mreimport[22m | 正在准备重新导入文件……[39m[0m
[  46% ] [90m[1mreimport[22m | 正在准备重新导入文件……[39m[0m
[  50% ] [90m[1mreimport[22m | 正在准备重新导入文件……[39m[0m
[  53% ] [90m[1mreimport[22m | 正在准备重新导入文件……[39m[0m
[  57% ] [90m[1mreimport[22m | 正在准备重新导入文件……[39m[0m
[  61% ] [90m[1mreimport[22m | 正在准备重新导入文件……[39m[0m
[  65% ] [90m[1mreimport[22m | 正在准备重新导入文件……[39m[0m
[  69% ] [90m[1mreimport[22m | 正在准备重新导入文件……[39m[0m
[  73% ] [90m[1mreimport[22m | 正在准备重新导入文件……[39m[0m
[  76% ] [90m[1mreimport[22m | 正在准备重新导入文件……[39m[0m
[  80% ] [90m[1mreimport[22m | 正在准备重新导入文件……[39m[0m
[  84% ] [90m[1mreimport[22m | 正在准备重新导入文件……[39m[0m
[  88% ] [90m[1mreimport[22m | 正在准备重新导入文件……[39m[0m
[  92% ] [90m[1mreimport[22m | 正在准备重新导入文件……[39m[0m
[   0% ] [90m[1mreimport[22m | 正在执行重新导入的前置操作……[39m[0m
[   0% ] [90m[1mreimport[22m | windup_sw_v2.png[39m[0m
[   3% ] [90m[1mreimport[22m | windup_ne_v2.png[39m[0m
[   7% ] [90m[1mreimport[22m | windup_initial.png[39m[0m
[  11% ] [90m[1mreimport[22m | walk_b_sw.png[39m[0m
[  15% ] [90m[1mreimport[22m | walk_b_se_v2.png[39m[0m
[  19% ] [90m[1mreimport[22m | walk_b_nw.png[39m[0m
[  23% ] [90m[1mreimport[22m | walk_b_ne.png[39m[0m
[  26% ] [90m[1mreimport[22m | walk_a_sw.png[39m[0m
[  30% ] [90m[1mreimport[22m | walk_a_se.png[39m[0m
[  34% ] [90m[1mreimport[22m | walk_a_nw_v3.png[39m[0m
[  38% ] [90m[1mreimport[22m | walk_a_ne.png[39m[0m
[  42% ] [90m[1mreimport[22m | terminal_initial.png[39m[0m
[  46% ] [90m[1mreimport[22m | strike_sw_v5.png[39m[0m
[  50% ] [90m[1mreimport[22m | strike_se.png[39m[0m
[  53% ] [90m[1mreimport[22m | strike_ne.png[39m[0m
[  57% ] [90m[1mreimport[22m | strike_initial.png[39m[0m
[  61% ] [90m[1mreimport[22m | idle_sw_v2.png[39m[0m
[  65% ] [90m[1mreimport[22m | idle_ne_v4.png[39m[0m
[  69% ] [90m[1mreimport[22m | idle_initial.png[39m[0m
[  73% ] [90m[1mreimport[22m | hurt_sw.png[39m[0m
[  76% ] [90m[1mreimport[22m | hurt_nw.png[39m[0m
[  80% ] [90m[1mreimport[22m | hurt_ne.png[39m[0m
[  84% ] [90m[1mreimport[22m | hurt_initial.png[39m[0m
[  88% ] [90m[1mreimport[22m | fall_sw.png[39m[0m
[  92% ] [90m[1mreimport[22m | fall_initial.png[39m[0m
[  96% ] [90m[1mreimport[22m | 正在结束资产导入……[39m[0m
[92m[ DONE ][39m [1mreimport[22m
[0m
[   0% ] [90m[1mreimport[22m | Started 正在导入或重新导入资产 (25 steps)[39m[0m
[   0% ] [90m[1mreimport[22m | 正在执行重新导入的后置操作……[39m[0m
[92m[ DONE ][39m [1mreimport[22m
[0m
[   0% ] [90m[1mloading_editor_layout[22m | Started 正在加载编辑器 (5 steps)[39m[0m
[   0% ] [90m[1mloading_editor_layout[22m | 正在加载编辑器布局……[39m[0m
[  16% ] [90m[1mloading_editor_layout[22m | 正在加载停靠面板……[39m[0m
[92m[ DONE ][39m [1mloading_editor_layout[22m
[0m
