Godot Engine v4.6.3.stable.official.7d41c59c4 - https://godotengine.org

[runtime-check] PASS frozen old function hash matches
[runtime-check] PASS reference compiles against unchanged map helpers
[runtime-check] PASS same open cell
[runtime-check] PASS same blocked cell
[runtime-check] PASS diagonal corner blocked on both sides
[runtime-check] PASS exact tile edge reaches wall
[runtime-check] PASS negative endpoint
[runtime-check] PASS right map boundary
[runtime-check] PASS bottom map boundary
[runtime-check] PASS inclusive top left boundary
[runtime-check] PASS infinite endpoint
[runtime-check] PASS NaN endpoint
[runtime-check] PASS water passage
[runtime-check] PASS land cannot traverse water
[runtime-check] PASS ship cannot traverse land
[runtime-check] PASS open dynamic passage before blocking
[runtime-check] PASS new dynamic blocker is seen immediately
[runtime-check] PASS removed dynamic blocker opens passage immediately
[runtime-check] PASS synthetic boundaries and obstacles matches frozen reference for land water and fallback profiles
[runtime-check] PASS level1 matches frozen reference for land water and fallback profiles
[runtime-check] PASS previous scene, map and units actually freed
[runtime-check] PASS level2 matches frozen reference for land water and fallback profiles
[runtime-check] PASS previous scene, map and units actually freed
[runtime-check] PASS level3 matches frozen reference for land water and fallback profiles
[runtime-check] PASS paired CPU windows return equal counts
[runtime-check] PASS previous scene, map and units actually freed
[runtime-check] PASS level4 matches frozen reference for land water and fallback profiles
[runtime-check] PASS previous scene, map and units actually freed
[runtime-check] PASS level5 matches frozen reference for land water and fallback profiles
[runtime-check] PASS previous scene, map and units actually freed
[runtime-check] PASS level6 matches frozen reference for land water and fallback profiles
[runtime-check] PASS previous scene, map and units actually freed
[runtime-check] PASS level7 matches frozen reference for land water and fallback profiles
[runtime-check] PASS previous scene, map and units actually freed
[runtime-check] PASS level8 matches frozen reference for land water and fallback profiles
[runtime-check] PASS previous scene, map and units actually freed
[prof] bench(def): 200 敌 vs 6 英雄
[runtime-check] PASS crowd exact positions spacing=0.65 phase=0 stagger=false
[runtime-check] PASS crowd exact positions spacing=0.65 phase=0 stagger=true
[runtime-check] PASS crowd exact positions spacing=0.65 phase=1 stagger=false
[runtime-check] PASS crowd exact positions spacing=0.65 phase=1 stagger=true
[runtime-check] PASS crowd exact positions spacing=0.65 phase=2 stagger=false
[runtime-check] PASS crowd exact positions spacing=0.65 phase=2 stagger=true
[runtime-check] PASS crowd exact positions spacing=1.0 phase=0 stagger=false
[runtime-check] PASS crowd exact positions spacing=1.0 phase=0 stagger=true
[runtime-check] PASS crowd exact positions spacing=1.0 phase=1 stagger=false
[runtime-check] PASS crowd exact positions spacing=1.0 phase=1 stagger=true
[runtime-check] PASS crowd exact positions spacing=1.0 phase=2 stagger=false
[runtime-check] PASS crowd exact positions spacing=1.0 phase=2 stagger=true
[runtime-check] PASS crowd exact positions spacing=1.7 phase=0 stagger=false
[runtime-check] PASS crowd exact positions spacing=1.7 phase=0 stagger=true
[runtime-check] PASS crowd exact positions spacing=1.7 phase=1 stagger=false
[runtime-check] PASS crowd exact positions spacing=1.7 phase=1 stagger=true
[runtime-check] PASS crowd exact positions spacing=1.7 phase=2 stagger=false
[runtime-check] PASS crowd exact positions spacing=1.7 phase=2 stagger=true
[runtime-check] PASS all dense crowd and stagger fixtures actually ran
[runtime-check] PASS previous scene, map and units actually freed
[runtime-check] PASS all eight chapters and boundary grid comparisons completed
[runtime-check] PASS player campaign save bytes unchanged
[segment-navigation-summary] {"checks":58,"comparisons":81000,"cpu_timing":{"median_optimized_us":289674,"median_reference_us":400641,"optimized_over_reference":0.723026350273686,"scope":"100000 short segment queries per window in frozen authored level3 collision grid, not game FPS","windows":[{"implementation":"reference","microseconds":411184,"open_results":79490,"queries":100000},{"implementation":"optimized","microseconds":289674,"open_results":79490,"queries":100000},{"implementation":"optimized","microseconds":290002,"open_results":79490,"queries":100000},{"implementation":"reference","microseconds":400641,"open_results":79490,"queries":100000},{"implementation":"reference","microseconds":349593,"open_results":79490,"queries":100000},{"implementation":"optimized","microseconds":280408,"open_results":79490,"queries":100000}]},"passed":true}
