Godot Engine v4.6.3.stable.official.7d41c59c4 - https://godotengine.org

[group] recalled=5 ok=true badge=true
[group] multi=true nums=[1, 2]
[group] hero_first=true recall_reset=true
[ability] song_jiang slots=4 cd/slot ok=false order_ok=true
[econ] selftest: barracks constructing=1, hall queue=3
[levelup] lv→4 hp 140→241 max 280→381 full=false grew=101 healed=101
[econ] hero song_jiang slots=4 lvl=4 sp=3 rank0=1 cd0=0.0
[econ] cav liang_ma hp=210 cavalry=true | production_blocks_research=true
[hit] wood(r=13) base=true center=true canopy=true
[hit] gold(r=26) base=true center=true canopy=true
[cancel] survived_with_movers=true empty_sel_cancels=true refund g+110 w+55
[moveoverride] state=1 (move=1) target_null=true
[command] stop_ok=true hold_ignores_far=true aggro_sees_far=true hold_cmd=true releases=true patrol_on=true state=2
[tower] alive_shoots=true dead_silent=true
[resume] foundation_persists=true any_worker_resumes=true
[delete] confirm_guard=true bld_gone=true unit_gone=true footprint_blocked_before=true footprint_freed_after=true
[autowork] was_gathering=true building=true resumed_gather=true
[rally] typed_autogather=true kind=gold
[formation] n=4 distinct=true melee_front=true
[feel] group_cap_slowest=true group_cap_cleared=true passive_no_acquire=true passive_no_retaliate=true
[trade] wood_to_gold=true gold_to_wood=true rate=100/70
[garrison] entered=true hidden=true invuln=true fire_arrows=2 ejected=true death_ejected=true demolish_ejected=true
[fog] sight_unit=8 sight_bld=10 live_bright=true leave_shadow=true reveal_now=true reveal_expires=true bld_remembered=true foe_hidden=true stale_spawn_hidden=true ALL=true
[smoke] level3 enemies=20 players=16 kills=0
[smoke] level3 gold=1540 wood=1540 pop=23/20 builds=6 con=0 techG=1.00
[smoke] skirmish foe_on_resource=0 min_tree_hp=1.00
[smoke] level3 enemies=18 players=17 kills=2
[smoke] level3 gold=1640 wood=1610 pop=24/20 builds=6 con=0 techG=1.00
[smoke] skirmish foe_on_resource=0 min_tree_hp=1.00
