Godot Engine v4.6.3.stable.official.7d41c59c4 - https://godotengine.org
OpenGL API 3.3.0 NVIDIA 610.88 - Compatibility - Using Device: NVIDIA - NVIDIA GeForce RTX 4060 Laptop GPU

WARNING: 2D MSAA is not yet supported for GLES3.
   at: render_target_set_msaa (drivers/gles3/storage/texture_storage.cpp:2934)
[rts] PASS arrival visual run uses a real rendering device
[rts] PASS arrival test runs the actual short campaign without smoke driver
[rts] PASS Yang starts the finite column before the other fourteen appear
[rts] PASS seven merchants and seven carts already rest in the grove
[rts] PASS merchants start in the grove rather than entering with the convoy
[rts] PASS Bai, wine stall, wine props and wine interaction points are absent initially
[rts] PASS arrival screenshot is a real 1280x720 viewport: 00_east_approach_default
[rts] PASS saved live arrival stage 00_east_approach_default
[rts] PASS arrival task panel does not overlap command cards: 00_east_approach_default
[rts] PASS arrival screenshot is a real 1280x720 viewport: 01_merchants_waiting
[rts] PASS saved live arrival stage 01_merchants_waiting
[rts] PASS arrival task panel does not overlap command cards: 01_merchants_waiting
[rts] PASS convoy visibly grows through timed entries
[rts] PASS arrival screenshot is a real 1280x720 viewport: 02_convoy_on_east_road
[rts] PASS saved live arrival stage 02_convoy_on_east_road
[rts] PASS arrival task panel does not overlap command cards: 02_convoy_on_east_road
[rts] PASS the whole convoy and its loads actually reach the rest area
[rts] PASS arrival screenshot is a real 1280x720 viewport: 03_convoy_resting
[rts] PASS saved live arrival stage 03_convoy_resting
[rts] PASS arrival task panel does not overlap command cards: 03_convoy_resting
[rts] PASS the final convoy has Yang, eleven carriers, two escorts and the steward
[rts] PASS Yang walks from the resting column to inspect the merchants
[rts] PASS inquiry precedes the wine seller and leaves the real rest scene intact
[rts] PASS arrival screenshot is a real 1280x720 viewport: 04_yang_inquires
[rts] PASS saved live arrival stage 04_yang_inquires
[rts] PASS arrival task panel does not overlap command cards: 04_yang_inquires
[rts] PASS actual Liu movement and answer introduce Bai after inquiry
[rts] PASS Bai appears carrying wine on the far road without pre-existing barrels
[rts] PASS arrival screenshot is a real 1280x720 viewport: 05_bai_far_road
[rts] PASS saved live arrival stage 05_bai_far_road
[rts] PASS arrival task panel does not overlap command cards: 05_bai_far_road
[rts] PASS Bai carries the load along a real player-issued path
[rts] PASS arrival screenshot is a real 1280x720 viewport: 06_bai_carrying_uphill
[rts] PASS saved live arrival stage 06_bai_carrying_uphill
[rts] PASS arrival task panel does not overlap command cards: 06_bai_carrying_uphill
[rts] PASS Bai reaches the clearing and finishes putting the wine down
[rts] PASS arrival screenshot is a real 1280x720 viewport: 07_wine_put_down
[rts] PASS saved live arrival stage 07_wine_put_down
[rts] PASS arrival task panel does not overlap command cards: 07_wine_put_down
[rts] PASS the same Bai stops carrying only at the unloading place
[rts] PASS no sampled frame exposes a wine stall, barrels, bowls or wine-use markers before unloading
[rts] PASS unloading creates exactly one barrel prop and one bowl prop
[rts] PASS the two wine interaction places appear only after unloading
[rts] PASS arrival retains all original carts and tribute load nodes
[rts] PASS all fifteen observed convoy members really travel from the eastern entrance without road-length jumps
[rts] PASS each convoy appearance is separated in observed gameplay time
[rts] PASS one Bai instance traverses the road instead of teleporting to a prepared shop
[rts] PASS observed events preserve rest, inquiry, answer, seller entry and unloading order
[rts] PASS boundary: clean initial scene has no configured or instantiated wine stall
[rts] PASS boundary: original explicit wine market_stall configuration is detected
[rts] PASS boundary: market_stall without subtype is detected as the production default wine stall
[rts] PASS boundary: non-wine stall subtype does not create a false alarm: inn
[rts] PASS boundary: non-wine stall subtype does not create a false alarm: goods
[rts] PASS boundary: non-wine stall subtype does not create a false alarm: lantern
[rts] PASS boundary: an actual metadata-free StoryStall wine node is detected
[rts] PASS boundary: removing injected original-bug fixtures restores the clean scene
[rts] PASS boundary: an early invalid wine callback cannot introduce seller or shop
[rts] PASS boundary: an early real attack order changes the partially entered convoy to force
[rts] PASS boundary: early force admits the remaining finite convoy as combatants
[rts] PASS boundary: interrupted entry never builds the wine scene
[rts] PASS boundary: further entry ticks neither duplicate nor revive the original convoy
[rts] PASS boundary: seller death changes route without fabricating a required-entity failure
[rts] PASS boundary: dead Bai is never respawned by the force fallback and never unloads wine
[rts] PASS boundary: freeing the original dead Bai node still cannot create a replacement seller
[rts] PASS boundary: seller cannot unload remotely without a completed command
[rts] PASS boundary: merely occupying the destination does not forge completed unloading
[rts] PASS boundary: completed at-destination player interaction creates the wine scene
[rts] PASS boundary: repeated arrival/unload callbacks retain the same seller and props
[rts] PASS boundary: a destroyed original load causes an explicit loss
[rts] PASS boundary: actual restart button creates a fresh chapter scene
[rts] PASS boundary: restart removes late seller and wine props and restores the original cargo count
[rts] PASS boundary: restart does not inherit answered inquiry or unloaded wine events
[hna-result] 72 checks, failures=[]
