Godot Engine v4.6.3.stable.official.7d41c59c4 - https://godotengine.org

ERROR: Max recursion reached
   at: recursive_equal (core/variant/dictionary.cpp:278)
   GDScript backtrace (most recent call first):
       [0] _compare (res://tools/campaign_component_audit_benchmark_v2.gd:41)
       [1] _run (res://tools/campaign_component_audit_benchmark_v2.gd:84)
ERROR: Max recursion reached
   at: recursive_equal (core/variant/dictionary.cpp:278)
   GDScript backtrace (most recent call first):
       [0] _compare (res://tools/campaign_component_audit_benchmark_v2.gd:41)
       [1] _run (res://tools/campaign_component_audit_benchmark_v2.gd:84)
ERROR: Max recursion reached
   at: recursive_equal (core/variant/dictionary.cpp:278)
   GDScript backtrace (most recent call first):
       [0] _compare (res://tools/campaign_component_audit_benchmark_v2.gd:41)
       [1] _run (res://tools/campaign_component_audit_benchmark_v2.gd:84)
ERROR: Max recursion reached
   at: recursive_equal (core/variant/dictionary.cpp:278)
   GDScript backtrace (most recent call first):
       [0] _compare (res://tools/campaign_component_audit_benchmark_v2.gd:41)
       [1] _run (res://tools/campaign_component_audit_benchmark_v2.gd:84)
ERROR: Max recursion reached
   at: recursive_equal (core/variant/dictionary.cpp:278)
   GDScript backtrace (most recent call first):
       [0] _compare (res://tools/campaign_component_audit_benchmark_v2.gd:41)
       [1] _run (res://tools/campaign_component_audit_benchmark_v2.gd:84)
ERROR: Max recursion reached
   at: recursive_equal (core/variant/dictionary.cpp:278)
   GDScript backtrace (most recent call first):
       [0] _compare (res://tools/campaign_component_audit_benchmark_v2.gd:41)
       [1] _run (res://tools/campaign_component_audit_benchmark_v2.gd:84)
ERROR: Max recursion reached
   at: recursive_equal (core/variant/dictionary.cpp:278)
   GDScript backtrace (most recent call first):
       [0] _compare (res://tools/campaign_component_audit_benchmark_v2.gd:41)
       [1] _run (res://tools/campaign_component_audit_benchmark_v2.gd:84)
ERROR: Max recursion reached
   at: recursive_equal (core/variant/dictionary.cpp:278)
   GDScript backtrace (most recent call first):
       [0] _compare (res://tools/campaign_component_audit_benchmark_v2.gd:41)
       [1] _run (res://tools/campaign_component_audit_benchmark_v2.gd:84)
ERROR: Max recursion reached
   at: recursive_equal (core/variant/dictionary.cpp:278)
   GDScript backtrace (most recent call first):
       [0] _compare (res://tools/campaign_component_audit_benchmark_v2.gd:41)
       [1] _run (res://tools/campaign_component_audit_benchmark_v2.gd:84)
ERROR: Max recursion reached
   at: recursive_equal (core/variant/dictionary.cpp:278)
   GDScript backtrace (most recent call first):
       [0] _compare (res://tools/campaign_component_audit_benchmark_v2.gd:41)
       [1] _run (res://tools/campaign_component_audit_benchmark_v2.gd:84)
ERROR: Max recursion reached
   at: recursive_equal (core/variant/dictionary.cpp:278)
   GDScript backtrace (most recent call first):
       [0] _compare (res://tools/campaign_component_audit_benchmark_v2.gd:41)
       [1] _run (res://tools/campaign_component_audit_benchmark_v2.gd:84)
ERROR: Max recursion reached
   at: recursive_equal (core/variant/dictionary.cpp:278)
   GDScript backtrace (most recent call first):
       [0] _compare (res://tools/campaign_component_audit_benchmark_v2.gd:41)
       [1] _run (res://tools/campaign_component_audit_benchmark_v2.gd:84)
ERROR: Max recursion reached
   at: recursive_equal (core/variant/dictionary.cpp:278)
   GDScript backtrace (most recent call first):
       [0] _compare (res://tools/campaign_component_audit_benchmark_v2.gd:41)
       [1] _run (res://tools/campaign_component_audit_benchmark_v2.gd:84)
ERROR: Max recursion reached
   at: recursive_equal (core/variant/dictionary.cpp:278)
   GDScript backtrace (most recent call first):
       [0] _compare (res://tools/campaign_component_audit_benchmark_v2.gd:41)
       [1] _run (res://tools/campaign_component_audit_benchmark_v2.gd:84)
ERROR: Max recursion reached
   at: recursive_equal (core/variant/dictionary.cpp:278)
   GDScript backtrace (most recent call first):
       [0] _compare (res://tools/campaign_component_audit_benchmark_v2.gd:41)
       [1] _run (res://tools/campaign_component_audit_benchmark_v2.gd:84)
ERROR: Max recursion reached
   at: recursive_equal (core/variant/dictionary.cpp:278)
   GDScript backtrace (most recent call first):
       [0] _compare (res://tools/campaign_component_audit_benchmark_v2.gd:41)
       [1] _run (res://tools/campaign_component_audit_benchmark_v2.gd:84)
ERROR: Max recursion reached
   at: recursive_equal (core/variant/dictionary.cpp:278)
   GDScript backtrace (most recent call first):
       [0] _compare (res://tools/campaign_component_audit_benchmark_v2.gd:41)
       [1] _run (res://tools/campaign_component_audit_benchmark_v2.gd:84)
ERROR: Max recursion reached
   at: recursive_equal (core/variant/dictionary.cpp:278)
   GDScript backtrace (most recent call first):
       [0] _compare (res://tools/campaign_component_audit_benchmark_v2.gd:41)
       [1] _run (res://tools/campaign_component_audit_benchmark_v2.gd:84)
ERROR: Max recursion reached
   at: recursive_equal (core/variant/dictionary.cpp:278)
   GDScript backtrace (most recent call first):
       [0] _compare (res://tools/campaign_component_audit_benchmark_v2.gd:41)
       [1] _run (res://tools/campaign_component_audit_benchmark_v2.gd:84)
ERROR: Max recursion reached
   at: recursive_equal (core/variant/dictionary.cpp:278)
   GDScript backtrace (most recent call first):
       [0] _compare (res://tools/campaign_component_audit_benchmark_v2.gd:41)
       [1] _run (res://tools/campaign_component_audit_benchmark_v2.gd:84)
ERROR: Max recursion reached
   at: recursive_equal (core/variant/dictionary.cpp:278)
   GDScript backtrace (most recent call first):
       [0] _compare (res://tools/campaign_component_audit_benchmark_v2.gd:41)
       [1] _run (res://tools/campaign_component_audit_benchmark_v2.gd:84)
ERROR: Max recursion reached
   at: recursive_equal (core/variant/dictionary.cpp:278)
   GDScript backtrace (most recent call first):
       [0] _compare (res://tools/campaign_component_audit_benchmark_v2.gd:41)
       [1] _run (res://tools/campaign_component_audit_benchmark_v2.gd:84)
ERROR: Max recursion reached
   at: recursive_equal (core/variant/dictionary.cpp:278)
   GDScript backtrace (most recent call first):
       [0] _compare (res://tools/campaign_component_audit_benchmark_v2.gd:41)
       [1] _run (res://tools/campaign_component_audit_benchmark_v2.gd:84)
ERROR: Max recursion reached
   at: recursive_equal (core/variant/dictionary.cpp:278)
   GDScript backtrace (most recent call first):
       [0] _compare (res://tools/campaign_component_audit_benchmark_v2.gd:41)
       [1] _run (res://tools/campaign_component_audit_benchmark_v2.gd:84)
ERROR: Max recursion reached
   at: recursive_equal (core/variant/dictionary.cpp:278)
   GDScript backtrace (most recent call first):
       [0] _compare (res://tools/campaign_component_audit_benchmark_v2.gd:41)
       [1] _run (res://tools/campaign_component_audit_benchmark_v2.gd:84)
ERROR: Max recursion reached
   at: recursive_equal (core/variant/dictionary.cpp:278)
   GDScript backtrace (most recent call first):
       [0] _compare (res://tools/campaign_component_audit_benchmark_v2.gd:41)
       [1] _run (res://tools/campaign_component_audit_benchmark_v2.gd:84)
ERROR: Max recursion reached
   at: recursive_equal (core/variant/dictionary.cpp:278)
   GDScript backtrace (most recent call first):
       [0] _compare (res://tools/campaign_component_audit_benchmark_v2.gd:41)
       [1] _run (res://tools/campaign_component_audit_benchmark_v2.gd:84)
ERROR: Max recursion reached
   at: recursive_equal (core/variant/dictionary.cpp:278)
   GDScript backtrace (most recent call first):
       [0] _compare (res://tools/campaign_component_audit_benchmark_v2.gd:41)
       [1] _run (res://tools/campaign_component_audit_benchmark_v2.gd:84)
ERROR: Max recursion reached
   at: recursive_equal (core/variant/dictionary.cpp:278)
   GDScript backtrace (most recent call first):
       [0] _compare (res://tools/campaign_component_audit_benchmark_v2.gd:41)
       [1] _run (res://tools/campaign_component_audit_benchmark_v2.gd:84)
ERROR: Max recursion reached
   at: recursive_equal (core/variant/dictionary.cpp:278)
   GDScript backtrace (most recent call first):
       [0] _compare (res://tools/campaign_component_audit_benchmark_v2.gd:41)
       [1] _run (res://tools/campaign_component_audit_benchmark_v2.gd:84)
ERROR: Max recursion reached
   at: recursive_equal (core/variant/dictionary.cpp:278)
   GDScript backtrace (most recent call first):
       [0] _compare (res://tools/campaign_component_audit_benchmark_v2.gd:41)
       [1] _run (res://tools/campaign_component_audit_benchmark_v2.gd:84)
ERROR: Max recursion reached
   at: recursive_equal (core/variant/dictionary.cpp:278)
   GDScript backtrace (most recent call first):
       [0] _compare (res://tools/campaign_component_audit_benchmark_v2.gd:41)
       [1] _run (res://tools/campaign_component_audit_benchmark_v2.gd:84)
ERROR: Max recursion reached
   at: recursive_equal (core/variant/dictionary.cpp:278)
   GDScript backtrace (most recent call first):
       [0] _compare (res://tools/campaign_component_audit_benchmark_v2.gd:41)
       [1] _run (res://tools/campaign_component_audit_benchmark_v2.gd:84)
ERROR: Max recursion reached
   at: recursive_equal (core/variant/dictionary.cpp:278)
   GDScript backtrace (most recent call first):
       [0] _compare (res://tools/campaign_component_audit_benchmark_v2.gd:41)
       [1] _run (res://tools/campaign_component_audit_benchmark_v2.gd:84)
ERROR: Max recursion reached
   at: recursive_equal (core/variant/dictionary.cpp:278)
   GDScript backtrace (most recent call first):
       [0] _compare (res://tools/campaign_component_audit_benchmark_v2.gd:41)
       [1] _run (res://tools/campaign_component_audit_benchmark_v2.gd:84)
ERROR: Max recursion reached
   at: recursive_equal (core/variant/dictionary.cpp:278)
   GDScript backtrace (most recent call first):
       [0] _compare (res://tools/campaign_component_audit_benchmark_v2.gd:41)
       [1] _run (res://tools/campaign_component_audit_benchmark_v2.gd:84)
ERROR: Max recursion reached
   at: recursive_equal (core/variant/dictionary.cpp:278)
   GDScript backtrace (most recent call first):
       [0] _compare (res://tools/campaign_component_audit_benchmark_v2.gd:41)
       [1] _run (res://tools/campaign_component_audit_benchmark_v2.gd:84)
ERROR: Max recursion reached
   at: recursive_equal (core/variant/dictionary.cpp:278)
   GDScript backtrace (most recent call first):
       [0] _compare (res://tools/campaign_component_audit_benchmark_v2.gd:41)
       [1] _run (res://tools/campaign_component_audit_benchmark_v2.gd:84)
ERROR: Max recursion reached
   at: recursive_equal (core/variant/dictionary.cpp:278)
   GDScript backtrace (most recent call first):
       [0] _compare (res://tools/campaign_component_audit_benchmark_v2.gd:41)
       [1] _run (res://tools/campaign_component_audit_benchmark_v2.gd:84)
ERROR: Max recursion reached
   at: recursive_equal (core/variant/dictionary.cpp:278)
   GDScript backtrace (most recent call first):
       [0] _compare (res://tools/campaign_component_audit_benchmark_v2.gd:41)
       [1] _run (res://tools/campaign_component_audit_benchmark_v2.gd:84)
ERROR: Max recursion reached
   at: recursive_equal (core/variant/dictionary.cpp:278)
   GDScript backtrace (most recent call first):
       [0] _compare (res://tools/campaign_component_audit_benchmark_v2.gd:41)
       [1] _run (res://tools/campaign_component_audit_benchmark_v2.gd:84)
ERROR: Max recursion reached
